12-27 12:21:18.002  1539 28926 V DebugManagerServiceImpl: DEBUG_IMPL_KICK_DOG
12-27 12:21:18.161   993  1700 V CRH     : RX_TIME_TO_KICK_DOG
12-27 12:21:18.162   993  1506 V CANManagerService: perform HeartBeat()
12-27 12:21:18.162   993  1701 V CTH     : TXhandleMessage TX_TIME_TO_KICK_DOG
12-27 12:21:19.309   991  1523 E CM_SPI  : MCU->MSM Type[03] Cat[01, 00] Cmd[D0, 00] PayloadLen[0012] Payload[0D 17 00 0A 08 53 00 00 00 01 00 01 00 01 00 01 00 01]
12-27 12:21:19.606   991  1523 E CM_SPI  : MCU->MSM Type[02] Cat[04, 00] Cmd[D1, 00] PayloadLen[0006] Payload[16 0C 1B 0C 15 15]
12-27 12:21:19.606  1550  1698 V FactoryImpl: onReceive MCU type[x2], cate[x4], subcate[x0], cmd[209], cmd2[x0]
12-27 12:21:19.606  1550  1698 V FactoryUtil: onReceive MCU param[x02][xD1][x00], bufSize[6:6]:[x16][x0C][x1B][x0C][x15][x15]...
12-27 12:21:19.606  1550  1689 V FactoryUtil: handleMessage FACTORY_IMPL_RES_FR_MCU_EDU param[x04][xD1][x00], bufSize[6:6]:[x16][x0C][x1B][x0C][x15][x15]...
12-27 12:21:19.606  1550  1689 V FactoryEdu: procEduResCommand cate[x04], subCate[x00], cmd[xD1], cmd2[x00]
12-27 12:21:19.606  1550  1689 V FactoryUtil: Res Buffer  bufSize[6]
12-27 12:21:19.606  1550  1689 V FactoryUtil: [x16][x0C][x1B][x0C][x15][x15]
12-27 12:21:19.606  1550  1689 V FactoryEdu: procEduResCommand cmd not define cate[x04], subCate[x00], cmd[xD1], cmd2[x00]
12-27 12:21:20.706   991  1523 E CM_SPI  : MCU->MSM Type[01] Cat[05, DD] Cmd[05, 00] PayloadLen[0006] Payload[00 FE 00 00 00 1D]
12-27 12:21:22.309   991  1523 E CM_SPI  : MCU->MSM Type[03] Cat[01, 00] Cmd[D0, 00] PayloadLen[0012] Payload[0D 18 00 09 08 54 00 00 00 01 00 01 00 01 00 01 00 02]
12-27 12:21:22.466   977  1572 E SPIClient_can: CL-ISPI_CSPB_OSC
12-27 12:21:22.466   977  1572 E SPIClient_can: RCV CB Single(0), Group(0)
12-27 12:21:22.466   977  1668 E SPIClient_can: MSG_CAN_BUS_STATE
12-27 12:21:22.466   977  1668 E SPIClient_can: CB_2
12-27 12:21:23.181   991  1523 E CM_SPI  : MCU->MSM Type[01] Cat[05, 22] Cmd[02, 00] PayloadLen[000A] Payload[D9 9E 00 00 00 17 00 00 00 25]
12-27 12:21:25.307   991  1523 E CM_SPI  : MCU->MSM Type[03] Cat[01, 00] Cmd[D0, 00] PayloadLen[0012] Payload[0D 18 00 09 08 55 00 00 00 01 00 01 00 01 00 01 00 01]
12-27 12:21:25.509   991  1523 E CM_SPI  : MSM->MCU Type[01] Cat[01, 00] Cmd[11, 00] PayloadLen[0000]
12-27 12:21:25.517   991  1523 E CM_SPI  : MCU->MSM Type[02] Cat[01, 00] Cmd[11, 00] PayloadLen[0000]
12-27 12:21:25.518  1550  1698 V FactoryImpl: onReceive MCU type[x2], cate[x1], subcate[x0], cmd[17], cmd2[x0]
12-27 12:21:25.518  1550  1698 V FactoryUtil: onReceive MCU param[x02][x11][x00], buf is NULL
12-27 12:21:25.521  1550  1689 V FactoryUtil: handleMessage FACTORY_IMPL_RES_FR_MCU_EDU param[x01][x11][x00], buf is NULL
12-27 12:21:25.521  1550  1689 V FactoryEdu: procEduResCommand cate[x01], subCate[x00], cmd[x11], cmd2[x00]
12-27 12:21:25.521  1550  1689 V FactoryUtil: Res Buffer  buf is NULL
12-27 12:21:25.521  1550  1689 V FactoryEdu: procEduResCommand cmd not define cate[x01], subCate[x00], cmd[x11], cmd2[x00]
12-27 12:21:25.562   987  1482 I LocationServer: droutput:lat:0.000000,lon:0.000000,alt:0.000000
12-27 12:21:25.981   991  1508 E CommunicationManagerService: KICK DOG(320)
12-27 12:21:26.445  1542  1680 I DiagReadDTCHandler: checkFaultSettingCondition[false] PM[0] Vol[12.040000] bubTemp [29]
12-27 12:21:27.316   991  1523 E CM_SPI  : MCU->MSM Type[01] Cat[05, DD] Cmd[05, 00] PayloadLen[0006] Payload[00 FE 00 00 00 1D]
12-27 12:21:27.476   977  1572 E SPIClient_can: CL-ISPI_CSPB_OSC
12-27 12:21:27.476   977  1572 E SPIClient_can: RCV CB Single(0), Group(0)
12-27 12:21:27.476   977  1668 E SPIClient_can: MSG_CAN_BUS_STATE
12-27 12:21:27.476   977  1668 E SPIClient_can: CB_2
12-27 12:21:27.759  1542 30069 I DiagManagerService: onWatchDog Kick
12-27 12:21:28.002  1539 30098 V DebugManagerServiceImpl: DEBUG_IMPL_KICK_DOG
12-27 12:21:28.164   993  1700 V CRH     : RX_TIME_TO_KICK_DOG
12-27 12:21:28.165   993  1506 V CANManagerService: perform HeartBeat()
12-27 12:21:28.166   993  1701 V CTH     : TXhandleMessage TX_TIME_TO_KICK_DOG
12-27 12:21:28.323   991  1523 E CM_SPI  : MCU->MSM Type[03] Cat[01, 00] Cmd[D0, 00] PayloadLen[0012] Payload[0D 19 00 09 08 54 00 00 00 01 00 01 00 01 00 01 00 01]
12-27 12:21:30.205   991  1523 E CM_SPI  : MCU->MSM Type[02] Cat[04, 00] Cmd[D1, 00] PayloadLen[0006] Payload[16 0C 1B 0C 15 1F]
12-27 12:21:30.206  1550  1698 V FactoryImpl: onReceive MCU type[x2], cate[x4], subcate[x0], cmd[209], cmd2[x0]
12-27 12:21:30.206  1550  1698 V FactoryUtil: onReceive MCU param[x02][xD1][x00], bufSize[6:6]:[x16][x0C][x1B][x0C][x15][x1F]...
12-27 12:21:30.206  1550  1689 V FactoryUtil: handleMessage FACTORY_IMPL_RES_FR_MCU_EDU param[x04][xD1][x00], bufSize[6:6]:[x16][x0C][x1B][x0C][x15][x1F]...
12-27 12:21:30.206  1550  1689 V FactoryEdu: procEduResCommand cate[x04], subCate[x00], cmd[xD1], cmd2[x00]
12-27 12:21:30.206  1550  1689 V FactoryUtil: Res Buffer  bufSize[6]
12-27 12:21:30.206  1550  1689 V FactoryUtil: [x16][x0C][x1B][x0C][x15][x1F]
12-27 12:21:30.206  1550  1689 V FactoryEdu: procEduResCommand cmd not define cate[x04], subCate[x00], cmd[xD1], cmd2[x00]
12-27 12:21:31.307   991  1523 E CM_SPI  : MCU->MSM Type[03] Cat[01, 00] Cmd[D0, 00] PayloadLen[0012] Payload[0D 19 00 09 08 54 00 01 00 01 00 01 00 01 00 01 00 01]
12-27 12:21:32.486   977  1572 E SPIClient_can: CL-ISPI_CSPB_OSC
12-27 12:21:32.486   977  1572 E SPIClient_can: RCV CB Single(0), Group(0)
12-27 12:21:32.486   977  1668 E SPIClient_can: MSG_CAN_BUS_STATE
12-27 12:21:32.486   977  1668 E SPIClient_can: CB_2
12-27 12:21:33.178   991  1523 E CM_SPI  : MCU->MSM Type[01] Cat[05, 22] Cmd[02, 00] PayloadLen[000A] Payload[D9 9E 00 00 00 21 00 00 00 1B]
12-27 12:21:33.906   991  1523 E CM_SPI  : MCU->MSM Type[01] Cat[05, DD] Cmd[05, 00] PayloadLen[0006] Payload[00 FE 00 00 00 1D]
12-27 12:21:34.309   991  1523 E CM_SPI  : MCU->MSM Type[03] Cat[01, 00] Cmd[D0, 00] PayloadLen[0012] Payload[0D 19 00 08 08 53 00 01 00 01 00 01 00 01 00 01 00 01]
12-27 12:21:35.511   991  1523 E CM_SPI  : MSM->MCU Type[01] Cat[01, 00] Cmd[11, 00] PayloadLen[0000]
12-27 12:21:35.519   991  1523 E CM_SPI  : MCU->MSM Type[02] Cat[01, 00] Cmd[11, 00] PayloadLen[0000]
12-27 12:21:35.519  1550  1698 V FactoryImpl: onReceive MCU type[x2], cate[x1], subcate[x0], cmd[17], cmd2[x0]
12-27 12:21:35.519  1550  1698 V FactoryUtil: onReceive MCU param[x02][x11][x00], buf is NULL
12-27 12:21:35.519  1550  1689 V FactoryUtil: handleMessage FACTORY_IMPL_RES_FR_MCU_EDU param[x01][x11][x00], buf is NULL
12-27 12:21:35.519  1550  1689 V FactoryEdu: procEduResCommand cate[x01], subCate[x00], cmd[x11], cmd2[x00]
12-27 12:21:35.519  1550  1689 V FactoryUtil: Res Buffer  buf is NULL
12-27 12:21:35.519  1550  1689 V FactoryEdu: procEduResCommand cmd not define cate[x01], subCate[x00], cmd[x11], cmd2[x00]
12-27 12:21:35.562   987  1482 I LocationServer: droutput:lat:0.000000,lon:0.000000,alt:0.000000
12-27 12:21:35.985   991  1508 E CommunicationManagerService: KICK DOG(321)
12-27 12:21:36.451  1542  1680 I DiagReadDTCHandler: checkFaultSettingCondition[false] PM[0] Vol[12.050000] bubTemp [29]
12-27 12:21:37.309   991  1523 E CM_SPI  : MCU->MSM Type[03] Cat[01, 00] Cmd[D0, 00] PayloadLen[0012] Payload[0D 19 00 09 08 54 00 00 00 01 00 01 00 01 00 01 00 01]
12-27 12:21:37.497   977  1572 E SPIClient_can: CL-ISPI_CSPB_OSC
12-27 12:21:37.497   977  1572 E SPIClient_can: RCV CB Single(0), Group(0)
12-27 12:21:37.498   977  1668 E SPIClient_can: MSG_CAN_BUS_STATE
12-27 12:21:37.498   977  1668 E SPIClient_can: CB_2
12-27 12:21:37.759  1542 31241 I DiagManagerService: onWatchDog Kick
12-27 12:21:38.002  1539 31270 V DebugManagerServiceImpl: DEBUG_IMPL_KICK_DOG
12-27 12:21:38.161   993  1700 V CRH     : RX_TIME_TO_KICK_DOG
12-27 12:21:38.162   993  1506 V CANManagerService: perform HeartBeat()
12-27 12:21:38.162   993  1701 V CTH     : TXhandleMessage TX_TIME_TO_KICK_DOG
12-27 12:21:40.309   991  1523 E CM_SPI  : MCU->MSM Type[03] Cat[01, 00] Cmd[D0, 00] PayloadLen[0012] Payload[0D 17 00 09 08 52 00 00 00 02 00 01 00 01 00 01 00 01]
12-27 12:21:40.510   991  1523 E CM_SPI  : MCU->MSM Type[01] Cat[05, DD] Cmd[05, 00] PayloadLen[0006] Payload[00 FE 00 00 00 1D]
12-27 12:21:40.808   991  1523 E CM_SPI  : MCU->MSM Type[02] Cat[04, 00] Cmd[D1, 00] PayloadLen[0006] Payload[16 0C 1B 0C 15 2A]
12-27 12:21:40.809  1550  1698 V FactoryImpl: onReceive MCU type[x2], cate[x4], subcate[x0], cmd[209], cmd2[x0]
12-27 12:21:40.809  1550  1698 V FactoryUtil: onReceive MCU param[x02][xD1][x00], bufSize[6:6]:[x16][x0C][x1B][x0C][x15][x2A]...
12-27 12:21:40.809  1550  1689 V FactoryUtil: handleMessage FACTORY_IMPL_RES_FR_MCU_EDU param[x04][xD1][x00], bufSize[6:6]:[x16][x0C][x1B][x0C][x15][x2A]...
12-27 12:21:40.809  1550  1689 V FactoryEdu: procEduResCommand cate[x04], subCate[x00], cmd[xD1], cmd2[x00]
12-27 12:21:40.809  1550  1689 V FactoryUtil: Res Buffer  bufSize[6]
12-27 12:21:40.809  1550  1689 V FactoryUtil: [x16][x0C][x1B][x0C][x15][x2A]
12-27 12:21:40.809  1550  1689 V FactoryEdu: procEduResCommand cmd not define cate[x04], subCate[x00], cmd[xD1], cmd2[x00]
12-27 12:21:42.506   977  1572 E SPIClient_can: CL-ISPI_CSPB_OSC
12-27 12:21:42.506   977  1572 E SPIClient_can: RCV CB Single(0), Group(0)
12-27 12:21:42.507   977  1668 E SPIClient_can: MSG_CAN_BUS_STATE
12-27 12:21:42.507   977  1668 E SPIClient_can: CB_2
12-27 12:21:43.179   991  1523 E CM_SPI  : MCU->MSM Type[01] Cat[05, 22] Cmd[02, 00] PayloadLen[000A] Payload[D9 9E 00 00 00 2B 00 00 00 11]
12-27 12:21:43.307   991  1523 E CM_SPI  : MCU->MSM Type[03] Cat[01, 00] Cmd[D0, 00] PayloadLen[0012] Payload[0D 19 00 07 08 54 00 00 00 01 00 01 00 01 00 01 00 01]
12-27 12:21:45.512   991  1523 E CM_SPI  : MSM->MCU Type[01] Cat[01, 00] Cmd[11, 00] PayloadLen[0000]
12-27 12:21:45.520   991  1523 E CM_SPI  : MCU->MSM Type[02] Cat[01, 00] Cmd[11, 00] PayloadLen[0000]
12-27 12:21:45.520  1550  1698 V FactoryImpl: onReceive MCU type[x2], cate[x1], subcate[x0], cmd[17], cmd2[x0]
12-27 12:21:45.520  1550  1698 V FactoryUtil: onReceive MCU param[x02][x11][x00], buf is NULL
12-27 12:21:45.520  1550  1689 V FactoryUtil: handleMessage FACTORY_IMPL_RES_FR_MCU_EDU param[x01][x11][x00], buf is NULL
12-27 12:21:45.520  1550  1689 V FactoryEdu: procEduResCommand cate[x01], subCate[x00], cmd[x11], cmd2[x00]
12-27 12:21:45.520  1550  1689 V FactoryUtil: Res Buffer  buf is NULL
12-27 12:21:45.520  1550  1689 V FactoryEdu: procEduResCommand cmd not define cate[x01], subCate[x00], cmd[x11], cmd2[x00]
12-27 12:21:45.569   987  1482 I LocationServer: droutput:lat:0.000000,lon:0.000000,alt:0.000000
12-27 12:21:45.981   991  1508 E CommunicationManagerService: KICK DOG(322)
12-27 12:21:46.316   991  1523 E CM_SPI  : MCU->MSM Type[03] Cat[01, 00] Cmd[D0, 00] PayloadLen[0012] Payload[0D 17 00 08 08 54 00 00 00 01 00 01 00 01 00 01 00 02]
12-27 12:21:46.452  1542  1680 I DiagReadDTCHandler: checkFaultSettingCondition[false] PM[0] Vol[12.050000] bubTemp [29]
12-27 12:21:47.106   991  1523 E CM_SPI  : MCU->MSM Type[01] Cat[05, DD] Cmd[05, 00] PayloadLen[0006] Payload[00 FE 00 00 00 1D]
12-27 12:21:47.516   977  1572 E SPIClient_can: CL-ISPI_CSPB_OSC
12-27 12:21:47.516   977  1572 E SPIClient_can: RCV CB Single(0), Group(0)
12-27 12:21:47.516   977  1668 E SPIClient_can: MSG_CAN_BUS_STATE
12-27 12:21:47.516   977  1668 E SPIClient_can: CB_2
12-27 12:21:47.759  1542 32415 I DiagManagerService: onWatchDog Kick
12-27 12:21:48.002  1539 32443 V DebugManagerServiceImpl: DEBUG_IMPL_KICK_DOG
12-27 12:21:48.162   993  1700 V CRH     : RX_TIME_TO_KICK_DOG
12-27 12:21:48.162   993  1506 V CANManagerService: perform HeartBeat()
12-27 12:21:48.163   993  1701 V CTH     : TXhandleMessage TX_TIME_TO_KICK_DOG
12-27 12:21:49.307   991  1523 E CM_SPI  : MCU->MSM Type[03] Cat[01, 00] Cmd[D0, 00] PayloadLen[0012] Payload[0D 18 00 08 08 54 00 00 00 01 00 01 00 01 00 01 00 01]
12-27 12:21:51.405   991  1523 E CM_SPI  : MCU->MSM Type[02] Cat[04, 00] Cmd[D1, 00] PayloadLen[0006] Payload[16 0C 1B 0C 15 35]
12-27 12:21:51.406  1550  1698 V FactoryImpl: onReceive MCU type[x2], cate[x4], subcate[x0], cmd[209], cmd2[x0]
12-27 12:21:51.406  1550  1698 V FactoryUtil: onReceive MCU param[x02][xD1][x00], bufSize[6:6]:[x16][x0C][x1B][x0C][x15][x35]...
12-27 12:21:51.406  1550  1689 V FactoryUtil: handleMessage FACTORY_IMPL_RES_FR_MCU_EDU param[x04][xD1][x00], bufSize[6:6]:[x16][x0C][x1B][x0C][x15][x35]...
12-27 12:21:51.406  1550  1689 V FactoryEdu: procEduResCommand cate[x04], subCate[x00], cmd[xD1], cmd2[x00]
12-27 12:21:51.406  1550  1689 V FactoryUtil: Res Buffer  bufSize[6]
12-27 12:21:51.406  1550  1689 V FactoryUtil: [x16][x0C][x1B][x0C][x15][x35]
12-27 12:21:51.406  1550  1689 V FactoryEdu: procEduResCommand cmd not define cate[x04], subCate[x00], cmd[xD1], cmd2[x00]
12-27 12:21:52.309   991  1523 E CM_SPI  : MCU->MSM Type[03] Cat[01, 00] Cmd[D0, 00] PayloadLen[0012] Payload[0D 19 00 08 08 53 00 00 00 01 00 01 00 01 00 01 00 01]
12-27 12:21:52.526   977  1572 E SPIClient_can: CL-ISPI_CSPB_OSC
12-27 12:21:52.526   977  1572 E SPIClient_can: RCV CB Single(0), Group(0)
12-27 12:21:52.527   977  1668 E SPIClient_can: MSG_CAN_BUS_STATE
12-27 12:21:52.527   977  1668 E SPIClient_can: CB_2
12-27 12:21:53.176  1542  1542 E DIAG    : onNotifyVoltage BUB Vol[0.000000]
12-27 12:21:53.181   991  1523 E CM_SPI  : MCU->MSM Type[01] Cat[05, 22] Cmd[02, 00] PayloadLen[000A] Payload[D9 9E 00 00 00 35 00 00 00 07]
12-27 12:21:53.706   991  1523 E CM_SPI  : MCU->MSM Type[01] Cat[05, DD] Cmd[05, 00] PayloadLen[0006] Payload[00 FE 00 00 00 1D]
12-27 12:21:55.307   991  1523 E CM_SPI  : MCU->MSM Type[03] Cat[01, 00] Cmd[D0, 00] PayloadLen[0012] Payload[0D 18 00 08 08 53 00 00 00 01 00 01 00 01 00 01 00 01]
12-27 12:21:55.513   991  1523 E CM_SPI  : MSM->MCU Type[01] Cat[01, 00] Cmd[11, 00] PayloadLen[0000]
12-27 12:21:55.522   991  1523 E CM_SPI  : MCU->MSM Type[02] Cat[01, 00] Cmd[11, 00] PayloadLen[0000]
12-27 12:21:55.522  1550  1698 V FactoryImpl: onReceive MCU type[x2], cate[x1], subcate[x0], cmd[17], cmd2[x0]
12-27 12:21:55.522  1550  1698 V FactoryUtil: onReceive MCU param[x02][x11][x00], buf is NULL
12-27 12:21:55.522  1550  1689 V FactoryUtil: handleMessage FACTORY_IMPL_RES_FR_MCU_EDU param[x01][x11][x00], buf is NULL
12-27 12:21:55.522  1550  1689 V FactoryEdu: procEduResCommand cate[x01], subCate[x00], cmd[x11], cmd2[x00]
12-27 12:21:55.522  1550  1689 V FactoryUtil: Res Buffer  buf is NULL
12-27 12:21:55.522  1550  1689 V FactoryEdu: procEduResCommand cmd not define cate[x01], subCate[x00], cmd[x11], cmd2[x00]
12-27 12:21:55.562   987  1482 I LocationServer: droutput:lat:0.000000,lon:0.000000,alt:0.000000
12-27 12:21:55.981   991  1508 E CommunicationManagerService: KICK DOG(323)
12-27 12:21:56.453  1542  1680 I DiagReadDTCHandler: checkFaultSettingCondition[false] PM[0] Vol[12.020000] bubTemp [29]
12-27 12:21:57.536   977  1572 E SPIClient_can: CL-ISPI_CSPB_OSC
12-27 12:21:57.536   977  1572 E SPIClient_can: RCV CB Single(0), Group(0)
12-27 12:21:57.536   977  1668 E SPIClient_can: MSG_CAN_BUS_STATE
12-27 12:21:57.536   977  1668 E SPIClient_can: CB_2
12-27 12:21:57.759  1542  2137 I DiagManagerService: onWatchDog Kick
12-27 12:21:58.002  1539  2165 V DebugManagerServiceImpl: DEBUG_IMPL_KICK_DOG
12-27 12:21:58.164   993  1700 V CRH     : RX_TIME_TO_KICK_DOG
12-27 12:21:58.164   993  1506 V CANManagerService: perform HeartBeat()
12-27 12:21:58.166   993  1701 V CTH     : TXhandleMessage TX_TIME_TO_KICK_DOG
12-27 12:21:58.309   991  1523 E CM_SPI  : MCU->MSM Type[03] Cat[01, 00] Cmd[D0, 00] PayloadLen[0012] Payload[0D 18 00 08 08 54 00 00 00 01 00 01 00 01 00 01 00 01]
12-27 12:22:00.303   991  1523 E CM_SPI  : MCU->MSM Type[01] Cat[05, DD] Cmd[05, 00] PayloadLen[0006] Payload[00 FE 00 00 00 1D]
12-27 12:22:01.307   991  1523 E CM_SPI  : MCU->MSM Type[03] Cat[01, 00] Cmd[D0, 00] PayloadLen[0012] Payload[0D 17 00 0B 08 53 00 00 00 01 00 01 00 01 00 01 00 01]
12-27 12:22:02.006   991  1523 E CM_SPI  : MCU->MSM Type[02] Cat[04, 00] Cmd[D1, 00] PayloadLen[0006] Payload[16 0C 1B 0C 16 03]
12-27 12:22:02.006  1550  1698 V FactoryImpl: onReceive MCU type[x2], cate[x4], subcate[x0], cmd[209], cmd2[x0]
12-27 12:22:02.006  1550  1698 V FactoryUtil: onReceive MCU param[x02][xD1][x00], bufSize[6:6]:[x16][x0C][x1B][x0C][x16][x03]...
12-27 12:22:02.006  1550  1689 V FactoryUtil: handleMessage FACTORY_IMPL_RES_FR_MCU_EDU param[x04][xD1][x00], bufSize[6:6]:[x16][x0C][x1B][x0C][x16][x03]...
12-27 12:22:02.006  1550  1689 V FactoryEdu: procEduResCommand cate[x04], subCate[x00], cmd[xD1], cmd2[x00]
12-27 12:22:02.006  1550  1689 V FactoryUtil: Res Buffer  bufSize[6]
12-27 12:22:02.006  1550  1689 V FactoryUtil: [x16][x0C][x1B][x0C][x16][x03]
12-27 12:22:02.006  1550  1689 V FactoryEdu: procEduResCommand cmd not define cate[x04], subCate[x00], cmd[xD1], cmd2[x00]
12-27 12:22:02.546   977  1572 E SPIClient_can: CL-ISPI_CSPB_OSC
12-27 12:22:02.546   977  1572 E SPIClient_can: RCV CB Single(0), Group(0)
12-27 12:22:02.547   977  1668 E SPIClient_can: MSG_CAN_BUS_STATE
12-27 12:22:02.547   977  1668 E SPIClient_can: CB_2
12-27 12:22:02.714   991  1523 E CM_SPI  : MCU->MSM Type[01] Cat[35, 00] Cmd[02, 00] PayloadLen[0021] Payload[42 55 42 20 44 54 43 33 3A 20 4F 50 45 4E 3A 31 20 53 79 73 48 57 3D 45 30 20 43 3A 32 39 20 31 0A]
12-27 12:22:02.715  1529  1558 E MCU     : BUB DTC3: OPEN:1 SysHW=E0 C:29 1
12-27 12:22:03.180   991  1523 E CM_SPI  : MCU->MSM Type[01] Cat[05, 22] Cmd[02, 00] PayloadLen[000A] Payload[D9 9E 00 00 00 00 00 00 00 00]
12-27 12:22:04.310   991  1523 E CM_SPI  : MCU->MSM Type[03] Cat[01, 00] Cmd[D0, 00] PayloadLen[0012] Payload[0D 19 00 03 08 53 00 00 00 01 00 01 00 01 00 01 00 01]
12-27 12:22:05.514   991  1523 E CM_SPI  : MSM->MCU Type[01] Cat[01, 00] Cmd[11, 00] PayloadLen[0000]
12-27 12:22:05.520   991  1523 E CM_SPI  : MCU->MSM Type[02] Cat[01, 00] Cmd[11, 00] PayloadLen[0000]
12-27 12:22:05.521  1550  1698 V FactoryImpl: onReceive MCU type[x2], cate[x1], subcate[x0], cmd[17], cmd2[x0]
12-27 12:22:05.521  1550  1698 V FactoryUtil: onReceive MCU param[x02][x11][x00], buf is NULL
12-27 12:22:05.521  1550  1689 V FactoryUtil: handleMessage FACTORY_IMPL_RES_FR_MCU_EDU param[x01][x11][x00], buf is NULL
12-27 12:22:05.521  1550  1689 V FactoryEdu: procEduResCommand cate[x01], subCate[x00], cmd[x11], cmd2[x00]
12-27 12:22:05.521  1550  1689 V FactoryUtil: Res Buffer  buf is NULL
12-27 12:22:05.521  1550  1689 V FactoryEdu: procEduResCommand cmd not define cate[x01], subCate[x00], cmd[x11], cmd2[x00]
12-27 12:22:05.564   987  1482 I LocationServer: droutput:lat:0.000000,lon:0.000000,alt:0.000000
12-27 12:22:05.981   991  1508 E CommunicationManagerService: KICK DOG(324)
12-27 12:22:06.455  1542  1680 I DiagReadDTCHandler: checkFaultSettingCondition[false] PM[0] Vol[12.040000] bubTemp [29]
12-27 12:22:06.903   991  1523 E CM_SPI  : MCU->MSM Type[01] Cat[05, DD] Cmd[05, 00] PayloadLen[0006] Payload[00 FE 00 00 00 1D]
12-27 12:22:07.315   991  1523 E CM_SPI  : MCU->MSM Type[03] Cat[01, 00] Cmd[D0, 00] PayloadLen[0012] Payload[0D 18 00 05 08 54 00 00 00 01 00 01 00 01 00 01 00 01]
12-27 12:22:07.558   977  1572 E SPIClient_can: CL-ISPI_CSPB_OSC
12-27 12:22:07.558   977  1572 E SPIClient_can: RCV CB Single(0), Group(0)
12-27 12:22:07.558   977  1668 E SPIClient_can: MSG_CAN_BUS_STATE
12-27 12:22:07.558   977  1668 E SPIClient_can: CB_2
12-27 12:22:07.759  1542  3309 I DiagManagerService: onWatchDog Kick
12-27 12:22:08.002  1539  3337 V DebugManagerServiceImpl: DEBUG_IMPL_KICK_DOG
12-27 12:22:08.161   993  1700 V CRH     : RX_TIME_TO_KICK_DOG
12-27 12:22:08.162   993  1506 V CANManagerService: perform HeartBeat()
12-27 12:22:08.163   993  1701 V CTH     : TXhandleMessage TX_TIME_TO_KICK_DOG
12-27 12:22:08.172  1647  1699 E NetworkManagerService: rmnet_data0 | inbps=0 inpps=0 outbps=0 outpps=0
12-27 12:22:08.172  1647  1699 E NetworkManagerService: rmnet_data1 | inbps=0 inpps=0 outbps=0 outpps=0
12-27 12:22:10.319   991  1523 E CM_SPI  : MCU->MSM Type[03] Cat[01, 00] Cmd[D0, 00] PayloadLen[0012] Payload[0D 19 00 08 08 53 00 01 00 01 00 01 00 01 00 01 00 01]
12-27 12:22:12.566   977  1572 E SPIClient_can: CL-ISPI_CSPB_OSC
12-27 12:22:12.566   977  1572 E SPIClient_can: RCV CB Single(0), Group(0)
12-27 12:22:12.566   977  1668 E SPIClient_can: MSG_CAN_BUS_STATE
12-27 12:22:12.566   977  1668 E SPIClient_can: CB_2
12-27 12:22:12.608   991  1523 E CM_SPI  : MCU->MSM Type[02] Cat[04, 00] Cmd[D1, 00] PayloadLen[0006] Payload[16 0C 1B 0C 16 0E]
12-27 12:22:12.609  1550  1698 V FactoryImpl: onReceive MCU type[x2], cate[x4], subcate[x0], cmd[209], cmd2[x0]
12-27 12:22:12.609  1550  1698 V FactoryUtil: onReceive MCU param[x02][xD1][x00], bufSize[6:6]:[x16][x0C][x1B][x0C][x16][x0E]...
12-27 12:22:12.609  1550  1689 V FactoryUtil: handleMessage FACTORY_IMPL_RES_FR_MCU_EDU param[x04][xD1][x00], bufSize[6:6]:[x16][x0C][x1B][x0C][x16][x0E]...
12-27 12:22:12.609  1550  1689 V FactoryEdu: procEduResCommand cate[x04], subCate[x00], cmd[xD1], cmd2[x00]
12-27 12:22:12.609  1550  1689 V FactoryUtil: Res Buffer  bufSize[6]
12-27 12:22:12.609  1550  1689 V FactoryUtil: [x16][x0C][x1B][x0C][x16][x0E]
12-27 12:22:12.609  1550  1689 V FactoryEdu: procEduResCommand cmd not define cate[x04], subCate[x00], cmd[xD1], cmd2[x00]
12-27 12:22:13.179   991  1523 E CM_SPI  : MCU->MSM Type[01] Cat[05, 22] Cmd[02, 00] PayloadLen[000A] Payload[D9 9E 00 00 00 09 00 00 00 33]
12-27 12:22:13.307   991  1523 E CM_SPI  : MCU->MSM Type[03] Cat[01, 00] Cmd[D0, 00] PayloadLen[0012] Payload[0D 18 00 09 08 54 00 00 00 01 00 01 00 01 00 01 00 01]
12-27 12:22:13.506   991  1523 E CM_SPI  : MCU->MSM Type[01] Cat[05, DD] Cmd[05, 00] PayloadLen[0006] Payload[00 FE 00 00 00 1D]
12-27 12:22:15.515   991  1523 E CM_SPI  : MSM->MCU Type[01] Cat[01, 00] Cmd[11, 00] PayloadLen[0000]
12-27 12:22:15.523   991  1523 E CM_SPI  : MCU->MSM Type[02] Cat[01, 00] Cmd[11, 00] PayloadLen[0000]
12-27 12:22:15.523  1550  1698 V FactoryImpl: onReceive MCU type[x2], cate[x1], subcate[x0], cmd[17], cmd2[x0]
12-27 12:22:15.523  1550  1698 V FactoryUtil: onReceive MCU param[x02][x11][x00], buf is NULL
12-27 12:22:15.523  1550  1689 V FactoryUtil: handleMessage FACTORY_IMPL_RES_FR_MCU_EDU param[x01][x11][x00], buf is NULL
12-27 12:22:15.523  1550  1689 V FactoryEdu: procEduResCommand cate[x01], subCate[x00], cmd[x11], cmd2[x00]
12-27 12:22:15.523  1550  1689 V FactoryUtil: Res Buffer  buf is NULL
12-27 12:22:15.523  1550  1689 V FactoryEdu: procEduResCommand cmd not define cate[x01], subCate[x00], cmd[x11], cmd2[x00]
12-27 12:22:15.560   987  1482 I LocationServer: droutput:lat:0.000000,lon:0.000000,alt:0.000000
12-27 12:22:15.981   991  1508 E CommunicationManagerService: KICK DOG(325)
12-27 12:22:16.309   991  1523 E CM_SPI  : MCU->MSM Type[03] Cat[01, 00] Cmd[D0, 00] PayloadLen[0012] Payload[0D 18 00 0A 08 54 00 00 00 01 00 01 00 01 00 01 00 02]
12-27 12:22:16.456  1542  1680 I DiagReadDTCHandler: checkFaultSettingCondition[false] PM[0] Vol[12.050000] bubTemp [29]
12-27 12:22:17.576   977  1572 E SPIClient_can: CL-ISPI_CSPB_OSC
12-27 12:22:17.576   977  1572 E SPIClient_can: RCV CB Single(0), Group(0)
12-27 12:22:17.577   977  1668 E SPIClient_can: MSG_CAN_BUS_STATE
12-27 12:22:17.577   977  1668 E SPIClient_can: CB_2
12-27 12:22:17.759  1542  4481 I DiagManagerService: onWatchDog Kick
12-27 12:22:18.002  1539  4510 V DebugManagerServiceImpl: DEBUG_IMPL_KICK_DOG
12-27 12:22:18.161   993  1700 V CRH     : RX_TIME_TO_KICK_DOG
12-27 12:22:18.161   993  1506 V CANManagerService: perform HeartBeat()
12-27 12:22:18.161   993  1701 V CTH     : TXhandleMessage TX_TIME_TO_KICK_DOG
12-27 12:22:19.307   991  1523 E CM_SPI  : MCU->MSM Type[03] Cat[01, 00] Cmd[D0, 00] PayloadLen[0012] Payload[0D 18 00 09 08 54 00 00 00 01 00 01 00 01 00 01 00 01]
12-27 12:22:20.103   991  1523 E CM_SPI  : MCU->MSM Type[01] Cat[05, DD] Cmd[05, 00] PayloadLen[0006] Payload[00 FE 00 00 00 1D]
12-27 12:22:22.309   991  1523 E CM_SPI  : MCU->MSM Type[03] Cat[01, 00] Cmd[D0, 00] PayloadLen[0012] Payload[0D 19 00 09 08 53 00 01 00 01 00 01 00 01 00 01 00 01]
12-27 12:22:22.586   977  1572 E SPIClient_can: CL-ISPI_CSPB_OSC
12-27 12:22:22.586   977  1572 E SPIClient_can: RCV CB Single(0), Group(0)
12-27 12:22:22.586   977  1668 E SPIClient_can: MSG_CAN_BUS_STATE
12-27 12:22:22.586   977  1668 E SPIClient_can: CB_2
12-27 12:22:23.178   991  1523 E CM_SPI  : MCU->MSM Type[01] Cat[05, 22] Cmd[02, 00] PayloadLen[000A] Payload[D9 9E 00 00 00 13 00 00 00 29]
12-27 12:22:23.206   991  1523 E CM_SPI  : MCU->MSM Type[02] Cat[04, 00] Cmd[D1, 00] PayloadLen[0006] Payload[16 0C 1B 0C 16 18]
12-27 12:22:23.206  1550  1698 V FactoryImpl: onReceive MCU type[x2], cate[x4], subcate[x0], cmd[209], cmd2[x0]
12-27 12:22:23.206  1550  1698 V FactoryUtil: onReceive MCU param[x02][xD1][x00], bufSize[6:6]:[x16][x0C][x1B][x0C][x16][x18]...
12-27 12:22:23.206  1550  1689 V FactoryUtil: handleMessage FACTORY_IMPL_RES_FR_MCU_EDU param[x04][xD1][x00], bufSize[6:6]:[x16][x0C][x1B][x0C][x16][x18]...
12-27 12:22:23.206  1550  1689 V FactoryEdu: procEduResCommand cate[x04], subCate[x00], cmd[xD1], cmd2[x00]
12-27 12:22:23.206  1550  1689 V FactoryUtil: Res Buffer  bufSize[6]
12-27 12:22:23.206  1550  1689 V FactoryUtil: [x16][x0C][x1B][x0C][x16][x18]
12-27 12:22:23.206  1550  1689 V FactoryEdu: procEduResCommand cmd not define cate[x04], subCate[x00], cmd[xD1], cmd2[x00]
12-27 12:22:25.315   991  1523 E CM_SPI  : MCU->MSM Type[03] Cat[01, 00] Cmd[D0, 00] PayloadLen[0012] Payload[0D 17 00 09 08 53 00 01 00 01 00 01 00 01 00 01 00 01]
12-27 12:22:25.521   991  1523 E CM_SPI  : MSM->MCU Type[01] Cat[01, 00] Cmd[11, 00] PayloadLen[0000]
12-27 12:22:25.533   991  1523 E CM_SPI  : MCU->MSM Type[02] Cat[01, 00] Cmd[11, 00] PayloadLen[0000]
12-27 12:22:25.534  1550  1698 V FactoryImpl: onReceive MCU type[x2], cate[x1], subcate[x0], cmd[17], cmd2[x0]
12-27 12:22:25.534  1550  1698 V FactoryUtil: onReceive MCU param[x02][x11][x00], buf is NULL
12-27 12:22:25.534  1550  1689 V FactoryUtil: handleMessage FACTORY_IMPL_RES_FR_MCU_EDU param[x01][x11][x00], buf is NULL
12-27 12:22:25.534  1550  1689 V FactoryEdu: procEduResCommand cate[x01], subCate[x00], cmd[x11], cmd2[x00]
12-27 12:22:25.534  1550  1689 V FactoryUtil: Res Buffer  buf is NULL
12-27 12:22:25.534  1550  1689 V FactoryEdu: procEduResCommand cmd not define cate[x01], subCate[x00], cmd[x11], cmd2[x00]
12-27 12:22:25.562   987  1482 I LocationServer: droutput:lat:0.000000,lon:0.000000,alt:0.000000
12-27 12:22:25.981   991  1508 E CommunicationManagerService: KICK DOG(326)
12-27 12:22:26.463  1542  1680 I DiagReadDTCHandler: checkFaultSettingCondition[false] PM[0] Vol[12.050000] bubTemp [29]
12-27 12:22:26.705   991  1523 E CM_SPI  : MCU->MSM Type[01] Cat[05, DD] Cmd[05, 00] PayloadLen[0006] Payload[00 FE 00 00 00 1D]
12-27 12:22:27.596   977  1572 E SPIClient_can: CL-ISPI_CSPB_OSC
12-27 12:22:27.596   977  1572 E SPIClient_can: RCV CB Single(0), Group(0)
12-27 12:22:27.596   977  1668 E SPIClient_can: MSG_CAN_BUS_STATE
12-27 12:22:27.596   977  1668 E SPIClient_can: CB_2
12-27 12:22:27.759  1542  5653 I DiagManagerService: onWatchDog Kick
12-27 12:22:28.002  1539  5682 V DebugManagerServiceImpl: DEBUG_IMPL_KICK_DOG
12-27 12:22:28.161   993  1700 V CRH     : RX_TIME_TO_KICK_DOG
12-27 12:22:28.161   993  1506 V CANManagerService: perform HeartBeat()
12-27 12:22:28.162   993  1701 V CTH     : TXhandleMessage TX_TIME_TO_KICK_DOG
12-27 12:22:28.309   991  1523 E CM_SPI  : MCU->MSM Type[03] Cat[01, 00] Cmd[D0, 00] PayloadLen[0012] Payload[0D 18 00 09 08 54 00 00 00 01 00 01 00 01 00 01 00 01]
12-27 12:22:31.307   991  1523 E CM_SPI  : MCU->MSM Type[03] Cat[01, 00] Cmd[D0, 00] PayloadLen[0012] Payload[0D 18 00 08 08 52 00 01 00 01 00 01 00 01 00 01 00 01]
12-27 12:22:32.613   977  1572 E SPIClient_can: CL-ISPI_CSPB_OSC
12-27 12:22:32.613   977  1572 E SPIClient_can: RCV CB Single(0), Group(0)
12-27 12:22:32.614   977  1668 E SPIClient_can: MSG_CAN_BUS_STATE
12-27 12:22:32.614   977  1668 E SPIClient_can: CB_2
12-27 12:22:33.179   991  1523 E CM_SPI  : MCU->MSM Type[01] Cat[05, 22] Cmd[02, 00] PayloadLen[000A] Payload[D9 9E 00 00 00 1D 00 00 00 1F]
12-27 12:22:33.303   991  1523 E CM_SPI  : MCU->MSM Type[01] Cat[05, DD] Cmd[05, 00] PayloadLen[0006] Payload[00 FE 00 00 00 1D]
12-27 12:22:33.805   991  1523 E CM_SPI  : MCU->MSM Type[02] Cat[04, 00] Cmd[D1, 00] PayloadLen[0006] Payload[16 0C 1B 0C 16 23]
12-27 12:22:33.806  1550  1698 V FactoryImpl: onReceive MCU type[x2], cate[x4], subcate[x0], cmd[209], cmd2[x0]
12-27 12:22:33.806  1550  1698 V FactoryUtil: onReceive MCU param[x02][xD1][x00], bufSize[6:6]:[x16][x0C][x1B][x0C][x16][x23]...
12-27 12:22:33.806  1550  1689 V FactoryUtil: handleMessage FACTORY_IMPL_RES_FR_MCU_EDU param[x04][xD1][x00], bufSize[6:6]:[x16][x0C][x1B][x0C][x16][x23]...
12-27 12:22:33.806  1550  1689 V FactoryEdu: procEduResCommand cate[x04], subCate[x00], cmd[xD1], cmd2[x00]
12-27 12:22:33.806  1550  1689 V FactoryUtil: Res Buffer  bufSize[6]
12-27 12:22:33.806  1550  1689 V FactoryUtil: [x16][x0C][x1B][x0C][x16][x23]
12-27 12:22:33.806  1550  1689 V FactoryEdu: procEduResCommand cmd not define cate[x04], subCate[x00], cmd[xD1], cmd2[x00]
12-27 12:22:34.309   991  1523 E CM_SPI  : MCU->MSM Type[03] Cat[01, 00] Cmd[D0, 00] PayloadLen[0012] Payload[0D 17 00 09 08 54 00 00 00 01 00 01 00 01 00 01 00 01]
12-27 12:22:35.522   991  1523 E CM_SPI  : MSM->MCU Type[01] Cat[01, 00] Cmd[11, 00] PayloadLen[0000]
12-27 12:22:35.530   991  1523 E CM_SPI  : MCU->MSM Type[02] Cat[01, 00] Cmd[11, 00] PayloadLen[0000]
12-27 12:22:35.531  1550  1698 V FactoryImpl: onReceive MCU type[x2], cate[x1], subcate[x0], cmd[17], cmd2[x0]
12-27 12:22:35.531  1550  1698 V FactoryUtil: onReceive MCU param[x02][x11][x00], buf is NULL
12-27 12:22:35.531  1550  1689 V FactoryUtil: handleMessage FACTORY_IMPL_RES_FR_MCU_EDU param[x01][x11][x00], buf is NULL
12-27 12:22:35.531  1550  1689 V FactoryEdu: procEduResCommand cate[x01], subCate[x00], cmd[x11], cmd2[x00]
12-27 12:22:35.531  1550  1689 V FactoryUtil: Res Buffer  buf is NULL
12-27 12:22:35.531  1550  1689 V FactoryEdu: procEduResCommand cmd not define cate[x01], subCate[x00], cmd[x11], cmd2[x00]
12-27 12:22:35.562   987  1482 I LocationServer: droutput:lat:0.000000,lon:0.000000,alt:0.000000
12-27 12:22:35.981   991  1508 E CommunicationManagerService: KICK DOG(327)
12-27 12:22:36.464  1542  1680 I DiagReadDTCHandler: checkFaultSettingCondition[false] PM[0] Vol[12.040000] bubTemp [29]
12-27 12:22:37.307   991  1523 E CM_SPI  : MCU->MSM Type[03] Cat[01, 00] Cmd[D0, 00] PayloadLen[0012] Payload[0D 18 00 08 08 54 00 00 00 01 00 01 00 01 00 01 00 02]
12-27 12:22:37.617   977  1572 E SPIClient_can: CL-ISPI_CSPB_OSC
12-27 12:22:37.617   977  1572 E SPIClient_can: RCV CB Single(0), Group(0)
12-27 12:22:37.618   977  1668 E SPIClient_can: MSG_CAN_BUS_STATE
12-27 12:22:37.618   977  1668 E SPIClient_can: CB_2
12-27 12:22:37.759  1542  6824 I DiagManagerService: onWatchDog Kick
12-27 12:22:38.002  1539  6853 V DebugManagerServiceImpl: DEBUG_IMPL_KICK_DOG
12-27 12:22:38.161   993  1700 V CRH     : RX_TIME_TO_KICK_DOG
12-27 12:22:38.162   993  1506 V CANManagerService: perform HeartBeat()
12-27 12:22:38.162   993  1701 V CTH     : TXhandleMessage TX_TIME_TO_KICK_DOG
12-27 12:22:39.903   991  1523 E CM_SPI  : MCU->MSM Type[01] Cat[05, DD] Cmd[05, 00] PayloadLen[0006] Payload[00 FE 00 00 00 1D]
12-27 12:22:40.310   991  1523 E CM_SPI  : MCU->MSM Type[03] Cat[01, 00] Cmd[D0, 00] PayloadLen[0012] Payload[0D 18 00 09 08 54 00 00 00 01 00 01 00 01 00 01 00 01]
12-27 12:22:42.627   977  1572 E SPIClient_can: CL-ISPI_CSPB_OSC
12-27 12:22:42.627   977  1572 E SPIClient_can: RCV CB Single(0), Group(0)
12-27 12:22:42.627   977  1668 E SPIClient_can: MSG_CAN_BUS_STATE
12-27 12:22:42.627   977  1668 E SPIClient_can: CB_2
12-27 12:22:43.177   991  1523 E CM_SPI  : MCU->MSM Type[01] Cat[05, 22] Cmd[02, 00] PayloadLen[000A] Payload[D9 9E 00 00 00 27 00 00 00 15]
12-27 12:22:43.308   991  1523 E CM_SPI  : MCU->MSM Type[03] Cat[01, 00] Cmd[D0, 00] PayloadLen[0012] Payload[0D 18 00 08 08 53 00 01 00 01 00 01 00 01 00 01 00 01]
12-27 12:22:44.405   991  1523 E CM_SPI  : MCU->MSM Type[02] Cat[04, 00] Cmd[D1, 00] PayloadLen[0006] Payload[16 0C 1B 0C 16 2E]
12-27 12:22:44.406  1550  1698 V FactoryImpl: onReceive MCU type[x2], cate[x4], subcate[x0], cmd[209], cmd2[x0]
12-27 12:22:44.406  1550  1698 V FactoryUtil: onReceive MCU param[x02][xD1][x00], bufSize[6:6]:[x16][x0C][x1B][x0C][x16][x2E]...
12-27 12:22:44.406  1550  1689 V FactoryUtil: handleMessage FACTORY_IMPL_RES_FR_MCU_EDU param[x04][xD1][x00], bufSize[6:6]:[x16][x0C][x1B][x0C][x16][x2E]...
12-27 12:22:44.406  1550  1689 V FactoryEdu: procEduResCommand cate[x04], subCate[x00], cmd[xD1], cmd2[x00]
12-27 12:22:44.406  1550  1689 V FactoryUtil: Res Buffer  bufSize[6]
12-27 12:22:44.406  1550  1689 V FactoryUtil: [x16][x0C][x1B][x0C][x16][x2E]
12-27 12:22:44.406  1550  1689 V FactoryEdu: procEduResCommand cmd not define cate[x04], subCate[x00], cmd[xD1], cmd2[x00]
12-27 12:22:45.523   991  1523 E CM_SPI  : MSM->MCU Type[01] Cat[01, 00] Cmd[11, 00] PayloadLen[0000]
12-27 12:22:45.531   991  1523 E CM_SPI  : MCU->MSM Type[02] Cat[01, 00] Cmd[11, 00] PayloadLen[0000]
12-27 12:22:45.531  1550  1698 V FactoryImpl: onReceive MCU type[x2], cate[x1], subcate[x0], cmd[17], cmd2[x0]
12-27 12:22:45.531  1550  1698 V FactoryUtil: onReceive MCU param[x02][x11][x00], buf is NULL
12-27 12:22:45.531  1550  1689 V FactoryUtil: handleMessage FACTORY_IMPL_RES_FR_MCU_EDU param[x01][x11][x00], buf is NULL
12-27 12:22:45.531  1550  1689 V FactoryEdu: procEduResCommand cate[x01], subCate[x00], cmd[x11], cmd2[x00]
12-27 12:22:45.531  1550  1689 V FactoryUtil: Res Buffer  buf is NULL
12-27 12:22:45.531  1550  1689 V FactoryEdu: procEduResCommand cmd not define cate[x01], subCate[x00], cmd[x11], cmd2[x00]
12-27 12:22:45.563   987  1482 I LocationServer: droutput:lat:0.000000,lon:0.000000,alt:0.000000
12-27 12:22:45.981   991  1508 E CommunicationManagerService: KICK DOG(328)
12-27 12:22:46.309   991  1523 E CM_SPI  : MCU->MSM Type[03] Cat[01, 00] Cmd[D0, 00] PayloadLen[0012] Payload[0D 17 00 08 08 54 00 01 00 01 00 01 00 01 00 01 00 01]
12-27 12:22:46.467  1542  1680 I DiagReadDTCHandler: checkFaultSettingCondition[false] PM[0] Vol[12.040000] bubTemp [29]
12-27 12:22:46.503   991  1523 E CM_SPI  : MCU->MSM Type[01] Cat[05, DD] Cmd[05, 00] PayloadLen[0006] Payload[00 FE 00 00 00 1D]
12-27 12:22:47.636   977  1572 E SPIClient_can: CL-ISPI_CSPB_OSC
12-27 12:22:47.636   977  1572 E SPIClient_can: RCV CB Single(0), Group(0)
12-27 12:22:47.636   977  1668 E SPIClient_can: MSG_CAN_BUS_STATE
12-27 12:22:47.636   977  1668 E SPIClient_can: CB_2
12-27 12:22:47.759  1542  7997 I DiagManagerService: onWatchDog Kick
12-27 12:22:48.002  1539  8026 V DebugManagerServiceImpl: DEBUG_IMPL_KICK_DOG
12-27 12:22:48.161   993  1700 V CRH     : RX_TIME_TO_KICK_DOG
12-27 12:22:48.162   993  1506 V CANManagerService: perform HeartBeat()
12-27 12:22:48.163   993  1701 V CTH     : TXhandleMessage TX_TIME_TO_KICK_DOG
12-27 12:22:49.307   991  1523 E CM_SPI  : MCU->MSM Type[03] Cat[01, 00] Cmd[D0, 00] PayloadLen[0012] Payload[0D 18 00 08 08 54 00 00 00 01 00 01 00 01 00 01 00 01]
12-27 12:22:52.313   991  1523 E CM_SPI  : MCU->MSM Type[03] Cat[01, 00] Cmd[D0, 00] PayloadLen[0012] Payload[0D 17 00 08 08 54 00 00 00 01 00 01 00 01 00 01 00 01]
12-27 12:22:52.647   977  1572 E SPIClient_can: CL-ISPI_CSPB_OSC
12-27 12:22:52.647   977  1572 E SPIClient_can: RCV CB Single(0), Group(0)
12-27 12:22:52.647   977  1668 E SPIClient_can: MSG_CAN_BUS_STATE
12-27 12:22:52.647   977  1668 E SPIClient_can: CB_2
12-27 12:22:53.102   991  1523 E CM_SPI  : MCU->MSM Type[01] Cat[05, DD] Cmd[05, 00] PayloadLen[0006] Payload[00 FE 00 00 00 1D]
12-27 12:22:53.182   991  1523 E CM_SPI  : MCU->MSM Type[01] Cat[05, 22] Cmd[02, 00] PayloadLen[000A] Payload[D9 9E 00 00 00 31 00 00 00 0B]
12-27 12:22:55.006   991  1523 E CM_SPI  : MCU->MSM Type[02] Cat[04, 00] Cmd[D1, 00] PayloadLen[0006] Payload[16 0C 1B 0C 16 38]
12-27 12:22:55.006  1550  1698 V FactoryImpl: onReceive MCU type[x2], cate[x4], subcate[x0], cmd[209], cmd2[x0]
12-27 12:22:55.006  1550  1698 V FactoryUtil: onReceive MCU param[x02][xD1][x00], bufSize[6:6]:[x16][x0C][x1B][x0C][x16][x38]...
12-27 12:22:55.006  1550  1689 V FactoryUtil: handleMessage FACTORY_IMPL_RES_FR_MCU_EDU param[x04][xD1][x00], bufSize[6:6]:[x16][x0C][x1B][x0C][x16][x38]...
12-27 12:22:55.006  1550  1689 V FactoryEdu: procEduResCommand cate[x04], subCate[x00], cmd[xD1], cmd2[x00]
12-27 12:22:55.006  1550  1689 V FactoryUtil: Res Buffer  bufSize[6]
12-27 12:22:55.006  1550  1689 V FactoryUtil: [x16][x0C][x1B][x0C][x16][x38]
12-27 12:22:55.006  1550  1689 V FactoryEdu: procEduResCommand cmd not define cate[x04], subCate[x00], cmd[xD1], cmd2[x00]
12-27 12:22:55.310   991  1523 E CM_SPI  : MCU->MSM Type[03] Cat[01, 00] Cmd[D0, 00] PayloadLen[0012] Payload[0D 19 00 07 08 53 00 00 00 01 00 01 00 01 00 01 00 01]
12-27 12:22:55.524   991  1523 E CM_SPI  : MSM->MCU Type[01] Cat[01, 00] Cmd[11, 00] PayloadLen[0000]
12-27 12:22:55.532   991  1523 E CM_SPI  : MCU->MSM Type[02] Cat[01, 00] Cmd[11, 00] PayloadLen[0000]
12-27 12:22:55.532  1550  1698 V FactoryImpl: onReceive MCU type[x2], cate[x1], subcate[x0], cmd[17], cmd2[x0]
12-27 12:22:55.532  1550  1698 V FactoryUtil: onReceive MCU param[x02][x11][x00], buf is NULL
12-27 12:22:55.532  1550  1689 V FactoryUtil: handleMessage FACTORY_IMPL_RES_FR_MCU_EDU param[x01][x11][x00], buf is NULL
12-27 12:22:55.532  1550  1689 V FactoryEdu: procEduResCommand cate[x01], subCate[x00], cmd[x11], cmd2[x00]
12-27 12:22:55.532  1550  1689 V FactoryUtil: Res Buffer  buf is NULL
12-27 12:22:55.532  1550  1689 V FactoryEdu: procEduResCommand cmd not define cate[x01], subCate[x00], cmd[x11], cmd2[x00]
12-27 12:22:55.561   987  1482 I LocationServer: droutput:lat:0.000000,lon:0.000000,alt:0.000000
12-27 12:22:55.981   991  1508 E CommunicationManagerService: KICK DOG(329)
12-27 12:22:56.468  1542  1680 I DiagReadDTCHandler: checkFaultSettingCondition[false] PM[0] Vol[12.030000] bubTemp [29]
12-27 12:22:57.656   977  1572 E SPIClient_can: CL-ISPI_CSPB_OSC
12-27 12:22:57.656   977  1572 E SPIClient_can: RCV CB Single(0), Group(0)
12-27 12:22:57.657   977  1668 E SPIClient_can: MSG_CAN_BUS_STATE
12-27 12:22:57.657   977  1668 E SPIClient_can: CB_2
12-27 12:22:57.759  1542  9170 I DiagManagerService: onWatchDog Kick
12-27 12:22:58.002  1539  9198 V DebugManagerServiceImpl: DEBUG_IMPL_KICK_DOG
12-27 12:22:58.161   993  1700 V CRH     : RX_TIME_TO_KICK_DOG
12-27 12:22:58.161   993  1506 V CANManagerService: perform HeartBeat()
12-27 12:22:58.163   993  1701 V CTH     : TXhandleMessage TX_TIME_TO_KICK_DOG
12-27 12:22:58.313   991  1523 E CM_SPI  : MCU->MSM Type[03] Cat[01, 00] Cmd[D0, 00] PayloadLen[0012] Payload[0D 18 00 08 08 53 00 00 00 01 00 01 00 01 00 01 00 02]
12-27 12:22:59.704   991  1523 E CM_SPI  : MCU->MSM Type[01] Cat[05, DD] Cmd[05, 00] PayloadLen[0006] Payload[00 FE 00 00 00 1E]
12-27 12:22:59.706  1542  1862 I DiagDataManager: Received new bub celsius 30
12-27 12:22:59.706  1542  1862 D Buffer  : start dump length[4]
12-27 12:22:59.706  1542  1862 D Buffer  : [0x00][0x00][0x00][0x1e]
12-27 12:22:59.706  1542  1862 I DiagDataManager: notifyCelsiusToRegiedServices notified to receiver index[0]
12-27 12:22:59.706  1542  1862 I BpDiagManagerReceiver: BP_onReceive
12-27 12:22:59.706  1542  1862 I DiagDataManager: notifyCelsiusToRegiedServices notified to receiver index[1]
12-27 12:22:59.706 26409 13827 I BpDiagManagerReceiver: TRANSACT_DIAG_ONRECEIVE cmd[221] cmd2[5]
12-27 12:22:59.706  1542  1862 I BpDiagManagerReceiver: BP_onReceive
12-27 12:22:59.707  1542  1862 I DiagDataManager: notifyCelsiusToRegiedServices notified to receiver index[2]
12-27 12:22:59.707  1542  1862 I BpDiagManagerReceiver: BP_onReceive
12-27 12:22:59.707  1863 12326 I BpDiagManagerReceiver: TRANSACT_DIAG_ONRECEIVE cmd[221] cmd2[5]
12-27 12:22:59.707  1536 13828 D AudioManagerService: bub_cel updated from Diag : payload = 0x1e bub_celsius(30)
12-27 12:22:59.707  1536 13828 I BpDiagManagerReceiver: TRANSACT_DIAG_ONRECEIVE cmd[221] cmd2[5]
12-27 12:23:01.309   991  1523 E CM_SPI  : MCU->MSM Type[03] Cat[01, 00] Cmd[D0, 00] PayloadLen[0012] Payload[0D 18 00 07 08 54 00 00 00 01 00 01 00 01 00 01 00 01]
12-27 12:23:02.666   977  1572 E SPIClient_can: CL-ISPI_CSPB_OSC
12-27 12:23:02.666   977  1572 E SPIClient_can: RCV CB Single(0), Group(0)
12-27 12:23:02.666   977  1668 E SPIClient_can: MSG_CAN_BUS_STATE
12-27 12:23:02.666   977  1668 E SPIClient_can: CB_2
12-27 12:23:03.177   991  1523 E CM_SPI  : MCU->MSM Type[01] Cat[05, 22] Cmd[02, 00] PayloadLen[000A] Payload[D9 9E 00 00 00 3B 00 00 00 01]
12-27 12:23:04.311   991  1523 E CM_SPI  : MCU->MSM Type[03] Cat[01, 00] Cmd[D0, 00] PayloadLen[0012] Payload[0D 18 00 08 08 54 00 00 00 01 00 01 00 01 00 01 00 01]
12-27 12:23:05.524   991  1523 E CM_SPI  : MSM->MCU Type[01] Cat[01, 00] Cmd[11, 00] PayloadLen[0000]
12-27 12:23:05.560   987  1482 I LocationServer: droutput:lat:0.000000,lon:0.000000,alt:0.000000
12-27 12:23:05.605   991  1523 E CM_SPI  : MCU->MSM Type[02] Cat[04, 00] Cmd[D1, 00] PayloadLen[0006] Payload[16 0C 1B 0C 17 07]
12-27 12:23:05.606  1550  1698 V FactoryImpl: onReceive MCU type[x2], cate[x4], subcate[x0], cmd[209], cmd2[x0]
12-27 12:23:05.606  1550  1698 V FactoryUtil: onReceive MCU param[x02][xD1][x00], bufSize[6:6]:[x16][x0C][x1B][x0C][x17][x07]...
12-27 12:23:05.606  1550  1689 V FactoryUtil: handleMessage FACTORY_IMPL_RES_FR_MCU_EDU param[x04][xD1][x00], bufSize[6:6]:[x16][x0C][x1B][x0C][x17][x07]...
12-27 12:23:05.606  1550  1689 V FactoryEdu: procEduResCommand cate[x04], subCate[x00], cmd[xD1], cmd2[x00]
12-27 12:23:05.606  1550  1689 V FactoryUtil: Res Buffer  bufSize[6]
12-27 12:23:05.606  1550  1689 V FactoryUtil: [x16][x0C][x1B][x0C][x17][x07]
12-27 12:23:05.606  1550  1689 V FactoryEdu: procEduResCommand cmd not define cate[x04], subCate[x00], cmd[xD1], cmd2[x00]
12-27 12:23:05.611   991  1523 E CM_SPI  : MCU->MSM Type[02] Cat[01, 00] Cmd[11, 00] PayloadLen[0000]
12-27 12:23:05.611  1550  1698 V FactoryImpl: onReceive MCU type[x2], cate[x1], subcate[x0], cmd[17], cmd2[x0]
12-27 12:23:05.611  1550  1698 V FactoryUtil: onReceive MCU param[x02][x11][x00], buf is NULL
12-27 12:23:05.611  1550  1689 V FactoryUtil: handleMessage FACTORY_IMPL_RES_FR_MCU_EDU param[x01][x11][x00], buf is NULL
12-27 12:23:05.611  1550  1689 V FactoryEdu: procEduResCommand cate[x01], subCate[x00], cmd[x11], cmd2[x00]
12-27 12:23:05.612  1550  1689 V FactoryUtil: Res Buffer  buf is NULL
12-27 12:23:05.612  1550  1689 V FactoryEdu: procEduResCommand cmd not define cate[x01], subCate[x00], cmd[x11], cmd2[x00]
12-27 12:23:05.981   991  1508 E CommunicationManagerService: KICK DOG(330)
12-27 12:23:06.308   991  1523 E CM_SPI  : MCU->MSM Type[01] Cat[05, DD] Cmd[05, 00] PayloadLen[0006] Payload[00 FE 00 00 00 1E]
12-27 12:23:06.469  1542  1680 I DiagReadDTCHandler: checkFaultSettingCondition[false] PM[0] Vol[12.030000] bubTemp [30]
12-27 12:23:06.707   991  1523 E CM_SPI  : MCU->MSM Type[01] Cat[35, 00] Cmd[02, 00] PayloadLen[0021] Payload[42 55 42 20 44 54 43 33 3A 20 4F 50 45 4E 3A 31 20 53 79 73 48 57 3D 45 30 20 43 3A 32 39 20 31 0A]
12-27 12:23:06.708  1529  1558 E MCU     : BUB DTC3: OPEN:1 SysHW=E0 C:29 1
12-27 12:23:07.307   991  1523 E CM_SPI  : MCU->MSM Type[03] Cat[01, 00] Cmd[D0, 00] PayloadLen[0012] Payload[0D 18 00 02 08 54 00 00 00 01 00 01 00 01 00 01 00 01]
12-27 12:23:07.676   977  1572 E SPIClient_can: CL-ISPI_CSPB_OSC
12-27 12:23:07.676   977  1572 E SPIClient_can: RCV CB Single(0), Group(0)
12-27 12:23:07.676   977  1668 E SPIClient_can: MSG_CAN_BUS_STATE
12-27 12:23:07.676   977  1668 E SPIClient_can: CB_2
12-27 12:23:07.759  1542 10342 I DiagManagerService: onWatchDog Kick
12-27 12:23:08.002  1539 10371 V DebugManagerServiceImpl: DEBUG_IMPL_KICK_DOG
12-27 12:23:08.161   993  1700 V CRH     : RX_TIME_TO_KICK_DOG
12-27 12:23:08.162   993  1506 V CANManagerService: perform HeartBeat()
12-27 12:23:08.162   993  1701 V CTH     : TXhandleMessage TX_TIME_TO_KICK_DOG
12-27 12:23:08.171  1647  1699 E NetworkManagerService: rmnet_data0 | inbps=0 inpps=0 outbps=0 outpps=0
12-27 12:23:08.172  1647  1699 E NetworkManagerService: rmnet_data1 | inbps=0 inpps=0 outbps=0 outpps=0
12-27 12:23:10.309   991  1523 E CM_SPI  : MCU->MSM Type[03] Cat[01, 00] Cmd[D0, 00] PayloadLen[0012] Payload[0D 18 00 04 08 54 00 00 00 01 00 01 00 01 00 01 00 01]
12-27 12:23:12.686   977  1572 E SPIClient_can: CL-ISPI_CSPB_OSC
12-27 12:23:12.686   977  1572 E SPIClient_can: RCV CB Single(0), Group(0)
12-27 12:23:12.686   977  1668 E SPIClient_can: MSG_CAN_BUS_STATE
12-27 12:23:12.686   977  1668 E SPIClient_can: CB_2
12-27 12:23:12.903   991  1523 E CM_SPI  : MCU->MSM Type[01] Cat[05, DD] Cmd[05, 00] PayloadLen[0006] Payload[00 FE 00 00 00 1E]
12-27 12:23:13.181   991  1523 E CM_SPI  : MCU->MSM Type[01] Cat[05, 22] Cmd[02, 00] PayloadLen[000A] Payload[D9 9E 00 00 00 05 00 00 00 37]
12-27 12:23:13.307   991  1523 E CM_SPI  : MCU->MSM Type[03] Cat[01, 00] Cmd[D0, 00] PayloadLen[0012] Payload[0D 1A 00 07 08 54 00 00 00 01 00 01 00 01 00 01 00 01]
12-27 12:23:15.527   991  1523 E CM_SPI  : MSM->MCU Type[01] Cat[01, 00] Cmd[11, 00] PayloadLen[0000]
12-27 12:23:15.540   991  1523 E CM_SPI  : MCU->MSM Type[02] Cat[01, 00] Cmd[11, 00] PayloadLen[0000]
12-27 12:23:15.540  1550  1698 V FactoryImpl: onReceive MCU type[x2], cate[x1], subcate[x0], cmd[17], cmd2[x0]
12-27 12:23:15.540  1550  1698 V FactoryUtil: onReceive MCU param[x02][x11][x00], buf is NULL
12-27 12:23:15.540  1550  1689 V FactoryUtil: handleMessage FACTORY_IMPL_RES_FR_MCU_EDU param[x01][x11][x00], buf is NULL
12-27 12:23:15.540  1550  1689 V FactoryEdu: procEduResCommand cate[x01], subCate[x00], cmd[x11], cmd2[x00]
12-27 12:23:15.540  1550  1689 V FactoryUtil: Res Buffer  buf is NULL
12-27 12:23:15.540  1550  1689 V FactoryEdu: procEduResCommand cmd not define cate[x01], subCate[x00], cmd[x11], cmd2[x00]
12-27 12:23:15.561   987  1482 I LocationServer: droutput:lat:0.000000,lon:0.000000,alt:0.000000
12-27 12:23:15.981   991  1508 E CommunicationManagerService: KICK DOG(331)
12-27 12:23:16.206   991  1523 E CM_SPI  : MCU->MSM Type[02] Cat[04, 00] Cmd[D1, 00] PayloadLen[0006] Payload[16 0C 1B 0C 17 11]
12-27 12:23:16.206  1550  1698 V FactoryImpl: onReceive MCU type[x2], cate[x4], subcate[x0], cmd[209], cmd2[x0]
12-27 12:23:16.206  1550  1698 V FactoryUtil: onReceive MCU param[x02][xD1][x00], bufSize[6:6]:[x16][x0C][x1B][x0C][x17][x11]...
12-27 12:23:16.206  1550  1689 V FactoryUtil: handleMessage FACTORY_IMPL_RES_FR_MCU_EDU param[x04][xD1][x00], bufSize[6:6]:[x16][x0C][x1B][x0C][x17][x11]...
12-27 12:23:16.206  1550  1689 V FactoryEdu: procEduResCommand cate[x04], subCate[x00], cmd[xD1], cmd2[x00]
12-27 12:23:16.206  1550  1689 V FactoryUtil: Res Buffer  bufSize[6]
12-27 12:23:16.206  1550  1689 V FactoryUtil: [x16][x0C][x1B][x0C][x17][x11]
12-27 12:23:16.206  1550  1689 V FactoryEdu: procEduResCommand cmd not define cate[x04], subCate[x00], cmd[xD1], cmd2[x00]
12-27 12:23:16.312   991  1523 E CM_SPI  : MCU->MSM Type[03] Cat[01, 00] Cmd[D0, 00] PayloadLen[0012] Payload[0D 18 00 09 08 55 00 00 00 01 00 01 00 01 00 01 00 01]
12-27 12:23:16.471  1542  1680 I DiagReadDTCHandler: checkFaultSettingCondition[false] PM[0] Vol[12.030000] bubTemp [30]
12-27 12:23:17.595  1750 11513 D PearlchainManager: storeLastLocation with success
12-27 12:23:17.696   977  1572 E SPIClient_can: CL-ISPI_CSPB_OSC
12-27 12:23:17.696   977  1572 E SPIClient_can: RCV CB Single(0), Group(0)
12-27 12:23:17.697   977  1668 E SPIClient_can: MSG_CAN_BUS_STATE
12-27 12:23:17.697   977  1668 E SPIClient_can: CB_2
12-27 12:23:17.759  1542 11535 I DiagManagerService: onWatchDog Kick
12-27 12:23:18.002  1539 11563 V DebugManagerServiceImpl: DEBUG_IMPL_KICK_DOG
12-27 12:23:18.161   993  1700 V CRH     : RX_TIME_TO_KICK_DOG
12-27 12:23:18.162   993  1506 V CANManagerService: perform HeartBeat()
12-27 12:23:18.164   993  1701 V CTH     : TXhandleMessage TX_TIME_TO_KICK_DOG
12-27 12:23:19.307   991  1523 E CM_SPI  : MCU->MSM Type[03] Cat[01, 00] Cmd[D0, 00] PayloadLen[0012] Payload[0D 19 00 09 08 55 00 00 00 01 00 01 00 01 00 01 00 01]
12-27 12:23:19.503   991  1523 E CM_SPI  : MCU->MSM Type[01] Cat[05, DD] Cmd[05, 00] PayloadLen[0006] Payload[00 FE 00 00 00 1E]
12-27 12:23:22.309   991  1523 E CM_SPI  : MCU->MSM Type[03] Cat[01, 00] Cmd[D0, 00] PayloadLen[0012] Payload[0D 17 00 0A 08 53 00 01 00 01 00 01 00 01 00 01 00 01]
12-27 12:23:22.706   977  1572 E SPIClient_can: CL-ISPI_CSPB_OSC
12-27 12:23:22.706   977  1572 E SPIClient_can: RCV CB Single(0), Group(0)
12-27 12:23:22.706   977  1668 E SPIClient_can: MSG_CAN_BUS_STATE
12-27 12:23:22.706   977  1668 E SPIClient_can: CB_2
12-27 12:23:23.192   991  1523 E CM_SPI  : MCU->MSM Type[01] Cat[05, 22] Cmd[02, 00] PayloadLen[000A] Payload[D9 9E 00 00 00 0F 00 00 00 2D]
12-27 12:23:25.309   991  1523 E CM_SPI  : MCU->MSM Type[03] Cat[01, 00] Cmd[D0, 00] PayloadLen[0012] Payload[0D 19 00 09 08 54 00 00 00 01 00 01 00 01 00 01 00 01]
12-27 12:23:25.528   991  1523 E CM_SPI  : MSM->MCU Type[01] Cat[01, 00] Cmd[11, 00] PayloadLen[0000]
12-27 12:23:25.549   991  1523 E CM_SPI  : MCU->MSM Type[02] Cat[01, 00] Cmd[11, 00] PayloadLen[0000]
12-27 12:23:25.559  1550  1698 V FactoryImpl: onReceive MCU type[x2], cate[x1], subcate[x0], cmd[17], cmd2[x0]
