07-01 02:48:33.822   977  1452 I CSE_ConfigDb: read_data_db[lcf_table_remote] : key:0x4ffc644c value:86400 status:0 CseEr_GetErrorCode:0 sql_status:0 token:610
07-01 02:48:33.822   977  1817 I ConfigDbClient: == wait for ReqKey:0x4ffc644c, Req token[610]
07-01 02:48:33.822   977  1817 I ConfigDbClient: ==> [Req:Resp] table[lcf_table_remote] key[0x4ffc644c:0x4ffc644c], value[86400], token[610:610]
07-01 02:48:33.822   975  1674 E SPIClient_can: CL-[CQ]685_0_50_0.000000
07-01 02:48:33.823   978  1609 I <VSM>VehicleStatusManagerService: Query kvDB (PwmInitialReceiveTime)[lcf_table_remote:0x4ffc644c] success. value(86400)
07-01 02:48:33.823  1620  1653 I PowerModeTimer: readPowerTimerConfigValue : item PwmInitialReceiveTime, val : 86400
07-01 02:48:33.823  1620  1653 V PowerModeTimer: resetTimerValue :id - 0, timer - 86400
07-01 02:48:33.823  1620  1653 V PowerModeTimer: resetTimerValue :PwmInitialReceiveTime - 86400000
07-01 02:48:33.823   977  1817 I ConfigDbClient: ReadKv, Key:0x4f981e4c, token[611]
07-01 02:48:33.823   977  1817 I CSE_ConfigDb: received msg from teleVM:3 0x4f981e4c, token:611
07-01 02:48:33.823   977  1452 I CSE_ConfigDb: CONFIGDB_CB_CMD_READ_KV
07-01 02:48:33.824   975  1674 E SPIClient_can: CL-[CQ]686_0_60_0.000000
07-01 02:48:33.826  1895  1933 I RVC_timer: stopTimerId  timerId:4 
07-01 02:48:33.826  1895  1933 E APP     : RVC] stopTimerId  timerId:4 
07-01 02:48:33.826  1895  1933 I RVC_timer: stopTimerId  timerId:24 
07-01 02:48:33.826  1895  1933 E APP     : RVC] stopTimerId  timerId:24 
07-01 02:48:33.826  1895  1933 D RVC     : saveProperty_FuelLevelIndicated fuelLevelIndicated:30
07-01 02:48:33.826  1895  1933 I RVC_timer: stopTimerId  timerId:20 
07-01 02:48:33.826  1895  1933 E APP     : RVC] stopTimerId  timerId:20 
07-01 02:48:33.826  1895  1933 W RVC     : setStateToSota_RES already set 0x0 
07-01 02:48:33.826  1895  1933 E APP     : RVC] setStateToSota_RES already set 0x0 
07-01 02:48:33.826   977  1452 I CSE_ConfigDb: read_data_db[lcf_table_remote] : key:0x4f981e4c value:60 status:0 CseEr_GetErrorCode:0 sql_status:0 token:611
07-01 02:48:33.826  1620  1892 V PowerManagerImpl: getCurrentPowerMode : 0
07-01 02:48:33.826   977  1817 I ConfigDbClient: == wait for ReqKey:0x4f981e4c, Req token[611]
07-01 02:48:33.826   977  1817 I ConfigDbClient: ==> [Req:Resp] table[lcf_table_remote] key[0x4f981e4c:0x4f981e4c], value[60], token[611:611]
07-01 02:48:33.827   978  1608 I <VSM>VehicleStatusManagerService: Query kvDB (EngineBlockIgnTimeS)[lcf_table_remote:0x4f981e4c] success. value(60)
07-01 02:48:33.827  1895  1933 D RVC     : RemoteService_getPowerMode():0
07-01 02:48:33.827  1895  1933 D RVC     : save property:RemoteClimateActiveStatus value:10
07-01 02:48:33.827  1622  1666 E SOTA    : duration:60
07-01 02:48:33.827   977  1817 I ConfigDbClient: ReadKv, Key:0x4f981e3d, token[612]
07-01 02:48:33.827   977  1817 I CSE_ConfigDb: received msg from teleVM:3 0x4f981e3d, token:612
07-01 02:48:33.827   975  1674 E SPIClient_can: CL-[CQ]687_0_13_0.000000
07-01 02:48:33.828   977  1452 I CSE_ConfigDb: CONFIGDB_CB_CMD_READ_KV
07-01 02:48:33.828   987  1604 E CM_SPI  : MCU->MSM Type[02] Cat[05, 14] Cmd[01, 00] PayloadLen[0000]
07-01 02:48:33.830   977  1452 I CSE_ConfigDb: read_data_db[lcf_table_remote] : key:0x4f981e3d value:0 status:0 CseEr_GetErrorCode:0 sql_status:0 token:612
07-01 02:48:33.830   977  1817 I ConfigDbClient: == wait for ReqKey:0x4f981e3d, Req token[612]
07-01 02:48:33.830   977  1817 I ConfigDbClient: ==> [Req:Resp] table[lcf_table_remote] key[0x4f981e3d:0x4f981e3d], value[0], token[612:612]
07-01 02:48:33.831   978  1958 I <VSM>VehicleStatusManagerService: Query kvDB (RdEngineOffTimer)[lcf_table_remote:0x4f981e3d] success. value(0)
07-01 02:48:33.831  1896  1929 D RVM_Cfg : [getRdEngineOffTimer:489] RVM_Config::getRdEngineOffTimer RdEngineOffTimer = 0 
07-01 02:48:33.831  1896  1929 D RVM_Main: [powerModeStatus:4342] send to RVSUpdateMessage after 0 sec
07-01 02:48:33.831  1896  1929 V RVM_Event: [requestTcuStatus:1727] requestTcuStatus() -> exccept audio
07-01 02:48:33.831   977  1817 I ConfigDbClient: ReadKv, Key:0x52f362e3, token[613]
07-01 02:48:33.831   977  1817 I CSE_ConfigDb: received msg from teleVM:3 0x52f362e3, token:613
07-01 02:48:33.831   977  1452 I CSE_ConfigDb: CONFIGDB_CB_CMD_READ_KV
07-01 02:48:33.831  1896  1929 I IDiagManagerService: requestTcuStatusExceptAudio
07-01 02:48:33.832  1621  2131 I DiagHandler: OP_REQUEST_TCUSTATUS_EXCEPT_AUDIO
07-01 02:48:33.832  1621  2131 E DIAG    : requestTcuStatus without audio requestID 3, exceptAudio 1
07-01 02:48:33.832  1621  2131 I DiagReadDTCInfo: requestDTCResult ERROR: itemIndex is[11] not a match erroCode 0xffffffff
07-01 02:48:33.833  1714  1714 E DIAG    : (cycle) fit(0), antenna(3), adc(9000000), fault_cnt(0), dtc(254), cond(1)
07-01 02:48:33.833  1621  2131 I DiagReadDTCInfo: requestDTCResultWifi result[254], adc[9000000], fault_cnt[0], ret[0]
07-01 02:48:33.833  1621  2131 I DiagReadDTCInfo: requestDTCResult( ), index 12, dtcResult[0xfe]
07-01 02:48:33.833  1621  2131 E DiagDataManager: checkAndSetTcuStatusItem, Parameter error index[12], refResult[0xfe]
07-01 02:48:33.833   987  1604 E CM_SPI  : MSM->MCU Type[01] Cat[05, 19] Cmd[02, 00] PayloadLen[0000]
07-01 02:48:33.833  1714  1714 E DIAG    : (cycle) fit(0), antenna(0), adc(9000000), fault_cnt(0), dtc(254), cond(1)
07-01 02:48:33.833   975  1674 E SPIClient_can: CL-[CQ]688_0_13_0.000000
07-01 02:48:33.833  1621  2131 I DiagReadDTCInfo: requestDTCResultAntennaMain result[254], adc[9000000], fault_cnt[0]
07-01 02:48:33.833  1621  2131 I DiagReadDTCInfo: requestDTCResultAntennaMain dtcResult 254
07-01 02:48:33.833  1621  2131 I DiagReadDTCInfo: requestDTCResult( ), index 13, dtcResult[0xfe]
07-01 02:48:33.834  1714  1714 E DIAG    : (cycle) fit(0), antenna(1), adc(9000000), fault_cnt(0), dtc(254), cond(1)
07-01 02:48:33.835  1621  2131 I DiagReadDTCInfo: requestDTCResultAntennaDiv result[254], adc[9000000], fault_cnt[0]
07-01 02:48:33.835  1621  2131 I DiagReadDTCInfo: requestDTCResult( ), index 14, dtcResult[0xfe]
07-01 02:48:33.835   977  1452 I CSE_ConfigDb: read_data_db[lcf_table_remote] : key:0x52f362e3 value:86400 status:0 CseEr_GetErrorCode:0 sql_status:0 token:613
07-01 02:48:33.835   977  1817 I ConfigDbClient: == wait for ReqKey:0x52f362e3, Req token[613]
07-01 02:48:33.835   977  1817 I ConfigDbClient: ==> [Req:Resp] table[lcf_table_remote] key[0x52f362e3:0x52f362e3], value[86400], token[613:613]
07-01 02:48:33.835   978  1608 I <VSM>VehicleStatusManagerService: Query kvDB (PwmInitialReceiveTimeHolidayMode)[lcf_table_remote:0x52f362e3] success. value(86400)
07-01 02:48:33.835  1620  1653 I PowerModeTimer: readPowerTimerConfigValue : item PwmInitialReceiveTimeHolidayMode, val : 86400
07-01 02:48:33.835   975  1674 E SPIClient_can: CL-[CQ]689_0_2255_0.000000
07-01 02:48:33.835  1620  1653 V PowerModeTimer: resetTimerValue :id - 1, timer - 86400
07-01 02:48:33.835  1620  1653 V PowerModeTimer: resetTimerValue :PwmInitialReceiveTimeHolidayMode - 86400000
07-01 02:48:33.837   977  1817 I ConfigDbClient: ReadKv, Key:0x505c6dc5, token[614]
07-01 02:48:33.837  1714  1714 E DIAG    : (cycle) fit(0), antenna(2), adc(9000000), fault_cnt(0), dtc(254), cond(1)
07-01 02:48:33.837   977  1817 I CSE_ConfigDb: received msg from teleVM:3 0x505c6dc5, token:614
07-01 02:48:33.838   977  1452 I CSE_ConfigDb: CONFIGDB_CB_CMD_READ_KV
07-01 02:48:33.838  1621  2131 I DiagReadDTCInfo: requestDTCResultAntennaGnss result[254], adc[9000000], fault_cnt[0]
07-01 02:48:33.838  1621  2131 I DiagReadDTCInfo: requestDTCResult( ), index 15, dtcResult[0xfe]
07-01 02:48:33.838  1621  2131 I DiagReadDTCInfo: requestDTCResultSimCard dtcResultTemp[fe] dtcResult[fe]
07-01 02:48:33.838  1621  2131 I DiagReadDTCInfo: requestDTCResult( ), index 16, dtcResult[0xfe]
07-01 02:48:33.839  1621  2131 I DiagReadDTCInfo: requestDTCResult ERROR: itemIndex is[17] not a match erroCode 0xffffffff
07-01 02:48:33.839  1621  2131 E DiagDataManager: checkAndSetTcuStatusItem, Parameter error index[17], refResult[0xfe]
07-01 02:48:33.839  1621  2131 I DiagReadDTCInfo: requestDTCResult ERROR: itemIndex is[18] not a match erroCode 0xffffffff
07-01 02:48:33.839  1621  2131 E DiagDataManager: checkAndSetTcuStatusItem, Parameter error index[18], refResult[0xfe]
07-01 02:48:33.839  1621  2131 I DiagReadDTCInfo: requestDTCResult( ), index 19, dtcResult[0x0]
07-01 02:48:33.839  1621  2131 I DiagReadDTCInfo: requestDTCResult( ), index 20, dtcResult[0x0]
07-01 02:48:33.839  1621  2131 E DiagDataManager: checkAndSetTcuStatusItem, Parameter error index[20], refResult[0x 0]
07-01 02:48:33.839  1621  2131 I DiagReadDTCInfo: requestDTCResultGsmGprsUnit DTC Result 254
07-01 02:48:33.839  1621  2131 I DiagReadDTCInfo: requestDTCResult( ), index 21, dtcResult[0xfe]
07-01 02:48:33.839  1621  1889 I DiagReceiverHandler: handleMessage GSM_GPRS_DTC faultType 0xfe, faultCount 0
07-01 02:48:33.839  1621  1889 E DiagService: notifyDtcResult dtcItemIndex 21, dtcResult 0xfe, faultCount 0
07-01 02:48:33.839  1621  1889 I DiagReadDTCInfo: receiveDTCResult dtcItemIndex 21, dtcResult 0xfe, faultCount 0
07-01 02:48:33.840   975  1674 E SPIClient_can: CL-[CQ]692_0_2255_0.000000
07-01 02:48:33.840   977  1452 I CSE_ConfigDb: read_data_db[lcf_table_remote] : key:0x505c6dc5 value:0 status:0 CseEr_GetErrorCode:0 sql_status:0 token:614
07-01 02:48:33.840   977  1817 I ConfigDbClient: == wait for ReqKey:0x505c6dc5, Req token[614]
07-01 02:48:33.840   977  1817 I ConfigDbClient: ==> [Req:Resp] table[lcf_table_remote] key[0x505c6dc5:0x505c6dc5], value[0], token[614:614]
07-01 02:48:33.840  1621  2131 E DIAG    : requestDTCResultControlModule dtcResult is default(0xFF), so it is replaced with the undefine(0xFE)
07-01 02:48:33.840  1621  2131 I DiagReadDTCInfo: requestDTCResult( ), index 22, dtcResult[0xfe]
07-01 02:48:33.840  1621  2131 I DiagReadDTCInfo: requestDTCResult( ), index 23, dtcResult[0xff]
07-01 02:48:33.840  1621  2131 E DiagDataManager: checkAndSetTcuStatusItem, Parameter error index[23], refResult[0xfe]
07-01 02:48:33.840   978  1608 I <VSM>VehicleStatusManagerService: Query kvDB (PwmInitialReceiveTimeUnprovisioned)[lcf_table_remote:0x505c6dc5] success. value(0)
07-01 02:48:33.840  1620  1653 I PowerModeTimer: readPowerTimerConfigValue : item PwmInitialReceiveTimeUnprovisioned, val : 0
07-01 02:48:33.840  1620  1653 V PowerModeTimer: resetTimerValue :id - 2, timer - 0
07-01 02:48:33.840  1620  1653 V PowerModeTimer: resetTimerValue :PwmInitialReceiveTimeUnprovisioned - 0
07-01 02:48:33.840  1628  1658 I OperationModeManagerImpl: getCurrentOperationMode: return current mode: :4
07-01 02:48:33.840  1621  1707 I DiagReadDTCHandler: checkFaultSettingCondition[false] PM[0] Vol[11.920000] bubTemp [35]
07-01 02:48:33.840  1621  2131 I DiagReadDTCInfo: operation mode [4]
07-01 02:48:33.840  1621  2131 I DiagReadDTCInfo: checkActivationStatus activation value is [ 6]
07-01 02:48:33.841   977  1817 I ConfigDbClient: ReadKv, Key:0x4f981e3d, token[615]
07-01 02:48:33.841   977  1817 I CSE_ConfigDb: received msg from teleVM:3 0x4f981e3d, token:615
07-01 02:48:33.841   977  1452 I CSE_ConfigDb: CONFIGDB_CB_CMD_READ_KV
07-01 02:48:33.847   975  1674 E SPIClient_can: CL-[CQ]696_0_2255_0.000000
07-01 02:48:33.847   977  1452 I CSE_ConfigDb: read_data_db[lcf_table_remote] : key:0x4f981e3d value:0 status:0 CseEr_GetErrorCode:0 sql_status:0 token:615
07-01 02:48:33.847   977  1817 I ConfigDbClient: == wait for ReqKey:0x4f981e3d, Req token[615]
07-01 02:48:33.847   977  1817 I ConfigDbClient: ==> [Req:Resp] table[lcf_table_remote] key[0x4f981e3d:0x4f981e3d], value[0], token[615:615]
07-01 02:48:33.848  1710  1754 E CRH     : Rx_696_0
07-01 02:48:33.849   978  1608 I <VSM>VehicleStatusManagerService: Query kvDB (RdEngineOffTimer)[lcf_table_remote:0x4f981e3d] success. value(0)
07-01 02:48:33.849  1896  1929 D RVM_Cfg : [getRdEngineOffTimer:489] RVM_Config::getRdEngineOffTimer RdEngineOffTimer = 0 
07-01 02:48:33.851   975  1674 E SPIClient_can: CL-[CQ]704_0_2255_0.000000
07-01 02:48:33.851   977  1817 I ConfigDbClient: ReadKv, Key:0x00000088, token[616]
07-01 02:48:33.851   977  1817 I CSE_ConfigDb: received msg from teleVM:3 0x00000088, token:616
07-01 02:48:33.851   977  1452 I CSE_ConfigDb: CONFIGDB_CB_CMD_READ_KV
07-01 02:48:33.852   987  1604 E CM_SPI  : MCU->MSM Type[02] Cat[05, 19] Cmd[02, 00] PayloadLen[0018] Payload[91 7A FE 00 05 60 00 00 E1 09 FE 00 91 6D FE 00 91 6E FE 00 90 A2 FE 00]
07-01 02:48:33.852  1621  1889 E DiagService: notifyDtcResult dtcItemIndex 1, dtcResult 0xfe, faultCount 0
07-01 02:48:33.852  1621  1889 I DiagReadDTCInfo: receiveDTCResult dtcItemIndex 1, dtcResult 0xfe, faultCount 0
07-01 02:48:33.852  1621  1889 E DiagService: notifyDtcResult dtcItemIndex 2, dtcResult 0x0, faultCount 0
07-01 02:48:33.852  1621  1889 I DiagReadDTCInfo: receiveDTCResult dtcItemIndex 2, dtcResult 0x0, faultCount 0
07-01 02:48:33.853  1621  1889 E DiagService: notifyDtcResult dtcItemIndex 3, dtcResult 0xfe, faultCount 0
07-01 02:48:33.853  1621  1889 I DiagReadDTCInfo: receiveDTCResult dtcItemIndex 3, dtcResult 0xfe, faultCount 0
07-01 02:48:33.853  1621  1889 E DiagService: notifyDtcResult dtcItemIndex 4, dtcResult 0xfe, faultCount 0
07-01 02:48:33.853  1621  1889 I DiagReadDTCInfo: receiveDTCResult dtcItemIndex 4, dtcResult 0xfe, faultCount 0
07-01 02:48:33.853  1621  1889 E DiagService: notifyDtcResult dtcItemIndex 0, dtcResult 0xfe, faultCount 0
07-01 02:48:33.853  1621  1889 I DiagReadDTCInfo: receiveDTCResult dtcItemIndex 0, dtcResult 0xfe, faultCount 0
07-01 02:48:33.853  1621  1889 E DiagService: notifyDtcResult dtcItemIndex 6, dtcResult 0xfe, faultCount 0
07-01 02:48:33.853  1621  1889 I DiagReadDTCInfo: receiveDTCResult dtcItemIndex 6, dtcResult 0xfe, faultCount 0
07-01 02:48:33.854  1710  1754 E CRH     : Rx_704_0
07-01 02:48:33.854  1665  1665 E NetworkManagerService: onReceived() : CAN signal=704, value=0
07-01 02:48:33.854  1665  1680 E NetworkManagerService: detectCAN(704)
07-01 02:48:33.854  1710  1769 V CANManagerService: getCANData() : index(704) / value(0)
07-01 02:48:33.854  1665  1680 E NetworkManagerService: RemoteStartStatus=0
07-01 02:48:33.855  1895  1933 I RVC_rcvMsg: receiveMessage_Can RemoteStartStatusMS(704) : 0 (0, 0)
07-01 02:48:33.855  1895  1933 E APP     : RVC] receiveMessage_Can RemoteStartStatusMS(704) : 0 (0, 0)
07-01 02:48:33.856  1620  1892 V PowerManagerImpl: getCurrentPowerMode : 0
07-01 02:48:33.856  1895  1933 D RVC     : RemoteService_getPowerMode():0
07-01 02:48:33.856  1895  1933 V RVC_rcvMsg: rcvMCU_remoteStartStatusMSRX sigVal:0 PM:0 RemoteStartStatus:1 
07-01 02:48:33.856  1620  1892 V PowerManagerImpl: getCurrentPowerMode : 0
07-01 02:48:33.856  1894  1950 V RPA_Application: [rcvMessageFromCAN:433] VS_CAN_REMOTESTARTSTATUSMS_IDX (1->0) 
07-01 02:48:33.856  1895  1933 D RVC     : RemoteService_getPowerMode():0
07-01 02:48:33.856  1895  1933 W RVC     : setStateToSota_RES already set 0x0 
07-01 02:48:33.856  1895  1933 E APP     : RVC] setStateToSota_RES already set 0x0 
07-01 02:48:33.856  1896  1896 V RVM_App : CAN updated [RemoteStartStatusMS] [0]
07-01 02:48:33.856  1620  1892 V PowerManagerImpl: getCurrentPowerMode : 0
07-01 02:48:33.856  1895  1933 D RVC     : RemoteService_getPowerMode():0
07-01 02:48:33.856  1895  1933 D RVC     : save property:RemoteClimateActiveStatus value:0
07-01 02:48:33.858   977  1452 I CSE_ConfigDb: read_data_db[lcf_table_remote] : key:0x00000088 value:7 status:0 CseEr_GetErrorCode:0 sql_status:0 token:616
07-01 02:48:33.858   977  1817 I ConfigDbClient: == wait for ReqKey:0x00000088, Req token[616]
07-01 02:48:33.858   977  1817 I ConfigDbClient: ==> [Req:Resp] table[lcf_table_remote] key[0x00000088:0x00000088], value[7], token[616:616]
07-01 02:48:33.858   978  1608 I <VSM>VehicleStatusManagerService: Query kvDB (RdVehicleAlertPM)[lcf_table_remote:0x00000088] success. value(7)
07-01 02:48:33.858   975  1674 E SPIClient_can: CL-[CQ]705_0_2255_0.000000
07-01 02:48:33.859  1710  1754 E CRH     : Rx_705_0
07-01 02:48:33.859   977  1817 I ConfigDbClient: ReadKv, Key:0x52f3697d, token[617]
07-01 02:48:33.859   977  1817 I CSE_ConfigDb: received msg from teleVM:3 0x52f3697d, token:617
07-01 02:48:33.859   977  1452 I CSE_ConfigDb: CONFIGDB_CB_CMD_READ_KV
07-01 02:48:33.862   975  1674 E SPIClient_can: CL-[CQ]706_0_2255_0.000000
07-01 02:48:33.862  1710  1754 E CRH     : Rx_706_0
07-01 02:48:33.864   977  1452 I CSE_ConfigDb: read_data_db[lcf_table_remote] : key:0x52f3697d value:86400 status:0 CseEr_GetErrorCode:0 sql_status:0 token:617
07-01 02:48:33.864   977  1817 I ConfigDbClient: == wait for ReqKey:0x52f3697d, Req token[617]
07-01 02:48:33.864   977  1817 I ConfigDbClient: ==> [Req:Resp] table[lcf_table_remote] key[0x52f3697d:0x52f3697d], value[86400], token[617:617]
07-01 02:48:33.866   978  1608 I <VSM>VehicleStatusManagerService: Query kvDB (PwmInitialReceiveTime2)[lcf_table_remote:0x52f3697d] success. value(86400)
07-01 02:48:33.866  1620  1653 I PowerModeTimer: readPowerTimerConfigValue : item PwmInitialReceiveTime2, val : 86400
07-01 02:48:33.866  1620  1653 V PowerModeTimer: resetTimerValue :id - 3, timer - 86400
07-01 02:48:33.866  1620  1653 V PowerModeTimer: resetTimerValue :PwmInitialReceiveTime2 - 86400000
07-01 02:48:33.868   977  1817 I ConfigDbClient: ReadKv, Key:0x00000088, token[618]
07-01 02:48:33.868   977  1817 I CSE_ConfigDb: received msg from teleVM:3 0x00000088, token:618
07-01 02:48:33.868   977  1452 I CSE_ConfigDb: CONFIGDB_CB_CMD_READ_KV
07-01 02:48:33.869   977  1452 I CSE_ConfigDb: read_data_db[lcf_table_remote] : key:0x00000088 value:7 status:0 CseEr_GetErrorCode:0 sql_status:0 token:618
07-01 02:48:33.870   975  1674 E SPIClient_can: CL-[CQ]707_0_2255_0.000000
07-01 02:48:33.871  1710  1754 E CRH     : Rx_707_0
07-01 02:48:33.871   988  1574 I DeadReckoning_Trimble: write_nvram:Store NVRam tLLH--- hip:272636928
07-01 02:48:33.871   988  1574 I DeadReckoning: save_last_output
07-01 02:48:33.872   977  1817 I ConfigDbClient: == wait for ReqKey:0x00000088, Req token[618]
07-01 02:48:33.872   977  1817 I ConfigDbClient: ==> [Req:Resp] table[lcf_table_remote] key[0x00000088:0x00000088], value[7], token[618:618]
07-01 02:48:33.872   975  1674 E SPIClient_can: CL-[CQ]708_0_2255_0.000000
07-01 02:48:33.872   978  1958 I <VSM>VehicleStatusManagerService: Query kvDB (RdVehicleAlertPM)[lcf_table_remote:0x00000088] success. value(7)
07-01 02:48:33.873  1896  1929 D RVM_Main: [handleMessage:67] MESSAGE_ENGINE_STOP_RVSUPDATE is handled...
07-01 02:48:33.873  1896  1929 V RVM_Main: [handleMessage:73] current PowerMode is Stop, Send RVSUPdateMessage
07-01 02:48:33.873  1710  1754 E CRH     : Rx_708_0
07-01 02:48:33.873  1896  1929 V RVM_App : [getLocationData:932] getLocationData
07-01 02:48:33.873   977  1817 I ConfigDbClient: ReadKv, Key:0x52f362e4, token[619]
07-01 02:48:33.873   977  1817 I CSE_ConfigDb: received msg from teleVM:3 0x52f362e4, token:619
07-01 02:48:33.873   977  1452 I CSE_ConfigDb: CONFIGDB_CB_CMD_READ_KV
07-01 02:48:33.876   975  1674 E SPIClient_can: CL-[CQ]709_0_2255_0.000000
07-01 02:48:33.876  1710  1754 E CRH     : Rx_709_0
07-01 02:48:33.878   977  1452 I CSE_ConfigDb: read_data_db[lcf_table_remote] : key:0x52f362e4 value:0 status:0 CseEr_GetErrorCode:0 sql_status:0 token:619
07-01 02:48:33.878  1753  9286 V Location:ServiceStub: getLoastLocationData
07-01 02:48:33.879  1896  1929 E APP     : [getLocationData] LocationData is unAvailable
07-01 02:48:33.879  1896  1929 D RVM_LM  : [getLocationData:106] LocationData is unAvailable
07-01 02:48:33.926   977  1452 I CSE_ConfigDb: read_data_db[telematics_common_table] : key:config_version value:0 status:0 CseEr_GetErrorCode:0 sql_status:0 token:621
07-01 02:48:33.928   977  1817 I ConfigDbClient: == wait for ReqKey:config_version, Req token[621]
07-01 02:48:33.928   977  1817 I ConfigDbClient: ==> [Req:Resp] table[telematics_common_table] key[config_version:config_version], value[0], token[621:621]
07-01 02:48:33.928   978  1608 I <VSM>VehicleStatusManagerService: Query kvDB (config_version)[telematics_common_table:config_version] success. value(0)
07-01 02:48:33.929   977  1817 I ConfigDbClient: ReadKv, Key:0x4ffc6472, token[622]
07-01 02:48:33.929   977  1817 I CSE_ConfigDb: received msg from teleVM:3 0x4ffc6472, token:622
07-01 02:48:33.929   977  1452 I CSE_ConfigDb: CONFIGDB_CB_CMD_READ_KV
07-01 02:48:33.929  1896 17923 V RVM_Event: [getTcuStatus:1770] tcuStatus(power:0,speaker:1,mic:1,gsmExtAntenna:1,gnssAntenna:1,extPower:2,intPower:1,can:2,button:1,crashInput:1)
07-01 02:48:33.929  1896 17923 V RVM_Event: [getTcuStatus:1772] tcuStatus(intRtc:1,gsmModem:2,primaryChargePercentage:0,primaryBatteryVoltage:0,secondaryChargePercentage: 0,secondaryBatteryVoltage:0
07-01 02:48:33.929  1896 17923 V RVM_Event: [getTcuStatus:1774] tcuStatus(configVersion:0,activation:6,sleepCyclesStarttime:499549692,mobilePhoneConnected:0,vehicleBatteryVol:119
07-01 02:48:33.978   975  1674 E SPIClient_can: CL-[CQ]830_0_90_0.000000
07-01 02:48:34.001   975  1674 E SPIClient_can: CL-[CQ]831_0_90_0.000000
07-01 02:48:34.009   987  1604 E CM_SPI  : MCU->MSM Type[01] Cat[05, 19] Cmd[01, 00] PayloadLen[0004] Payload[90 A2 FE 00]
07-01 02:48:34.009   975  1674 E SPIClient_can: CL-[CQ]832_0_90_0.000000
07-01 02:48:34.027   977  1513 I ConfigDbClient: == wait for ReqKey:0x52f363b4, Req token[631]
07-01 02:48:34.027   977  1513 I ConfigDbClient: ==> [Req:Resp] table[lcf_table_remote] key[0x52f363b4:0x52f363b4], value[14280], token[631:631]
07-01 02:48:34.029   977  1513 I ConfigDbClient: ReadKv, Key:mdf_5B57, token[632]
07-01 02:48:34.029   978  1608 I <VSM>VehicleStatusManagerService: Query kvDB (PwmSleepTimeHolidayMode)[lcf_table_remote:0x52f363b4] success. value(14280)
07-01 02:48:34.029   977  1452 I CSE_ConfigDb: CONFIGDB_CB_CMD_READ_KV
07-01 02:48:34.033   977  1452 I CSE_ConfigDb: read_data_db[car_config_data] : key:mdf_5B57 value:0 status:0 CseEr_GetErrorCode:0 sql_status:0 token:632
07-01 02:48:34.033   977  1513 I ConfigDbClient: == wait for ReqKey:mdf_5B57, Req token[632]
07-01 02:48:34.035   975  1674 E SPIClient_can: CL-[CQ]858_0_0_0.000000
07-01 02:48:34.037   977  1452 I CSE_ConfigDb: read_data_db[lcf_table_remote] : key:0x505c6df4 value:0 status:0 CseEr_GetErrorCode:0 sql_status:0 token:633
07-01 02:48:34.043   975  1674 E SPIClient_can: CL-[CQ]860_0_0_0.000000
07-01 02:48:34.046   977  1452 I CSE_ConfigDb: read_data_db[car_config_data] : key:mdf_5247 value:0 status:0 CseEr_GetErrorCode:0 sql_status:0 token:634
07-01 02:48:34.046   975  1674 E SPIClient_can: CL-[CQ]861_0_0_0.000000
07-01 02:48:34.061   977  1452 I CSE_ConfigDb: read_data_db[car_config_data] : key:mdf_5247 value:0 status:0 CseEr_GetErrorCode:0 sql_status:0 token:636
07-01 02:48:34.061   977  1513 I ConfigDbClient: == wait for ReqKey:mdf_5247, Req token[636]
07-01 02:48:34.061   977  1513 I ConfigDbClient: ==> [Req:Resp] table[car_config_data] key[mdf_5247:mdf_5247], value[0], token[636:636]
07-01 02:48:34.061   978  1609 I <VSM>VehicleStatusManagerService: Query kvDB (ConvenienceFold)[car_config_data:mdf_5247] success. value(0)
07-01 02:48:34.061   977  1513 I ConfigDbClient: ReadKv, Key:0x52f363a5, token[637]
07-01 02:48:34.061   977  1513 I CSE_ConfigDb: received msg from teleVM:3 0x52f363a5, token:637
07-01 02:48:34.061   977  1452 I CSE_ConfigDb: CONFIGDB_CB_CMD_READ_KV
07-01 02:48:34.068   977  1452 I CSE_ConfigDb: read_data_db[lcf_table_remote] : key:0x52f363a5 value:120 status:0 CseEr_GetErrorCode:0 sql_status:0 token:637
07-01 02:48:34.068   977  1513 I ConfigDbClient: == wait for ReqKey:0x52f363a5, Req token[637]
07-01 02:48:34.068   977  1513 I ConfigDbClient: ==> [Req:Resp] table[lcf_table_remote] key[0x52f363a5:0x52f363a5], value[120], token[637:637]
07-01 02:48:34.068   978  1608 I <VSM>VehicleStatusManagerService: Query kvDB (PwmReceiveTimeHolidayMode)[lcf_table_remote:0x52f363a5] success. value(120)
07-01 02:48:34.068   975  1674 E SPIClient_can: CL-[CQ]863_0_0_0.000000
07-01 02:48:34.071  1620  1653 I PowerModeTimer: readPowerTimerConfigValue : item PwmReceiveTimeHolidayMode, val : 120
07-01 02:48:34.071  1620  1653 V PowerModeTimer: resetTimerValue :id - 13, timer - 120
07-01 02:48:34.071  1620  1653 V PowerModeTimer: resetTimerValue :PwmReceiveTimeHolidayMode - 120000
07-01 02:48:34.072   977  1513 I ConfigDbClient: ReadKv, Key:mdf_0177, token[638]
07-01 02:48:34.072   977  1513 I CSE_ConfigDb: received msg from teleVM:3 mdf_0177, token:638
07-01 02:48:34.072   977  1452 I CSE_ConfigDb: CONFIGDB_CB_CMD_READ_KV
07-01 02:48:34.074   975  1674 E SPIClient_can: CL-[CQ]864_0_0_0.000000
07-01 02:48:34.078   977  1452 I CSE_ConfigDb: read_data_db[car_config_data] : key:mdf_0177 value:0 status:0 CseEr_GetErrorCode:0 sql_status:0 token:638
07-01 02:48:34.078   977  1513 I ConfigDbClient: == wait for ReqKey:mdf_0177, Req token[638]
07-01 02:48:34.078   977  1513 I ConfigDbClient: ==> [Req:Resp] table[car_config_data] key[mdf_0177:mdf_0177], value[0], token[638:638]
07-01 02:48:34.079   977  1513 I ConfigDbClient: ReadKv, Key:0x505c6df3, token[639]
07-01 02:48:34.079   977  1513 I CSE_ConfigDb: received msg from teleVM:3 0x505c6df3, token:639
07-01 02:48:34.083   977  1513 I ConfigDbClient: ==> [Req:Resp] table[lcf_table_remote] key[0x505c6df3:0x505c6df3], value[0], token[639:639]
07-01 02:48:34.088   977  1513 I ConfigDbClient: ReadKv, Key:0x504b6691, token[641]
07-01 02:48:34.094   975  1674 E SPIClient_can: CL-[CQ]867_3_0_0.000000
07-01 02:48:34.094   977  1452 I CSE_ConfigDb: read_data_db[lcf_table_remote] : key:0x504b6691 value:1814400 status:0 CseEr_GetErrorCode:0 sql_status:0 token:641
07-01 02:48:34.094   977  1513 I ConfigDbClient: == wait for ReqKey:0x504b6691, Req token[641]
07-01 02:48:34.094   977  1513 I ConfigDbClient: ==> [Req:Resp] table[lcf_table_remote] key[0x504b6691:0x504b6691], value[1814400], token[641:641]
07-01 02:48:34.094   977  1513 I ConfigDbClient: ReadKv, Key:0x521f112e, token[642]
07-01 02:48:34.094   977  1513 I CSE_ConfigDb: received msg from teleVM:3 0x521f112e, token:642
07-01 02:48:34.095   977  1452 I CSE_ConfigDb: CONFIGDB_CB_CMD_READ_KV
07-01 02:48:34.095   975  1674 E SPIClient_can: CL-[CQ]868_3_0_0.000000
07-01 02:48:34.099   975  1674 E SPIClient_can: CL-[CQ]869_3_0_0.000000
07-01 02:48:34.101   977  1452 I CSE_ConfigDb: read_data_db[lcf_table_remote] : key:0x521f112e value:1800 status:0 CseEr_GetErrorCode:0 sql_status:0 token:642
07-01 02:48:34.101   977  1513 I ConfigDbClient: == wait for ReqKey:0x521f112e, Req token[642]
07-01 02:48:34.101   977  1513 I ConfigDbClient: ==> [Req:Resp] table[lcf_table_remote] key[0x521f112e:0x521f112e], value[1800], token[642:642]
07-01 02:48:34.101   978  1609 I <VSM>VehicleStatusManagerService: Query kvDB (ClimateControlResRunTime_s)[lcf_table_remote:0x521f112e] success. value(1800)
07-01 02:48:34.102  1896 17923 V RVM_Cfg : [getResRemainRunTime_M:895] ResRemainRunTime minute:29
07-01 02:48:34.102  1896 17923 V RVM_Cfg : [getFfhRemainRunTime_M:860] FfhRemainRunTime minute:0
07-01 02:48:34.102   975  1674 E SPIClient_can: CL-[CQ]870_3_0_0.000000
07-01 02:48:34.103   987  1604 E CM_SPI  : MCU->MSM Type[01] Cat[05, 19] Cmd[01, 00] PayloadLen[0004] Payload[05 60 00 F8]
07-01 02:48:34.103  1621  1889 E DiagService: notifyDtcResult dtcItemIndex 2, dtcResult 0x0, faultCount -8
07-01 02:48:34.103  1621  1889 I DiagReadDTCInfo: receiveDTCResult dtcItemIndex 2, dtcResult 0x0, faultCount -8
07-01 02:48:34.103  1896 17923 V RVM_App : [isLocationDataAvailable:967] isLocationDataAvailable() : 0
07-01 02:48:34.103   977  1513 I ConfigDbClient: ReadKv, Key:0x52f363d5, token[643]
07-01 02:48:34.103  1896 17923 V RVM_App : [getFixtimeForDays:945] getFixtimeForDays
07-01 02:48:34.111   978  1609 I <VSM>VehicleStatusManagerService: Query kvDB (PwmSecondPeriodicCycleHolidayMode)[lcf_table_remote:0x52f363d5] success. value(1814400)
07-01 02:48:34.121   977  1513 I ConfigDbClient: == wait for ReqKey:mdf_5247, Req token[644]
07-01 02:48:34.121   977  1513 I ConfigDbClient: ==> [Req:Resp] table[car_config_data] key[mdf_5247:mdf_5247], value[0], token[644:644]
07-01 02:48:34.121   977  1452 I CSE_ConfigDb: read_data_db[car_config_data] : key:mdf_5247 value:0 status:0 CseEr_GetErrorCode:0 sql_status:0 token:644
07-01 02:48:34.122   975  1674 E SPIClient_can: CL-[CQ]877_0_0_0.000000
07-01 02:48:34.122   978  1608 I <VSM>VehicleStatusManagerService: Query kvDB (ConvenienceFold)[car_config_data:mdf_5247] success. value(0)
07-01 02:48:34.143   978  1609 I <VSM>VehicleStatusManagerService: Query kvDB (PwmSleepTimeSecondCycle)[lcf_table_remote:0x4ffc6b45] success. value(86400)
07-01 02:48:34.143  1620  1653 I PowerModeTimer: readPowerTimerConfigValue : item PwmSleepTimeSecondCycle, val : 86400
07-01 02:48:34.143  1620  1653 V PowerModeTimer: resetTimerValue :id - 18, timer - 86400
07-01 02:48:34.143  1620  1653 V PowerModeTimer: resetTimerValue :PwmSleepTimeSecondCycle - 86400000
07-01 02:48:34.148   977  1513 I ConfigDbClient: ReadKv, Key:0x52f363cd, token[648]
07-01 02:48:34.148   977  1513 I CSE_ConfigDb: received msg from teleVM:3 0x52f363cd, token:648
07-01 02:48:34.148   977  1452 I CSE_ConfigDb: read_data_db[lcf_table_remote] : key:0x4ffc6b45 value:86400 status:0 CseEr_GetErrorCode:0 sql_status:0 token:647
07-01 02:48:34.148   977  1452 I CSE_ConfigDb: CONFIGDB_CB_CMD_READ_KV
07-01 02:48:34.152   975  1674 E SPIClient_can: CL-[CQ]881_0_0_0.000000
07-01 02:48:34.153   977  1452 I CSE_ConfigDb: read_data_db[lcf_table_remote] : key:0x52f363cd value:86280 status:0 CseEr_GetErrorCode:0 sql_status:0 token:648
07-01 02:48:34.155   977  1513 I ConfigDbClient: == wait for ReqKey:0x52f363cd, Req token[648]
07-01 02:48:34.155   977  1513 I ConfigDbClient: ==> [Req:Resp] table[lcf_table_remote] key[0x52f363cd:0x52f363cd], value[86280], token[648:648]
07-01 02:48:34.155   978  1609 I <VSM>VehicleStatusManagerService: Query kvDB (PwmSleepTimeSecondCycleHolidayMode)[lcf_table_remote:0x52f363cd] success. value(86280)
07-01 02:48:34.155   975  1674 E SPIClient_can: CL-[CQ]882_0_0_0.000000
07-01 02:48:34.156  1620  1653 I PowerModeTimer: readPowerTimerConfigValue : item PwmSleepTimeSecondCycleHolidayMode, val : 86280
07-01 02:48:34.156  1620  1653 V PowerModeTimer: resetTimerValue :id - 19, timer - 86280
07-01 02:48:34.156  1620  1653 V PowerModeTimer: resetTimerValue :PwmSleepTimeSecondCycleHolidayMode - 86280000
07-01 02:48:34.156   977  1513 I ConfigDbClient: ReadKv, Key:0x00000033, token[649]
07-01 02:48:34.156   977  1513 I CSE_ConfigDb: received msg from teleVM:3 0x00000033, token:649
07-01 02:48:34.157   977  1452 I CSE_ConfigDb: CONFIGDB_CB_CMD_READ_KV
07-01 02:48:34.159   975  1674 E SPIClient_can: CL-[CQ]883_3_0_0.000000
07-01 02:48:34.160   977  1452 I CSE_ConfigDb: read_data_db[lcf_table_remote] : key:0x00000033 value:0 status:0 CseEr_GetErrorCode:0 sql_status:0 token:649
07-01 02:48:34.160   977  1513 I ConfigDbClient: == wait for ReqKey:0x00000033, Req token[649]
07-01 02:48:34.160   977  1513 I ConfigDbClient: ==> [Req:Resp] table[lcf_table_remote] key[0x00000033:0x00000033], value[0], token[649:649]
07-01 02:48:34.162   978  1608 I <VSM>VehicleStatusManagerService: Query kvDB (AppModeEVR)[lcf_table_remote:0x00000033] success. value(0)
07-01 02:48:34.164   975  1674 E SPIClient_can: CL-[CQ]884_3_0_0.000000
07-01 02:48:34.165   975  1674 E SPIClient_can: CL-[CQ]885_3_0_0.000000
07-01 02:48:34.165   977  1513 I ConfigDbClient: ReadKv, Key:0x505c7046, token[650]
07-01 02:48:34.165   977  1513 I CSE_ConfigDb: received msg from teleVM:3 0x505c7046, token:650
07-01 02:48:34.165   977  1452 I CSE_ConfigDb: CONFIGDB_CB_CMD_READ_KV
07-01 02:48:34.167   975  1674 E SPIClient_can: CL-[CQ]886_3_0_0.000000
07-01 02:48:34.168   977  1452 I CSE_ConfigDb: read_data_db[lcf_table_remote] : key:0x505c7046 value:0 status:0 CseEr_GetErrorCode:0 sql_status:0 token:650
07-01 02:48:34.168   977  1513 I ConfigDbClient: == wait for ReqKey:0x505c7046, Req token[650]
07-01 02:48:34.168   977  1513 I ConfigDbClient: ==> [Req:Resp] table[lcf_table_remote] key[0x505c7046:0x505c7046], value[0], token[650:650]
07-01 02:48:34.168   975  1674 E SPIClient_can: CL-[CQ]887_3_0_0.000000
07-01 02:48:34.169   978  1609 I <VSM>VehicleStatusManagerService: Query kvDB (PwmSleepTimeSecondCycleUnprovisioned)[lcf_table_remote:0x505c7046] success. value(0)
07-01 02:48:34.169  1620  1653 I PowerModeTimer: readPowerTimerConfigValue : item PwmSleepTimeSecondCycleUnprovisioned, val : 0
07-01 02:48:34.169  1620  1653 V PowerModeTimer: resetTimerValue :id - 20, timer - 0
07-01 02:48:34.169  1620  1653 V PowerModeTimer: resetTimerValue :PwmSleepTimeSecondCycleUnprovisioned - 0
07-01 02:48:34.169   977  1513 I ConfigDbClient: ReadKv, Key:0x00000034, token[651]
07-01 02:48:34.169   977  1513 I CSE_ConfigDb: received msg from teleVM:3 0x00000034, token:651
07-01 02:48:34.169   977  1452 I CSE_ConfigDb: CONFIGDB_CB_CMD_READ_KV
07-01 02:48:34.171   975  1674 E SPIClient_can: CL-[CQ]890_0_0_0.000000
07-01 02:48:34.171   977  1452 I CSE_ConfigDb: read_data_db[lcf_table_remote] : key:0x00000034 value:0 status:0 CseEr_GetErrorCode:0 sql_status:0 token:651
07-01 02:48:34.171   977  1513 I ConfigDbClient: == wait for ReqKey:0x00000034, Req token[651]
07-01 02:48:34.171   977  1513 I ConfigDbClient: ==> [Req:Resp] table[lcf_table_remote] key[0x00000034:0x00000034], value[0], token[651:651]
07-01 02:48:34.171   978  1608 I <VSM>VehicleStatusManagerService: Query kvDB (AppModeEVC)[lcf_table_remote:0x00000034] success. value(0)
07-01 02:48:34.172   977  1513 I ConfigDbClient: ReadKv, Key:0x4ffc6a2a, token[652]
07-01 02:48:34.172   977  1513 I CSE_ConfigDb: received msg from teleVM:3 0x4ffc6a2a, token:652
07-01 02:48:34.172   977  1452 I CSE_ConfigDb: CONFIGDB_CB_CMD_READ_KV
07-01 02:48:34.176   975  1674 E SPIClient_can: CL-[CQ]891_0_0_0.000000
07-01 02:48:34.178   977  1452 I CSE_ConfigDb: read_data_db[lcf_table_remote] : key:0x4ffc6a2a value:120 status:0 CseEr_GetErrorCode:0 sql_status:0 token:652
07-01 02:48:34.178   977  1513 I ConfigDbClient: == wait for ReqKey:0x4ffc6a2a, Req token[652]
07-01 02:48:34.178   977  1513 I ConfigDbClient: ==> [Req:Resp] table[lcf_table_remote] key[0x4ffc6a2a:0x4ffc6a2a], value[120], token[652:652]
07-01 02:48:34.178   975  1674 E SPIClient_can: CL-[CQ]892_0_0_0.000000
07-01 02:48:34.178   978  1609 I <VSM>VehicleStatusManagerService: Query kvDB (PwmReceiveTimeSecondCycle)[lcf_table_remote:0x4ffc6a2a] success. value(120)
07-01 02:48:34.178   977  1513 I ConfigDbClient: ReadKv, Key:0x00000035, token[653]
07-01 02:48:34.178   977  1513 I CSE_ConfigDb: received msg from teleVM:3 0x00000035, token:653
07-01 02:48:34.179  1620  1653 I PowerModeTimer: readPowerTimerConfigValue : item PwmReceiveTimeSecondCycle, val : 120
07-01 02:48:34.179  1620  1653 V PowerModeTimer: resetTimerValue :id - 21, timer - 120
07-01 02:48:34.179  1620  1653 V PowerModeTimer: resetTimerValue :PwmReceiveTimeSecondCycle - 120000
07-01 02:48:34.179   977  1452 I CSE_ConfigDb: CONFIGDB_CB_CMD_READ_KV
07-01 02:48:34.182   977  1513 I ConfigDbClient: == wait for ReqKey:0x00000035, Req token[653]
07-01 02:48:34.182   977  1513 I ConfigDbClient: ==> [Req:Resp] table[lcf_table_remote] key[0x00000035:0x00000035], value[0], token[653:653]
07-01 02:48:34.183   975  1674 E SPIClient_can: CL-[CQ]893_0_0_0.000000
07-01 02:48:34.183   978  1958 I <VSM>VehicleStatusManagerService: Query kvDB (AppModeECC)[lcf_table_remote:0x00000035] success. value(0)
07-01 02:48:34.183   977  1513 I ConfigDbClient: ReadKv, Key:0x52f363c6, token[654]
07-01 02:48:34.183   977  1513 I CSE_ConfigDb: received msg from teleVM:3 0x52f363c6, token:654
07-01 02:48:34.183  1896 17923 E APP     : [vehicleUpLinkData] Trigger Type : engineOff
07-01 02:48:34.183  1896 17923 D RVM_Ngtp: [vehicleUpLinkData:1352] Trigger Type : engineOff
07-01 02:48:34.183  1896 17923 E APP     : [vehicleUpLinkData] vehicleUpLinkData [END]
07-01 02:48:34.183  1896 17923 D RVM_Ngtp: [vehicleUpLinkData:1362] vehicleUpLinkData [END]
07-01 02:48:34.183  1896 17923 E APP     : [RVSUpdateMessage] Before ASN encode()
07-01 02:48:34.183  1896 17923 D RVM_Ngtp: [RVSUpdateMessage:1687] Before ASN encode()
07-01 02:48:34.183  1896 17923 E APP     : [RVSUpdateMessage] After ASN encode()
07-01 02:48:34.183  1896 17923 D RVM_Ngtp: [RVSUpdateMessage:1702] After ASN encode()
07-01 02:48:34.183  1896 17923 V RVM_Ngtp: [RVSUpdateMessage:1705] encoded byte:98 
07-01 02:48:34.183  1896 17923 V RVM_Ngtp: [RVSUpdateMessage:1745] serviceType[11], messageType[2], creationTime_seconds[709958914], creationTime_millis[183]
07-01 02:48:34.188   975  1674 E SPIClient_can: CL-[CQ]894_0_0_0.000000
07-01 02:48:34.194   975  1674 E SPIClient_can: CL-[CQ]888_0_0_0.000000
07-01 02:48:34.198   977  1452 I CSE_ConfigDb: read_data_db[lcf_table_remote] : key:0x505c6fc8 value:0 status:0 CseEr_GetErrorCode:0 sql_status:0 token:656
07-01 02:48:34.203   598   598 I         : [SYSTEMPROPERTY] failed to get (sys.scheduled.set)'s value[-1]
07-01 02:48:34.205  1628  1658 I OperationModeManagerImpl: getCurrentOperationMode: return current mode: :4
07-01 02:48:34.206  1620  1653 I PowerModeTimer: adjustTimerID : original:6  adjusted id: 6 OperationalMode:4
07-01 02:48:34.206  1620  1653 V PowerModeTimer: getTimerValue :PwmFirstPeriodicCycle - 518400000
07-01 02:48:34.206   598   598 I         : [SYSTEMPROPERTY] failed to get (sys.scheduled.set)'s value[-1]
07-01 02:48:34.210   598   598 I         : [SYSTEMPROPERTY] failed to get (sys.scheduled.set)'s value[-1]
07-01 02:48:34.225   975  1674 E SPIClient_can: CL-[CQ]901_3_0_0.000000
07-01 02:48:34.228   975  1674 E SPIClient_can: CL-[CQ]902_3_0_0.000000
07-01 02:48:34.242   975  1674 E SPIClient_can: CL-[CQ]908_0_0_0.000000
07-01 02:48:34.262   975  1674 E SPIClient_can: CL-[CQ]913_0_0_0.000000
07-01 02:48:34.267   975  1674 E SPIClient_can: CL-[CQ]914_0_0_0.000000
07-01 02:48:34.271   975  1674 E SPIClient_can: CL-[CQ]915_0_0_0.000000
07-01 02:48:34.274   975  1674 E SPIClient_can: CL-[CQ]916_0_0_0.000000
07-01 02:48:34.277   975  1674 E SPIClient_can: CL-[CQ]917_3_0_0.000000
07-01 02:48:34.278   975  1674 E SPIClient_can: CL-[CQ]918_3_0_0.000000
07-01 02:48:34.285   975  1674 E SPIClient_can: CL-[CQ]919_3_0_0.000000
07-01 02:48:34.291   975  1674 E SPIClient_can: CL-[CQ]920_3_0_0.000000
07-01 02:48:34.294   975  1674 E SPIClient_can: CL-[CQ]921_3_0_0.000000
07-01 02:48:34.299   975  1674 E SPIClient_can: CL-[CQ]922_3_32_0.000000
07-01 02:48:34.303   975  1674 E SPIClient_can: CL-[CQ]923_3_24_0.000000
07-01 02:48:34.305   975  1674 E SPIClient_can: CL-[CQ]924_3_60_0.000000
07-01 02:48:34.307   975  1674 E SPIClient_can: CL-[CQ]925_3_13_0.000000
07-01 02:48:34.309   975  1674 E SPIClient_can: CL-[CQ]926_3_2255_0.000000
07-01 02:48:34.314   975  1674 E SPIClient_can: CL-[CQ]927_3_0_0.000000
07-01 02:48:34.314  1710  1754 E CRH     : Rx_927_0
07-01 02:48:34.315   975  1674 E SPIClient_can: CL-[CQ]928_3_0_0.000000
07-01 02:48:34.315  1710  1754 E CRH     : Rx_928_0
07-01 02:48:34.317   975  1674 E SPIClient_can: CL-[CQ]929_0_0_0.000000
07-01 02:48:34.317  1710  1754 E CRH     : Rx_929_0
07-01 02:48:34.320   975  1674 E SPIClient_can: CL-[CQ]930_0_60_0.000000
07-01 02:48:34.322   975  1674 E SPIClient_can: CL-[CQ]931_0_60_0.000000
07-01 02:48:34.324   975  1674 E SPIClient_can: CL-[CQ]933_0_60_0.000000
07-01 02:48:34.327   975  1674 E SPIClient_can: CL-[CQ]934_0_60_0.000000
07-01 02:48:34.328   975  1674 E SPIClient_can: CL-[CQ]938_0_0_0.000000
07-01 02:48:34.331   975  1674 E SPIClient_can: CL-[CQ]942_0_0_0.000000
07-01 02:48:34.332   975  1674 E SPIClient_can: CL-[CQ]963_0_0_0.000000
07-01 02:48:34.333   975  1674 E SPIClient_can: CL-[CQ]964_0_0_0.000000
07-01 02:48:34.334  1710  1754 E CRH     : Rx_964_0
07-01 02:48:34.335   975  1674 E SPIClient_can: CL-[CQ]965_-50_0_0.000000
07-01 02:48:34.341   975  1674 E SPIClient_can: CL-[CQ]966_-50_0_0.000000
07-01 02:48:34.343   975  1674 E SPIClient_can: CL-[CQ]967_-50_0_0.000000
07-01 02:48:34.344   975  1674 E SPIClient_can: CL-[CQ]968_-50_0_0.000000
07-01 02:48:34.346   975  1674 E SPIClient_can: CL-[CQ]973_-50_0_0.000000
07-01 02:48:34.347   975  1674 E SPIClient_can: CL-[CQ]978_-50_0_0.000000
07-01 02:48:34.348  1710  1754 E CRH     : Rx_978_0.000000
07-01 02:48:34.349   975  1674 E SPIClient_can: CL-[CQ]979_-50_100_0.000000
07-01 02:48:34.351   975  1674 E SPIClient_can: CL-[CQ]980_-50_100_0.000000
07-01 02:48:34.353   975  1674 E SPIClient_can: CL-[CQ]981_-50_100_0.000000
07-01 02:48:34.354   975  1674 E SPIClient_can: CL-[CQ]982_-50_100_0.000000
07-01 02:48:34.358   975  1674 E SPIClient_can: CL-[CQ]983_-50_100_0.000000
07-01 02:48:34.360   975  1674 E SPIClient_can: CL-[CQ]984_-50_100_0.000000
07-01 02:48:34.379   975  1674 E SPIClient_can: CL-[CQ]985_-50_100_0.000000
07-01 02:48:34.381   975  1674 E SPIClient_can: CL-[CQ]986_-50_100_0.000000
07-01 02:48:34.382   975  1674 E SPIClient_can: CL-[CQ]987_-50_100_0.000000
07-01 02:48:34.383   975  1674 E SPIClient_can: CL-[CQ]988_-50_100_0.000000
07-01 02:48:34.389   975  1674 E SPIClient_can: CL-[CQ]989_-50_100_0.000000
07-01 02:48:34.393   975  1674 E SPIClient_can: CL-[CQ]990_-50_0_0.000000
07-01 02:48:34.395   975  1674 E SPIClient_can: CL-[CQ]991_-50_0_0.000000
07-01 02:48:34.397   975  1674 E SPIClient_can: CL-[CQ]992_-50_0_0.000000
07-01 02:48:34.406   975  1674 E SPIClient_can: CL-[CQ]994_-50_0_0.000000
07-01 02:48:34.409   975  1674 E SPIClient_can: CL-[CQ]995_-50_0_0.000000
07-01 02:48:34.411   975  1674 E SPIClient_can: CL-[CQ]996_-50_0_0.000000
07-01 02:48:34.414   975  1674 E SPIClient_can: CL-[CQ]997_-50_100_0.000000
07-01 02:48:34.416   975  1674 E SPIClient_can: CL-[CQ]1000_0_100_0.000000
07-01 02:48:34.418  1710  1754 E CRH     : Rx_1000_0
07-01 02:48:34.420   975  1674 E SPIClient_can: CL-[CQ]1007_0_100_0.000000
07-01 02:48:34.421   975  1674 E SPIClient_can: CL-[CQ]1009_0_100_0.000000
07-01 02:48:34.423   975  1674 E SPIClient_can: CL-[CQ]1013_0_100_0.000000
07-01 02:48:34.424   975  1674 E SPIClient_can: CL-[CQ]1015_0_100_0.000000
07-01 02:48:34.426   975  1674 E SPIClient_can: CL-[CQ]1017_0_100_0.000000
07-01 02:48:34.428   975  1674 E SPIClient_can: CL-[CQ]1018_0_0_0.000000
07-01 02:48:34.429   975  1674 E SPIClient_can: CL-[CQ]1019_0_0_0.000000
07-01 02:48:34.432   975  1674 E SPIClient_can: CL-[CQ]1020_0_0_0.000000
07-01 02:48:34.433   975  1674 E SPIClient_can: CL-[CQ]1021_0_0_0.000000
07-01 02:48:34.438   975  1674 E SPIClient_can: CL-[CQ]1022_0_0_0.000000
07-01 02:48:34.439   975  1674 E SPIClient_can: CL-[CQ]1023_0_0_0.000000
07-01 02:48:34.442   975  1674 E SPIClient_can: CL-[CQ]1024_0_0_0.000000
07-01 02:48:34.443   975  1674 E SPIClient_can: CL-[CQ]1026_0_0_0.000000
07-01 02:48:34.765   987  1604 E CM_SPI  : MSM->MCU Type[01] Cat[01, 00] Cmd[11, 00] PayloadLen[0000]
07-01 02:48:34.771   987  1604 E CM_SPI  : MCU->MSM Type[02] Cat[01, 00] Cmd[11, 00] PayloadLen[0000]
07-01 02:48:34.772  1627  6614 V FactoryImpl: onReceive MCU type[x2], cate[x1], subcate[x0], cmd[17], cmd2[x0]
07-01 02:48:34.772  1627  6614 V FactoryUtil: onReceive MCU param[x02][x11][x00], buf is NULL
07-01 02:48:34.772  1627  1677 V FactoryUtil: handleMessage FACTORY_IMPL_RES_FR_MCU_EDU param[x01][x11][x00], buf is NULL
07-01 02:48:34.772  1627  1677 V FactoryEdu: procEduResCommand cate[x01], subCate[x00], cmd[x11], cmd2[x00]
07-01 02:48:34.772  1627  1677 V FactoryUtil: Res Buffer  buf is NULL
07-01 02:48:34.772  1627  1677 V FactoryEdu: procEduResCommand cmd not define cate[x01], subCate[x00], cmd[x11], cmd2[x00]
07-01 02:48:34.819   987  1604 E CM_SPI  : MCU->MSM Type[01] Cat[05, 22] Cmd[02, 00] PayloadLen[0007] Payload[D1 0E 24 2B 20 2B 20]
07-01 02:48:34.820  1621  1889 I DiagReceiverHandler: Received did [0xd10e] size 5 from MCU
07-01 02:48:34.821   980  1507 I DiagClient: [0x24][0x2b][0x20][0x2b][0x20]
07-01 02:48:34.826   980  1454 V DiagClient: AppEvent[d10e] Size[5]
07-01 02:48:35.034 18033 18033 V ProcessState: Spawning new pooled thread, name=Binder_1
07-01 02:48:35.036 18033 18033 I sldd    : command : argv:can
07-01 02:48:35.038  1710  1754 E CRH     : Rx_668_7
07-01 02:48:35.038  1620  1892 E PowerManagerImpl: onCANreceived, signal=668, value=7
07-01 02:48:35.038 18033 18033 I sldd_cmd: can setCanData -n PowerMode 7 
07-01 02:48:35.038  1620  1653 V PowerManagerImpl: processPowerManager : 5
07-01 02:48:35.039  1617 16638 I IntelligentFactoryManagerService: onReceived() : VS_CAN_POWERMODE_IDX CAN signal=668, value=7
07-01 02:48:35.039  1710  1769 V CANManagerService: getCANData() : index(668) / value(7)
07-01 02:48:35.039  1630  2001 I WiFiManagerService: onReceived() : VS_CAN_POWERMODE_IDX CAN signal=668, value=7
07-01 02:48:35.039  1710  1963 V CANManagerService: getCANData() : index(668) / value(7)
07-01 02:48:35.039  1620  1653 I PowerManagerImpl: onPowerModeChanged() newPowerMode 7
07-01 02:48:35.039  1620  1653 I PowerManagerImpl: PowerMode is changed : newPowerMode PM_7_RUNNING mCurrentPowerMode :PM_0_KEY_OUT
07-01 02:48:35.039  1710  1769 V CANManagerService: getCANData() : index(668) / value(7)
07-01 02:48:35.039  1630  1661 E WIFI    : receivePowerModeCANSignal() : VS_CAN_POWERMODE_IDX CAN value=7
07-01 02:48:35.039  1630  1661 E WIFI    : receivePowerModeCANSignal() : old powermode=0, new powermode=7
07-01 02:48:35.039  1630  1661 E WIFI    : receivePowerModeCANSignal() : mSotaCampPCR135Condition:0, mPCR135WiFiOFFRequest:0
07-01 02:48:35.040 18033 18057 V ProcessState: Spawning new pooled thread, name=Binder_2
07-01 02:48:35.050  1630  1661 E WIFI    : checkPIVIReqWiFiStateForSOTA() stored Req State=ON(1)
07-01 02:48:35.063  1620  1653 I PowerTimerManager: onPowerModeChanged : newMode:7
07-01 02:48:35.063  1665  1680 E NetworkManagerService: onPowerModeChanged old:0 New:7
07-01 02:48:35.063  1665  1680 E NetworkManagerService: Data Usage Approach and Reach status cleared.
07-01 02:48:35.064  1714  1714 D SystemAntControlExt: changed PowerModeCycle is ENABLE power(7)
07-01 02:48:35.064   988  1574 I DeadReckoning: process_power_mode,state=7
07-01 02:48:35.064  1621  1621 I DiagPowerModeReceiver: onPowerModeChanged oldPM[ 0], newPM[ 7]
07-01 02:48:35.064  1621  1889 I DiagReceiverHandler: handleMessage DIAG_ON_NOTIFY_POWER_MODE, Received PM[7]
07-01 02:48:35.064  1621  1889 E DIAG    : PM is updated previous[0], new[7]
07-01 02:48:35.064  1621  1889 E DIAG    : setClearDiagnosticsExtended(0,0),
07-01 02:48:35.064  1891 17839 D provisioning: power mode changed to running (7)
07-01 02:48:35.065  1628  1658 I OperationModeManagerImpl: getCurrentOperationMode: return current mode: :4
07-01 02:48:35.065   977  1513 I ConfigDbClient: ReadKv, Key:config_version, token[659]
07-01 02:48:35.065   977  1513 I CSE_ConfigDb: received msg from teleVM:3 config_version, token:659
07-01 02:48:35.065   977  1452 I CSE_ConfigDb: CONFIGDB_CB_CMD_READ_KV
07-01 02:48:35.066  1621  1889 E DIAG    : clearDTCResult()
07-01 02:48:35.066  1895  1933 I RVC_rcvMsg: receiveMessage_PM() 0 -> 7, getCurrRemoteStartStatus:0 TIMER_RES_MAX_RUN on? :0 
07-01 02:48:35.066  1895  1933 E APP     : RVC] receiveMessage_PM() 0 -> 7, getCurrRemoteStartStatus:0 TIMER_RES_MAX_RUN on? :0 
07-01 02:48:35.066  1895  1933 V RVC_rcvMsg: RemoteService Engine normally started. Crash status clear.
07-01 02:48:35.066  1895  1933 W RVC     : setStateToSota_RVI 22 0x70 already set 0x0 
07-01 02:48:35.066  1895  1933 E APP     : RVC] setStateToSota_RVI 22 0x70 already set 0x0 
07-01 02:48:35.066  1895  1933 I RVC_timer: startTimerId  TIMER_SKIP_WARMUP_VALIABLE(20) duration:4 bRestart:0
07-01 02:48:35.066  1895  1933 E APP     : RVC] startTimerId  TIMER_SKIP_WARMUP_VALIABLE(20) duration:4 bRestart:0
07-01 02:48:35.066  1895  1933 I RVC_timer: stopTimerId  timerId:4 
07-01 02:48:35.066  1895  1933 E APP     : RVC] stopTimerId  timerId:4 
07-01 02:48:35.066  1895  1933 V RVC_timer: [4] timer not active state
07-01 02:48:35.066  1895  1933 I RVC_timer: stopTimerId  timerId:24 
07-01 02:48:35.066  1895  1933 E APP     : RVC] stopTimerId  timerId:24 
07-01 02:48:35.066  1895  1933 V RVC_timer: [24] timer not active state
07-01 02:48:35.066  1895  1933 V RVC_rcvMsg: RES run timer reset to initial state.
07-01 02:48:35.066  1895  1933 V RVC     : initRESremainingTime 
07-01 02:48:35.066  1895  1933 I RVC_kvdb: kvDBRx cfgName:ClimateControlResRunTime_s start 696336
07-01 02:48:35.066  1895  1933 E APP     : RVC] kvDBRx cfgName:ClimateControlResRunTime_s start 696336
07-01 02:48:35.066  1621  1889 I DiagReadDTCInfo: Cleared GsmGprsUnit DTC
07-01 02:48:35.067  1621  1707 I DiagReadDTCHandler: actionForDtcClear
07-01 02:48:35.067   977  1513 I ConfigDbClient: == wait for ReqKey:config_version, Req token[659]
07-01 02:48:35.067   977  1513 I ConfigDbClient: ==> [Req:Resp] table[telematics_common_table] key[config_version:config_version], value[0], token[659:659]
07-01 02:48:35.067   977  1452 I CSE_ConfigDb: read_data_db[telematics_common_table] : key:config_version value:0 status:0 CseEr_GetErrorCode:0 sql_status:0 token:659
07-01 02:48:35.067   978  1958 I <VSM>VehicleStatusManagerService: Query kvDB (config_version)[telematics_common_table:config_version] success. value(0)
07-01 02:48:35.067  1896  1929 E APP     : [powerModeStatus] PowerMode is changed : [0] -> [7]
07-01 02:48:35.067  1896  1929 D RVM_Main: [powerModeStatus:4213] PowerMode is changed : [0] -> [7]
