07-01 02:52:09.762  1710  1712 E SQLiteDatabase: executeSql : UPDATE can set value = '0' , update_time = '2022-7-1 2:52:9' where rowid = 325;
07-01 02:52:09.762  1710  1712 E SQLiteDatabase: executeSql : UPDATE can set value = '0' , update_time = '2022-7-1 2:52:9' where rowid = 326;
07-01 02:52:09.763  1710  1712 E SQLiteDatabase: executeSql : UPDATE can set value = '0' , update_time = '2022-7-1 2:52:9' where rowid = 327;
07-01 02:52:09.763  1710  1712 E SQLiteDatabase: executeSql : UPDATE can set value = '0' , update_time = '2022-7-1 2:52:9' where rowid = 328;
07-01 02:52:09.763  1710  1712 E SQLiteDatabase: executeSql : UPDATE can set value = '0' , update_time = '2022-7-1 2:52:9' where rowid = 329;
07-01 02:52:09.763  1710  1712 E SQLiteDatabase: executeSql : UPDATE can set value = '0' , update_time = '2022-7-1 2:52:9' where rowid = 330;
07-01 02:52:09.763  1710  1712 E SQLiteDatabase: executeSql : UPDATE can set value = '0' , update_time = '2022-7-1 2:52:9' where rowid = 331;
07-01 02:52:09.763  1710  1712 E SQLiteDatabase: executeSql : UPDATE can set value = '0' , update_time = '2022-7-1 2:52:9' where rowid = 332;
07-01 02:52:09.763  1710  1712 E SQLiteDatabase: executeSql : UPDATE can set value = '1' , update_time = '2022-7-1 2:52:9' where rowid = 333;
07-01 02:52:09.763  1710  1712 E SQLiteDatabase: executeSql : UPDATE can set value = '87.000000' , update_time = '2022-7-1 2:52:9' where rowid = 334;
07-01 02:52:09.763  1710  1712 E SQLiteDatabase: executeSql : UPDATE can set value = '0' , update_time = '2022-7-1 2:52:9' where rowid = 335;
07-01 02:52:09.763  1710  1712 E SQLiteDatabase: executeSql : UPDATE can set value = '0' , update_time = '2022-7-1 2:52:9' where rowid = 336;
07-01 02:52:09.763  1710  1712 E SQLiteDatabase: executeSql : UPDATE can set value = '0' , update_time = '2022-7-1 2:52:9' where rowid = 337;
07-01 02:52:09.763  1710  1712 E SQLiteDatabase: executeSql : UPDATE can set value = '0' , update_time = '2022-7-1 2:52:9' where rowid = 338;
07-01 02:52:09.763  1710  1712 E SQLiteDatabase: executeSql : UPDATE can set value = '0' , update_time = '2022-7-1 2:52:9' where rowid = 339;
07-01 02:52:09.763  1710  1712 E SQLiteDatabase: executeSql : UPDATE can set value = '0' , update_time = '2022-7-1 2:52:9' where rowid = 340;
07-01 02:52:09.763  1710  1712 E SQLiteDatabase: executeSql : UPDATE can set value = '0' , update_time = '2022-7-1 2:52:9' where rowid = 341;
07-01 02:52:09.763  1710  1712 E SQLiteDatabase: executeSql : UPDATE can set value = '0' , update_time = '2022-7-1 2:52:9' where rowid = 343;
07-01 02:52:09.763  1710  1712 E SQLiteDatabase: executeSql : UPDATE can set value = '0' , update_time = '2022-7-1 2:52:9' where rowid = 344;
07-01 02:52:09.763  1710  1712 E SQLiteDatabase: executeSql : UPDATE can set value = '0' , update_time = '2022-7-1 2:52:9' where rowid = 345;
07-01 02:52:09.763  1710  1712 E SQLiteDatabase: executeSql : UPDATE can set value = '100.000000' , update_time = '2022-7-1 2:52:9' where rowid = 346;
07-01 02:52:09.763  1710  1712 E SQLiteDatabase: executeSql : UPDATE can set value = '100.000000' , update_time = '2022-7-1 2:52:9' where rowid = 347;
07-01 02:52:09.763  1710  1712 E SQLiteDatabase: executeSql : UPDATE can set value = '100.000000' , update_time = '2022-7-1 2:52:9' where rowid = 348;
07-01 02:52:09.764  1710  1712 E SQLiteDatabase: executeSql : UPDATE can set value = '100.000000' , update_time = '2022-7-1 2:52:9' where rowid = 349;
07-01 02:52:09.764  1710  1712 E SQLiteDatabase: executeSql : UPDATE can set value = '0' , update_time = '2022-7-1 2:52:9' where rowid = 350;
07-01 02:52:09.764  1710  1712 E SQLiteDatabase: executeSql : UPDATE can set value = '0' , update_time = '2022-7-1 2:52:9' where rowid = 351;
07-01 02:52:09.764  1710  1712 E SQLiteDatabase: executeSql : UPDATE can set value = '0' , update_time = '2022-7-1 2:52:9' where rowid = 352;
07-01 02:52:09.764  1710  1712 E SQLiteDatabase: executeSql : UPDATE can set value = '0' , update_time = '2022-7-1 2:52:9' where rowid = 353;
07-01 02:52:09.764  1710  1712 E SQLiteDatabase: executeSql : UPDATE can set value = '0' , update_time = '2022-7-1 2:52:9' where rowid = 354;
07-01 02:52:09.764  1710  1712 E SQLiteDatabase: executeSql : UPDATE can set value = '0' , update_time = '2022-7-1 2:52:9' where rowid = 355;
07-01 02:52:09.764  1710  1712 E SQLiteDatabase: executeSql : UPDATE can set value = '0' , update_time = '2022-7-1 2:52:9' where rowid = 356;
07-01 02:52:09.764  1710  1712 E SQLiteDatabase: executeSql : UPDATE can set value = '0' , update_time = '2022-7-1 2:52:9' where rowid = 357;
07-01 02:52:09.764  1710  1712 E SQLiteDatabase: executeSql : UPDATE can set value = '0' , update_time = '2022-7-1 2:52:9' where rowid = 358;
07-01 02:52:09.764  1710  1712 E SQLiteDatabase: executeSql : UPDATE can set value = '0' , update_time = '2022-7-1 2:52:9' where rowid = 359;
07-01 02:52:09.764  1710  1712 E SQLiteDatabase: executeSql : UPDATE can set value = '0' , update_time = '2022-7-1 2:52:9' where rowid = 360;
07-01 02:52:09.764  1710  1712 E SQLiteDatabase: executeSql : UPDATE can set value = '0' , update_time = '2022-7-1 2:52:9' where rowid = 361;
07-01 02:52:09.764  1710  1712 E SQLiteDatabase: executeSql : UPDATE can set value = '0' , update_time = '2022-7-1 2:52:9' where rowid = 362;
07-01 02:52:09.764  1710  1712 E SQLiteDatabase: executeSql : UPDATE can set value = '0' , update_time = '2022-7-1 2:52:9' where rowid = 363;
07-01 02:52:09.764  1710  1712 E SQLiteDatabase: executeSql : UPDATE can set value = '0' , update_time = '2022-7-1 2:52:9' where rowid = 364;
07-01 02:52:09.764  1710  1712 E SQLiteDatabase: executeSql : UPDATE can set value = '0' , update_time = '2022-7-1 2:52:9' where rowid = 365;
07-01 02:52:09.764  1710  1712 E SQLiteDatabase: executeSql : UPDATE can set value = '0' , update_time = '2022-7-1 2:52:9' where rowid = 366;
07-01 02:52:09.764  1710  1712 E SQLiteDatabase: executeSql : UPDATE can set value = '0' , update_time = '2022-7-1 2:52:9' where rowid = 367;
07-01 02:52:09.764  1710  1712 E SQLiteDatabase: executeSql : UPDATE can set value = '0' , update_time = '2022-7-1 2:52:9' where rowid = 368;
07-01 02:52:09.764  1710  1712 E SQLiteDatabase: executeSql : UPDATE can set value = '0' , update_time = '2022-7-1 2:52:9' where rowid = 375;
07-01 02:52:09.764  1710  1712 E SQLiteDatabase: executeSql : UPDATE can set value = '0' , update_time = '2022-7-1 2:52:9' where rowid = 376;
07-01 02:52:09.764  1710  1712 E SQLiteDatabase: executeSql : UPDATE can set value = '0' , update_time = '2022-7-1 2:52:9' where rowid = 377;
07-01 02:52:09.765  1710  1712 E SQLiteDatabase: executeSql : UPDATE can set value = '214' , update_time = '2022-7-1 2:52:9' where rowid = 387;
07-01 02:52:09.765  1710  1712 E SQLiteDatabase: executeSql : UPDATE can set value = '214' , update_time = '2022-7-1 2:52:9' where rowid = 388;
07-01 02:52:09.765  1710  1712 E SQLiteDatabase: executeSql : UPDATE can set value = '0' , update_time = '2022-7-1 2:52:9' where rowid = 397;
07-01 02:52:09.765  1710  1712 E SQLiteDatabase: executeSql : UPDATE can set value = '0.000000' , update_time = '2022-7-1 2:52:9' where rowid = 398;
07-01 02:52:09.765  1710  1712 E SQLiteDatabase: executeSql : UPDATE can set value = '0' , update_time = '2022-7-1 2:52:9' where rowid = 399;
07-01 02:52:09.765  1710  1712 E SQLiteDatabase: executeSql : UPDATE can set value = '0' , update_time = '2022-7-1 2:52:9' where rowid = 411;
07-01 02:52:09.765  1710  1712 E SQLiteDatabase: executeSql : UPDATE can set value = '0.000000' , update_time = '2022-7-1 2:52:9' where rowid = 594;
07-01 02:52:09.765  1710  1712 E SQLiteDatabase: executeSql : UPDATE can set value = '0.000000' , update_time = '2022-7-1 2:52:9' where rowid = 595;
07-01 02:52:09.765  1710  1712 E SQLiteDatabase: executeSql : UPDATE can set value = '32' , update_time = '2022-7-1 2:52:9' where rowid = 603;
07-01 02:52:09.765  1710  1712 E SQLiteDatabase: executeSql : UPDATE can set value = '24' , update_time = '2022-7-1 2:52:9' where rowid = 604;
07-01 02:52:09.765  1710  1712 E SQLiteDatabase: executeSql : UPDATE can set value = '60' , update_time = '2022-7-1 2:52:9' where rowid = 605;
07-01 02:52:09.765  1710  1712 E SQLiteDatabase: executeSql : UPDATE can set value = '13' , update_time = '2022-7-1 2:52:9' where rowid = 606;
07-01 02:52:09.765  1710  1712 E SQLiteDatabase: executeSql : UPDATE can set value = '2255' , update_time = '2022-7-1 2:52:9' where rowid = 607;
07-01 02:52:09.765  1710  1712 E SQLiteDatabase: executeSql : UPDATE can set value = '1' , update_time = '2022-7-1 2:52:9' where rowid = 608;
07-01 02:52:09.765  1710  1712 E SQLiteDatabase: executeSql : UPDATE can set value = '0' , update_time = '2022-7-1 2:52:9' where rowid = 609;
07-01 02:52:09.765  1710  1712 E SQLiteDatabase: executeSql : UPDATE can set value = '0' , update_time = '2022-7-1 2:52:9' where rowid = 610;
07-01 02:52:09.765  1710  1712 E SQLiteDatabase: executeSql : UPDATE can set value = '0.000000' , update_time = '2022-7-1 2:52:9' where rowid = 611;
07-01 02:52:09.765  1710  1712 E SQLiteDatabase: executeSql : UPDATE can set value = '0' , update_time = '2022-7-1 2:52:9' where rowid = 613;
07-01 02:52:09.765  1710  1712 E SQLiteDatabase: executeSql : UPDATE can set value = '9' , update_time = '2022-7-1 2:52:9' where rowid = 614;
07-01 02:52:09.765  1710  1712 E SQLiteDatabase: executeSql : UPDATE can set value = '0' , update_time = '2022-7-1 2:52:9' where rowid = 621;
07-01 02:52:09.765  1710  1712 E SQLiteDatabase: executeSql : UPDATE can set value = '0' , update_time = '2022-7-1 2:52:9' where rowid = 622;
07-01 02:52:09.766  1710  1712 E SQLiteDatabase: executeSql : UPDATE can set value = '0' , update_time = '2022-7-1 2:52:9' where rowid = 623;
07-01 02:52:09.766  1710  1712 E SQLiteDatabase: executeSql : UPDATE can set value = '0' , update_time = '2022-7-1 2:52:9' where rowid = 646;
07-01 02:52:09.766  1710  1712 E SQLiteDatabase: executeSql : UPDATE can set value = '0' , update_time = '2022-7-1 2:52:9' where rowid = 649;
07-01 02:52:09.766  1710  1712 E SQLiteDatabase: executeSql : UPDATE can set value = '0' , update_time = '2022-7-1 2:52:9' where rowid = 651;
07-01 02:52:09.766  1710  1712 E SQLiteDatabase: executeSql : UPDATE can set value = '0.000000' , update_time = '2022-7-1 2:52:9' where rowid = 654;
07-01 02:52:09.766  1710  1712 E SQLiteDatabase: executeSql : UPDATE can set value = '0' , update_time = '2022-7-1 2:52:9' where rowid = 657;
07-01 02:52:09.766  1710  1712 E SQLiteDatabase: executeSql : UPDATE can set value = '0.000000' , update_time = '2022-7-1 2:52:9' where rowid = 660;
07-01 02:52:09.766  1710  1712 E SQLiteDatabase: executeSql : UPDATE can set value = '0.000000' , update_time = '2022-7-1 2:52:9' where rowid = 661;
07-01 02:52:09.766  1710  1712 E SQLiteDatabase: executeSql : UPDATE can set value = '0.000000' , update_time = '2022-7-1 2:52:9' where rowid = 662;
07-01 02:52:09.766  1710  1712 E SQLiteDatabase: executeSql : UPDATE can set value = '0' , update_time = '2022-7-1 2:52:9' where rowid = 663;
07-01 02:52:09.766  1710  1712 E SQLiteDatabase: executeSql : UPDATE can set value = '0' , update_time = '2022-7-1 2:52:9' where rowid = 664;
07-01 02:52:09.766  1710  1712 E SQLiteDatabase: executeSql : UPDATE can set value = '0' , update_time = '2022-7-1 2:52:9' where rowid = 665;
07-01 02:52:09.766  1710  1712 E SQLiteDatabase: executeSql : UPDATE can set value = '0' , update_time = '2022-7-1 2:52:9' where rowid = 666;
07-01 02:52:09.766  1710  1712 E SQLiteDatabase: executeSql : UPDATE can set value = '0' , update_time = '2022-7-1 2:52:9' where rowid = 668;
07-01 02:52:09.766  1710  1712 E SQLiteDatabase: executeSql : UPDATE can set value = '0' , update_time = '2022-7-1 2:52:9' where rowid = 669;
07-01 02:52:09.766  1710  1712 E SQLiteDatabase: executeSql : UPDATE can set value = '0' , update_time = '2022-7-1 2:52:9' where rowid = 670;
07-01 02:52:09.766  1710  1712 E SQLiteDatabase: executeSql : UPDATE can set value = '0' , update_time = '2022-7-1 2:52:9' where rowid = 671;
07-01 02:52:09.766  1710  1712 E SQLiteDatabase: executeSql : UPDATE can set value = '0' , update_time = '2022-7-1 2:52:9' where rowid = 672;
07-01 02:52:09.766  1710  1712 E SQLiteDatabase: executeSql : UPDATE can set value = '0' , update_time = '2022-7-1 2:52:9' where rowid = 673;
07-01 02:52:09.766  1710  1712 E SQLiteDatabase: executeSql : UPDATE can set value = '0' , update_time = '2022-7-1 2:52:9' where rowid = 674;
07-01 02:52:09.766  1710  1712 E SQLiteDatabase: executeSql : UPDATE can set value = '0' , update_time = '2022-7-1 2:52:9' where rowid = 675;
07-01 02:52:09.767  1710  1712 E SQLiteDatabase: executeSql : UPDATE can set value = '0' , update_time = '2022-7-1 2:52:9' where rowid = 676;
07-01 02:52:09.767  1710  1712 E SQLiteDatabase: executeSql : UPDATE can set value = '0' , update_time = '2022-7-1 2:52:9' where rowid = 677;
07-01 02:52:09.767  1710  1712 E SQLiteDatabase: executeSql : UPDATE can set value = '0' , update_time = '2022-7-1 2:52:9' where rowid = 678;
07-01 02:52:09.767  1710  1712 E SQLiteDatabase: executeSql : UPDATE can set value = '0' , update_time = '2022-7-1 2:52:9' where rowid = 679;
07-01 02:52:09.767  1710  1712 E SQLiteDatabase: executeSql : UPDATE can set value = '0' , update_time = '2022-7-1 2:52:9' where rowid = 680;
07-01 02:52:09.767  1710  1712 E SQLiteDatabase: executeSql : UPDATE can set value = '0' , update_time = '2022-7-1 2:52:9' where rowid = 681;
07-01 02:52:09.767  1710  1712 E SQLiteDatabase: executeSql : UPDATE can set value = '0' , update_time = '2022-7-1 2:52:9' where rowid = 682;
07-01 02:52:09.767  1710  1712 E SQLiteDatabase: executeSql : UPDATE can set value = '1' , update_time = '2022-7-1 2:52:9' where rowid = 683;
07-01 02:52:09.767  1710  1712 E SQLiteDatabase: executeSql : UPDATE can set value = '0' , update_time = '2022-7-1 2:52:9' where rowid = 684;
07-01 02:52:09.767  1710  1712 E SQLiteDatabase: executeSql : UPDATE can set value = '50' , update_time = '2022-7-1 2:52:9' where rowid = 685;
07-01 02:52:09.767  1710  1712 E SQLiteDatabase: executeSql : UPDATE can set value = '60' , update_time = '2022-7-1 2:52:9' where rowid = 686;
07-01 02:52:09.767  1710  1712 E SQLiteDatabase: executeSql : UPDATE can set value = '13' , update_time = '2022-7-1 2:52:9' where rowid = 687;
07-01 02:52:09.767  1710  1712 E SQLiteDatabase: executeSql : UPDATE can set value = '0' , update_time = '2022-7-1 2:52:9' where rowid = 688;
07-01 02:52:09.767  1710  1712 E SQLiteDatabase: executeSql : UPDATE can set value = '2255' , update_time = '2022-7-1 2:52:9' where rowid = 689;
07-01 02:52:09.767  1710  1712 E SQLiteDatabase: executeSql : UPDATE can set value = '0.000000' , update_time = '2022-7-1 2:52:9' where rowid = 692;
07-01 02:52:09.767  1710  1712 E SQLiteDatabase: executeSql : UPDATE can set value = '0' , update_time = '2022-7-1 2:52:9' where rowid = 696;
07-01 02:52:09.767  1710  1712 E SQLiteDatabase: executeSql : UPDATE can set value = '0' , update_time = '2022-7-1 2:52:9' where rowid = 704;
07-01 02:52:09.767  1710  1712 E SQLiteDatabase: executeSql : UPDATE can set value = '0' , update_time = '2022-7-1 2:52:9' where rowid = 705;
07-01 02:52:09.767  1710  1712 E SQLiteDatabase: executeSql : UPDATE can set value = '0' , update_time = '2022-7-1 2:52:9' where rowid = 706;
07-01 02:52:09.768  1710  1712 E SQLiteDatabase: executeSql : UPDATE can set value = '0' , update_time = '2022-7-1 2:52:9' where rowid = 707;
07-01 02:52:09.768  1710  1712 E SQLiteDatabase: executeSql : UPDATE can set value = '0' , update_time = '2022-7-1 2:52:9' where rowid = 708;
07-01 02:52:09.768  1710  1712 E SQLiteDatabase: executeSql : UPDATE can set value = '0' , update_time = '2022-7-1 2:52:9' where rowid = 709;
07-01 02:52:09.768  1710  1712 E SQLiteDatabase: executeSql : UPDATE can set value = '0' , update_time = '2022-7-1 2:52:9' where rowid = 712;
07-01 02:52:09.768  1710  1712 E SQLiteDatabase: executeSql : UPDATE can set value = '0' , update_time = '2022-7-1 2:52:9' where rowid = 713;
07-01 02:52:09.768  1710  1712 E SQLiteDatabase: executeSql : UPDATE can set value = '0' , update_time = '2022-7-1 2:52:9' where rowid = 714;
07-01 02:52:09.768  1710  1712 E SQLiteDatabase: executeSql : UPDATE can set value = '0' , update_time = '2022-7-1 2:52:9' where rowid = 715;
07-01 02:52:09.768  1710  1712 E SQLiteDatabase: executeSql : UPDATE can set value = '0' , update_time = '2022-7-1 2:52:9' where rowid = 717;
07-01 02:52:09.768  1710  1712 E SQLiteDatabase: executeSql : UPDATE can set value = '0' , update_time = '2022-7-1 2:52:9' where rowid = 718;
07-01 02:52:09.769  1710  1712 E SQLiteDatabase: executeSql : UPDATE can set value = '0' , update_time = '2022-7-1 2:52:9' where rowid = 724;
07-01 02:52:09.769  1710  1712 E SQLiteDatabase: executeSql : UPDATE can set value = '0' , update_time = '2022-7-1 2:52:9' where rowid = 725;
07-01 02:52:09.769  1710  1712 E SQLiteDatabase: executeSql : UPDATE can set value = '0' , update_time = '2022-7-1 2:52:9' where rowid = 769;
07-01 02:52:09.769  1710  1712 E SQLiteDatabase: executeSql : UPDATE can set value = '0' , update_time = '2022-7-1 2:52:9' where rowid = 771;
07-01 02:52:09.769  1710  1712 E SQLiteDatabase: executeSql : UPDATE can set value = '0' , update_time = '2022-7-1 2:52:9' where rowid = 773;
07-01 02:52:09.769  1710  1712 E SQLiteDatabase: executeSql : UPDATE can set value = '0' , update_time = '2022-7-1 2:52:9' where rowid = 774;
07-01 02:52:09.769  1710  1712 E SQLiteDatabase: executeSql : UPDATE can set value = '0' , update_time = '2022-7-1 2:52:9' where rowid = 780;
07-01 02:52:09.769  1710  1712 E SQLiteDatabase: executeSql : UPDATE can set value = '0' , update_time = '2022-7-1 2:52:9' where rowid = 781;
07-01 02:52:09.769  1710  1712 E SQLiteDatabase: executeSql : UPDATE can set value = '90' , update_time = '2022-7-1 2:52:9' where rowid = 798;
07-01 02:52:09.769  1710  1712 E SQLiteDatabase: executeSql : UPDATE can set value = '0' , update_time = '2022-7-1 2:52:9' where rowid = 799;
07-01 02:52:09.769  1710  1712 E SQLiteDatabase: executeSql : UPDATE can set value = '0' , update_time = '2022-7-1 2:52:9' where rowid = 827;
07-01 02:52:09.769  1710  1712 E SQLiteDatabase: executeSql : UPDATE can set value = '0.000000' , update_time = '2022-7-1 2:52:9' where rowid = 830;
07-01 02:52:09.769  1710  1712 E SQLiteDatabase: executeSql : UPDATE can set value = '0.000000' , update_time = '2022-7-1 2:52:9' where rowid = 831;
07-01 02:52:09.769  1710  1712 E SQLiteDatabase: executeSql : UPDATE can set value = '0.000000' , update_time = '2022-7-1 2:52:9' where rowid = 832;
07-01 02:52:09.769  1710  1712 E SQLiteDatabase: executeSql : UPDATE can set value = '0.000000' , update_time = '2022-7-1 2:52:9' where rowid = 833;
07-01 02:52:09.769  1710  1712 E SQLiteDatabase: executeSql : UPDATE can set value = '49152' , update_time = '2022-7-1 2:52:9' where rowid = 850;
07-01 02:52:09.769  1710  1712 E SQLiteDatabase: executeSql : UPDATE can set value = '0' , update_time = '2022-7-1 2:52:9' where rowid = 853;
07-01 02:52:09.770  1710  1712 E SQLiteDatabase: executeSql : UPDATE can set value = '0' , update_time = '2022-7-1 2:52:9' where rowid = 854;
07-01 02:52:09.770  1710  1712 E SQLiteDatabase: executeSql : UPDATE can set value = '0' , update_time = '2022-7-1 2:52:9' where rowid = 855;
07-01 02:52:09.770  1710  1712 E SQLiteDatabase: executeSql : UPDATE can set value = '0' , update_time = '2022-7-1 2:52:9' where rowid = 856;
07-01 02:52:09.770  1710  1712 E SQLiteDatabase: executeSql : UPDATE can set value = '0' , update_time = '2022-7-1 2:52:9' where rowid = 857;
07-01 02:52:09.770  1710  1712 E SQLiteDatabase: executeSql : UPDATE can set value = '0' , update_time = '2022-7-1 2:52:9' where rowid = 858;
07-01 02:52:09.770  1710  1712 E SQLiteDatabase: executeSql : UPDATE can set value = '0' , update_time = '2022-7-1 2:52:9' where rowid = 859;
07-01 02:52:09.770  1710  1712 E SQLiteDatabase: executeSql : UPDATE can set value = '0' , update_time = '2022-7-1 2:52:9' where rowid = 860;
07-01 02:52:09.770  1710  1712 E SQLiteDatabase: executeSql : UPDATE can set value = '0' , update_time = '2022-7-1 2:52:9' where rowid = 861;
07-01 02:52:09.770  1710  1712 E SQLiteDatabase: executeSql : UPDATE can set value = '0' , update_time = '2022-7-1 2:52:9' where rowid = 862;
07-01 02:52:09.770  1710  1712 E SQLiteDatabase: executeSql : UPDATE can set value = '0' , update_time = '2022-7-1 2:52:9' where rowid = 863;
07-01 02:52:09.770  1710  1712 E SQLiteDatabase: executeSql : UPDATE can set value = '0' , update_time = '2022-7-1 2:52:9' where rowid = 864;
07-01 02:52:09.770  1710  1712 E SQLiteDatabase: executeSql : UPDATE can set value = '0' , update_time = '2022-7-1 2:52:9' where rowid = 865;
07-01 02:52:09.770  1710  1712 E SQLiteDatabase: executeSql : UPDATE can set value = '3' , update_time = '2022-7-1 2:52:9' where rowid = 866;
07-01 02:52:09.770  1710  1712 E SQLiteDatabase: executeSql : UPDATE can set value = '3' , update_time = '2022-7-1 2:52:9' where rowid = 867;
07-01 02:52:09.770  1710  1712 E SQLiteDatabase: executeSql : UPDATE can set value = '3' , update_time = '2022-7-1 2:52:9' where rowid = 868;
07-01 02:52:09.770  1710  1712 E SQLiteDatabase: executeSql : UPDATE can set value = '3' , update_time = '2022-7-1 2:52:9' where rowid = 869;
07-01 02:52:09.770  1710  1712 E SQLiteDatabase: executeSql : UPDATE can set value = '3' , update_time = '2022-7-1 2:52:9' where rowid = 870;
07-01 02:52:09.770  1710  1712 E SQLiteDatabase: executeSql : UPDATE can set value = '0' , update_time = '2022-7-1 2:52:9' where rowid = 871;
07-01 02:52:09.770  1710  1712 E SQLiteDatabase: executeSql : UPDATE can set value = '0' , update_time = '2022-7-1 2:52:9' where rowid = 872;
07-01 02:52:09.770  1710  1712 E SQLiteDatabase: executeSql : UPDATE can set value = '0' , update_time = '2022-7-1 2:52:9' where rowid = 873;
07-01 02:52:09.771  1710  1712 E SQLiteDatabase: executeSql : UPDATE can set value = '0' , update_time = '2022-7-1 2:52:9' where rowid = 874;
07-01 02:52:09.771  1710  1712 E SQLiteDatabase: executeSql : UPDATE can set value = '0' , update_time = '2022-7-1 2:52:9' where rowid = 875;
07-01 02:52:09.771  1710  1712 E SQLiteDatabase: executeSql : UPDATE can set value = '0' , update_time = '2022-7-1 2:52:9' where rowid = 876;
07-01 02:52:09.771  1710  1712 E SQLiteDatabase: executeSql : UPDATE can set value = '0' , update_time = '2022-7-1 2:52:9' where rowid = 877;
07-01 02:52:09.771  1710  1712 E SQLiteDatabase: executeSql : UPDATE can set value = '0' , update_time = '2022-7-1 2:52:9' where rowid = 878;
07-01 02:52:09.771  1710  1712 E SQLiteDatabase: executeSql : UPDATE can set value = '0' , update_time = '2022-7-1 2:52:9' where rowid = 879;
07-01 02:52:09.771  1710  1712 E SQLiteDatabase: executeSql : UPDATE can set value = '0' , update_time = '2022-7-1 2:52:9' where rowid = 880;
07-01 02:52:09.771  1710  1712 E SQLiteDatabase: executeSql : UPDATE can set value = '0' , update_time = '2022-7-1 2:52:9' where rowid = 881;
07-01 02:52:09.771  1710  1712 E SQLiteDatabase: executeSql : UPDATE can set value = '0' , update_time = '2022-7-1 2:52:9' where rowid = 882;
07-01 02:52:09.771  1710  1712 E SQLiteDatabase: executeSql : UPDATE can set value = '3' , update_time = '2022-7-1 2:52:9' where rowid = 883;
07-01 02:52:09.771  1710  1712 E SQLiteDatabase: executeSql : UPDATE can set value = '3' , update_time = '2022-7-1 2:52:9' where rowid = 884;
07-01 02:52:09.771  1710  1712 E SQLiteDatabase: executeSql : UPDATE can set value = '3' , update_time = '2022-7-1 2:52:9' where rowid = 885;
07-01 02:52:09.772  1710  1712 E SQLiteDatabase: executeSql : UPDATE can set value = '3' , update_time = '2022-7-1 2:52:9' where rowid = 886;
07-01 02:52:09.772  1710  1712 E SQLiteDatabase: executeSql : UPDATE can set value = '3' , update_time = '2022-7-1 2:52:9' where rowid = 887;
07-01 02:52:09.772  1710  1712 E SQLiteDatabase: executeSql : UPDATE can set value = '0' , update_time = '2022-7-1 2:52:9' where rowid = 888;
07-01 02:52:09.772  1710  1712 E SQLiteDatabase: executeSql : UPDATE can set value = '0' , update_time = '2022-7-1 2:52:9' where rowid = 889;
07-01 02:52:09.772  1710  1712 E SQLiteDatabase: executeSql : UPDATE can set value = '0' , update_time = '2022-7-1 2:52:9' where rowid = 890;
07-01 02:52:09.772  1710  1712 E SQLiteDatabase: executeSql : UPDATE can set value = '0' , update_time = '2022-7-1 2:52:9' where rowid = 891;
07-01 02:52:09.772  1710  1712 E SQLiteDatabase: executeSql : UPDATE can set value = '0' , update_time = '2022-7-1 2:52:9' where rowid = 892;
07-01 02:52:09.772  1710  1712 E SQLiteDatabase: executeSql : UPDATE can set value = '0' , update_time = '2022-7-1 2:52:9' where rowid = 893;
07-01 02:52:09.772  1710  1712 E SQLiteDatabase: executeSql : UPDATE can set value = '0' , update_time = '2022-7-1 2:52:9' where rowid = 894;
07-01 02:52:09.772  1710  1712 E SQLiteDatabase: executeSql : UPDATE can set value = '0' , update_time = '2022-7-1 2:52:9' where rowid = 895;
07-01 02:52:09.772  1710  1712 E SQLiteDatabase: executeSql : UPDATE can set value = '0' , update_time = '2022-7-1 2:52:9' where rowid = 896;
07-01 02:52:09.772  1710  1712 E SQLiteDatabase: executeSql : UPDATE can set value = '0' , update_time = '2022-7-1 2:52:9' where rowid = 897;
07-01 02:52:09.772  1710  1712 E SQLiteDatabase: executeSql : UPDATE can set value = '0' , update_time = '2022-7-1 2:52:9' where rowid = 898;
07-01 02:52:09.772  1710  1712 E SQLiteDatabase: executeSql : UPDATE can set value = '0' , update_time = '2022-7-1 2:52:9' where rowid = 899;
07-01 02:52:09.773  1710  1712 E SQLiteDatabase: executeSql : UPDATE can set value = '3' , update_time = '2022-7-1 2:52:9' where rowid = 900;
07-01 02:52:09.778  1710  1712 E SQLiteDatabase: executeSql : UPDATE can set value = '0' , update_time = '2022-7-1 2:52:9' where rowid = 908;
07-01 02:52:09.778  1710  1712 E SQLiteDatabase: executeSql : UPDATE can set value = '0' , update_time = '2022-7-1 2:52:9' where rowid = 909;
07-01 02:52:09.778  1710  1712 E SQLiteDatabase: executeSql : UPDATE can set value = '0' , update_time = '2022-7-1 2:52:9' where rowid = 910;
07-01 02:52:09.778  1710  1712 E SQLiteDatabase: executeSql : UPDATE can set value = '0' , update_time = '2022-7-1 2:52:9' where rowid = 911;
07-01 02:52:09.778  1710  1712 E SQLiteDatabase: executeSql : UPDATE can set value = '0' , update_time = '2022-7-1 2:52:9' where rowid = 912;
07-01 02:52:09.778  1710  1712 E SQLiteDatabase: executeSql : UPDATE can set value = '0' , update_time = '2022-7-1 2:52:9' where rowid = 913;
07-01 02:52:09.779  1710  1712 E SQLiteDatabase: executeSql : UPDATE can set value = '0' , update_time = '2022-7-1 2:52:9' where rowid = 914;
07-01 02:52:09.779  1710  1712 E SQLiteDatabase: executeSql : UPDATE can set value = '0' , update_time = '2022-7-1 2:52:9' where rowid = 915;
07-01 02:52:09.779  1710  1712 E SQLiteDatabase: executeSql : UPDATE can set value = '0' , update_time = '2022-7-1 2:52:9' where rowid = 916;
07-01 02:52:09.779  1710  1712 E SQLiteDatabase: executeSql : UPDATE can set value = '3' , update_time = '2022-7-1 2:52:9' where rowid = 917;
07-01 02:52:09.779  1710  1712 E SQLiteDatabase: executeSql : UPDATE can set value = '3' , update_time = '2022-7-1 2:52:9' where rowid = 918;
07-01 02:52:09.779  1710  1712 E SQLiteDatabase: executeSql : UPDATE can set value = '3' , update_time = '2022-7-1 2:52:9' where rowid = 919;
07-01 02:52:09.779  1710  1712 E SQLiteDatabase: executeSql : UPDATE can set value = '3' , update_time = '2022-7-1 2:52:9' where rowid = 920;
07-01 02:52:09.779  1710  1712 E SQLiteDatabase: executeSql : UPDATE can set value = '3' , update_time = '2022-7-1 2:52:9' where rowid = 921;
07-01 02:52:09.782  1710  1712 E SQLiteDatabase: executeSql : UPDATE can set value = '0.000000' , update_time = '2022-7-1 2:52:9' where rowid = 989;
07-01 02:52:09.782  1710  1712 E SQLiteDatabase: executeSql : UPDATE can set value = '0' , update_time = '2022-7-1 2:52:9' where rowid = 990;
07-01 02:52:09.783  1710  1712 E SQLiteDatabase: executeSql : UPDATE can set value = '0' , update_time = '2022-7-1 2:52:9' where rowid = 1000;
07-01 02:52:09.783  1710  1712 E SQLiteDatabase: executeSql : UPDATE can set value = '0.000000' , update_time = '2022-7-1 2:52:9' where rowid = 1007;
07-01 02:52:09.784  1710  1712 E SQLiteDatabase: executeSql : UPDATE can set value = '0' , update_time = '2022-7-1 2:52:9' where rowid = 1024;
07-01 02:52:09.784  1710  1712 E SQLiteDatabase: executeSql : UPDATE can set value = '0.000000' , update_time = '2022-7-1 2:52:9' where rowid = 1026;
07-01 02:52:09.784  1710  1712 E SQLiteDatabase: executeSql : COMMIT;
07-01 02:52:09.809   987  1604 E CM_SPI  : MCU->MSM Type[01] Cat[05, 22] Cmd[02, 00] PayloadLen[0007] Payload[D1 0E 27 26 25 24 2B]
07-01 02:52:09.810  1621  1889 I DiagReceiverHandler: Received did [0xd10e] size 5 from MCU
07-01 02:52:09.810   980  1507 I DiagClient: [0x27][0x26][0x25][0x24][0x2b]
07-01 02:52:09.815   980  1454 V DiagClient: AppEvent[d10e] Size[5]
07-01 02:52:09.835  1710  1712 I CANManagerService: storeLatestCANData() : size of element : 392
07-01 02:52:09.835  1710  1712 I CANManagerService: storeLatestCANData : done
07-01 02:52:09.835  1710  1712 V CANManagerService: handleMessage ON_CHANGED_CAN_BUS
07-01 02:52:09.835  1620  1620 E PowerManagerImpl: onCanBusStatusChanged, CANBUS state=2
07-01 02:52:09.835  1620  1653 V PowerManagerImpl: processPowerManager : 20
07-01 02:52:09.835  1620  1653 V PowerManagerImpl: processPowerManager: CMD_POWER_CANBUS_STATUS_CHANGED 2
07-01 02:52:09.836  1620  1653 I PowerManagerImpl: can not make notification because pm is disabled
07-01 02:52:09.836  1620  1653 I PowerManagerImpl: notifyCANBusState: newCANBusState 0 mCurrentCANBusState :1
07-01 02:52:09.837  1630  2001 E WIFI    : onStatusChanged() CAN BUS State:2
07-01 02:52:09.837  1630  1661 E WIFI    : receiveCANBusState() CAN BUS State: OFF(NOT ACTIVE)
07-01 02:52:09.837  1895  1933 D RVC_rcvMsg: receiveMessage_canBusState :2 (0:unknown, 1:active, 2:sleep, 3:off)
07-01 02:52:09.837  1895  1933 D RVC_rcvMsg: parkClimateReqTCU:0 getCurrParkClimateModeTCU:0 getCurrState(RS_FFH_START):1
07-01 02:52:09.837  1896  1896 I RVM_Can : [onCANBusStateChanged:532] onCANBusStateChanged() state = 2
07-01 02:52:09.837  1896  1896 I RVM_App : [onCANBusStateChanged:754] onCANBusStateChanged
07-01 02:52:09.837  1891 17839 V provisioning: can bus off
07-01 02:52:09.838  1896  1929 D RVM_Main: [onReceiveCanBusState:1074] onReceiveCanBusState prevCanState = 1, CurCanstate=2
07-01 02:52:09.838   977  1513 I ConfigDbClient: ReadKv, Key:0x00000053, token[906]
07-01 02:52:09.838  1896  1929 V RVM_Can : [getCANBusStatus:84] CANBusStatus = 2
07-01 02:52:09.838  1896  1929 V RVM_App : [getMRRetryMaxNr:868] canState : [2]
07-01 02:52:09.838   977  1513 I CSE_ConfigDb: received msg from teleVM:3 0x00000053, token:906
07-01 02:52:09.838   977  1452 I CSE_ConfigDb: CONFIGDB_CB_CMD_READ_KV
07-01 02:52:09.839  1626  1676 E NGTPManagerService: onStatusChanged() : 2 
07-01 02:52:09.844   977  1452 I CSE_ConfigDb: read_data_db[lcf_table_remote] : key:0x00000053 value:50 status:0 CseEr_GetErrorCode:0 sql_status:0 token:906
07-01 02:52:09.845   977  1513 I ConfigDbClient: == wait for ReqKey:0x00000053, Req token[906]
07-01 02:52:09.845   977  1513 I ConfigDbClient: ==> [Req:Resp] table[lcf_table_remote] key[0x00000053:0x00000053], value[50], token[906:906]
07-01 02:52:09.845   978  1609 I <VSM>VehicleStatusManagerService: Query kvDB (0x00000053)[lcf_table_remote:0x00000053] success. value(50)
07-01 02:52:09.845   977  1513 I ConfigDbClient: ReadKv, Key:0x0000019a, token[907]
07-01 02:52:09.845   977  1513 I CSE_ConfigDb: received msg from teleVM:3 0x0000019a, token:907
07-01 02:52:09.845   977  1452 I CSE_ConfigDb: CONFIGDB_CB_CMD_READ_KV
07-01 02:52:09.847   977  1452 I CSE_ConfigDb: read_data_db[lcf_table_remote] : key:0x0000019a value:5 status:0 CseEr_GetErrorCode:0 sql_status:0 token:907
07-01 02:52:09.847   977  1513 I ConfigDbClient: == wait for ReqKey:0x0000019a, Req token[907]
07-01 02:52:09.847   977  1513 I ConfigDbClient: ==> [Req:Resp] table[lcf_table_remote] key[0x0000019a:0x0000019a], value[5], token[907:907]
07-01 02:52:09.847   978  1958 I <VSM>VehicleStatusManagerService: Query kvDB (MRRetryMaxLimitedNr)[lcf_table_remote:0x0000019a] success. value(5)
07-01 02:52:09.847  1896  1929 E APP     : [canBusGotoSleep] canBus Sleep ignored: m_AppAck_RetryCount[0] < u8MRRetryMaxNr[5]
07-01 02:52:09.847  1896  1929 D RVM_NS  : [canBusGotoSleep:552] canBus Sleep ignored: m_AppAck_RetryCount[0] < u8MRRetryMaxNr[5]
07-01 02:52:09.847   977  1513 I ConfigDbClient: ReadKv, Key:0x0000019a, token[908]
07-01 02:52:09.847   977  1513 I CSE_ConfigDb: received msg from teleVM:3 0x0000019a, token:908
07-01 02:52:09.848   977  1452 I CSE_ConfigDb: CONFIGDB_CB_CMD_READ_KV
07-01 02:52:09.849   977  1452 I CSE_ConfigDb: read_data_db[lcf_table_remote] : key:0x0000019a value:5 status:0 CseEr_GetErrorCode:0 sql_status:0 token:908
07-01 02:52:09.849   977  1513 I ConfigDbClient: == wait for ReqKey:0x0000019a, Req token[908]
07-01 02:52:09.849   977  1513 I ConfigDbClient: ==> [Req:Resp] table[lcf_table_remote] key[0x0000019a:0x0000019a], value[5], token[908:908]
07-01 02:52:09.850   978  1609 I <VSM>VehicleStatusManagerService: Query kvDB (0x0000019a)[lcf_table_remote:0x0000019a] success. value(5)
07-01 02:52:09.850  1891  1920 V provisioning: maximum number of retry counts is now 5
07-01 02:52:09.850   977  1817 I ConfigDbClient: ReadKv, Key:0x00000055, token[909]
07-01 02:52:09.850   977  1817 I CSE_ConfigDb: received msg from teleVM:3 0x00000055, token:909
07-01 02:52:09.850   977  1452 I CSE_ConfigDb: CONFIGDB_CB_CMD_READ_KV
07-01 02:52:09.852   977  1817 I ConfigDbClient: == wait for ReqKey:0x00000055, Req token[909]
07-01 02:52:09.852   977  1817 I ConfigDbClient: ==> [Req:Resp] table[lcf_table_remote] key[0x00000055:0x00000055], value[10], token[909:909]
07-01 02:52:09.852   977  1452 I CSE_ConfigDb: read_data_db[lcf_table_remote] : key:0x00000055 value:10 status:0 CseEr_GetErrorCode:0 sql_status:0 token:909
07-01 02:52:09.853   978  1609 I <VSM>VehicleStatusManagerService: Query kvDB (0x00000055)[lcf_table_remote:0x00000055] success. value(10)
07-01 02:52:09.853   977  1817 I ConfigDbClient: ReadKv, Key:0x0000019a, token[910]
07-01 02:52:09.853   977  1817 I CSE_ConfigDb: received msg from teleVM:3 0x0000019a, token:910
07-01 02:52:09.854   977  1452 I CSE_ConfigDb: CONFIGDB_CB_CMD_READ_KV
07-01 02:52:09.855   977  1452 I CSE_ConfigDb: read_data_db[lcf_table_remote] : key:0x0000019a value:5 status:0 CseEr_GetErrorCode:0 sql_status:0 token:910
07-01 02:52:09.855   977  1817 I ConfigDbClient: == wait for ReqKey:0x0000019a, Req token[910]
07-01 02:52:09.855   977  1817 I ConfigDbClient: ==> [Req:Resp] table[lcf_table_remote] key[0x0000019a:0x0000019a], value[5], token[910:910]
07-01 02:52:09.855   978  1609 I <VSM>VehicleStatusManagerService: Query kvDB (0x0000019a)[lcf_table_remote:0x0000019a] success. value(5)
07-01 02:52:09.855  1891  1920 V provisioning: maximum number of retry counts is now 5
07-01 02:52:10.015   987  1604 E CM_SPI  : MCU->MSM Type[02] Cat[04, 00] Cmd[D1, 00] PayloadLen[0006] Payload[16 07 01 02 34 09]
07-01 02:52:10.015  1627  6614 V FactoryImpl: onReceive MCU type[x2], cate[x4], subcate[x0], cmd[209], cmd2[x0]
07-01 02:52:10.015  1627  6614 V FactoryUtil: onReceive MCU param[x02][xD1][x00], bufSize[6:6]:[x16][x07][x01][x02][x34][x09]...
07-01 02:52:10.015  1627  1677 V FactoryUtil: handleMessage FACTORY_IMPL_RES_FR_MCU_EDU param[x04][xD1][x00], bufSize[6:6]:[x16][x07][x01][x02][x34][x09]...
07-01 02:52:10.015  1627  1677 V FactoryEdu: procEduResCommand cate[x04], subCate[x00], cmd[xD1], cmd2[x00]
07-01 02:52:10.015  1627  1677 V FactoryUtil: Res Buffer  bufSize[6]
07-01 02:52:10.015  1627  1677 V FactoryUtil: [x16][x07][x01][x02][x34][x09]
07-01 02:52:10.015  1627  1677 V FactoryEdu: procEduResCommand cmd not define cate[x04], subCate[x00], cmd[xD1], cmd2[x00]
07-01 02:52:10.110  1710  1754 V CRH     : RX_TIME_TO_KICK_DOG
07-01 02:52:10.110  1710  1712 V CANManagerService: perform HeartBeat()
07-01 02:52:10.111  1710  1755 V CTH     : TXhandleMessage TX_TIME_TO_KICK_DOG
07-01 02:52:10.125  1753  9286 V Location:ServiceStub: getLoastLocationData
07-01 02:52:11.126  1753  9286 V Location:ServiceStub: getLoastLocationData
07-01 02:52:12.133  1753  1776 V Location:ServiceStub: getLoastLocationData
07-01 02:52:12.439  1621  1707 I DiagReadDTCHandler: checkSimCardError simStatus 5, simError[0]
07-01 02:52:13.125  1753  1776 V Location:ServiceStub: getLoastLocationData
07-01 02:52:13.504   987  1604 E CM_SPI  : MCU->MSM Type[01] Cat[05, 22] Cmd[02, 00] PayloadLen[000A] Payload[D9 9E 00 00 00 0C 00 00 00 30]
07-01 02:52:14.125  1753  9286 V Location:ServiceStub: getLoastLocationData
07-01 02:52:14.744   975  1524 E SPIClient_can: CL-ISPI_CSPB_OSC
07-01 02:52:14.744   975  1524 E SPIClient_can: RCV CB Single(0), Group(0)
07-01 02:52:14.744   975  1638 E SPIClient_can: MSG_CAN_BUS_STATE
07-01 02:52:14.744   975  1638 E SPIClient_can: CB_2
07-01 02:52:14.812   987  1604 E CM_SPI  : MSM->MCU Type[01] Cat[01, 00] Cmd[11, 00] PayloadLen[0000]
07-01 02:52:14.819   987  1604 E CM_SPI  : MCU->MSM Type[02] Cat[01, 00] Cmd[11, 00] PayloadLen[0000]
07-01 02:52:14.819  1627  6614 V FactoryImpl: onReceive MCU type[x2], cate[x1], subcate[x0], cmd[17], cmd2[x0]
07-01 02:52:14.819  1627  6614 V FactoryUtil: onReceive MCU param[x02][x11][x00], buf is NULL
07-01 02:52:14.819  1627  1677 V FactoryUtil: handleMessage FACTORY_IMPL_RES_FR_MCU_EDU param[x01][x11][x00], buf is NULL
07-01 02:52:14.819  1627  1677 V FactoryEdu: procEduResCommand cate[x01], subCate[x00], cmd[x11], cmd2[x00]
07-01 02:52:14.819  1627  1677 V FactoryUtil: Res Buffer  buf is NULL
07-01 02:52:14.819  1627  1677 V FactoryEdu: procEduResCommand cmd not define cate[x01], subCate[x00], cmd[x11], cmd2[x00]
07-01 02:52:15.125  1753  1776 V Location:ServiceStub: getLoastLocationData
07-01 02:52:15.445  1621  1707 I DiagReadDTCHandler: checkSimCardError simStatus 5, simError[0]
07-01 02:52:16.127  1753  1776 V Location:ServiceStub: getLoastLocationData
07-01 02:52:16.218   987  1604 E CM_SPI  : MCU->MSM Type[01] Cat[05, DD] Cmd[05, 00] PayloadLen[0006] Payload[00 FE 00 00 00 23]
07-01 02:52:16.667   987  1595 E CommunicationManagerService: KICK DOG(91)
07-01 02:52:16.786   976  1481 I LocationServer: droutput:lat:1.570796,lon:3.141593,alt:0.000000
07-01 02:52:17.125  1753  1776 V Location:ServiceStub: getLoastLocationData
07-01 02:52:18.124  1753  9286 V Location:ServiceStub: getLoastLocationData
07-01 02:52:18.268  1753 13093 D PearlchainManager: storeLastLocation with success
07-01 02:52:18.303  1621  1707 I DiagReadDTCHandler: checkFaultSettingCondition[false] PM[0] Vol[11.980000] bubTemp [35]
07-01 02:52:18.391  1621 13112 I DiagManagerService: onWatchDog Kick
07-01 02:52:18.448  1621  1707 I DiagReadDTCHandler: checkSimCardError simStatus 5, simError[0]
07-01 02:52:19.127  1753  9286 V Location:ServiceStub: getLoastLocationData
07-01 02:52:19.724  1618 13273 V DebugManagerServiceImpl: DEBUG_IMPL_KICK_DOG
07-01 02:52:19.757   975  1524 E SPIClient_can: CL-ISPI_CSPB_OSC
07-01 02:52:19.757   975  1524 E SPIClient_can: RCV CB Single(0), Group(0)
07-01 02:52:19.757   975  1638 E SPIClient_can: MSG_CAN_BUS_STATE
07-01 02:52:19.757   975  1638 E SPIClient_can: CB_2
07-01 02:52:20.110  1710  1754 V CRH     : RX_TIME_TO_KICK_DOG
07-01 02:52:20.111  1710  1755 V CTH     : TXhandleMessage TX_TIME_TO_KICK_DOG
07-01 02:52:20.111  1710  1712 V CANManagerService: perform HeartBeat()
07-01 02:52:20.128  1753  9286 V Location:ServiceStub: getLoastLocationData
07-01 02:52:20.614   987  1604 E CM_SPI  : MCU->MSM Type[02] Cat[04, 00] Cmd[D1, 00] PayloadLen[0006] Payload[16 07 01 02 34 14]
07-01 02:52:20.615  1627  6614 V FactoryImpl: onReceive MCU type[x2], cate[x4], subcate[x0], cmd[209], cmd2[x0]
07-01 02:52:20.615  1627  6614 V FactoryUtil: onReceive MCU param[x02][xD1][x00], bufSize[6:6]:[x16][x07][x01][x02][x34][x14]...
07-01 02:52:20.615  1627  1677 V FactoryUtil: handleMessage FACTORY_IMPL_RES_FR_MCU_EDU param[x04][xD1][x00], bufSize[6:6]:[x16][x07][x01][x02][x34][x14]...
07-01 02:52:20.615  1627  1677 V FactoryEdu: procEduResCommand cate[x04], subCate[x00], cmd[xD1], cmd2[x00]
07-01 02:52:20.615  1627  1677 V FactoryUtil: Res Buffer  bufSize[6]
07-01 02:52:20.615  1627  1677 V FactoryUtil: [x16][x07][x01][x02][x34][x14]
07-01 02:52:20.615  1627  1677 V FactoryEdu: procEduResCommand cmd not define cate[x04], subCate[x00], cmd[xD1], cmd2[x00]
07-01 02:52:21.125  1753  1776 V Location:ServiceStub: getLoastLocationData
07-01 02:52:21.450  1621  1707 I DiagReadDTCHandler: checkSimCardError simStatus 5, simError[0]
07-01 02:52:22.125  1753  1776 V Location:ServiceStub: getLoastLocationData
07-01 02:52:22.819   987  1604 E CM_SPI  : MCU->MSM Type[01] Cat[05, DD] Cmd[05, 00] PayloadLen[0006] Payload[00 FE 00 00 00 23]
07-01 02:52:23.134  1753  1776 V Location:ServiceStub: getLoastLocationData
07-01 02:52:23.494   987  1604 E CM_SPI  : MCU->MSM Type[01] Cat[05, 22] Cmd[02, 00] PayloadLen[000A] Payload[D9 9E 00 00 00 16 00 00 00 26]
07-01 02:52:24.151  1753  1776 V Location:ServiceStub: getLoastLocationData
07-01 02:52:24.452  1621  1707 I DiagReadDTCHandler: checkSimCardError simStatus 5, simError[0]
07-01 02:52:24.764   975  1524 E SPIClient_can: CL-ISPI_CSPB_OSC
07-01 02:52:24.764   975  1524 E SPIClient_can: RCV CB Single(0), Group(0)
07-01 02:52:24.764   975  1638 E SPIClient_can: MSG_CAN_BUS_STATE
07-01 02:52:24.764   975  1638 E SPIClient_can: CB_2
07-01 02:52:24.813   987  1604 E CM_SPI  : MSM->MCU Type[01] Cat[01, 00] Cmd[11, 00] PayloadLen[0000]
07-01 02:52:24.820   987  1604 E CM_SPI  : MCU->MSM Type[02] Cat[01, 00] Cmd[11, 00] PayloadLen[0000]
07-01 02:52:24.821  1627  6614 V FactoryImpl: onReceive MCU type[x2], cate[x1], subcate[x0], cmd[17], cmd2[x0]
07-01 02:52:24.821  1627  6614 V FactoryUtil: onReceive MCU param[x02][x11][x00], buf is NULL
07-01 02:52:24.821  1627  1677 V FactoryUtil: handleMessage FACTORY_IMPL_RES_FR_MCU_EDU param[x01][x11][x00], buf is NULL
07-01 02:52:24.821  1627  1677 V FactoryEdu: procEduResCommand cate[x01], subCate[x00], cmd[x11], cmd2[x00]
07-01 02:52:24.821  1627  1677 V FactoryUtil: Res Buffer  buf is NULL
07-01 02:52:24.821  1627  1677 V FactoryEdu: procEduResCommand cmd not define cate[x01], subCate[x00], cmd[x11], cmd2[x00]
07-01 02:52:25.137  1753  9286 V Location:ServiceStub: getLoastLocationData
07-01 02:52:25.971  1731  1750 E TELE    : UNSOL_NETWORK_REJECT_CAUSE {17}
07-01 02:52:25.972  1731  1750 E TELE    : UNSOL_NETWORK_REJECT_CAUSE {17}
07-01 02:52:26.138  1753  1776 V Location:ServiceStub: getLoastLocationData
07-01 02:52:26.667   987  1595 E CommunicationManagerService: KICK DOG(92)
07-01 02:52:26.785   976  1481 I LocationServer: droutput:lat:1.570796,lon:3.141593,alt:0.000000
07-01 02:52:27.141  1753  1776 V Location:ServiceStub: getLoastLocationData
07-01 02:52:27.455  1621  1707 I DiagReadDTCHandler: checkSimCardError simStatus 5, simError[0]
07-01 02:52:27.490  1621  1899 E DIAG    : onNotifyVoltage Main Vol[11.990000]
07-01 02:52:28.130  1753  1776 V Location:ServiceStub: getLoastLocationData
07-01 02:52:28.305  1621  1707 I DiagReadDTCHandler: checkFaultSettingCondition[false] PM[0] Vol[11.990000] bubTemp [35]
07-01 02:52:28.391  1621 14294 I DiagManagerService: onWatchDog Kick
07-01 02:52:29.125  1753  9286 V Location:ServiceStub: getLoastLocationData
07-01 02:52:29.419   987  1604 E CM_SPI  : MCU->MSM Type[01] Cat[05, DD] Cmd[05, 00] PayloadLen[0006] Payload[00 FE 00 00 00 23]
07-01 02:52:29.724  1618 14455 V DebugManagerServiceImpl: DEBUG_IMPL_KICK_DOG
07-01 02:52:29.774   975  1524 E SPIClient_can: CL-ISPI_CSPB_OSC
07-01 02:52:29.774   975  1524 E SPIClient_can: RCV CB Single(0), Group(0)
07-01 02:52:29.776   975  1638 E SPIClient_can: MSG_CAN_BUS_STATE
07-01 02:52:29.776   975  1638 E SPIClient_can: CB_2
07-01 02:52:30.113  1710  1754 V CRH     : RX_TIME_TO_KICK_DOG
07-01 02:52:30.113  1710  1712 V CANManagerService: perform HeartBeat()
07-01 02:52:30.113  1710  1755 V CTH     : TXhandleMessage TX_TIME_TO_KICK_DOG
07-01 02:52:30.125  1753  1776 V Location:ServiceStub: getLoastLocationData
07-01 02:52:30.457  1621  1707 I DiagReadDTCHandler: checkSimCardError simStatus 5, simError[0]
07-01 02:52:31.129  1753  1776 V Location:ServiceStub: getLoastLocationData
07-01 02:52:31.215   987  1604 E CM_SPI  : MCU->MSM Type[02] Cat[04, 00] Cmd[D1, 00] PayloadLen[0006] Payload[16 07 01 02 34 1E]
07-01 02:52:31.215  1627  6614 V FactoryImpl: onReceive MCU type[x2], cate[x4], subcate[x0], cmd[209], cmd2[x0]
07-01 02:52:31.215  1627  6614 V FactoryUtil: onReceive MCU param[x02][xD1][x00], bufSize[6:6]:[x16][x07][x01][x02][x34][x1E]...
07-01 02:52:31.215  1627  1677 V FactoryUtil: handleMessage FACTORY_IMPL_RES_FR_MCU_EDU param[x04][xD1][x00], bufSize[6:6]:[x16][x07][x01][x02][x34][x1E]...
07-01 02:52:31.215  1627  1677 V FactoryEdu: procEduResCommand cate[x04], subCate[x00], cmd[xD1], cmd2[x00]
07-01 02:52:31.215  1627  1677 V FactoryUtil: Res Buffer  bufSize[6]
07-01 02:52:31.215  1627  1677 V FactoryUtil: [x16][x07][x01][x02][x34][x1E]
07-01 02:52:31.215  1627  1677 V FactoryEdu: procEduResCommand cmd not define cate[x04], subCate[x00], cmd[xD1], cmd2[x00]
07-01 02:52:32.125  1753  1776 V Location:ServiceStub: getLoastLocationData
07-01 02:52:32.540  1625  1696 V AlarmHalImpl: mdm_alarmPollInt expired, alarm 1656643952, time 1656643952
07-01 02:52:32.541  1625  1696 I AlarmQueue: <<>><<>>Got Message[0x99e83fe0]  0x70000ee0
07-01 02:52:32.541  1625  1696 I AlarmHalImpl: mdm_alarmSetAlarm
07-01 02:52:32.541  1625  1696 V AlarmHalImpl: mdm_alarmSetAlarm cur:1656643952, alarm:1656730317, alarm_interval:86365
07-01 02:52:32.541  1625  1696 I AlarmQueue: poll do alarmSetAlarm[whenMs : 1656730317000] app_id=118 
07-01 02:52:32.541  1625  1696 D AlarmManagerImpl: AlarmLooper::Alarm is expired
07-01 02:52:32.541  1625  1696 I AlarmQueue: <<<  poll start : 0x99e83fe0
07-01 02:52:32.541  1625  1696 I AlarmQueue: start alarmPollInt [0x99e83fe0]
07-01 02:52:32.541  1625  1696 I AlarmHalImpl: mdm_alarmPollInt
07-01 02:52:32.541  1625  1691 D AlarmManagerImpl: AlarmHandler::handleMessage : what : 1
07-01 02:52:32.541  1625  1691 D AlarmManagerImpl: alarmExpired
07-01 02:52:32.541  1625  1691 D AlarmManagerImpl: alarmExpired : call listener
07-01 02:52:32.541  1895  1933 I RVC_rcvMsg: receiveMessage_CallbackAlarmExpireListener what:4 arg1:10
07-01 02:52:32.541  1895  1933 E APP     : RVC] receiveMessage_CallbackAlarmExpireListener what:4 arg1:10
07-01 02:52:32.541  1895  1933 E RVC_timer: [TIMER_TCU_AUTH_SEQ] 10 timer expired. serviceType:4
07-01 02:52:32.541  1895  1933 E APP     : RVC] [TIMER_TCU_AUTH_SEQ] 10 timer expired. serviceType:4
07-01 02:52:32.541  1895  1933 D RVC     : save property:REONSuccess value:FAIL
07-01 02:52:32.541  1895  1933 D RVC     : save property:REONFailReason value:BCM auth Fail
07-01 02:52:32.541  1895  1933 D RVC     : save property:REONAuthStatus value:TIME OUT
07-01 02:52:32.541  1895  1933 D RVC     : receiveBCMauthStatus reqType:4 BCM authentication fail cause:0x500000000000000
07-01 02:52:32.541  1895  1933 I RVC     : setCurrState service:4 state:1 
07-01 02:52:32.541  1895  1933 E APP     : RVC] setCurrState service:4 state:1 
07-01 02:52:32.541  1895  1933 I RVC_kvdb: kvDBRx cfgName:Additional Heater start 933811
07-01 02:52:32.541  1895  1933 E APP     : RVC] kvDBRx cfgName:Additional Heater start 933811
07-01 02:52:32.542   977  1817 I ConfigDbClient: ReadKv, Key:mdf_0427, token[911]
07-01 02:52:32.542   977  1817 I CSE_ConfigDb: received msg from teleVM:3 mdf_0427, token:911
07-01 02:52:32.542   977  1452 I CSE_ConfigDb: CONFIGDB_CB_CMD_READ_KV
07-01 02:52:32.542  1625  1691 D AlarmHalImpl: Handle Notifification Handle to App done
07-01 02:52:32.543   977  1452 I CSE_ConfigDb: read_data_db[car_config_data] : key:mdf_0427 value:0 status:0 CseEr_GetErrorCode:0 sql_status:0 token:911
07-01 02:52:32.543   977  1817 I ConfigDbClient: == wait for ReqKey:mdf_0427, Req token[911]
07-01 02:52:32.543   977  1817 I ConfigDbClient: ==> [Req:Resp] table[car_config_data] key[mdf_0427:mdf_0427], value[0], token[911:911]
07-01 02:52:32.543   978  1609 I <VSM>VehicleStatusManagerService: Query kvDB (Additional Heater)[car_config_data:mdf_0427] success. value(0)
07-01 02:52:32.544  1895  1933 I RVC_kvdb: kvDBRx cfgName:Additional Heater 2 value:0(0) end 933813 takes 2 ms
07-01 02:52:32.544  1895  1933 E APP     : RVC] kvDBRx cfgName:Additional Heater 2 value:0(0) end 933813 takes 2 ms
07-01 02:52:32.544  1895  1933 I RVC_ngtp: setNGTPerrorCode() errorCode:11
07-01 02:52:32.544  1895  1933 E APP     : RVC] setNGTPerrorCode() errorCode:11
07-01 02:52:32.544  1895  1933 I RVC_ngtp: sendNackMsgToTSP() remoteServiceType:4 
07-01 02:52:32.544  1895  1933 E APP     : RVC] sendNackMsgToTSP() remoteServiceType:4 
07-01 02:52:32.544  1895  1933 I RVC     : getPropertyInt name : ResRunTimeCounter prop:1800 val:1800
07-01 02:52:32.544  1895  1933 E APP     : RVC] getPropertyInt name : ResRunTimeCounter prop:1800 val:1800
07-01 02:52:32.544  1895  1933 D RVC_ngtp: getRESremainingMinute remainingTime second:1800 minute:30
07-01 02:52:32.544  1895  1933 I RVC     : getPropertyInt name : ffhRemainingRunTime prop:0 val:0
07-01 02:52:32.544  1895  1933 E APP     : RVC] getPropertyInt name : ffhRemainingRunTime prop:0 val:0
