07-01 02:48:47.284  1620  1653 I PowerModeTimer: readPowerTimerConfigValue : item PwmReceiveTimeUnprovisioned, val : 0
07-01 02:48:47.284  1620  1653 V PowerModeTimer: resetTimerValue :id - 14, timer - 0
07-01 02:48:47.284  1620  1653 V PowerModeTimer: resetTimerValue :PwmReceiveTimeUnprovisioned - 0
07-01 02:48:47.284   977  1513 I ConfigDbClient: ReadKv, Key:mdf_5247, token[758]
07-01 02:48:47.284   977  1513 I CSE_ConfigDb: received msg from teleVM:3 mdf_5247, token:758
07-01 02:48:47.284   977  1452 I CSE_ConfigDb: CONFIGDB_CB_CMD_READ_KV
07-01 02:48:47.286   977  1452 I CSE_ConfigDb: read_data_db[car_config_data] : key:mdf_5247 value:0 status:0 CseEr_GetErrorCode:0 sql_status:0 token:758
07-01 02:48:47.286   977  1513 I ConfigDbClient: == wait for ReqKey:mdf_5247, Req token[758]
07-01 02:48:47.286   977  1513 I ConfigDbClient: ==> [Req:Resp] table[car_config_data] key[mdf_5247:mdf_5247], value[0], token[758:758]
07-01 02:48:47.286   978  1608 I <VSM>VehicleStatusManagerService: Query kvDB (ConvenienceFold)[car_config_data:mdf_5247] success. value(0)
07-01 02:48:47.287   977  1513 I ConfigDbClient: ReadKv, Key:0x504b6691, token[759]
07-01 02:48:47.287   977  1513 I CSE_ConfigDb: received msg from teleVM:3 0x504b6691, token:759
07-01 02:48:47.287   977  1452 I CSE_ConfigDb: CONFIGDB_CB_CMD_READ_KV
07-01 02:48:47.291   977  1452 I CSE_ConfigDb: read_data_db[lcf_table_remote] : key:0x504b6691 value:1814400 status:0 CseEr_GetErrorCode:0 sql_status:0 token:759
07-01 02:48:47.291   977  1513 I ConfigDbClient: == wait for ReqKey:0x504b6691, Req token[759]
07-01 02:48:47.291   977  1513 I ConfigDbClient: ==> [Req:Resp] table[lcf_table_remote] key[0x504b6691:0x504b6691], value[1814400], token[759:759]
07-01 02:48:47.291   978  1958 I <VSM>VehicleStatusManagerService: Query kvDB (PwmSecondPeriodicCycle)[lcf_table_remote:0x504b6691] success. value(1814400)
07-01 02:48:47.292  1620  1653 I PowerModeTimer: readPowerTimerConfigValue : item PwmSecondPeriodicCycle, val : 1814400
07-01 02:48:47.292  1620  1653 V PowerModeTimer: resetTimerValue :id - 15, timer - 1814400
07-01 02:48:47.292  1620  1653 V PowerModeTimer: resetTimerValue :PwmSecondPeriodicCycle - 1814400000
07-01 02:48:47.292   977  1513 I ConfigDbClient: ReadKv, Key:mdf_0177, token[760]
07-01 02:48:47.292   977  1513 I CSE_ConfigDb: received msg from teleVM:3 mdf_0177, token:760
07-01 02:48:47.293   977  1452 I CSE_ConfigDb: CONFIGDB_CB_CMD_READ_KV
07-01 02:48:47.296   977  1513 I ConfigDbClient: == wait for ReqKey:mdf_0177, Req token[760]
07-01 02:48:47.296   977  1513 I ConfigDbClient: ==> [Req:Resp] table[car_config_data] key[mdf_0177:mdf_0177], value[0], token[760:760]
07-01 02:48:47.296   977  1452 I CSE_ConfigDb: read_data_db[car_config_data] : key:mdf_0177 value:0 status:0 CseEr_GetErrorCode:0 sql_status:0 token:760
07-01 02:48:47.298   978  1608 I <VSM>VehicleStatusManagerService: Query kvDB (Fuel)[car_config_data:mdf_0177] success. value(0)
07-01 02:48:47.299   977  1513 I ConfigDbClient: ReadKv, Key:0x52f363d5, token[761]
07-01 02:48:47.299   977  1513 I CSE_ConfigDb: received msg from teleVM:3 0x52f363d5, token:761
07-01 02:48:47.299   977  1452 I CSE_ConfigDb: CONFIGDB_CB_CMD_READ_KV
07-01 02:48:47.301   977  1452 I CSE_ConfigDb: read_data_db[lcf_table_remote] : key:0x52f363d5 value:1814400 status:0 CseEr_GetErrorCode:0 sql_status:0 token:761
07-01 02:48:47.301   977  1513 I ConfigDbClient: == wait for ReqKey:0x52f363d5, Req token[761]
07-01 02:48:47.301   977  1513 I ConfigDbClient: ==> [Req:Resp] table[lcf_table_remote] key[0x52f363d5:0x52f363d5], value[1814400], token[761:761]
07-01 02:48:47.301   978  1958 I <VSM>VehicleStatusManagerService: Query kvDB (PwmSecondPeriodicCycleHolidayMode)[lcf_table_remote:0x52f363d5] success. value(1814400)
07-01 02:48:47.301  1620  1653 I PowerModeTimer: readPowerTimerConfigValue : item PwmSecondPeriodicCycleHolidayMode, val : 1814400
07-01 02:48:47.301  1620  1653 V PowerModeTimer: resetTimerValue :id - 16, timer - 1814400
07-01 02:48:47.302  1620  1653 V PowerModeTimer: resetTimerValue :PwmSecondPeriodicCycleHolidayMode - 1814400000
07-01 02:48:47.302   977  1513 I ConfigDbClient: ReadKv, Key:0x000001d7, token[762]
07-01 02:48:47.302   977  1513 I CSE_ConfigDb: received msg from teleVM:3 0x000001d7, token:762
07-01 02:48:47.305   977  1452 I CSE_ConfigDb: CONFIGDB_CB_CMD_READ_KV
07-01 02:48:47.307   977  1452 I CSE_ConfigDb: read_data_db[lcf_table_remote] : key:0x000001d7 value:0 status:0 CseEr_GetErrorCode:0 sql_status:0 token:762
07-01 02:48:47.307   977  1513 I ConfigDbClient: == wait for ReqKey:0x000001d7, Req token[762]
07-01 02:48:47.307   977  1513 I ConfigDbClient: ==> [Req:Resp] table[lcf_table_remote] key[0x000001d7:0x000001d7], value[0], token[762:762]
07-01 02:48:47.307   978  1608 I <VSM>VehicleStatusManagerService: Query kvDB (AppModeCC)[lcf_table_remote:0x000001d7] success. value(0)
07-01 02:48:47.307  1896 19552 E APP     : [vehicleUpLinkData] AppModeCC is disabled
07-01 02:48:47.307  1896 19552 D RVM_Ngtp: [vehicleUpLinkData:821] AppModeCC is disabled
07-01 02:48:47.308   977  1513 I ConfigDbClient: ReadKv, Key:0x505c70a2, token[763]
07-01 02:48:47.308   977  1513 I CSE_ConfigDb: received msg from teleVM:3 0x505c70a2, token:763
07-01 02:48:47.308   977  1452 I CSE_ConfigDb: CONFIGDB_CB_CMD_READ_KV
07-01 02:48:47.310   977  1452 I CSE_ConfigDb: read_data_db[lcf_table_remote] : key:0x505c70a2 value:0 status:0 CseEr_GetErrorCode:0 sql_status:0 token:763
07-01 02:48:47.310   977  1513 I ConfigDbClient: == wait for ReqKey:0x505c70a2, Req token[763]
07-01 02:48:47.310   977  1513 I ConfigDbClient: ==> [Req:Resp] table[lcf_table_remote] key[0x505c70a2:0x505c70a2], value[0], token[763:763]
07-01 02:48:47.311   978  1958 I <VSM>VehicleStatusManagerService: Query kvDB (PwmSecondPeriodicCycleUnprovisioned)[lcf_table_remote:0x505c70a2] success. value(0)
07-01 02:48:47.311   977  1513 I ConfigDbClient: ReadKv, Key:0x521f112e, token[764]
07-01 02:48:47.311   977  1513 I CSE_ConfigDb: received msg from teleVM:3 0x521f112e, token:764
07-01 02:48:47.311  1620  1653 I PowerModeTimer: readPowerTimerConfigValue : item PwmSecondPeriodicCycleUnprovisioned, val : 0
07-01 02:48:47.311  1620  1653 V PowerModeTimer: resetTimerValue :id - 17, timer - 0
07-01 02:48:47.311   977  1452 I CSE_ConfigDb: CONFIGDB_CB_CMD_READ_KV
07-01 02:48:47.311  1620  1653 V PowerModeTimer: resetTimerValue :PwmSecondPeriodicCycleUnprovisioned - 0
07-01 02:48:47.314   977  1452 I CSE_ConfigDb: read_data_db[lcf_table_remote] : key:0x521f112e value:1800 status:0 CseEr_GetErrorCode:0 sql_status:0 token:764
07-01 02:48:47.314   977  1513 I ConfigDbClient: == wait for ReqKey:0x521f112e, Req token[764]
07-01 02:48:47.314   977  1513 I ConfigDbClient: ==> [Req:Resp] table[lcf_table_remote] key[0x521f112e:0x521f112e], value[1800], token[764:764]
07-01 02:48:47.314   978  1608 I <VSM>VehicleStatusManagerService: Query kvDB (ClimateControlResRunTime_s)[lcf_table_remote:0x521f112e] success. value(1800)
07-01 02:48:47.314  1896 19552 V RVM_Cfg : [getResRemainRunTime_M:895] ResRemainRunTime minute:30
07-01 02:48:47.314   977  1513 I ConfigDbClient: ReadKv, Key:0x4ffc6b45, token[765]
07-01 02:48:47.315   977  1513 I CSE_ConfigDb: received msg from teleVM:3 0x4ffc6b45, token:765
07-01 02:48:47.315  1896 19552 V RVM_Cfg : [getFfhRemainRunTime_M:860] FfhRemainRunTime minute:0
07-01 02:48:47.315   977  1452 I CSE_ConfigDb: CONFIGDB_CB_CMD_READ_KV
07-01 02:48:47.315  1896 19552 V RVM_App : [isLocationDataAvailable:967] isLocationDataAvailable() : 0
07-01 02:48:47.315  1896 19552 V RVM_App : [getFixtimeForDays:945] getFixtimeForDays
07-01 02:48:47.318  1753  9286 V Location:ServiceStub: getLoastLocationData
07-01 02:48:47.319  1896 19552 V RVM_Ngtp: [getDaysSinceGnssFix:2137] sysTime = 709958927, locaFixTime = 0
07-01 02:48:47.320  1896 19552 V RVM_Ngtp: [getDaysSinceGnssFix:2138] daysSinceGnssFix = 0, diffTime = 0
07-01 02:48:47.321   977  1452 I CSE_ConfigDb: read_data_db[lcf_table_remote] : key:0x4ffc6b45 value:86400 status:0 CseEr_GetErrorCode:0 sql_status:0 token:765
07-01 02:48:47.322   977  1513 I ConfigDbClient: == wait for ReqKey:0x4ffc6b45, Req token[765]
07-01 02:48:47.322   977  1513 I ConfigDbClient: ==> [Req:Resp] table[lcf_table_remote] key[0x4ffc6b45:0x4ffc6b45], value[86400], token[765:765]
07-01 02:48:47.322   978  1958 I <VSM>VehicleStatusManagerService: Query kvDB (PwmSleepTimeSecondCycle)[lcf_table_remote:0x4ffc6b45] success. value(86400)
07-01 02:48:47.322  1620  1653 I PowerModeTimer: readPowerTimerConfigValue : item PwmSleepTimeSecondCycle, val : 86400
07-01 02:48:47.322  1620  1653 V PowerModeTimer: resetTimerValue :id - 18, timer - 86400
07-01 02:48:47.322  1620  1653 V PowerModeTimer: resetTimerValue :PwmSleepTimeSecondCycle - 86400000
07-01 02:48:47.323   977  1513 I ConfigDbClient: ReadKv, Key:mdf_5247, token[766]
07-01 02:48:47.323   977  1513 I CSE_ConfigDb: received msg from teleVM:3 mdf_5247, token:766
07-01 02:48:47.323   977  1452 I CSE_ConfigDb: CONFIGDB_CB_CMD_READ_KV
07-01 02:48:47.326   977  1452 I CSE_ConfigDb: read_data_db[car_config_data] : key:mdf_5247 value:0 status:0 CseEr_GetErrorCode:0 sql_status:0 token:766
07-01 02:48:47.326   977  1513 I ConfigDbClient: == wait for ReqKey:mdf_5247, Req token[766]
07-01 02:48:47.326   977  1513 I ConfigDbClient: ==> [Req:Resp] table[car_config_data] key[mdf_5247:mdf_5247], value[0], token[766:766]
07-01 02:48:47.326   978  1608 I <VSM>VehicleStatusManagerService: Query kvDB (ConvenienceFold)[car_config_data:mdf_5247] success. value(0)
07-01 02:48:47.331   977  1513 I ConfigDbClient: ReadKv, Key:mdf_5247, token[767]
07-01 02:48:47.331   977  1513 I CSE_ConfigDb: received msg from teleVM:3 mdf_5247, token:767
07-01 02:48:47.331   977  1452 I CSE_ConfigDb: CONFIGDB_CB_CMD_READ_KV
07-01 02:48:47.337   977  1452 I CSE_ConfigDb: read_data_db[car_config_data] : key:mdf_5247 value:0 status:0 CseEr_GetErrorCode:0 sql_status:0 token:767
07-01 02:48:47.337   977  1513 I ConfigDbClient: == wait for ReqKey:mdf_5247, Req token[767]
07-01 02:48:47.337   977  1513 I ConfigDbClient: ==> [Req:Resp] table[car_config_data] key[mdf_5247:mdf_5247], value[0], token[767:767]
07-01 02:48:47.341   978  1608 I <VSM>VehicleStatusManagerService: Query kvDB (ConvenienceFold)[car_config_data:mdf_5247] success. value(0)
07-01 02:48:47.341   977  1817 I ConfigDbClient: ReadKv, Key:0x52f363cd, token[768]
07-01 02:48:47.341   977  1817 I CSE_ConfigDb: received msg from teleVM:3 0x52f363cd, token:768
07-01 02:48:47.341   977  1452 I CSE_ConfigDb: CONFIGDB_CB_CMD_READ_KV
07-01 02:48:47.344   977  1452 I CSE_ConfigDb: read_data_db[lcf_table_remote] : key:0x52f363cd value:86280 status:0 CseEr_GetErrorCode:0 sql_status:0 token:768
07-01 02:48:47.344   977  1817 I ConfigDbClient: == wait for ReqKey:0x52f363cd, Req token[768]
07-01 02:48:47.344   977  1817 I ConfigDbClient: ==> [Req:Resp] table[lcf_table_remote] key[0x52f363cd:0x52f363cd], value[86280], token[768:768]
07-01 02:48:47.344   978  1958 I <VSM>VehicleStatusManagerService: Query kvDB (PwmSleepTimeSecondCycleHolidayMode)[lcf_table_remote:0x52f363cd] success. value(86280)
07-01 02:48:47.345   977  1817 I ConfigDbClient: ReadKv, Key:0x00000033, token[769]
07-01 02:48:47.345   977  1817 I CSE_ConfigDb: received msg from teleVM:3 0x00000033, token:769
07-01 02:48:47.346  1620  1653 I PowerModeTimer: readPowerTimerConfigValue : item PwmSleepTimeSecondCycleHolidayMode, val : 86280
07-01 02:48:47.346   977  1452 I CSE_ConfigDb: CONFIGDB_CB_CMD_READ_KV
07-01 02:48:47.346  1620  1653 V PowerModeTimer: resetTimerValue :id - 19, timer - 86280
07-01 02:48:47.346  1620  1653 V PowerModeTimer: resetTimerValue :PwmSleepTimeSecondCycleHolidayMode - 86280000
07-01 02:48:47.348   977  1452 I CSE_ConfigDb: read_data_db[lcf_table_remote] : key:0x00000033 value:0 status:0 CseEr_GetErrorCode:0 sql_status:0 token:769
07-01 02:48:47.348   977  1817 I ConfigDbClient: == wait for ReqKey:0x00000033, Req token[769]
07-01 02:48:47.348   977  1817 I ConfigDbClient: ==> [Req:Resp] table[lcf_table_remote] key[0x00000033:0x00000033], value[0], token[769:769]
07-01 02:48:47.348   978  1608 I <VSM>VehicleStatusManagerService: Query kvDB (AppModeEVR)[lcf_table_remote:0x00000033] success. value(0)
07-01 02:48:47.349   977  1817 I ConfigDbClient: ReadKv, Key:0x00000034, token[770]
07-01 02:48:47.349   977  1817 I CSE_ConfigDb: received msg from teleVM:3 0x00000034, token:770
07-01 02:48:47.350   977  1452 I CSE_ConfigDb: CONFIGDB_CB_CMD_READ_KV
07-01 02:48:47.352   977  1817 I ConfigDbClient: == wait for ReqKey:0x00000034, Req token[770]
07-01 02:48:47.352   977  1817 I ConfigDbClient: ==> [Req:Resp] table[lcf_table_remote] key[0x00000034:0x00000034], value[0], token[770:770]
07-01 02:48:47.352   978  1608 I <VSM>VehicleStatusManagerService: Query kvDB (AppModeEVC)[lcf_table_remote:0x00000034] success. value(0)
07-01 02:48:47.352   977  1452 I CSE_ConfigDb: read_data_db[lcf_table_remote] : key:0x00000034 value:0 status:0 CseEr_GetErrorCode:0 sql_status:0 token:770
07-01 02:48:47.353   977  1817 I ConfigDbClient: ReadKv, Key:0x505c7046, token[771]
07-01 02:48:47.353   977  1817 I CSE_ConfigDb: received msg from teleVM:3 0x505c7046, token:771
07-01 02:48:47.353   977  1452 I CSE_ConfigDb: CONFIGDB_CB_CMD_READ_KV
07-01 02:48:47.355   977  1452 I CSE_ConfigDb: read_data_db[lcf_table_remote] : key:0x505c7046 value:0 status:0 CseEr_GetErrorCode:0 sql_status:0 token:771
07-01 02:48:47.355   977  1817 I ConfigDbClient: == wait for ReqKey:0x505c7046, Req token[771]
07-01 02:48:47.355   977  1817 I ConfigDbClient: ==> [Req:Resp] table[lcf_table_remote] key[0x505c7046:0x505c7046], value[0], token[771:771]
07-01 02:48:47.355   978  1958 I <VSM>VehicleStatusManagerService: Query kvDB (PwmSleepTimeSecondCycleUnprovisioned)[lcf_table_remote:0x505c7046] success. value(0)
07-01 02:48:47.355  1620  1653 I PowerModeTimer: readPowerTimerConfigValue : item PwmSleepTimeSecondCycleUnprovisioned, val : 0
07-01 02:48:47.355  1620  1653 V PowerModeTimer: resetTimerValue :id - 20, timer - 0
07-01 02:48:47.355  1620  1653 V PowerModeTimer: resetTimerValue :PwmSleepTimeSecondCycleUnprovisioned - 0
07-01 02:48:47.355   977  1817 I ConfigDbClient: ReadKv, Key:0x00000035, token[772]
07-01 02:48:47.355   977  1817 I CSE_ConfigDb: received msg from teleVM:3 0x00000035, token:772
07-01 02:48:47.356   977  1452 I CSE_ConfigDb: CONFIGDB_CB_CMD_READ_KV
07-01 02:48:47.366   977  1817 I ConfigDbClient: == wait for ReqKey:0x00000035, Req token[772]
07-01 02:48:47.366   977  1817 I ConfigDbClient: ==> [Req:Resp] table[lcf_table_remote] key[0x00000035:0x00000035], value[0], token[772:772]
07-01 02:48:47.366   978  1608 I <VSM>VehicleStatusManagerService: Query kvDB (AppModeECC)[lcf_table_remote:0x00000035] success. value(0)
07-01 02:48:47.366  1896 19552 E APP     : [vehicleUpLinkData] Trigger Type : engineOff
07-01 02:48:47.366  1896 19552 D RVM_Ngtp: [vehicleUpLinkData:1352] Trigger Type : engineOff
07-01 02:48:47.366  1896 19552 E APP     : [vehicleUpLinkData] vehicleUpLinkData [END]
07-01 02:48:47.366  1896 19552 D RVM_Ngtp: [vehicleUpLinkData:1362] vehicleUpLinkData [END]
07-01 02:48:47.366   977  1817 I ConfigDbClient: ReadKv, Key:0x4ffc6a2a, token[773]
07-01 02:48:47.366   977  1817 I CSE_ConfigDb: received msg from teleVM:3 0x4ffc6a2a, token:773
07-01 02:48:47.366  1896 19552 E APP     : [RVSUpdateMessage] Before ASN encode()
07-01 02:48:47.366  1896 19552 D RVM_Ngtp: [RVSUpdateMessage:1687] Before ASN encode()
07-01 02:48:47.367  1896 19552 E APP     : [RVSUpdateMessage] After ASN encode()
07-01 02:48:47.367  1896 19552 D RVM_Ngtp: [RVSUpdateMessage:1702] After ASN encode()
07-01 02:48:47.367  1896 19552 V RVM_Ngtp: [RVSUpdateMessage:1705] encoded byte:98 
07-01 02:48:47.367  1896 19552 V RVM_Ngtp: [RVSUpdateMessage:1745] serviceType[11], messageType[2], creationTime_seconds[709958927], creationTime_millis[367]
07-01 02:48:47.367  1896 19552 V RVM_Ngtp: [RVSUpdateMessage:1748] encodedSvcData.get_data()[Fg], encodedSvcData.get_data_size()[98]
07-01 02:48:47.367  1896 19552 E APP     : [RVSUpdateMessage] Send RVSUpdateMessage
07-01 02:48:47.367  1896 19552 D RVM_Ngtp: [RVSUpdateMessage:1750] Send RVSUpdateMessage
07-01 02:48:47.367  1896 19552 V RVM_NS  : [EnQueueNSendMessage:758] EnQueueNSendMessage msgType=1
07-01 02:48:47.367  1896 19552 V RVM_NS  : [EnQueue:172] RVM_NGTPMessageQueue:EnQueue msgType =1
07-01 02:48:47.367  1896 19552 E APP     : [GetQueueCount] GetQueueCount : message type = [1], count = [20], total count = [70]
07-01 02:48:47.367  1896 19552 D RVM_NS  : [GetQueueCount:405] GetQueueCount : message type = [1], count = [20], total count = [70]
07-01 02:48:47.367  1896 19552 E APP     : [EnQueue] EnQueue -> queue count is greather than maxCount for msgType =1
07-01 02:48:47.367  1896 19552 D RVM_NS  : [EnQueue:195] EnQueue -> queue count is greather than maxCount for msgType =1
07-01 02:48:47.367  1896 19552 V RVM_NS  : [dequeueMessage:89] dequeueMessage msgType= 1
07-01 02:48:47.367  1896 19552 V RVM_NS  : [enqueueMessage:61] enqueueMessage
07-01 02:48:47.367  1896 19552 V RVM_NS  : [SendMessageInQueue:1368] SendMessageInQueue
07-01 02:48:47.367  1896 19552 E APP     : [StartAdditionalDelayForUnsentMsgTx] StartAdditionalDelayForUnsentMsgTx(): AppAck_RetryCount[0]
07-01 02:48:47.367  1896 19552 D RVM_NS  : [StartAdditionalDelayForUnsentMsgTx:1145] StartAdditionalDelayForUnsentMsgTx(): AppAck_RetryCount[0]
07-01 02:48:47.367  1896 19552 V RVM_Can : [getCANBusStatus:84] CANBusStatus = 2
07-01 02:48:47.367  1896 19552 V RVM_App : [getMRRetryMaxNr:868] canState : [2]
07-01 02:48:47.367   977  1452 I CSE_ConfigDb: read_data_db[lcf_table_remote] : key:0x00000035 value:0 status:0 CseEr_GetErrorCode:0 sql_status:0 token:772
07-01 02:48:47.367   977  1452 I CSE_ConfigDb: CONFIGDB_CB_CMD_READ_KV
07-01 02:48:47.379   977  1817 I ConfigDbClient: == wait for ReqKey:0x4ffc6a2a, Req token[773]
07-01 02:48:47.379   977  1452 I CSE_ConfigDb: read_data_db[lcf_table_remote] : key:0x4ffc6a2a value:120 status:0 CseEr_GetErrorCode:0 sql_status:0 token:773
07-01 02:48:47.379   977  1817 I ConfigDbClient: ==> [Req:Resp] table[lcf_table_remote] key[0x4ffc6a2a:0x4ffc6a2a], value[120], token[773:773]
07-01 02:48:47.379   978  1958 I <VSM>VehicleStatusManagerService: Query kvDB (PwmReceiveTimeSecondCycle)[lcf_table_remote:0x4ffc6a2a] success. value(120)
07-01 02:48:47.379  1620  1653 I PowerModeTimer: readPowerTimerConfigValue : item PwmReceiveTimeSecondCycle, val : 120
07-01 02:48:47.379  1620  1653 V PowerModeTimer: resetTimerValue :id - 21, timer - 120
07-01 02:48:47.379  1620  1653 V PowerModeTimer: resetTimerValue :PwmReceiveTimeSecondCycle - 120000
07-01 02:48:47.379   977  1817 I ConfigDbClient: ReadKv, Key:0x0000019a, token[774]
07-01 02:48:47.379   977  1817 I CSE_ConfigDb: received msg from teleVM:3 0x0000019a, token:774
07-01 02:48:47.379   977  1452 I CSE_ConfigDb: CONFIGDB_CB_CMD_READ_KV
07-01 02:48:47.381   977  1452 I CSE_ConfigDb: read_data_db[lcf_table_remote] : key:0x0000019a value:5 status:0 CseEr_GetErrorCode:0 sql_status:0 token:774
07-01 02:48:47.382   977  1817 I ConfigDbClient: == wait for ReqKey:0x0000019a, Req token[774]
07-01 02:48:47.382   977  1817 I ConfigDbClient: ==> [Req:Resp] table[lcf_table_remote] key[0x0000019a:0x0000019a], value[5], token[774:774]
07-01 02:48:47.382   978  1608 I <VSM>VehicleStatusManagerService: Query kvDB (MRRetryMaxLimitedNr)[lcf_table_remote:0x0000019a] success. value(5)
07-01 02:48:47.382  1896 19552 E APP     : [StartAdditionalDelayForUnsentMsgTx] StartAdditionalDelayForUnsentMsgTx(X): AppAck_RetryCount[0], u32MRRetryMax[5], u32DelayRemainingTimeMS[0]
07-01 02:48:47.382  1896 19552 D RVM_NS  : [StartAdditionalDelayForUnsentMsgTx:1179] StartAdditionalDelayForUnsentMsgTx(X): AppAck_RetryCount[0], u32MRRetryMax[5], u32DelayRemainingTimeMS[0]
07-01 02:48:47.382  1896 19552 V RVM_NS  : [StartAdditionalDelayForUnsentMsgTx:1180] StartAdditionalDelayForUnsentMsgTx(X): AppAck_RetryCount==0 or MSG TX disabled(AppAck_RetryCount>=u32MRRetryMax) or ongoing
07-01 02:48:47.382  1896 19552 E APP     : [SendMessageInQueue] ActualSendMessageInQueue called IMMEDIATELY without Retry Delay
07-01 02:48:47.382  1896 19552 D RVM_NS  : [SendMessageInQueue:1377] ActualSendMessageInQueue called IMMEDIATELY without Retry Delay
07-01 02:48:47.382  1896 19552 V RVM_NS  : [ActualSendMessageInQueue:786] ActualSendMessageInQueue
07-01 02:48:47.382   977  1817 I ConfigDbClient: ReadKv, Key:0x52f363c6, token[775]
07-01 02:48:47.382   977  1817 I CSE_ConfigDb: received msg from teleVM:3 0x52f363c6, token:775
07-01 02:48:47.382  1896 19552 V RVM_Can : [getCANBusStatus:84] CANBusStatus = 2
07-01 02:48:47.382  1896 19552 V RVM_App : [getMRRetryMaxNr:868] canState : [2]
07-01 02:48:47.384   977  1452 I CSE_ConfigDb: CONFIGDB_CB_CMD_READ_KV
07-01 02:48:47.388   977  1452 I CSE_ConfigDb: read_data_db[lcf_table_remote] : key:0x52f363c6 value:120 status:0 CseEr_GetErrorCode:0 sql_status:0 token:775
07-01 02:48:47.390   977  1817 I ConfigDbClient: == wait for ReqKey:0x52f363c6, Req token[775]
07-01 02:48:47.390   977  1817 I ConfigDbClient: ==> [Req:Resp] table[lcf_table_remote] key[0x52f363c6:0x52f363c6], value[120], token[775:775]
07-01 02:48:47.390   978  1958 I <VSM>VehicleStatusManagerService: Query kvDB (PwmReceiveTimeSecondCycleHolidayMode)[lcf_table_remote:0x52f363c6] success. value(120)
07-01 02:48:47.390   987  1604 E CM_SPI  : MCU->MSM Type[01] Cat[05, 19] Cmd[01, 00] PayloadLen[0004] Payload[05 60 00 F8]
07-01 02:48:47.390   977  1817 I ConfigDbClient: ReadKv, Key:0x0000019a, token[776]
07-01 02:48:47.390   977  1817 I CSE_ConfigDb: received msg from teleVM:3 0x0000019a, token:776
07-01 02:48:47.391  1621  1889 E DiagService: notifyDtcResult dtcItemIndex 2, dtcResult 0x0, faultCount -8
07-01 02:48:47.391  1621  1889 I DiagReadDTCInfo: receiveDTCResult dtcItemIndex 2, dtcResult 0x0, faultCount -8
07-01 02:48:47.393  1620  1653 I PowerModeTimer: readPowerTimerConfigValue : item PwmReceiveTimeSecondCycleHolidayMode, val : 120
07-01 02:48:47.393  1620  1653 V PowerModeTimer: resetTimerValue :id - 22, timer - 120
07-01 02:48:47.393  1620  1653 V PowerModeTimer: resetTimerValue :PwmReceiveTimeSecondCycleHolidayMode - 120000
07-01 02:48:47.393   977  1452 I CSE_ConfigDb: CONFIGDB_CB_CMD_READ_KV
07-01 02:48:47.397   977  1452 I CSE_ConfigDb: read_data_db[lcf_table_remote] : key:0x0000019a value:5 status:0 CseEr_GetErrorCode:0 sql_status:0 token:776
07-01 02:48:47.397   977  1817 I ConfigDbClient: == wait for ReqKey:0x0000019a, Req token[776]
07-01 02:48:47.397   977  1817 I ConfigDbClient: ==> [Req:Resp] table[lcf_table_remote] key[0x0000019a:0x0000019a], value[5], token[776:776]
07-01 02:48:47.397   978  1608 I <VSM>VehicleStatusManagerService: Query kvDB (MRRetryMaxLimitedNr)[lcf_table_remote:0x0000019a] success. value(5)
07-01 02:48:47.398   977  1817 I ConfigDbClient: ReadKv, Key:0x505c6fc8, token[777]
07-01 02:48:47.398   977  1817 I CSE_ConfigDb: received msg from teleVM:3 0x505c6fc8, token:777
07-01 02:48:47.398  1896 19552 E APP     : [ActualSendMessageInQueue] NGTP commnunications is not available : Availability - RD_SERVER = 0,JL_SERVER = 0
07-01 02:48:47.398  1896 19552 D RVM_NS  : [ActualSendMessageInQueue:860] NGTP commnunications is not available : Availability - RD_SERVER = 0,JL_SERVER = 0
07-01 02:48:47.398  1896 19552 E APP     : [ActualSendMessageInQueue] internalNGTPData Service Type = 11
07-01 02:48:47.398  1896 19552 D RVM_NS  : [ActualSendMessageInQueue:863] internalNGTPData Service Type = 11
07-01 02:48:47.398  1896 19552 V RVM_NS  : [startSaveMsgTimer:1001] start SaveMsgTimer()
07-01 02:48:47.398   977  1452 I CSE_ConfigDb: CONFIGDB_CB_CMD_READ_KV
07-01 02:48:47.402   977  1452 I CSE_ConfigDb: read_data_db[lcf_table_remote] : key:0x505c6fc8 value:0 status:0 CseEr_GetErrorCode:0 sql_status:0 token:777
07-01 02:48:47.403   977  1817 I ConfigDbClient: == wait for ReqKey:0x505c6fc8, Req token[777]
07-01 02:48:47.403   977  1817 I ConfigDbClient: ==> [Req:Resp] table[lcf_table_remote] key[0x505c6fc8:0x505c6fc8], value[0], token[777:777]
07-01 02:48:47.404   978  1958 I <VSM>VehicleStatusManagerService: Query kvDB (PwmReceiveTimeSecondCycleUnprovisioned)[lcf_table_remote:0x505c6fc8] success. value(0)
07-01 02:48:47.409  1620  1653 I PowerModeTimer: readPowerTimerConfigValue : item PwmReceiveTimeSecondCycleUnprovisioned, val : 0
07-01 02:48:47.409  1620  1653 V PowerModeTimer: resetTimerValue :id - 23, timer - 0
07-01 02:48:47.409  1620  1653 V PowerModeTimer: resetTimerValue :PwmReceiveTimeSecondCycleUnprovisioned - 0
07-01 02:48:47.411   977  1817 I ConfigDbClient: ReadKv, Key:0x52f8f46e, token[778]
07-01 02:48:47.411   977  1817 I CSE_ConfigDb: received msg from teleVM:3 0x52f8f46e, token:778
07-01 02:48:47.411   977  1452 I CSE_ConfigDb: CONFIGDB_CB_CMD_READ_KV
07-01 02:48:47.416   977  1817 I ConfigDbClient: == wait for ReqKey:0x52f8f46e, Req token[778]
07-01 02:48:47.416   977  1817 I ConfigDbClient: ==> [Req:Resp] table[lcf_table_remote] key[0x52f8f46e:0x52f8f46e], value[86400], token[778:778]
07-01 02:48:47.417   978  1958 I <VSM>VehicleStatusManagerService: Query kvDB (HmWakeupDuration_s)[lcf_table_remote:0x52f8f46e] success. value(86400)
07-01 02:48:47.417   977  1452 I CSE_ConfigDb: read_data_db[lcf_table_remote] : key:0x52f8f46e value:86400 status:0 CseEr_GetErrorCode:0 sql_status:0 token:778
07-01 02:48:47.417  1620  1653 I PowerModeTimer: readPowerTimerConfigValue : item HmWakeupDuration_s, val : 86400
07-01 02:48:47.417  1620  1653 V PowerModeTimer: resetTimerValue :id - 24, timer - 86400
07-01 02:48:47.417  1620  1653 V PowerModeTimer: resetTimerValue :HmWakeupDuration_s - 86400000
07-01 02:48:47.417   598   598 I         : [SYSTEMPROPERTY] failed to get (sys.scheduled.set)'s value[-1]
07-01 02:48:47.418  1620  1653 D PowerModeTimer: get [sys.scheduled.set] property is error!!
07-01 02:48:47.419  1628  1658 I OperationModeManagerImpl: getCurrentOperationMode: return current mode: :4
07-01 02:48:47.419  1620  1653 I PowerModeTimer: adjustTimerID : original:6  adjusted id: 6 OperationalMode:4
07-01 02:48:47.419  1620  1653 V PowerModeTimer: getTimerValue :PwmFirstPeriodicCycle - 518400000
07-01 02:48:47.421   598   598 I         : [SYSTEMPROPERTY] failed to get (sys.scheduled.set)'s value[-1]
07-01 02:48:47.421  1620  1653 D PowerModeTimer: get [sys.scheduled.set] property is error!!
07-01 02:48:47.426  1628  1658 I OperationModeManagerImpl: getCurrentOperationMode: return current mode: :4
07-01 02:48:47.429  1620  1653 I PowerModeTimer: adjustTimerID : original:9  adjusted id: 9 OperationalMode:4
07-01 02:48:47.429  1620  1653 V PowerModeTimer: getTimerValue :PwmSleepTime - 14400000
07-01 02:48:47.430   598   598 I         : [SYSTEMPROPERTY] failed to get (sys.scheduled.set)'s value[-1]
07-01 02:48:47.436  1620  1653 D PowerModeTimer: get [sys.scheduled.set] property is error!!
07-01 02:48:47.438  1628  1658 I OperationModeManagerImpl: getCurrentOperationMode: return current mode: :4
07-01 02:48:47.439  1620  1653 I PowerModeTimer: adjustTimerID : original:12  adjusted id: 12 OperationalMode:4
07-01 02:48:47.439  1620  1653 V PowerModeTimer: getTimerValue :PwmReceiveTime - 120000
07-01 02:48:47.439  1620  1653 V PowerTimerManager: getPollCnt 1: total 518400000 sleep:14400000 recv:120000 count:35
07-01 02:48:47.440   598   598 I         : [SYSTEMPROPERTY] failed to get (sys.scheduled.set)'s value[-1]
07-01 02:48:47.440  1620  1653 D PowerModeTimer: get [sys.scheduled.set] property is error!!
07-01 02:48:47.441  1628  1658 I OperationModeManagerImpl: getCurrentOperationMode: return current mode: :4
07-01 02:48:47.441  1620  1653 I PowerModeTimer: adjustTimerID : original:15  adjusted id: 15 OperationalMode:4
07-01 02:48:47.441  1620  1653 V PowerModeTimer: getTimerValue :PwmSecondPeriodicCycle - 1814400000
07-01 02:48:47.441   598   598 I         : [SYSTEMPROPERTY] failed to get (sys.scheduled.set)'s value[-1]
07-01 02:48:47.441  1620  1653 D PowerModeTimer: get [sys.scheduled.set] property is error!!
07-01 02:48:47.442  1628  1658 I OperationModeManagerImpl: getCurrentOperationMode: return current mode: :4
07-01 02:48:47.442  1620  1653 I PowerModeTimer: adjustTimerID : original:18  adjusted id: 18 OperationalMode:4
07-01 02:48:47.442  1620  1653 V PowerModeTimer: getTimerValue :PwmSleepTimeSecondCycle - 86400000
07-01 02:48:47.442   598   598 I         : [SYSTEMPROPERTY] failed to get (sys.scheduled.set)'s value[-1]
07-01 02:48:47.442  1620  1653 D PowerModeTimer: get [sys.scheduled.set] property is error!!
07-01 02:48:47.442  1628  1658 I OperationModeManagerImpl: getCurrentOperationMode: return current mode: :4
07-01 02:48:47.443  1620  1653 I PowerModeTimer: adjustTimerID : original:21  adjusted id: 21 OperationalMode:4
07-01 02:48:47.443  1620  1653 V PowerModeTimer: getTimerValue :PwmReceiveTimeSecondCycle - 120000
07-01 02:48:47.443  1620  1653 V PowerTimerManager: getPollCnt 2: total 1814400000 sleep:86400000 recv:120000 count:20
07-01 02:48:47.444   598   598 I         : [SYSTEMPROPERTY] failed to get (sys.scheduled.set)'s value[-1]
07-01 02:48:47.444  1620  1653 D PowerModeTimer: get [sys.scheduled.set] property is error!!
07-01 02:48:47.444  1628  1658 I OperationModeManagerImpl: getCurrentOperationMode: return current mode: :4
07-01 02:48:47.445  1620  1653 I PowerModeTimer: adjustTimerID : original:0  adjusted id: 0 OperationalMode:4
07-01 02:48:47.445  1620  1653 V PowerModeTimer: getTimerValue :PwmInitialReceiveTime - 86400000
07-01 02:48:47.445  1620  1653 I PowerTimerManager: initTiming : id:0 's duration is 86400000. next is STATE_LISTEN_1 
07-01 02:48:47.463   598   598 I         : [SYSTEMPROPERTY] failed to get (sys.scheduled.set)'s value[-1]
07-01 02:48:47.463  1620  1653 D PowerTimerManager: get [sys.scheduled.set] property is error!!
07-01 02:48:47.464  1620  1653 V PowerTimerManager: setTimerForTimingInternal : timing:1
07-01 02:48:47.464  1620  1653 I PowerTimerManager: overrideSetScheduledWakeup - mScheduledWakeupTimerStarted:0,timer_id:0
07-01 02:48:47.464   598   598 I         : [SYSTEMPROPERTY] failed to get (sys.scheduled.set)'s value[-1]
07-01 02:48:47.464  1620  1653 D PowerTimerManager: get [sys.scheduled.set] property is error!!
07-01 02:48:47.465   598   598 I         : [SYSTEMPROPERTY] failed to get (sys.scheduled.set)'s value[-1]
07-01 02:48:47.465  1620  1653 D PowerTimerManager: get [sys.scheduled.set] property is error!!
07-01 02:48:47.465   598   598 I         : [SYSTEMPROPERTY] failed to get (sys.scheduled.set)'s value[-1]
07-01 02:48:47.465  1620  1653 D PowerModeTimer: get [sys.scheduled.set] property is error!!
07-01 02:48:47.467  1628  1658 I OperationModeManagerImpl: getCurrentOperationMode: return current mode: :4
07-01 02:48:47.467  1620  1653 I PowerModeTimer: adjustTimerID : original:0  adjusted id: 0 OperationalMode:4
07-01 02:48:47.467  1625  1694 V IAlarmManagerService: Ialarm:bn:code=10, ref=1
07-01 02:48:47.467  1625  1694 I AlarmHalImpl: mdm_alarmGetRTCTime
07-01 02:48:47.468  1620  1653 I PowerModeTimer: PowerMDMTimer::saveStartMs mStartMs:1656643727000
07-01 02:48:47.468  1620  1653 V PowerModeTimer: PowerMDMTimer::start : 1656730127000, duration:86400000, id:0
07-01 02:48:47.483  1625  1694 V IAlarmManagerService: Ialarm:bn:code=3, ref=1
07-01 02:48:47.483  1625  1694 V AlarmManagerImpl: setAlarm: time 1656730127000, app_id 118, listener 0x7f70000e00
07-01 02:48:47.483  1625  1694 I AlarmQueue: enqueueAlarm[0x99e83fe0] called :0x70000de0 whenMs:1656730127000, app_id: 118, binder: 0x7f70000e00
07-01 02:48:47.483  1625  1694 I AlarmQueue: enqueueAlarm : target wake ms : 1656730127000  current is NULL
07-01 02:48:47.483  1625  1694 I AlarmHalImpl: mdm_alarmSetAlarm
07-01 02:48:47.483  1625  1694 V AlarmHalImpl: mdm_alarmSetAlarm cur:1656643727, alarm:1656730127, alarm_interval:86400
07-01 02:48:47.483  1625  1694 I AlarmQueue: enqueueAlarm do alarmSetAlarm[whenMs : 1656730127000], app_id = 118
07-01 02:48:47.484  1620  1653 V PowerModeTimer: getTimerValue :PwmInitialReceiveTime - 86400000
07-01 02:48:47.484  1620  1653 V PowerTimerManager: setTimerForTimingInternal : startTimer:0 duration ms:86400000
07-01 02:48:47.484  1620  1653 I PowerTimerManager: updateTimerStatus: time id 0 status:1
07-01 02:48:47.484  1620  1653 V PowerModeTimer: getTimerValue :PwmInitialReceiveTime - 86400000
07-01 02:48:47.484  1620  1653 E POWER   : Power Timer is updated :PwmInitialReceiveTime status:TM_STATUS_STARTED (86400s)
07-01 02:48:47.484  1620  1653 I JLRPowerModeImpl: Power Timer is updated :PwmInitialReceiveTime status:TM_STATUS_STARTED (86400s)
07-01 02:48:47.493 19574 19574 V ProcessState: Spawning new pooled thread, name=Binder_1
07-01 02:48:47.496 19574 19574 I sldd    : command : argv:remoteservice
07-01 02:48:47.496 19574 19574 V         : getInterface_ApplicationManager
07-01 02:48:47.496 19574 19574 V         : getInterface_ApplicationManager
07-01 02:48:47.496 19574 19574 I sldd_cmd: remoteservice requestREON 
07-01 02:48:47.496   989  1571 V AppManager: onSendPost, dest = remoteservice
07-01 02:48:47.496  1895  1934 V RVC     : onPostReceived what:62445 arg1:61700
07-01 02:48:47.496  1895  1934 V RVC     : onPostReceived_sldd what:62445 arg1:61700
07-01 02:48:47.496  1895  1934 I RVC     : postRequest:61700 serviceType: 4 0x4
07-01 02:48:47.496  1895  1934 E APP     : RVC] postRequest:61700 serviceType: 4 0x4
07-01 02:48:47.496  1895  1934 V RVC     : initSLDDstatusProperty serviceType: 4
07-01 02:48:47.496  1895  1934 D RVC     : setProperty(REONPrePowermode, PROP_NOT_AVAILABLE)
07-01 02:48:47.496  1895  1934 D RVC     : setProperty(REONPreResStatus, PROP_NOT_AVAILABLE)
07-01 02:48:47.496  1895  1934 D RVC     : setProperty(REONAuthStatus, PROP_NOT_AVAILABLE)
07-01 02:48:47.496  1895  1934 D RVC     : setProperty(REONSuccess, PROP_NOT_AVAILABLE)
07-01 02:48:47.496  1895  1934 D RVC     : setProperty(REONFailReason, PROP_NOT_AVAILABLE)
07-01 02:48:47.496  1895  1934 D RVC     : setProperty(REONPreSVTstatus, PROP_NOT_AVAILABLE)
07-01 02:48:47.496  1895  1934 D RVC     : setProperty(REONPreFuellevel, PROP_NOT_AVAILABLE)
07-01 02:48:47.497  1895  1934 D RVC     : setProperty(REONPreCrashStatus, PROP_NOT_AVAILABLE)
07-01 02:48:47.497  1895  1934 D RVC     : setProperty(REONPreResRuntime, PROP_NOT_AVAILABLE)
07-01 02:48:47.497  1895  1934 D RVC     : save property:resRelevant value:0xffffffff
07-01 02:48:47.497  1895  1934 I RVC_rcvMsg: receiveMessage_TSP(). serviceType: 4
07-01 02:48:47.497  1895  1934 E APP     : RVC] receiveMessage_TSP(). serviceType: 4
07-01 02:48:47.497  1895  1934 V KeepPower: KeepPower acquire module id: 4,keepPowerID:1, releaseTime 360
07-01 02:48:47.497  1620  1620 E PowerManagerImpl: acquireKeepPowerInternal id:1, mKeepPowerFlag 0x80000004, canstate 1
07-01 02:48:47.497  1620  1620 V PowerManagerImpl: startKeepPowerAutoRelTimer : minLife 360
07-01 02:48:47.500  1620  1620 I BootModeAPI: LGE read BootMode = normal
07-01 02:48:47.500  1620  1620 I BootModeAPI: LGE BootMode set value = 0x1000000
07-01 02:48:47.500  1895  1934 I RVC     : KeepPower acquire count:1 1 
07-01 02:48:47.500  1895  1934 E APP     : RVC] KeepPower acquire count:1 1 
07-01 02:48:47.500  1895  1934 I RVC_timer: startTimerId  TIMER_KEEPPOWER_RELEASE(27) duration:360 bRestart:1 
07-01 02:48:47.500  1895  1934 E APP     : RVC] startTimerId  TIMER_KEEPPOWER_RELEASE(27) duration:360 bRestart:1 
07-01 02:48:47.500  1620  1620 V PowerManagerImpl: getCurrentPowerMode : 0
07-01 02:48:47.500  1895  1934 D RVC     : RemoteService_getPowerMode():0
07-01 02:48:47.500  1895  1934 I RVC_kvdb: kvDBRx cfgName:res_inhibit start 708770
07-01 02:48:47.500  1895  1934 E APP     : RVC] kvDBRx cfgName:res_inhibit start 708770
07-01 02:48:47.501   977  1817 I ConfigDbClient: ReadKv, Key:res_inhibit, token[779]
07-01 02:48:47.501   977  1817 I CSE_ConfigDb: received msg from teleVM:3 res_inhibit, token:779
07-01 02:48:47.502   977  1452 I CSE_ConfigDb: CONFIGDB_CB_CMD_READ_KV
07-01 02:48:47.502 19574 19597 V ProcessState: Spawning new pooled thread, name=Binder_2
07-01 02:48:47.504   977  1452 I CSE_ConfigDb: read_data_db[telematics_common_table] : key:res_inhibit value:1 status:0 CseEr_GetErrorCode:0 sql_status:0 token:779
07-01 02:48:47.504   977  1817 I ConfigDbClient: == wait for ReqKey:res_inhibit, Req token[779]
07-01 02:48:47.504   977  1817 I ConfigDbClient: ==> [Req:Resp] table[telematics_common_table] key[res_inhibit:res_inhibit], value[1], token[779:779]
07-01 02:48:47.504   978  1958 I <VSM>VehicleStatusManagerService: Query kvDB (res_inhibit)[telematics_common_table:res_inhibit] success. value(1)
07-01 02:48:47.504  1895  1934 I RVC_kvdb: kvDBRx cfgName:res_inhibit 3 value:1(1) end 708774 takes 4 ms
07-01 02:48:47.504  1895  1934 E APP     : RVC] kvDBRx cfgName:res_inhibit 3 value:1(1) end 708774 takes 4 ms
07-01 02:48:47.504  1895  1934 D RVC     : setSLDDstatusProperty_CurrentOperationInProgress service:4
07-01 02:48:47.504  1895  1934 E RVC     : setRemoteserviceStateToSota 1 0x1 
07-01 02:48:47.504  1895  1934 E APP     : RVC] setRemoteserviceStateToSota 1 0x1 
07-01 02:48:47.505  1622  1668 E SOTA    : setRemoteState(0x       1,0x       1), old mRESstate = (0x       0)
07-01 02:48:47.505  1622  1668 E SOTA    : new mRESstate = (0x       1), (completed masking with        1)
07-01 02:48:47.505  1622  1668 E SOTA    : getRemoteState(       1), mRESstate = (0x       1)
07-01 02:48:47.505  1895  1934 I RVC_kvdb: kvDBRx cfgName:Additional Heater start 708774
07-01 02:48:47.505  1895  1934 E APP     : RVC] kvDBRx cfgName:Additional Heater start 708774
07-01 02:48:47.505   977  1817 I ConfigDbClient: ReadKv, Key:mdf_0427, token[780]
07-01 02:48:47.505   977  1817 I CSE_ConfigDb: received msg from teleVM:3 mdf_0427, token:780
07-01 02:48:47.505   977  1452 I CSE_ConfigDb: CONFIGDB_CB_CMD_READ_KV
07-01 02:48:47.507   977  1452 I CSE_ConfigDb: read_data_db[car_config_data] : key:mdf_0427 value:0 status:0 CseEr_GetErrorCode:0 sql_status:0 token:780
07-01 02:48:47.507   977  1817 I ConfigDbClient: == wait for ReqKey:mdf_0427, Req token[780]
07-01 02:48:47.507   977  1817 I ConfigDbClient: ==> [Req:Resp] table[car_config_data] key[mdf_0427:mdf_0427], value[0], token[780:780]
07-01 02:48:47.508   978  1958 I <VSM>VehicleStatusManagerService: Query kvDB (Additional Heater)[car_config_data:mdf_0427] success. value(0)
07-01 02:48:47.508  1895  1934 I RVC_kvdb: kvDBRx cfgName:Additional Heater 2 value:0(0) end 708778 takes 4 ms
07-01 02:48:47.508  1895  1934 E APP     : RVC] kvDBRx cfgName:Additional Heater 2 value:0(0) end 708778 takes 4 ms
07-01 02:48:47.508  1895  1934 I RVC     : setCurrState service:4 state:2 
07-01 02:48:47.508  1895  1934 E APP     : RVC] setCurrState service:4 state:2 
07-01 02:48:47.508  1895  1934 V RVC_RES : requestHandler() serviceType: 4
07-01 02:48:47.508  1895  1934 V RVC_RES : RemoteService_PrereqCheck() serviceType:4
07-01 02:48:47.508  1895  1934 I RVC_kvdb: kvDBRx cfgName:Additional Heater start 708778
07-01 02:48:47.508  1895  1934 E APP     : RVC] kvDBRx cfgName:Additional Heater start 708778
07-01 02:48:47.509   977  1817 I ConfigDbClient: ReadKv, Key:mdf_0427, token[781]
07-01 02:48:47.509   977  1817 I CSE_ConfigDb: received msg from teleVM:3 mdf_0427, token:781
07-01 02:48:47.511   977  1452 I CSE_ConfigDb: CONFIGDB_CB_CMD_READ_KV
07-01 02:48:47.514   977  1452 I CSE_ConfigDb: read_data_db[car_config_data] : key:mdf_0427 value:0 status:0 CseEr_GetErrorCode:0 sql_status:0 token:781
07-01 02:48:47.515   977  1817 I ConfigDbClient: == wait for ReqKey:mdf_0427, Req token[781]
07-01 02:48:47.515   977  1817 I ConfigDbClient: ==> [Req:Resp] table[car_config_data] key[mdf_0427:mdf_0427], value[0], token[781:781]
07-01 02:48:47.516   978  1958 I <VSM>VehicleStatusManagerService: Query kvDB (Additional Heater)[car_config_data:mdf_0427] success. value(0)
07-01 02:48:47.516  1895  1934 I RVC_kvdb: kvDBRx cfgName:Additional Heater 2 value:0(0) end 708786 takes 8 ms
07-01 02:48:47.516  1895  1934 E APP     : RVC] kvDBRx cfgName:Additional Heater 2 value:0(0) end 708786 takes 8 ms
07-01 02:48:47.516  1895  1934 D RVC     : save property:REONPreSVTstatus value:OK
07-01 02:48:47.517  1895  1934 I RVC_RES : RES_getSVTstatus SVT not active status
07-01 02:48:47.517  1895  1934 E APP     : RVC] RES_getSVTstatus SVT not active status
07-01 02:48:47.517  1620  1620 V PowerManagerImpl: getCurrentPowerMode : 0
07-01 02:48:47.519  1895  1934 D RVC     : RemoteService_getPowerMode():0
07-01 02:48:47.519  1895  1934 D RVC     : save property:REONPrePowermode value:OK
07-01 02:48:47.519  1895  1934 V RVC_RES : [RES Prerequisite Success] PowerMode 0 < 4(PM4_ACCESSORY_1)
07-01 02:48:47.519  1895  1934 D RVC     : save property:REONPreResStatus value:OK
07-01 02:48:47.519  1895  1934 V RVC_RES : [RES Prerequisite Success] Not performing the RES
07-01 02:48:47.519  1895  1934 D RVC     : save property:REONPreCrashStatus value:OK
07-01 02:48:47.519  1895  1934 I RVC     : getCrashStatus Crash status OFF
07-01 02:48:47.519  1895  1934 E APP     : RVC] getCrashStatus Crash status OFF
07-01 02:48:47.519  1895  1934 I RVC_kvdb: kvDBRx cfgName:ClimateControlResFuelLevelStartMin_dl start 708788
07-01 02:48:47.519  1895  1934 E APP     : RVC] kvDBRx cfgName:ClimateControlResFuelLevelStartMin_dl start 708788
07-01 02:48:47.519   977  1817 I ConfigDbClient: ReadKv, Key:0x538f2420, token[782]
07-01 02:48:47.519   977  1817 I CSE_ConfigDb: received msg from teleVM:3 0x538f2420, token:782
07-01 02:48:47.519   977  1452 I CSE_ConfigDb: CONFIGDB_CB_CMD_READ_KV
07-01 02:48:47.529   977  1452 I CSE_ConfigDb: read_data_db[lcf_table_remote] : key:0x538f2420 value:50 status:0 CseEr_GetErrorCode:0 sql_status:0 token:782
07-01 02:48:47.531   977  1817 I ConfigDbClient: == wait for ReqKey:0x538f2420, Req token[782]
07-01 02:48:47.531   977  1817 I ConfigDbClient: ==> [Req:Resp] table[lcf_table_remote] key[0x538f2420:0x538f2420], value[50], token[782:782]
07-01 02:48:47.531   978  1958 I <VSM>VehicleStatusManagerService: Query kvDB (ClimateControlResFuelLevelStartMin_dl)[lcf_table_remote:0x538f2420] success. value(50)
07-01 02:48:47.531  1895  1934 I RVC_kvdb: kvDBRx cfgName:ClimateControlResFuelLevelStartMin_dl 3 value:50(50) end 708801 takes 13 ms
07-01 02:48:47.531  1895  1934 E APP     : RVC] kvDBRx cfgName:ClimateControlResFuelLevelStartMin_dl 3 value:50(50) end 708801 takes 13 ms
07-01 02:48:47.531  1895  1934 V RVC_RES : RES_getFuelLevel  fuelLevelIndicated:800 ClimateControlResFuelLevelStartMin_dl:50 50
07-01 02:48:47.531  1895  1934 D RVC     : save property:REONPreFuellevel value:OK
07-01 02:48:47.531  1895  1934 V RVC_RES : [RES Prerequisite Success] Fuel level OK
07-01 02:48:47.531  1895  1934 I RVC     : getPropertyInt name : ResRunTimeCounter prop:1800 val:1800
07-01 02:48:47.531  1895  1934 E APP     : RVC] getPropertyInt name : ResRunTimeCounter prop:1800 val:1800
07-01 02:48:47.532  1895  1934 I RVC_kvdb: kvDBRx cfgName:ClimateControlResRunTimeMinLimit_s start 708801
07-01 02:48:47.532  1895  1934 E APP     : RVC] kvDBRx cfgName:ClimateControlResRunTimeMinLimit_s start 708801
07-01 02:48:47.532   977  1817 I ConfigDbClient: ReadKv, Key:0x522751b1, token[783]
07-01 02:48:47.532   977  1817 I CSE_ConfigDb: received msg from teleVM:3 0x522751b1, token:783
07-01 02:48:47.532   977  1452 I CSE_ConfigDb: CONFIGDB_CB_CMD_READ_KV
07-01 02:48:47.535   977  1452 I CSE_ConfigDb: read_data_db[lcf_table_remote] : key:0x522751b1 value:180 status:0 CseEr_GetErrorCode:0 sql_status:0 token:783
07-01 02:48:47.535   977  1817 I ConfigDbClient: == wait for ReqKey:0x522751b1, Req token[783]
07-01 02:48:47.535   977  1817 I ConfigDbClient: ==> [Req:Resp] table[lcf_table_remote] key[0x522751b1:0x522751b1], value[180], token[783:783]
07-01 02:48:47.535   978  1958 I <VSM>VehicleStatusManagerService: Query kvDB (ClimateControlResRunTimeMinLimit_s)[lcf_table_remote:0x522751b1] success. value(180)
07-01 02:48:47.536  1895  1934 I RVC_kvdb: kvDBRx cfgName:ClimateControlResRunTimeMinLimit_s 3 value:180(180) end 708805 takes 4 ms
07-01 02:48:47.536  1895  1934 E APP     : RVC] kvDBRx cfgName:ClimateControlResRunTimeMinLimit_s 3 value:180(180) end 708805 takes 4 ms
07-01 02:48:47.536  1895  1934 D RVC     : save property:REONPreResRuntime value:OK
07-01 02:48:47.536  1895  1934 V RVC_RES : [RES Prerequisite Success] RES remaining runtime OK
07-01 02:48:47.536  1895  1934 D RVC     : setLogTransistionFromREStoNormal 0 
07-01 02:48:47.536  1895  1934 I RVC_RES : RES_reqEngineStart()
07-01 02:48:47.536  1895  1934 E APP     : RVC] RES_reqEngineStart()
07-01 02:48:47.536  1895  1934 E RVC_can : cmsCanTx TCUDataControl : 96264442035044352 ret:0 
07-01 02:48:47.536  1895  1934 E APP     : RVC] cmsCanTx TCUDataControl : 96264442035044352 ret:0 
07-01 02:48:47.536  1895  1934 V RVC     : reqBCMauthentication() 4 
07-01 02:48:47.536  1710  1755 E CTH     : CMTx_TCUDataControl_96264442035044352
07-01 02:48:47.536  1625  1694 V IAlarmManagerService: Ialarm:bn:code=3, ref=1
07-01 02:48:47.536  1625  1694 V AlarmManagerImpl: setAlarm: time 1656643762000, app_id 4, listener 0x7f70000d80
07-01 02:48:47.536  1625  1694 I AlarmQueue: enqueueAlarm[0x99e83fe0] called :0x70000d60 whenMs:1656643762000, app_id: 4, binder: 0x7f70000d80
07-01 02:48:47.537  1625  1694 I AlarmQueue: enqueueAlarm : target wake ms : 1656643762000  current:1656730127000
07-01 02:48:47.537  1625  1694 I AlarmHalImpl: mdm_alarmSetAlarm
07-01 02:48:47.537  1625  1694 V AlarmHalImpl: mdm_alarmSetAlarm cur:1656643727, alarm:1656643762, alarm_interval:35
07-01 02:48:47.537  1625  1694 I AlarmQueue: enqueueAlarm do alarmSetAlarm[whenMs : 1656643762000], app_id = 4
07-01 02:48:47.537  1895  1934 I RVC_timer: startTimerId  TIMER_TCU_AUTH_SEQ(10) duration:35  bRestart:1 
07-01 02:48:47.537  1895  1934 E APP     : RVC] startTimerId  TIMER_TCU_AUTH_SEQ(10) duration:35  bRestart:1 
07-01 02:48:47.538   975  1640 I SPIClient_can: [notifyTx]UINT64_T_1562_2_96264442035044352
07-01 02:48:47.538   975  1640 E SPIClient_can: CL-cse_il_can_receive_from_televm called :2
07-01 02:48:47.539   975  1674 E SPIClient_can: CL-[RXTask]1562_2_547557480272_96264442035044352 -preCS TxFRes[0.000]
07-01 02:48:47.541   975  1674 E SPIClient_can: CL-[RXTask]1562_2_547557480272_96264442035044352
07-01 02:48:47.580   987  1604 E CM_SPI  : MCU->MSM Type[01] Cat[35, 00] Cmd[02, 00] PayloadLen[0028] Payload[5B 4D 43 55 5D 5B 42 43 4D 5D 54 43 55 44 41 54 41 43 4F 4E 54 52 4F 4C 20 52 45 51 28 30 78 30 31 29 28 30 78 35 36 29]
07-01 02:48:47.580  1619  1632 E MCU     : [MCU][BCM]TCUDATACONTROL REQ(0x01)(0x56)
07-01 02:48:47.597   975  1524 E SPIClient_can: CL-ISPI_CSPB_OSC
07-01 02:48:47.597   975  1524 E SPIClient_can: RCV CB Single(0), Group(0)
07-01 02:48:47.597   975  1638 E SPIClient_can: MSG_CAN_BUS_STATE
07-01 02:48:47.597   975  1638 E SPIClient_can: CB_1
07-01 02:48:47.597  1710  1963 V CANManagerService: onReceivedCANBus() : 1
07-01 02:48:47.598  1710  1712 E CANManagerService: syncUpCanData() : BUS(1) / syncResult(0)
07-01 02:48:47.598  1710  1712 I CANManagerService: syncUpCanSignalWithCSE()
07-01 02:48:47.598   975  4648 E SPIClient_can: notifyCanQueryToCSE
07-01 02:48:47.598   975  4648 E SPIClient_can: CL-cse_il_can_receive_from_televm called :5
07-01 02:48:47.598  1710  1712 V CANManagerService: handleMessage ON_CHANGED_CAN_BUS
07-01 02:48:47.598   975  1674 E SPIClient_can: CL-[CQ] rxSigListSize[393]
07-01 02:48:47.598  1620  1620 E PowerManagerImpl: onCanBusStatusChanged, CANBUS state=1
07-01 02:48:47.599  1620  1653 V PowerManagerImpl: processPowerManager : 20
07-01 02:48:47.599  1620  1653 V PowerManagerImpl: processPowerManager: CMD_POWER_CANBUS_STATUS_CHANGED 1
07-01 02:48:47.599  1620  1653 E PowerManagerImpl: acquireKeepPowerInternal id:31, mKeepPowerFlag 0x80000006, canstate 1
07-01 02:48:47.599   975  1674 E SPIClient_can: CL-[CQ]9_0_0_0.000000
07-01 02:48:47.600  1620  1653 I BootModeAPI: LGE read BootMode = normal
07-01 02:48:47.600  1620  1653 I BootModeAPI: LGE BootMode set value = 0x1000000
07-01 02:48:47.600  1620  1653 I PowerManagerImpl: notifyCANBusState: newCANBusState 1 mCurrentCANBusState :0
07-01 02:48:47.600  1630  2001 E WIFI    : onStatusChanged() CAN BUS State:1
07-01 02:48:47.600  1630  1661 E WIFI    : receiveCANBusState() CAN BUS State: ON(ACTIVE)
07-01 02:48:47.600  1630  1661 E WIFI    : checkWiFiClientPCR094ConditionState : current PCR094 condition:YES(7)
07-01 02:48:47.600  1630  1661 D hal_wifi: Found /var/run/wpa_supplicant/wlan0 
07-01 02:48:47.600  1630  1661 D WiFiClientStatus: setWiFiClientEnableStatus():1
07-01 02:48:47.600  1630  1661 E WIFI    : checkWiFiClientPCR094ConditionState : WiFi Client already enabled
07-01 02:48:47.600  1895  1933 D RVC_rcvMsg: receiveMessage_canBusState :1 (0:unknown, 1:active, 2:sleep, 3:off)
07-01 02:48:47.600  1895  1933 I RVC_kvdb: kvDBRx cfgName:ClimateControlCanReadDelay_ms start 708870
07-01 02:48:47.600  1895  1933 E APP     : RVC] kvDBRx cfgName:ClimateControlCanReadDelay_ms start 708870
07-01 02:48:47.600   975  1674 E SPIClient_can: CL-[CQ]12_0_0_0.000000
07-01 02:48:47.602  1710  1754 E CRH     : Rx_12_0.000000
07-01 02:48:47.602   975  1674 E SPIClient_can: CL-[CQ]13_0_0_0.000000
07-01 02:48:47.602  1896  1896 I RVM_Can : [onCANBusStateChanged:532] onCANBusStateChanged() state = 1
07-01 02:48:47.602  1896  1896 I RVM_App : [onCANBusStateChanged:754] onCANBusStateChanged
