12-28 05:02:35.108  1625  1625 V IPSMStateNotifier: onPSMStateNotify : PSMState:2
12-28 05:02:35.108   973  1527 I ConfigDbClient: == wait for ReqKey:mdf_2477, Req token[79]
12-28 05:02:35.108   973  1527 I ConfigDbClient: ==> [Req:Resp] table[car_config_data] key[mdf_2477:mdf_2477], value[0], token[79:79]
12-28 05:02:35.108   974   974 I <VSM>VehicleStatusManagerService: Query kvDB (Telematics2)[car_config_data:mdf_2477] success. value(0)
12-28 05:02:35.108   973  1485 I CSE_ConfigDb: read_data_db[car_config_data] : key:mdf_2477 value:0 status:0 CseEr_GetErrorCode:0 sql_status:0 token:79
12-28 05:02:35.108  1718  1721 E SystemAntSetting: (zero) get a telematic2_ccf[0]
12-28 05:02:35.108   973  1527 I ConfigDbClient: ReadKv, Key:mdf_5687, token[80]
12-28 05:02:35.109   973  1527 I CSE_ConfigDb: received msg from teleVM:3 mdf_5687, token:80
12-28 05:02:35.109  1637  1652 E WIFI    : connectToPowerMgr() registerPSMStateNotifier(): Completed
12-28 05:02:35.109  1718  1721 E SystemAntSetting: exception(40) Can not get active antenna, retry-service(0), retry-ccf(0)
12-28 05:02:35.109  1718  1721 I SystemAntSetting: Show Main Antenna(0), Sub Antenna(0), Gnss Antenna(0), Wifi Antenna(0)
12-28 05:02:35.109   973  1485 I CSE_ConfigDb: CONFIGDB_CB_CMD_READ_KV
12-28 05:02:35.109  1625  1625 V ITeleVMStateNotifier: onTeleVMStateNotify : TeleVMState:0
12-28 05:02:35.122  1637  1652 E WIFI    : connectToPowerMgr() registerTeleVMStateNotifier(): Completed
12-28 05:02:35.127   984  1583 I DeadReckoning: registerGnss
12-28 05:02:35.127  1637  1652 E WIFI    : Connected To CAN Mgr for CAN Bus / Signal!
12-28 05:02:35.127  1696  1731 E CANManagerService: CANManagerService::ServiceStub::registerReceiver(133)
12-28 05:02:35.127   973  1527 I ConfigDbClient: == wait for ReqKey:mdf_5687, Req token[80]
12-28 05:02:35.127   973  1527 I ConfigDbClient: ==> [Req:Resp] table[car_config_data] key[mdf_5687:mdf_5687], value[7], token[80:80]
12-28 05:02:35.127  1696  1727 E CRH     : CAN_RX_HANDLER_REGISTER_RECEIVER 133
12-28 05:02:35.127  1696  1727 V CANManagerService: registerReceiver ---> ServiceID : 133
12-28 05:02:35.128  1637  1652 E WIFI    : connectToCANMgr() registerReceiver(): Completed
12-28 05:02:35.128   973  1485 I CSE_ConfigDb: read_data_db[car_config_data] : key:mdf_5687 value:7 status:0 CseEr_GetErrorCode:0 sql_status:0 token:80
12-28 05:02:35.128  1696  1731 E CANManagerService: CANManagerService::ServiceStub::addIndex(133, 668)
12-28 05:02:35.128  1696  1727 E CRH     : CAN_RX_HANDLER_ADD_INDEX 133 668
12-28 05:02:35.128  1696  1731 E CANManagerService: CANManagerService::ServiceStub::registerCANBusReceiver()
12-28 05:02:35.128  1696  1727 E CRH     : CAN_RX_HANDLER_REGISTER_CAN_BUS_RECEIVER
12-28 05:02:35.128  1637  1652 E WIFI    : connectToCANMgr() registerCANBusReceiver(): Completed
12-28 05:02:35.128  1637  1652 E WIFI    : Connected To Network Mgr for checking Internet Availability!
12-28 05:02:35.129  1689  1702 V INetworkManagerService: NM_REGISTER_INTERAVAIL_RECEIVER
12-28 05:02:35.129  1689  1702 E NetworkManagerService: NetworkManager InterAvail receiver register 
12-28 05:02:35.129  1689  1702 E NetworkManagerService: NM IntAvail rcvr rgstr cnt = 1
12-28 05:02:35.129  1637  1652 E WIFI    : connectToNetworkMgr() registerReceiver(): Completed
12-28 05:02:35.129  1637  1652 E WIFI    : getBootCompletedStatus() try to get initial CAN BUS / PowerMode Info
12-28 05:02:35.131  1637  1652 V WiFiManagerService: Network country ISO CSTR : 
12-28 05:02:35.131  1637  1652 E WIFI    : setNetworkCountryCode is NULL, set to default
12-28 05:02:35.131  1637  1652 E hal_wifi: wlan_contry_code_change() START --
12-28 05:02:35.131  1637  1652 E hal_wifi: there is no country argument then add new country code
12-28 05:02:35.132  1637  1652 E WIFI    : setPropertyCountryCode() country code :gb
12-28 05:02:35.132  1637  1652 E WIFI    : setProperty() name:wifi.country_code, value:gb
12-28 05:02:35.134  1751  1760 V LocationAdapterImpl: default_location_native_set_position_mode.
12-28 05:02:35.134   974  1579 I <VSM>VehicleStatusManagerService: Query kvDB (HybridType)[car_config_data:mdf_5687] success. value(7)
12-28 05:02:35.134   984   984 V LocdQctImpl: LocdQctImpl - native_set_position_mode. mode 0, recurrence 0, min_interval 1000, preferred_accuracy 0, preferred_time 0
12-28 05:02:35.134  1642  1664 D IntelligentFactoryManagerService: detectCCF() read HybridType value from VSM : 7
12-28 05:02:35.134  1642  1664 I IntelligentFactoryManagerService: detectCCF() EV Car Activated
12-28 05:02:35.135   984  1583 I DeadReckoning: registerCAN
12-28 05:02:35.135   973  1527 I ConfigDbClient: ReadKv, Key:mdf_0127, token[81]
12-28 05:02:35.135   973  1527 I CSE_ConfigDb: received msg from teleVM:3 mdf_0127, token:81
12-28 05:02:35.136  1696  1731 E CANManagerService: CANManagerService::ServiceStub::registerReceiver(125)
12-28 05:02:35.136  1696  1727 E CRH     : CAN_RX_HANDLER_REGISTER_RECEIVER 125
12-28 05:02:35.136  1696  1727 V CANManagerService: registerReceiver ---> ServiceID : 125
12-28 05:02:35.136   981  1481 V DiagClient: AppEvent[a0a8] Size[15]
12-28 05:02:35.136  1718  1721 I SystemAntControlExt: Listen TelephonyService
12-28 05:02:35.137  1696  1731 E CANManagerService: CANManagerService::ServiceStub::addIndex(125, 973)
12-28 05:02:35.137  1696  1727 E CRH     : CAN_RX_HANDLER_ADD_INDEX 125 973
12-28 05:02:35.137  1696  1731 E CANManagerService: CANManagerService::ServiceStub::addIndex(125, 273)
12-28 05:02:35.137  1696  1727 E CRH     : CAN_RX_HANDLER_ADD_INDEX 125 273
12-28 05:02:35.137  1696  1731 E CANManagerService: CANManagerService::ServiceStub::addIndex(125, 274)
12-28 05:02:35.137  1696  1727 E CRH     : CAN_RX_HANDLER_ADD_INDEX 125 274
12-28 05:02:35.137  1696  1731 E CANManagerService: CANManagerService::ServiceStub::addIndex(125, 1007)
12-28 05:02:35.137  1696  1727 E CRH     : CAN_RX_HANDLER_ADD_INDEX 125 1007
12-28 05:02:35.138  1696  1731 E CANManagerService: CANManagerService::ServiceStub::addIndex(125, 1009)
12-28 05:02:35.138  1696  1727 E CRH     : CAN_RX_HANDLER_ADD_INDEX 125 1009
12-28 05:02:35.138  1696  1731 E CANManagerService: CANManagerService::ServiceStub::addIndex(125, 1013)
12-28 05:02:35.138  1696  1727 E CRH     : CAN_RX_HANDLER_ADD_INDEX 125 1013
12-28 05:02:35.138  1696  1731 E CANManagerService: CANManagerService::ServiceStub::addIndex(125, 1015)
12-28 05:02:35.139  1696  1727 E CRH     : CAN_RX_HANDLER_ADD_INDEX 125 1015
12-28 05:02:35.139  1696  1731 E CANManagerService: CANManagerService::ServiceStub::addIndex(125, 692)
12-28 05:02:35.139  1696  1727 E CRH     : CAN_RX_HANDLER_ADD_INDEX 125 692
12-28 05:02:35.139  1696  1731 E CANManagerService: CANManagerService::ServiceStub::registerCANBusReceiver()
12-28 05:02:35.139  1696  1727 E CRH     : CAN_RX_HANDLER_REGISTER_CAN_BUS_RECEIVER
12-28 05:02:35.139   984  1583 I DeadReckoning: process_televm_state,newState=0
12-28 05:02:35.139   984  1583 I DeadReckoning: process_power_state,state=2
12-28 05:02:35.139   984  1583 I DeadReckoning: process_power_mode,state=0
12-28 05:02:35.140  1625  1875 V PowerManagerImpl: getCurrentPowerMode : 0
12-28 05:02:35.140  1718  1721 D SystemAntControlExt: power_mode(0)
12-28 05:02:35.140  1718  1721 I SystemAntControlExt: PowerModeCycle is DISABLE
12-28 05:02:35.140  1718  1721 D SystemAntControlExt: power_voltage_info(117)
12-28 05:02:35.141  1718  1721 D SystemAntControlExt: changed PowerModeCycle is DISABLE power(0)
12-28 05:02:35.141  1718  1721 D SystemAntControlExt: get power-service for DTC cycle
12-28 05:02:35.142  1718  1721 I IDiagManagerService: registerReceiver
12-28 05:02:35.142   973  1485 I CSE_ConfigDb: CONFIGDB_CB_CMD_READ_KV
12-28 05:02:35.151   973  1527 I ConfigDbClient: == wait for ReqKey:mdf_0127, Req token[81]
12-28 05:02:35.151   973  1527 I ConfigDbClient: ==> [Req:Resp] table[car_config_data] key[mdf_0127:mdf_0127], value[0], token[81:81]
12-28 05:02:35.151   974  1579 I <VSM>VehicleStatusManagerService: Query kvDB (VehicleType)[car_config_data:mdf_0127] success. value(0)
12-28 05:02:35.152   973  1527 I ConfigDbClient: ReadKv, Key:mdf_7484, token[82]
12-28 05:02:35.152   973  1527 I CSE_ConfigDb: received msg from teleVM:3 mdf_7484, token:82
12-28 05:02:35.152   973  1485 I CSE_ConfigDb: read_data_db[car_config_data] : key:mdf_0127 value:0 status:0 CseEr_GetErrorCode:0 sql_status:0 token:81
12-28 05:02:35.152   973  1485 I CSE_ConfigDb: CONFIGDB_CB_CMD_READ_KV
12-28 05:02:35.154  1880  1880 E Leopard : launchApp(specialmode)
12-28 05:02:35.154  1642  1664 D IntelligentFactoryManagerService: detectCCF() read VehicleType value from VSM : (str=0) 0, mVehicleType:0
12-28 05:02:35.154  1628  1883 I DiagHandler: OP_REGISTER_RECEIVER
12-28 05:02:35.154  1628  1883 I DiagDataManager: registerReceiver requestID [10] receiverSize [2]
12-28 05:02:35.154  1718  1721 I IDiagManagerService: getCelsiusOfBackupBattery
12-28 05:02:35.155  1628  1883 I DiagHandler: OP_GET_BUB_CELSIUS
12-28 05:02:35.155  1718  1721 D SystemAntControlExt: bub celsius(100)
12-28 05:02:35.155  1718  1721 I SystemAntControlExt: BUBCelsiusCycle is DISABLE
12-28 05:02:35.155  1718  1721 D SystemAntControlExt: get diag-service for DTC cycle
12-28 05:02:35.155  1718  1721 D SystemManagerAnt: onBootCompleted()  [ant boot] boot(1) - end
12-28 05:02:35.156  1718  1721 I SystemManagerTime: get LocationServer
12-28 05:02:35.156  1718  1721 I SystemManagerService: Changed power_status(2), reason(0), is_power(1)
12-28 05:02:35.156  1718  1721 D SystemAntControl: power is Ready!!
12-28 05:02:35.156  1718  1721 E SystemAntControl: power is Ready!! mIsPower(1) mIsPower(1) high set(0)
12-28 05:02:35.157   973  1527 I ConfigDbClient: == wait for ReqKey:mdf_7484, Req token[82]
12-28 05:02:35.157   973  1527 I ConfigDbClient: ==> [Req:Resp] table[car_config_data] key[mdf_7484:mdf_7484], value[0], token[82:82]
12-28 05:02:35.157   973  1527 I ConfigDbClient: ReadKv, Key:0x0000019a, token[83]
12-28 05:02:35.157   973  1527 I CSE_ConfigDb: received msg from teleVM:3 0x0000019a, token:83
12-28 05:02:35.157   974  1888 I <VSM>VehicleStatusManagerService: Query kvDB (EmergencyWarnSerEWS)[car_config_data:mdf_7484] success. value(0)
12-28 05:02:35.157  1689  1701 E NetworkManagerService: initialization success : EmergencyWarnSerEWS(reason: 0) / (cnt: 1)
12-28 05:02:35.157  1689  1701 E NetworkManagerService: kvDBRdCCF cfgName:EmergencyWarnSerEWS value:0(0) 
12-28 05:02:35.157  1689  1701 E NetworkManagerService: EWS_config_manager = 0
12-28 05:02:35.158  1689  1701 E NetworkManagerService: KPAS disabled ! (F)
12-28 05:02:35.158   973  1485 I CSE_ConfigDb: read_data_db[car_config_data] : key:mdf_7484 value:0 status:0 CseEr_GetErrorCode:0 sql_status:0 token:82
12-28 05:02:35.158   973  1485 I CSE_ConfigDb: CONFIGDB_CB_CMD_READ_KV
12-28 05:02:35.168   973  1527 I ConfigDbClient: == wait for ReqKey:0x0000019a, Req token[83]
12-28 05:02:35.168   973  1527 I ConfigDbClient: ==> [Req:Resp] table[lcf_table_remote] key[0x0000019a:0x0000019a], value[5], token[83:83]
12-28 05:02:35.168   974  1580 I <VSM>VehicleStatusManagerService: Query kvDB (MRRetryMaxLimitedNr)[lcf_table_remote:0x0000019a] success. value(5)
12-28 05:02:35.169   973  1527 I ConfigDbClient: ReadKv, Key:0x00000101, token[84]
12-28 05:02:35.169   973  1527 I CSE_ConfigDb: received msg from teleVM:3 0x00000101, token:84
12-28 05:02:35.169   973  1485 I CSE_ConfigDb: read_data_db[lcf_table_remote] : key:0x0000019a value:5 status:0 CseEr_GetErrorCode:0 sql_status:0 token:83
12-28 05:02:35.169   973  1485 I CSE_ConfigDb: CONFIGDB_CB_CMD_READ_KV
12-28 05:02:35.175   973  1527 I ConfigDbClient: == wait for ReqKey:0x00000101, Req token[84]
12-28 05:02:35.175   973  1527 I ConfigDbClient: ==> [Req:Resp] table[lcf_table_remote] key[0x00000101:0x00000101], value[10], token[84:84]
12-28 05:02:35.175   974  1579 I <VSM>VehicleStatusManagerService: Query kvDB (BattVoltSettleTime)[lcf_table_remote:0x00000101] success. value(10)
12-28 05:02:35.175   973  1527 I ConfigDbClient: ReadKv, Key:0x00000053, token[85]
12-28 05:02:35.175   973  1527 I CSE_ConfigDb: received msg from teleVM:3 0x00000053, token:85
12-28 05:02:35.175  1642  1664 D IntelligentFactoryManagerService: detectCCF() read BattVoltSettleTime value from VSM : 10
12-28 05:02:35.176   973  1485 I CSE_ConfigDb: read_data_db[lcf_table_remote] : key:0x00000101 value:10 status:0 CseEr_GetErrorCode:0 sql_status:0 token:84
12-28 05:02:35.176   973  1485 I CSE_ConfigDb: CONFIGDB_CB_CMD_READ_KV
12-28 05:02:35.181  1876  1876 E Leopard : launchApp(pc)
12-28 05:02:35.184   973  1527 I ConfigDbClient: == wait for ReqKey:0x00000053, Req token[85]
12-28 05:02:35.184   973  1527 I ConfigDbClient: ==> [Req:Resp] table[lcf_table_remote] key[0x00000053:0x00000053], value[50], token[85:85]
12-28 05:02:35.184   974  1580 I <VSM>VehicleStatusManagerService: Query kvDB (MRRetryMaxNrCrit)[lcf_table_remote:0x00000053] success. value(50)
12-28 05:02:35.185   973  1527 I ConfigDbClient: ReadKv, Key:0x00000100, token[86]
12-28 05:02:35.185   973  1527 I CSE_ConfigDb: received msg from teleVM:3 0x00000100, token:86
12-28 05:02:35.196  1874  1874 E Leopard : launchApp(evt)
12-28 05:02:35.197   973  1485 I CSE_ConfigDb: read_data_db[lcf_table_remote] : key:0x00000053 value:50 status:0 CseEr_GetErrorCode:0 sql_status:0 token:85
12-28 05:02:35.197   973  1485 I CSE_ConfigDb: CONFIGDB_CB_CMD_READ_KV
12-28 05:02:35.202  1878  1878 E Leopard : launchApp(rcd)
12-28 05:02:35.211  1877  1877 I Application: enter create of Application:[provisioning]
12-28 05:02:35.211  1877  1877 V ProcessState: Spawning new pooled thread, name=Binder_1
12-28 05:02:35.215   973  1485 I CSE_ConfigDb: read_data_db[lcf_table_remote] : key:0x00000100 value:130 status:0 CseEr_GetErrorCode:0 sql_status:0 token:86
12-28 05:02:35.215   973  1527 I ConfigDbClient: == wait for ReqKey:0x00000100, Req token[86]
12-28 05:02:35.215   973  1527 I ConfigDbClient: ==> [Req:Resp] table[lcf_table_remote] key[0x00000100:0x00000100], value[130], token[86:86]
12-28 05:02:35.216   974  1579 I <VSM>VehicleStatusManagerService: Query kvDB (ExternalPowerBatteryThreshold)[lcf_table_remote:0x00000100] success. value(130)
12-28 05:02:35.216   973  1527 I ConfigDbClient: ReadKv, Key:0x00000055, token[87]
12-28 05:02:35.216   973  1527 I CSE_ConfigDb: received msg from teleVM:3 0x00000055, token:87
12-28 05:02:35.216   973  1485 I CSE_ConfigDb: CONFIGDB_CB_CMD_READ_KV
12-28 05:02:35.217  1642  1664 D IntelligentFactoryManagerService: detectCCF() read ExternalPowerBatteryThreshold value from VSM : 130
12-28 05:02:35.217   983  1585 V AppManager: handleInvokeOnCreate, name = provisioning
12-28 05:02:35.217  1877  1877 V ProcessState: Spawning new pooled thread, name=Binder_2
12-28 05:02:35.218  1877  1900 I provisioning: provisioning started
12-28 05:02:35.218  1877  1900 E APP     : [PROV] provisioning started
12-28 05:02:35.218  1877  1900 I provisioning: Registered service name: service_layer.AlarmManagerService
12-28 05:02:35.218  1877  1900 E APP     : [PROV] Registered service name: service_layer.AlarmManagerService
12-28 05:02:35.228   973  1485 I CSE_ConfigDb: read_data_db[lcf_table_remote] : key:0x00000055 value:10 status:0 CseEr_GetErrorCode:0 sql_status:0 token:87
12-28 05:02:35.228  1628  1883 E DIAG    : onNotifyVoltage Main Vol[11.770000]
12-28 05:02:35.228   973  1527 I ConfigDbClient: == wait for ReqKey:0x00000055, Req token[87]
12-28 05:02:35.228   973  1527 I ConfigDbClient: ==> [Req:Resp] table[lcf_table_remote] key[0x00000055:0x00000055], value[10], token[87:87]
12-28 05:02:35.228   974  1580 I <VSM>VehicleStatusManagerService: Query kvDB (MRRetryMaxNrRT)[lcf_table_remote:0x00000055] success. value(10)
12-28 05:02:35.228   973  1527 I ConfigDbClient: ReadKv, Key:0x00000183, token[88]
12-28 05:02:35.228   973  1527 I CSE_ConfigDb: received msg from teleVM:3 0x00000183, token:88
12-28 05:02:35.228   973  1485 I CSE_ConfigDb: CONFIGDB_CB_CMD_READ_KV
12-28 05:02:35.233   973  1485 I CSE_ConfigDb: read_data_db[lcf_table_remote] : key:0x00000183 value:255 status:0 CseEr_GetErrorCode:0 sql_status:0 token:88
12-28 05:02:35.234   973  1527 I ConfigDbClient: == wait for ReqKey:0x00000183, Req token[88]
12-28 05:02:35.234   973  1527 I ConfigDbClient: ==> [Req:Resp] table[lcf_table_remote] key[0x00000183:0x00000183], value[255], token[88:88]
12-28 05:02:35.234   974  1579 I <VSM>VehicleStatusManagerService: Query kvDB (ExternalPowerBatteryThresholdMin)[lcf_table_remote:0x00000183] success. value(255)
12-28 05:02:35.235   973  1527 I ConfigDbClient: ReadKv, Key:0x00000054, token[89]
12-28 05:02:35.235   973  1527 I CSE_ConfigDb: received msg from teleVM:3 0x00000054, token:89
12-28 05:02:35.235  1642  1664 D IntelligentFactoryManagerService: detectCCF() read ExternalPowerBatteryThresholdMin value from VSM : 255
12-28 05:02:35.243   973  1485 I CSE_ConfigDb: CONFIGDB_CB_CMD_READ_KV
12-28 05:02:35.247   973  1485 I CSE_ConfigDb: read_data_db[lcf_table_remote] : key:0x00000054 value:24 status:0 CseEr_GetErrorCode:0 sql_status:0 token:89
12-28 05:02:35.247   973  1527 I ConfigDbClient: == wait for ReqKey:0x00000054, Req token[89]
12-28 05:02:35.247   973  1527 I ConfigDbClient: ==> [Req:Resp] table[lcf_table_remote] key[0x00000054:0x00000054], value[24], token[89:89]
12-28 05:02:35.248   974  1580 I <VSM>VehicleStatusManagerService: Query kvDB (MRRetryMaxNrDL)[lcf_table_remote:0x00000054] success. value(24)
12-28 05:02:35.248   973  1527 I ConfigDbClient: ReadKv, Key:0x00000049, token[90]
12-28 05:02:35.248   973  1527 I CSE_ConfigDb: received msg from teleVM:3 0x00000049, token:90
12-28 05:02:35.249   973  1485 I CSE_ConfigDb: CONFIGDB_CB_CMD_READ_KV
12-28 05:02:35.253  1880  1880 V SpecialModeApplication: SpecialModeApplication(): constructor
12-28 05:02:35.253  1880  1880 I Application: enter create of Application:[specialmode]
12-28 05:02:35.253  1880  1880 V ProcessState: Spawning new pooled thread, name=Binder_1
12-28 05:02:35.255  1879  1879 E Leopard : launchApp(rvm)
12-28 05:02:35.258   983  1585 V AppManager: handleInvokeOnCreate, name = specialmode
12-28 05:02:35.259  1880  1908 V SpecialModeApplication: SpecialModeApplication: onCreate
12-28 05:02:35.259  1880  1908 V SpecialModeApplication: ServicesManager: constructor.
12-28 05:02:35.263  1880  1908 V SpecialModeApplication: ReceiverManager: constructor.
12-28 05:02:35.265  1637  1637 D IWiFiManagerService: OP_STA_REGISTER_RECEIVER
12-28 05:02:35.265  1637  1637 E WIFI    : register WiFi Station Receiver(), type:1
12-28 05:02:35.265  1637  1637 E WIFI    : WiFi Station receiver register count = 2
12-28 05:02:35.265  1880  1908 I IDiagManagerService: registerReceiver
12-28 05:02:35.265  1628  1883 I DiagHandler: OP_REGISTER_RECEIVER
12-28 05:02:35.276  1628  1883 I DiagDataManager: registerReceiver requestID [12] receiverSize [3]
12-28 05:02:35.276   974  1888 V <VSM>VehicleStatusManagerService: Register Config Noti (APP_ID_SPECIAL)
12-28 05:02:35.278   973  1527 I ConfigDbClient: == wait for ReqKey:0x00000049, Req token[90]
12-28 05:02:35.278   973  1527 I ConfigDbClient: ==> [Req:Resp] table[lcf_table_remote] key[0x00000049:0x00000049], value[1], token[90:90]
12-28 05:02:35.281   973  1485 I CSE_ConfigDb: read_data_db[lcf_table_remote] : key:0x00000049 value:1 status:0 CseEr_GetErrorCode:0 sql_status:0 token:90
12-28 05:02:35.281   974  1580 I <VSM>VehicleStatusManagerService: Query kvDB (MRBackoffResetCrit)[lcf_table_remote:0x00000049] success. value(1)
12-28 05:02:35.286   973  1527 I ConfigDbClient: ReadKv, Key:0x00000184, token[91]
12-28 05:02:35.286   973  1527 I CSE_ConfigDb: received msg from teleVM:3 0x00000184, token:91
12-28 05:02:35.286   973  1485 I CSE_ConfigDb: CONFIGDB_CB_CMD_READ_KV
12-28 05:02:35.288   973  1485 I CSE_ConfigDb: read_data_db[lcf_table_remote] : key:0x00000184 value:<L663:130>,<X260:130>,<X590:130>,<L560:130>,<X760:130>,<X761:130>,<L550:130>,<L551:130> status:0 CseEr_GetErrorCode:0 sql_status:0 token:91
12-28 05:02:35.289   973  1527 I ConfigDbClient: == wait for ReqKey:0x00000184, Req token[91]
12-28 05:02:35.289   973  1527 I ConfigDbClient: ==> [Req:Resp] table[lcf_table_remote] key[0x00000184:0x00000184], value[<L663:130>,<X260:130>,<X590:130>,<L560:130>,<X760:130>,<X761:130>,<L550:130>,<L551:130>], token[91:91]
12-28 05:02:35.289   974  1579 I <VSM>VehicleStatusManagerService: Query kvDB (ExternalPowerBatteryThresholdVL)[lcf_table_remote:0x00000184] success. value(<L663:130>,<X260:130>,<X590:130>,<L560:130>,<X760:130>,<X761:130>,<L550:130>,<L551:130>)
12-28 05:02:35.290  1642  1664 D IntelligentFactoryManagerService: String VehicleLine from VehicleType : Not supported
12-28 05:02:35.290  1642  1664 D IntelligentFactoryManagerService: VehicleLine from VehicleType : Not supported, length : 13
12-28 05:02:35.290  1642  1664 E IntelligentFactoryManagerService: isFoundString() Not Found string : <L663:130>,<X260:130>,<X590:130>,<L560:130>,<X760:130>,<X761:130>,<L550:130>,<L551:130>
12-28 05:02:35.290  1642  1664 E IntelligentFactoryManagerService: ERROR: can't find(Not supported) ExternalPowerBatteryThresholdVL(<L663:130>,<X260:130>,<X590:130>,<L560:130>,<X760:130>,<X761:130>,<L550:130>,<L551:130>)
12-28 05:02:35.290   973  1527 I ConfigDbClient: ReadKv, Key:0x00000187, token[92]
12-28 05:02:35.290   973  1527 I CSE_ConfigDb: received msg from teleVM:3 0x00000187, token:92
12-28 05:02:35.291   973  1485 I CSE_ConfigDb: CONFIGDB_CB_CMD_READ_KV
12-28 05:02:35.291  1876  1876 I Application: enter create of Application:[pc]
12-28 05:02:35.291  1876  1876 V ProcessState: Spawning new pooled thread, name=Binder_1
12-28 05:02:35.293  1877  1900 I provisioning: Registered service name: service_layer.ApplicationManagerService
12-28 05:02:35.293  1877  1900 E APP     : [PROV] Registered service name: service_layer.ApplicationManagerService
12-28 05:02:35.294   973  1527 I ConfigDbClient: == wait for ReqKey:0x00000187, Req token[92]
12-28 05:02:35.294   973  1527 I ConfigDbClient: ==> [Req:Resp] table[lcf_table_remote] key[0x00000187:0x00000187], value[1], token[92:92]
12-28 05:02:35.294  1877  1900 I provisioning: Registered service name: service_layer.CANManagerService
12-28 05:02:35.294  1877  1900 E APP     : [PROV] Registered service name: service_layer.CANManagerService
12-28 05:02:35.294   974  1579 I <VSM>VehicleStatusManagerService: Query kvDB (ExternalPowerBatteryHysteresis)[lcf_table_remote:0x00000187] success. value(1)
12-28 05:02:35.294  1877  1900 I provisioning: Registered service name: service_layer.DiagManagerService
12-28 05:02:35.294  1877  1900 E APP     : [PROV] Registered service name: service_layer.DiagManagerService
12-28 05:02:35.294  1642  1664 D IntelligentFactoryManagerService: detectCCF() read ExternalPowerBatteryHysteresis value from VSM : 1
12-28 05:02:35.294  1877  1900 I IDiagManagerService: registerReceiver
12-28 05:02:35.294   973  1527 I ConfigDbClient: ReadKv, Key:0x0000004b, token[93]
12-28 05:02:35.294   973  1527 I CSE_ConfigDb: received msg from teleVM:3 0x0000004b, token:93
12-28 05:02:35.294   973  1485 I CSE_ConfigDb: read_data_db[lcf_table_remote] : key:0x00000187 value:1 status:0 CseEr_GetErrorCode:0 sql_status:0 token:92
12-28 05:02:35.294   973  1485 I CSE_ConfigDb: CONFIGDB_CB_CMD_READ_KV
12-28 05:02:35.294  1628  1883 I DiagHandler: OP_REGISTER_RECEIVER
12-28 05:02:35.294  1696  1731 V CANManagerService: getCANData() : index(668) / value(0)
12-28 05:02:35.294  1628  1883 I DiagDataManager: registerReceiver requestID [6] receiverSize [4]
12-28 05:02:35.295  1880  1908 V SpecialModeApplication: DemoModeTimerSet: constructor.
12-28 05:02:35.295  1642  1664 I IntelligentFactoryManagerService: detectCAN() PowerMode(0) < 7
12-28 05:02:35.295  1696  1731 V CANManagerService: getCANData() : index(139) / value(6)
12-28 05:02:35.295  1877  1900 I provisioning: Registered service name: service_layer.HMIManagerService
12-28 05:02:35.295  1877  1900 E APP     : [PROV] Registered service name: service_layer.HMIManagerService
12-28 05:02:35.295  1696  1731 V CANManagerService: getCANData() : index(258) / value(E_ERROR)
12-28 05:02:35.295  1642  1664 E IntelligentFactoryManagerService: ERROR: extPwrSupDetected(E_ERROR) Not Available (value empty)
12-28 05:02:35.296  1631  1884 I OperationModeManagerImpl: getCurrentOperationMode: return current mode: :4
12-28 05:02:35.296  1642  1664 I IntelligentFactoryManagerService: detectOperationMode(): Current OperationMode is 4
12-28 05:02:35.296  1880  1908 V KeepPower: KeepPower init module_id: 12, release_time 86400
12-28 05:02:35.296  1880  1908 I SpecialModeApplication: DemoModeProcess(): constructor!
12-28 05:02:35.296  1877  1900 I provisioning: Registered service name: service_layer.LocationManagerService
12-28 05:02:35.296  1877  1900 E APP     : [PROV] Registered service name: service_layer.LocationManagerService
12-28 05:02:35.296  1877  1900 I provisioning: Registered service name: service_layer.NetworkManagerService
12-28 05:02:35.296  1877  1900 E APP     : [PROV] Registered service name: service_layer.NetworkManagerService
12-28 05:02:35.297  1689  1702 V INetworkManagerService: NM_REGISTER_SOMEIP_RECEIVER
12-28 05:02:35.297  1689  1702 E NetworkManagerService: NetworkManager SOMEIP receiver register.
12-28 05:02:35.297  1689  1702 E NetworkManagerService: NM SOMEIP rcvr rgstr cnt = 1
12-28 05:02:35.297  1637  1652 D WiFiClientStatus: getStoredPreviousPowerState() = 0
12-28 05:02:35.297  1637  1652 D WiFiClientStatus: setStoredPreviousPowerState() = 2
12-28 05:02:35.297  1637  1652 E WIFI    : WiFi setPowerStateChanged() oldState:0, newState:2, reason:0
12-28 05:02:35.297  1637  1652 E WIFI    : onPSMStateNotify(): New PSM state: PSM_STATE_NORMAL(2), reason:0
12-28 05:02:35.297  1877  1900 I provisioning: Registered service name: service_layer.NGTPManagerService
12-28 05:02:35.297  1877  1900 E APP     : [PROV] Registered service name: service_layer.NGTPManagerService
12-28 05:02:35.297  1637  1652 D hal_wifi: is_interface_created: iface [wlan0]
12-28 05:02:35.297  1637  1652 D hal_wifi: wlan driver is loaded
12-28 05:02:35.297  1637  1652 E WIFI    : getWiFiDriverState() currently wlan driver is loaded
12-28 05:02:35.297  1637  1652 E WIFI    : onPSMStateNotify() wlan driver is loaded
12-28 05:02:35.298  1637  1652 E WIFI    : P2P [startCheckLoadWiFiDrvTimerP2p]
12-28 05:02:35.298  1637  1652 E WIFI    : P2P [savePSMStateNotify] PSM_STATE_NORMAL(2), wlan driver load check timer started (#0)
12-28 05:02:35.298  1637  1652 E WIFI    : onTeleVMStateNotify() New Tele VM State:0, reason:0
12-28 05:02:35.298  1637  1652 D hal_wifi: is_interface_created: iface [wlan0]
12-28 05:02:35.298  1637  1652 D hal_wifi: wlan driver is loaded
12-28 05:02:35.298  1637  1652 E WIFI    : getWiFiDriverState() currently wlan driver is loaded
12-28 05:02:35.298  1637  1652 E WIFI    : onTeleVMStateNotify() wlan driver is loaded
12-28 05:02:35.298  1637  1652 E WIFI    : onTeleVMStateNotify(): newState(TELEVM_STATE_WAKEUP), reason(0)
12-28 05:02:35.298  1637  1652 E WIFI    : P2P [startCheckLoadWiFiDrvTimerP2p]
12-28 05:02:35.298  1637  1652 E WIFI    : P2P [saveTeleVMStateNotify] TELEVM_RUNNING(0), wlan driver load check timer started (#1)
12-28 05:02:35.298  1637  1652 D hal_wifi: is_interface_created: iface [wlan0]
12-28 05:02:35.298  1877  1900 D provisioning: registered ngtp service type of 34
12-28 05:02:35.298   973  1527 I ConfigDbClient: == wait for ReqKey:0x0000004b, Req token[93]
12-28 05:02:35.298   973  1527 I ConfigDbClient: ==> [Req:Resp] table[lcf_table_remote] key[0x0000004b:0x0000004b], value[1], token[93:93]
12-28 05:02:35.298  1637  1652 D hal_wifi: wlan driver is loaded
12-28 05:02:35.298  1637  1652 E WIFI    : getWiFiDriverState() currently wlan driver is loaded
12-28 05:02:35.298  1637  1652 E WIFI    : P2P [checkDhcpdForP2p] dhcpd is not ready status.
12-28 05:02:35.298  1637  1652 E WIFI    : P2P [checkP2pEnabledStatus] P2P is not ready status. #ready : 0 of 3
12-28 05:02:35.298   974  1888 I <VSM>VehicleStatusManagerService: Query kvDB (MRBackoffResetRT)[lcf_table_remote:0x0000004b] success. value(1)
12-28 05:02:35.298  1637  1652 E WIFI    : receiveCANBusState() CAN BUS State: OFF(NOT ACTIVE)
12-28 05:02:35.298  1877  1900 D provisioning: registered ngtp service type of 8
12-28 05:02:35.299  1696  1731 V CANManagerService: getCANData() : index(668) / value(0)
12-28 05:02:35.302   973  1527 I ConfigDbClient: ReadKv, Key:0x0000004a, token[94]
12-28 05:02:35.302   973  1527 I CSE_ConfigDb: received msg from teleVM:3 0x0000004a, token:94
12-28 05:02:35.304  1637  1652 E WIFI    : receivePowerModeCANSignal() : VS_CAN_POWERMODE_IDX CAN value=0
12-28 05:02:35.304  1637  1652 E WIFI    : receivePowerModeCANSignal() : old powermode=0, new powermode=0
12-28 05:02:35.304  1637  1652 E WIFI    : ---------------------- WPA_SUPPLICANT.CONF FILE INFO --------------------
12-28 05:02:35.304  1637  1652 E WIFI    : File Size :               11
12-28 05:02:35.304  1637  1652 E WIFI    : Last status change:       Wed Dec 28 05:02:35 2022
12-28 05:02:35.304  1637  1652 E WIFI    : Last file access:         Wed Dec 28 05:02:24 2022
12-28 05:02:35.304  1637  1652 E WIFI    : Last file modification:   Wed Dec 28 05:02:35 2022
12-28 05:02:35.304  1637  1652 E WIFI    : ----------------------------------------------------------------------------
12-28 05:02:35.304  1637  1652 E WIFI    : checkWpaSupplicantConfFile() wpa_supplicant.conf size is 11
12-28 05:02:35.304  1637  1652 E WIFI    : ERROR: wpa_supplicant.conf file size is 11, Need to recover
12-28 05:02:35.304  1637  1652 E WIFI    : checkWpaSupplicantConfFile() /data/services/wifi/wpa_supplicant.conf.temp stat error comment:No such file or directory
12-28 05:02:35.304  1637  1652 E WIFI    : checkWpaSupplicantConfFile() original & backup supplicant.conf are not working
12-28 05:02:35.304  1637  1652 E WIFI    : revertWiFiConfigFile() START ---
12-28 05:02:35.304  1637  1652 E WIFI    : startDiagRoutine222aControl() START
12-28 05:02:35.304  1637  1652 E WIFI    : startDiagRoutine222aControl() END
12-28 05:02:35.304  1637  1652 E WIFI    : revertWiFiConfigFile() END --- 88.000000 msec.
12-28 05:02:35.305  1637  1921 E WIFI    : DiagRoutine222aControl() threadLoop START
12-28 05:02:35.305  1637  1921 D WiFiManagerService: initParamsForDID()
12-28 05:02:35.305  1637  1921 E WIFI    : setPropertyRoutine222A()
12-28 05:02:35.305  1637  1921 E WIFI    : clearHiddenWiFiCredentialFile() start--
12-28 05:02:35.306  1637  1921 E WIFI    : clearHiddenWiFiCredentialFile() end--
12-28 05:02:35.306  1637  1921 E WIFI    : setProperty() name:wifi.routine_2229.isSet.credential, value:false
12-28 05:02:35.307  1689  1701 E NetworkManagerService: ConfigurationValues() Start
12-28 05:02:35.313   598   598 I         : [SYSTEMPROPERTY] failed to get (wifi.pivi_on_off_req.state)'s value[-1]
12-28 05:02:35.315  1637  1652 I WiFiClientHalUtils: getProperty() get [wifi.pivi_on_off_req.state] property is error
12-28 05:02:35.315  1637  1652 E WIFI    : checkPIVIReqWiFiStateForSOTA() stored Req State=OFF(-1)
12-28 05:02:35.315  1877  1900 D provisioning: registered ngtp service type of 134
12-28 05:02:35.317   973  1485 I CSE_ConfigDb: read_data_db[lcf_table_remote] : key:0x0000004b value:1 status:0 CseEr_GetErrorCode:0 sql_status:0 token:93
12-28 05:02:35.317   973  1485 I CSE_ConfigDb: CONFIGDB_CB_CMD_READ_KV
12-28 05:02:35.318   983  1585 V AppManager: handleInvokeOnCreate, name = pc
12-28 05:02:35.318  1877  1900 D provisioning: registered ngtp service type of 141
12-28 05:02:35.318  1876  1916 I PcApplication: [onCreate] --- START  
12-28 05:02:35.318  1876  1916 D PcApplication: PC Application onCreate()
12-28 05:02:35.319   973  1485 I CSE_ConfigDb: read_data_db[lcf_table_remote] : key:0x0000004a value:12 status:0 CseEr_GetErrorCode:0 sql_status:0 token:94
12-28 05:02:35.319   973  1527 I ConfigDbClient: == wait for ReqKey:0x0000004a, Req token[94]
12-28 05:02:35.319   973  1527 I ConfigDbClient: ==> [Req:Resp] table[lcf_table_remote] key[0x0000004a:0x0000004a], value[12], token[94:94]
12-28 05:02:35.319  1876  1916 D [PcApplication][Pool]: [Pool] --- START ---
12-28 05:02:35.319  1876  1916 D [PcApplication][Pool]: [createSystem] --- START ---
12-28 05:02:35.319  1876  1916 D [PcApplication][SystemContainer]: [add] --- START ---
12-28 05:02:35.319  1876  1916 D [PcApplication][Pool]: [createSystem] --- START ---
12-28 05:02:35.319  1876  1916 D [PcApplication][SystemContainer]: [add] --- START ---
12-28 05:02:35.319  1876  1916 D [PcApplication][Pool]: [createSystem] --- START ---
12-28 05:02:35.319  1876  1916 D [PcApplication][SystemContainer]: [add] --- START ---
12-28 05:02:35.319  1876  1916 D [PcApplication][Pool]: [createSystem] --- START ---
12-28 05:02:35.319  1876  1916 D [PcApplication][SystemContainer]: [add] --- START ---
12-28 05:02:35.319  1876  1916 D [PcApplication][Pool]: [createSystem] --- START ---
12-28 05:02:35.319  1876  1916 D [PcApplication][SystemContainer]: [add] --- START ---
12-28 05:02:35.319  1876  1916 D [PcApplication][Pool]: [createSystem] --- START ---
12-28 05:02:35.319  1876  1916 D [PcApplication][SystemContainer]: [add] --- START ---
12-28 05:02:35.319  1876  1916 D [PcApplication][SystemContainer]: [Initialize] --- START ---
12-28 05:02:35.319  1876  1916 D [PcApplication][ConfigReceiverSystem]: [Initialize] --- START
12-28 05:02:35.319  1876  1916 D [PcApplication][Pool]: [createRuleObject] --- START ---
12-28 05:02:35.319  1876  1916 D [PcApplication][RuleObject]: [RuleObject] --- START ---
12-28 05:02:35.319  1876  1916 D [PcApplication][RuleObject]: [setInstance] --- START ---
12-28 05:02:35.319   974  1888 I <VSM>VehicleStatusManagerService: Query kvDB (MRBackoffResetDL)[lcf_table_remote:0x0000004a] success. value(12)
12-28 05:02:35.319  1876  1916 D [PcApplication][RuleObject]: [getCollectionInPool] --- START ---
12-28 05:02:35.319  1876  1916 D [PcApplication][Provisioning]: [Reset] --- START --- Set provisioning=1
12-28 05:02:35.319  1876  1916 D [PcApplication][RuleObject]: [addCollection] --- START ---
12-28 05:02:35.319   973  1527 I ConfigDbClient: ReadKv, Key:CORE_ASSEMBLY_NUM, token[95]
12-28 05:02:35.319  1876  1916 D [PcApplication][RuleObject]: [hasCollection] --- START ---
12-28 05:02:35.319   973  1527 I CSE_ConfigDb: received msg from teleVM:3 CORE_ASSEMBLY_NUM, token:95
12-28 05:02:35.319  1876  1916 D [PcApplication][Pool]: [updateGroupsCollectionAddedOrRemoved] --- START ---
12-28 05:02:35.319  1876  1916 D [PcApplication][ConfigReceiverSystem]: [Initialize] --- END
12-28 05:02:35.319  1876  1916 D [PcApplication][StateControllerSystem]: [Initialize] --- START ---
12-28 05:02:35.320  1876  1916 V [PcApplication][StateControllerSystem]: Checking init state...
12-28 05:02:35.320  1876  1916 D [PcApplication][Pool]: [createRuleObject] --- START ---
12-28 05:02:35.320  1876  1916 D [PcApplication][RuleObject]: [RuleObject] --- START ---
12-28 05:02:35.320  1876  1916 D [PcApplication][RuleObject]: [setInstance] --- START ---
12-28 05:02:35.320  1876  1916 D [PcApplication][RuleObject]: [getCollectionInPool] --- START ---
12-28 05:02:35.320  1876  1916 D [PcApplication][PcError]: [Reset] --- START
12-28 05:02:35.320  1876  1916 V [PcApplication][PcError]: Set error: 0
12-28 05:02:35.320  1876  1916 D [PcApplication][RuleObject]: [addCollection] --- START ---
12-28 05:02:35.320  1876  1916 D [PcApplication][RuleObject]: [hasCollection] --- START ---
12-28 05:02:35.320  1876  1916 D [PcApplication][Pool]: [updateGroupsCollectionAddedOrRemoved] --- START ---
12-28 05:02:35.320  1876  1916 D [PcApplication][Pool]: [createRuleObject] --- START ---
12-28 05:02:35.320  1876  1916 D [PcApplication][RuleObject]: [RuleObject] --- START ---
12-28 05:02:35.320  1876  1916 D [PcApplication][RuleObject]: [setInstance] --- START ---
12-28 05:02:35.320   973  1485 I CSE_ConfigDb: CONFIGDB_CB_CMD_READ_KV
12-28 05:02:35.321   973  1485 I CSE_ConfigDb: read_data_db[tele_manu_otp] : key:CORE_ASSEMBLY_NUM value:Unknown status:0 CseEr_GetErrorCode:0 sql_status:0 token:95
12-28 05:02:35.321   973  1527 I ConfigDbClient: == wait for ReqKey:CORE_ASSEMBLY_NUM, Req token[95]
12-28 05:02:35.321  1877  1900 I provisioning: Registered service name: service_layer.OperationModeManagerService
12-28 05:02:35.321  1877  1900 E APP     : [PROV] Registered service name: service_layer.OperationModeManagerService
12-28 05:02:35.321   973  1527 I ConfigDbClient: ==> [Req:Resp] table[tele_manu_otp] key[CORE_ASSEMBLY_NUM:CORE_ASSEMBLY_NUM], value[Unknown], token[95:95]
12-28 05:02:35.322   974  1579 I <VSM>VehicleStatusManagerService: Query kvDB (PART_NO_CORE_ASSY)[tele_manu_otp:CORE_ASSEMBLY_NUM] success. value(Unknown)
12-28 05:02:35.322  1877  1900 I provisioning: Registered service name: service_layer.PowerManagerService
12-28 05:02:35.322  1877  1900 E APP     : [PROV] Registered service name: service_layer.PowerManagerService
12-28 05:02:35.322  1689  1701 E NetworkManagerService: initialization success : PART_NO_CORE_ASSY(reason: 0) / (cnt: 1)
12-28 05:02:35.322  1689  1701 E NetworkManagerService: Core HW Assy : Unknown (2) ret:0
12-28 05:02:35.322  1877  1900 V provisioning: can bus off
12-28 05:02:35.323   973  1527 I ConfigDbClient: ReadKv, Key:0x00000196, token[96]
12-28 05:02:35.323   973  1527 I CSE_ConfigDb: received msg from teleVM:3 0x00000196, token:96
12-28 05:02:35.323   973  1485 I CSE_ConfigDb: CONFIGDB_CB_CMD_READ_KV
12-28 05:02:35.323  1877  1900 V provisioning: power mode change to 0
12-28 05:02:35.321  1637  1921 E WIFI    : setProperty() name:wifi.routine_2229.isSet.hidden_credential, value:false
12-28 05:02:35.325   973  1527 I ConfigDbClient: == wait for ReqKey:0x00000196, Req token[96]
12-28 05:02:35.325   973  1527 I ConfigDbClient: ==> [Req:Resp] table[lcf_table_remote] key[0x00000196:0x00000196], value[toes.prod-row.jlrmotor.com], token[96:96]
12-28 05:02:35.325   973  1485 I CSE_ConfigDb: read_data_db[lcf_table_remote] : key:0x00000196 value:toes.prod-row.jlrmotor.com status:0 CseEr_GetErrorCode:0 sql_status:0 token:96
12-28 05:02:35.325  1876  1916 D [PcApplication][RuleObject]: [getCollectionInPool] --- START ---
12-28 05:02:35.325  1876  1916 D [PcApplication][AccountStatus]: [Reset] --- START
12-28 05:02:35.325  1876  1916 V [PcApplication][AccountStatus]: Set ICR account: 0
12-28 05:02:35.326  1637  1921 E WIFI    : setPropertyRoutine222A() End --- 1537.000000 msec.
12-28 05:02:35.326  1637  1921 E WIFI    : revertWiFiConfigFile() START ---
12-28 05:02:35.326  1637  1921 E hal_wifi: wlan_revert_configs() START +VT-5052 ---
12-28 05:02:35.326  1637  1921 E hal_wifi: copy_wpas_config() START ---
12-28 05:02:35.327   974  1579 I <VSM>VehicleStatusManagerService: Query kvDB (ToesHost)[lcf_table_remote:0x00000196] success. value(toes.prod-row.jlrmotor.com)
12-28 05:02:35.327  1689  1701 E NetworkManagerService: initialization success : ToesHost(reason: 0) / (cnt: 1)
12-28 05:02:35.327  1689  1701 E NetworkManagerService: ToesHost: toes.prod-row.jlrmotor.com ret:0
12-28 05:02:35.327   973  1527 I ConfigDbClient: ReadKv, Key:0x0000004c, token[97]
12-28 05:02:35.327   973  1527 I CSE_ConfigDb: received msg from teleVM:3 0x0000004c, token:97
12-28 05:02:35.328  1877  1900 I provisioning: Registered service name: service_layer.TelephonyRegistry
12-28 05:02:35.328  1877  1900 E APP     : [PROV] Registered service name: service_layer.TelephonyRegistry
12-28 05:02:35.329  1877  1900 V provisioning: data disconnected
12-28 05:02:35.330   973  1485 I CSE_ConfigDb: CONFIGDB_CB_CMD_READ_KV
12-28 05:02:35.332   973  1485 I CSE_ConfigDb: read_data_db[lcf_table_remote] : key:0x0000004c value:1 status:0 CseEr_GetErrorCode:0 sql_status:0 token:97
12-28 05:02:35.332   973  1527 I ConfigDbClient: == wait for ReqKey:0x0000004c, Req token[97]
12-28 05:02:35.332   973  1527 I ConfigDbClient: ==> [Req:Resp] table[lcf_table_remote] key[0x0000004c:0x0000004c], value[1], token[97:97]
12-28 05:02:35.332   974  1888 I <VSM>VehicleStatusManagerService: Query kvDB (MRConstVariationCrit)[lcf_table_remote:0x0000004c] success. value(1)
12-28 05:02:35.332   973  1527 I ConfigDbClient: ReadKv, Key:0x506d97b2, token[98]
12-28 05:02:35.332   973  1527 I CSE_ConfigDb: received msg from teleVM:3 0x506d97b2, token:98
12-28 05:02:35.333   973  1485 I CSE_ConfigDb: CONFIGDB_CB_CMD_READ_KV
12-28 05:02:35.333  1877  1900 I provisioning: Registered service name: service_layer.VehicleStatusManagerService
12-28 05:02:35.333  1877  1900 E APP     : [PROV] Registered service name: service_layer.VehicleStatusManagerService
12-28 05:02:35.333  1877  1900 I provisioning: Registered service name: service_layer.WiFiManagerService
12-28 05:02:35.333  1877  1900 E APP     : [PROV] Registered service name: service_layer.WiFiManagerService
12-28 05:02:35.333  1877  1900 I provisioning: Registered service name: service_layer.SOTAManagerService
12-28 05:02:35.333  1877  1900 E APP     : [PROV] Registered service name: service_layer.SOTAManagerService
12-28 05:02:35.335  1637  1920 D hal_wifi: is_interface_created: iface [wlan0]
12-28 05:02:35.336  1637  1920 D hal_wifi: wlan driver is loaded
12-28 05:02:35.336  1637  1920 E WIFI    : getWiFiDriverState() currently wlan driver is loaded
12-28 05:02:35.336  1637  1920 E WIFI    : P2P [stopCheckLoadWiFiDrvTimerP2p]
12-28 05:02:35.336  1637  1920 E WIFI    : P2P [checkLoadWiFiDriverP2p] successfully WiFi Driver loaded 
12-28 05:02:35.336  1637  1920 E WIFI    : P2P [sendWiFiP2pEvent] Received event =4
12-28 05:02:35.336  1637  1920 E WIFI    : P2P [checkLoadWiFiDriverP2p] WIFI_EVENT_P2P_DRIVER_LOADED 
12-28 05:02:35.338   973  1485 I CSE_ConfigDb: read_data_db[lcf_table_remote] : key:0x506d97b2 value:10.248.5.31 status:0 CseEr_GetErrorCode:0 sql_status:0 token:98
12-28 05:02:35.338   973  1527 I ConfigDbClient: == wait for ReqKey:0x506d97b2, Req token[98]
12-28 05:02:35.338   973  1527 I ConfigDbClient: ==> [Req:Resp] table[lcf_table_remote] key[0x506d97b2:0x506d97b2], value[10.248.5.31], token[98:98]
12-28 05:02:35.339   974  1579 I <VSM>VehicleStatusManagerService: Query kvDB (MessageServerAddress)[lcf_table_remote:0x506d97b2] success. value(10.248.5.31)
12-28 05:02:35.339   973  1527 I ConfigDbClient: ReadKv, Key:0x0000004e, token[99]
12-28 05:02:35.339   973  1527 I CSE_ConfigDb: received msg from teleVM:3 0x0000004e, token:99
12-28 05:02:35.339  1880  1908 I SpecialModeApplication: setDemoStatus: SpecialMode app status is INIT.
12-28 05:02:35.339  1689  1701 E NetworkManagerService: initialization success : MessageServerAddress(reason: 0) / (cnt: 1)
12-28 05:02:35.340  1689  1701 E NetworkManagerService: MessageServerAddress : 10.248.5.31 ret:0
12-28 05:02:35.340  1689  1701 E NetworkManagerService: File for 'temporary test' does not exist.
12-28 05:02:35.340  1689  1701 I NetworkManagerService: * Network values are set as default......
12-28 05:02:35.340  1689  1701 I NetworkManagerService: * use_NGI = 0
12-28 05:02:35.340  1689  1701 I NetworkManagerService: * Iccm_IP = 100.64.110.11
12-28 05:02:35.340  1689  1701 I NetworkManagerService: * Svc_ID_WiFi = 7
12-28 05:02:35.340  1689  1701 I NetworkManagerService: * port_server_wifi_num = 51007
12-28 05:02:35.340  1689  1701 I NetworkManagerService: * port_noti_wifi_num = 51007
12-28 05:02:35.340  1689  1701 E NetworkManagerService: Register TelephonyManager PhoneStateListener !!
12-28 05:02:35.342  1689  1701 E NetworkManagerService: ### onServiceStatesChanged: serviceState = 2,1,home,home,,,,,,,auto,Unknown,Unknown,EmergOnly=true
12-28 05:02:35.343  1689  1701 E NetworkManagerService: ### onServiceStateChanged: state = 2
12-28 05:02:35.344  1689  1701 E NetworkManagerService: ### onDataConnectionStateChanged: state = 0, ifname = , isDataConnectivityPossible = F, reason = , apn = , apnType = apn1, networkType = 0, roaming = F
12-28 05:02:35.347  1689  1701 E NetworkManagerService: ### onDataConnectionStateChanged: state = 0, ifname = , isDataConnectivityPossible = F, reason = , apn = , apnType = apn4, networkType = 0, roaming = F
12-28 05:02:35.347  1689  1701 E NetworkManagerService: ApnType is apn4, to be discussed later.
12-28 05:02:35.348  1878  1878 I Application: enter create of Application:[rcd]
12-28 05:02:35.348  1878  1878 V ProcessState: Spawning new pooled thread, name=Binder_1
12-28 05:02:35.349  1689  1701 E NetworkManagerService: ### onDataConnectionFailed: reason = simLoaded, apnType = apn1
12-28 05:02:35.360  1874  1874 V [EVT]EvtApplication: EvtApplication()
12-28 05:02:35.360  1874  1874 I Application: enter create of Application:[evt]
12-28 05:02:35.360  1689  1701 E NetworkManagerService: multicast_sock id = 1
12-28 05:02:35.360  1689  1701 E NetworkManagerService: setRouteTable : Route Add for HOST flag=U.H
12-28 05:02:35.360  1874  1874 V ProcessState: Spawning new pooled thread, name=Binder_1
12-28 05:02:35.364   983  1585 V AppManager: handleInvokeOnCreate, name = rcd
12-28 05:02:35.365  1878  1934 V RPA_ServiceManager: ---------------- 2. Start(RCD_ServiceManager)
12-28 05:02:35.368  1878  1934 V RPA_Utils: ---------------- 3. Start(RCD_Utils)
12-28 05:02:35.368  1878  1934 V RPA_Utils: ## Complete creating RCD_Utils() singleton instance(#1) ##
12-28 05:02:35.368  1878  1934 V RPA_Receiver: ---------------- 4. Start(RCD_Receiver)
12-28 05:02:35.368  1878  1934 V RPA_Receiver: ## RCD_Receiver initReceiver() is called ##
12-28 05:02:35.368  1637  1637 D IWiFiManagerService: OP_P2P_REGISTER_RECEIVER
12-28 05:02:35.368  1637  1637 E WIFI    : P2P registerP2pReceiver(), type:1
12-28 05:02:35.368  1637  1637 E WIFI    : P2P registerP2pRecevier() count = 1
12-28 05:02:35.369   974  1579 V <VSM>VehicleStatusManagerService: Register Config Noti (APP_ID_RCD)
12-28 05:02:35.370  1879  1879 E APP     : [createApplication] createApplication : RVM
12-28 05:02:35.370  1879  1879 D RVM_App : [createApplication:1163] createApplication : RVM
12-28 05:02:35.371  1879  1879 I Application: enter create of Application:[rvm]
12-28 05:02:35.371  1879  1879 V ProcessState: Spawning new pooled thread, name=Binder_1
12-28 05:02:35.371  1878  1934 V RPA_Receiver: ## RCD_VSManager addCanList() is called ##
12-28 05:02:35.371  1696  1731 E CANManagerService: CANManagerService::ServiceStub::registerReceiver(14)
12-28 05:02:35.371   983  1585 V AppManager: handleInvokeOnCreate, name = evt
12-28 05:02:35.371  1696  1727 E CRH     : CAN_RX_HANDLER_REGISTER_RECEIVER 14
12-28 05:02:35.372  1696  1727 V CANManagerService: registerReceiver ---> ServiceID : 14
12-28 05:02:35.372  1874  1874 V ProcessState: Spawning new pooled thread, name=Binder_2
12-28 05:02:35.372  1696  1731 E CANManagerService: CANManagerService::ServiceStub::registerCANBusReceiver()
12-28 05:02:35.372  1696  1731 E CANManagerService: CANManagerService::ServiceStub::addIndex(14, 202)
12-28 05:02:35.372  1696  1731 E CANManagerService: CANManagerService::ServiceStub::addIndex(14, 411)
12-28 05:02:35.372  1874  1938 V [EVT]EvtApplication: onCreate()
12-28 05:02:35.372  1874  1938 V         : setState()
12-28 05:02:35.372  1874  1938 V [EVT]EvtApplication: toStringState() state = 160, newState = 0
12-28 05:02:35.372  1874  1938 I [EVT]EvtApplication: onCreate EvApp : Apply to PCR-138 [Tue Nov 29 09:48:06 2022]
12-28 05:02:35.372  1696  1731 E CANManagerService: CANManagerService::ServiceStub::addIndex(14, 1017)
12-28 05:02:35.372  1874  1938 V [EVT]EvtApplication: regAppMgrService()
12-28 05:02:35.372  1696  1731 E CANManagerService: CANManagerService::ServiceStub::addIndex(14, 65)
12-28 05:02:35.372  1696  1727 E CRH     : CAN_RX_HANDLER_REGISTER_CAN_BUS_RECEIVER
12-28 05:02:35.372  1696  1727 E CRH     : CAN_RX_HANDLER_ADD_INDEX 14 202
12-28 05:02:35.372  1696  1727 E CRH     : CAN_RX_HANDLER_ADD_INDEX 14 411
12-28 05:02:35.372  1696  1727 E CRH     : CAN_RX_HANDLER_ADD_INDEX 14 1017
12-28 05:02:35.372  1696  1727 E CRH     : CAN_RX_HANDLER_ADD_INDEX 14 65
12-28 05:02:35.372  1696  1731 E CANManagerService: CANManagerService::ServiceStub::addIndex(14, 397)
12-28 05:02:35.372  1696  1731 E CANManagerService: CANManagerService::ServiceStub::addIndex(14, 1024)
12-28 05:02:35.373  1696  1731 E CANManagerService: CANManagerService::ServiceStub::addIndex(14, 1021)
12-28 05:02:35.373  1696  1727 E CRH     : CAN_RX_HANDLER_ADD_INDEX 14 397
12-28 05:02:35.373  1696  1727 E CRH     : CAN_RX_HANDLER_ADD_INDEX 14 1024
12-28 05:02:35.373  1696  1727 E CRH     : CAN_RX_HANDLER_ADD_INDEX 14 1021
12-28 05:02:35.373  1696  1731 E CANManagerService: CANManagerService::ServiceStub::addIndex(14, 1022)
12-28 05:02:35.373  1696  1727 E CRH     : CAN_RX_HANDLER_ADD_INDEX 14 1022
12-28 05:02:35.373  1689  1701 E NetworkManagerService: set host route for multicast = 1
12-28 05:02:35.373   983  1585 V AppManager: handleReadyToRun, evt
12-28 05:02:35.373  1696  1731 E CANManagerService: CANManagerService::ServiceStub::addIndex(14, 1023)
12-28 05:02:35.373  1689  1701 E NetworkManagerService: onPowerModeChanged old:0 New:0
12-28 05:02:35.373  1696  1727 E CRH     : CAN_RX_HANDLER_ADD_INDEX 14 1023
12-28 05:02:35.373  1696  1731 E CANManagerService: CANManagerService::ServiceStub::addIndex(14, 657)
12-28 05:02:35.373  1696  1727 E CRH     : CAN_RX_HANDLER_ADD_INDEX 14 657
12-28 05:02:35.374  1696  1731 E CANManagerService: CANManagerService::ServiceStub::addIndex(14, 162)
12-28 05:02:35.373   973  1485 I CSE_ConfigDb: CONFIGDB_CB_CMD_READ_KV
12-28 05:02:35.374  1696  1727 E CRH     : CAN_RX_HANDLER_ADD_INDEX 14 162
