12-27 06:09:54.254  1600  4259 E SOTA    : setRemoteState(0x       1,0x       0), old mRESstate = (0x       1)
12-27 06:09:54.254  1600  4259 E SOTA    : new mRESstate = (0x       0), (completed masking with        0)
12-27 06:09:54.254  1600  4259 E SOTA    : getRemoteState(       1), mRESstate = (0x       0)
12-27 06:10:24.534 31361 31394 E APP     : RVC] postRequest:61700 serviceType: 4 0x4
12-27 06:10:24.535 31361 31394 E APP     : RVC] receiveMessage_TSP(). serviceType: 4
12-27 06:10:24.540 31361 31394 E APP     : RVC] KeepPower acquire count:1 1 
12-27 06:10:24.540 31361 31394 E APP     : RVC] startTimerId timer 27 is running, stop and start again
12-27 06:10:24.540 31361 31394 E APP     : RVC] stopTimerId  timerId:27 
12-27 06:10:24.540 31361 31394 E APP     : RVC] startTimerId  TIMER_KEEPPOWER_RELEASE(27) duration:360 bRestart:1 
12-27 06:10:24.540 31361 31394 E APP     : RVC] kvDBRx cfgName:res_inhibit start 13112682
12-27 06:10:24.543 31361 31394 E APP     : RVC] kvDBRx cfgName:res_inhibit 3 value:1(1) end 13112685 takes 3 ms
12-27 06:10:24.543 31361 31394 E APP     : RVC] setRemoteserviceStateToSota 1 0x1 
12-27 06:10:24.543  1600  4259 E SOTA    : setRemoteState(0x       1,0x       1), old mRESstate = (0x       0)
12-27 06:10:24.543  1600  4259 E SOTA    : new mRESstate = (0x       1), (completed masking with        1)
12-27 06:10:24.543  1600  4259 E SOTA    : getRemoteState(       1), mRESstate = (0x       1)
12-27 06:10:24.544 31361 31394 E APP     : RVC] kvDBRx cfgName:Additional Heater start 13112685
12-27 06:10:24.547 31361 31394 E APP     : RVC] kvDBRx cfgName:Additional Heater 2 value:0(0) end 13112689 takes 4 ms
12-27 06:10:24.547 31361 31394 E APP     : RVC] setCurrState service:4 state:2 
12-27 06:10:24.547 31361 31394 E APP     : RVC] kvDBRx cfgName:Additional Heater start 13112689
12-27 06:10:24.551 31361 31394 E APP     : RVC] kvDBRx cfgName:Additional Heater 2 value:0(0) end 13112693 takes 4 ms
12-27 06:10:24.552 31361 31394 E APP     : RVC] RES_getSVTstatus SVT not active status
12-27 06:10:24.552 31361 31394 E APP     : RVC] getCrashStatus Crash status OFF
12-27 06:10:24.552 31361 31394 E APP     : RVC] kvDBRx cfgName:ClimateControlResFuelLevelStartMin_dl start 13112694
12-27 06:10:24.556 31361 31394 E APP     : RVC] kvDBRx cfgName:ClimateControlResFuelLevelStartMin_dl 3 value:50(50) end 13112698 takes 4 ms
12-27 06:10:24.556 31361 31394 E APP     : RVC] [RES Prerequisite Fail] Fuel level failure  0 50
12-27 06:10:24.556 31361 31394 E APP     : RVC] setNGTPerrorCode() errorCode:12
12-27 06:10:24.556 31361 31394 E APP     : RVC] getPropertyInt name : ResRunTimeCounter prop:1800 val:1800
12-27 06:10:24.556 31361 31394 E APP     : RVC] kvDBRx cfgName:ClimateControlResRunTimeMinLimit_s start 13112698
12-27 06:10:24.559 31361 31394 E APP     : RVC] kvDBRx cfgName:ClimateControlResRunTimeMinLimit_s 3 value:180(180) end 13112701 takes 3 ms
12-27 06:10:24.559 31361 31394 E APP     : RVC] setCurrState service:10 state:1 
12-27 06:10:24.559 31361 31394 E APP     : RVC] setCurrState service:4 state:1 
12-27 06:10:24.559 31361 31394 E APP     : RVC] sendNackMsgToTSP() remoteServiceType:4 
12-27 06:10:24.559 31361 31394 E APP     : RVC] getPropertyInt name : ResRunTimeCounter prop:1800 val:1800
12-27 06:10:24.559 31361 31394 E APP     : RVC] getPropertyInt name : ffhRemainingRunTime prop:0 val:0
12-27 06:10:24.559 31361 31394 E APP     : RVC] kvDBRx cfgName:engine_block_staus start 13112701
12-27 06:10:24.565 31361 31394 E APP     : RVC] kvDBRx cfgName:engine_block_staus 3 value:0(0) end 13112707 takes 6 ms
12-27 06:10:24.565 31361 31394 E APP     : RVC] [SEND NGTP MSG] type:4 second:0 millis:0
12-27 06:10:24.565 31361 31394 E APP     : RVC] sendNackMsgToTSP SKIP due to SLDD!!
12-27 06:10:24.565 31361 31394 E APP     : RVC] setRemoteserviceStateToSota 1 0x0 
12-27 06:10:24.565  1600  4259 E SOTA    : setRemoteState(0x       1,0x       0), old mRESstate = (0x       1)
12-27 06:10:24.565  1600  4259 E SOTA    : new mRESstate = (0x       0), (completed masking with        0)
12-27 06:10:24.565  1600  4259 E SOTA    : getRemoteState(       1), mRESstate = (0x       0)
12-27 06:10:45.564 31361 31394 E APP     : RVC] postRequest:61700 serviceType: 4 0x4
12-27 06:10:45.564 31361 31394 E APP     : RVC] receiveMessage_TSP(). serviceType: 4
12-27 06:10:45.568 31361 31394 E APP     : RVC] KeepPower acquire count:1 1 
12-27 06:10:45.568 31361 31394 E APP     : RVC] startTimerId timer 27 is running, stop and start again
12-27 06:10:45.568 31361 31394 E APP     : RVC] stopTimerId  timerId:27 
12-27 06:10:45.569 31361 31394 E APP     : RVC] startTimerId  TIMER_KEEPPOWER_RELEASE(27) duration:360 bRestart:1 
12-27 06:10:45.569 31361 31394 E APP     : RVC] kvDBRx cfgName:res_inhibit start 13133711
12-27 06:10:45.571 31361 31394 E APP     : RVC] kvDBRx cfgName:res_inhibit 3 value:1(1) end 13133713 takes 2 ms
12-27 06:10:45.571 31361 31394 E APP     : RVC] setRemoteserviceStateToSota 1 0x1 
12-27 06:10:45.572  1600  4259 E SOTA    : setRemoteState(0x       1,0x       1), old mRESstate = (0x       0)
12-27 06:10:45.572  1600  4259 E SOTA    : new mRESstate = (0x       1), (completed masking with        1)
12-27 06:10:45.572  1600  4259 E SOTA    : getRemoteState(       1), mRESstate = (0x       1)
12-27 06:10:45.572 31361 31394 E APP     : RVC] kvDBRx cfgName:Additional Heater start 13133714
12-27 06:10:45.574 31361 31394 E APP     : RVC] kvDBRx cfgName:Additional Heater 2 value:0(0) end 13133716 takes 2 ms
12-27 06:10:45.575 31361 31394 E APP     : RVC] setCurrState service:4 state:2 
12-27 06:10:45.575 31361 31394 E APP     : RVC] kvDBRx cfgName:Additional Heater start 13133716
12-27 06:10:45.577 31361 31394 E APP     : RVC] kvDBRx cfgName:Additional Heater 2 value:0(0) end 13133719 takes 3 ms
12-27 06:10:45.578 31361 31394 E APP     : RVC] RES_getSVTstatus SVT not active status
12-27 06:10:45.578 31361 31394 E APP     : RVC] getCrashStatus Crash status OFF
12-27 06:10:45.578 31361 31394 E APP     : RVC] kvDBRx cfgName:ClimateControlResFuelLevelStartMin_dl start 13133720
12-27 06:10:45.580 31361 31394 E APP     : RVC] kvDBRx cfgName:ClimateControlResFuelLevelStartMin_dl 3 value:50(50) end 13133722 takes 2 ms
12-27 06:10:45.580 31361 31394 E APP     : RVC] [RES Prerequisite Fail] Fuel level failure  0 50
12-27 06:10:45.580 31361 31394 E APP     : RVC] setNGTPerrorCode() errorCode:12
12-27 06:10:45.580 31361 31394 E APP     : RVC] getPropertyInt name : ResRunTimeCounter prop:1800 val:1800
12-27 06:10:45.580 31361 31394 E APP     : RVC] kvDBRx cfgName:ClimateControlResRunTimeMinLimit_s start 13133722
12-27 06:10:45.584 31361 31394 E APP     : RVC] kvDBRx cfgName:ClimateControlResRunTimeMinLimit_s 3 value:180(180) end 13133725 takes 3 ms
12-27 06:10:45.584 31361 31394 E APP     : RVC] setCurrState service:10 state:1 
12-27 06:10:45.584 31361 31394 E APP     : RVC] setCurrState service:4 state:1 
12-27 06:10:45.584 31361 31394 E APP     : RVC] sendNackMsgToTSP() remoteServiceType:4 
12-27 06:10:45.584 31361 31394 E APP     : RVC] getPropertyInt name : ResRunTimeCounter prop:1800 val:1800
12-27 06:10:45.584 31361 31394 E APP     : RVC] getPropertyInt name : ffhRemainingRunTime prop:0 val:0
12-27 06:10:45.586 31361 31394 E APP     : RVC] kvDBRx cfgName:engine_block_staus start 13133728
12-27 06:10:45.588 31361 31394 E APP     : RVC] kvDBRx cfgName:engine_block_staus 3 value:0(0) end 13133730 takes 2 ms
12-27 06:10:45.588 31361 31394 E APP     : RVC] [SEND NGTP MSG] type:4 second:0 millis:0
12-27 06:10:45.588 31361 31394 E APP     : RVC] sendNackMsgToTSP SKIP due to SLDD!!
12-27 06:10:45.589 31361 31394 E APP     : RVC] setRemoteserviceStateToSota 1 0x0 
12-27 06:10:45.589  1600  4259 E SOTA    : setRemoteState(0x       1,0x       0), old mRESstate = (0x       1)
12-27 06:10:45.589  1600  4259 E SOTA    : new mRESstate = (0x       0), (completed masking with        0)
12-27 06:10:45.589  1600  4259 E SOTA    : getRemoteState(       1), mRESstate = (0x       0)
12-27 06:10:46.538  1621  1864 E DIAG    : onNotifyVoltage BUB Vol[0.000000]
12-27 06:11:12.318 31361 31394 E APP     : RVC] postRequest:61700 serviceType: 4 0x4
12-27 06:11:12.318 31361 31394 E APP     : RVC] receiveMessage_TSP(). serviceType: 4
12-27 06:11:12.322 31361 31394 E APP     : RVC] KeepPower acquire count:1 1 
12-27 06:11:12.322 31361 31394 E APP     : RVC] startTimerId timer 27 is running, stop and start again
12-27 06:11:12.322 31361 31394 E APP     : RVC] stopTimerId  timerId:27 
12-27 06:11:12.322 31361 31394 E APP     : RVC] startTimerId  TIMER_KEEPPOWER_RELEASE(27) duration:360 bRestart:1 
12-27 06:11:12.325 31361 31394 E APP     : RVC] kvDBRx cfgName:res_inhibit start 13160467
12-27 06:11:12.329 31361 31394 E APP     : RVC] kvDBRx cfgName:res_inhibit 3 value:1(1) end 13160470 takes 3 ms
12-27 06:11:12.329 31361 31394 E APP     : RVC] setRemoteserviceStateToSota 1 0x1 
12-27 06:11:12.329  1600  4259 E SOTA    : setRemoteState(0x       1,0x       1), old mRESstate = (0x       0)
12-27 06:11:12.329  1600  4259 E SOTA    : new mRESstate = (0x       1), (completed masking with        1)
12-27 06:11:12.329  1600  4259 E SOTA    : getRemoteState(       1), mRESstate = (0x       1)
12-27 06:11:12.329 31361 31394 E APP     : RVC] kvDBRx cfgName:Additional Heater start 13160471
12-27 06:11:12.332 31361 31394 E APP     : RVC] kvDBRx cfgName:Additional Heater 2 value:0(0) end 13160474 takes 3 ms
12-27 06:11:12.332 31361 31394 E APP     : RVC] setCurrState service:4 state:2 
12-27 06:11:12.332 31361 31394 E APP     : RVC] kvDBRx cfgName:Additional Heater start 13160474
12-27 06:11:12.334 31361 31394 E APP     : RVC] kvDBRx cfgName:Additional Heater 2 value:0(0) end 13160476 takes 2 ms
12-27 06:11:12.335 31361 31394 E APP     : RVC] RES_getSVTstatus SVT not active status
12-27 06:11:12.336 31361 31394 E APP     : RVC] getCrashStatus Crash status OFF
12-27 06:11:12.336 31361 31394 E APP     : RVC] kvDBRx cfgName:ClimateControlResFuelLevelStartMin_dl start 13160478
12-27 06:11:12.338 31361 31394 E APP     : RVC] kvDBRx cfgName:ClimateControlResFuelLevelStartMin_dl 3 value:50(50) end 13160480 takes 2 ms
12-27 06:11:12.338 31361 31394 E APP     : RVC] [RES Prerequisite Fail] Fuel level failure  0 50
12-27 06:11:12.338 31361 31394 E APP     : RVC] setNGTPerrorCode() errorCode:12
12-27 06:11:12.338 31361 31394 E APP     : RVC] getPropertyInt name : ResRunTimeCounter prop:1800 val:1800
12-27 06:11:12.338 31361 31394 E APP     : RVC] kvDBRx cfgName:ClimateControlResRunTimeMinLimit_s start 13160480
12-27 06:11:12.342 31361 31394 E APP     : RVC] kvDBRx cfgName:ClimateControlResRunTimeMinLimit_s 3 value:180(180) end 13160484 takes 4 ms
12-27 06:11:12.342 31361 31394 E APP     : RVC] setCurrState service:10 state:1 
12-27 06:11:12.342 31361 31394 E APP     : RVC] setCurrState service:4 state:1 
12-27 06:11:12.342 31361 31394 E APP     : RVC] sendNackMsgToTSP() remoteServiceType:4 
12-27 06:11:12.342 31361 31394 E APP     : RVC] getPropertyInt name : ResRunTimeCounter prop:1800 val:1800
12-27 06:11:12.342 31361 31394 E APP     : RVC] getPropertyInt name : ffhRemainingRunTime prop:0 val:0
12-27 06:11:12.343 31361 31394 E APP     : RVC] kvDBRx cfgName:engine_block_staus start 13160485
12-27 06:11:12.346 31361 31394 E APP     : RVC] kvDBRx cfgName:engine_block_staus 3 value:0(0) end 13160488 takes 3 ms
12-27 06:11:12.346 31361 31394 E APP     : RVC] [SEND NGTP MSG] type:4 second:0 millis:0
12-27 06:11:12.346 31361 31394 E APP     : RVC] sendNackMsgToTSP SKIP due to SLDD!!
12-27 06:11:12.346 31361 31394 E APP     : RVC] setRemoteserviceStateToSota 1 0x0 
12-27 06:11:12.347  1600  4259 E SOTA    : setRemoteState(0x       1,0x       0), old mRESstate = (0x       1)
12-27 06:11:12.347  1600  4259 E SOTA    : new mRESstate = (0x       0), (completed masking with        0)
12-27 06:11:12.347  1600  4259 E SOTA    : getRemoteState(       1), mRESstate = (0x       0)
12-27 06:11:34.904 31361 31394 E APP     : RVC] postRequest:61700 serviceType: 4 0x4
12-27 06:11:34.904 31361 31394 E APP     : RVC] receiveMessage_TSP(). serviceType: 4
12-27 06:11:34.913 31361 31394 E APP     : RVC] KeepPower acquire count:1 1 
12-27 06:11:34.913 31361 31394 E APP     : RVC] startTimerId timer 27 is running, stop and start again
12-27 06:11:34.913 31361 31394 E APP     : RVC] stopTimerId  timerId:27 
12-27 06:11:34.913 31361 31394 E APP     : RVC] startTimerId  TIMER_KEEPPOWER_RELEASE(27) duration:360 bRestart:1 
12-27 06:11:34.915 31361 31394 E APP     : RVC] kvDBRx cfgName:res_inhibit start 13183057
12-27 06:11:34.920 31361 31394 E APP     : RVC] kvDBRx cfgName:res_inhibit 3 value:1(1) end 13183062 takes 5 ms
12-27 06:11:34.920 31361 31394 E APP     : RVC] setRemoteserviceStateToSota 1 0x1 
12-27 06:11:34.921  1600  4259 E SOTA    : setRemoteState(0x       1,0x       1), old mRESstate = (0x       0)
12-27 06:11:34.921  1600  4259 E SOTA    : new mRESstate = (0x       1), (completed masking with        1)
12-27 06:11:34.921  1600  4259 E SOTA    : getRemoteState(       1), mRESstate = (0x       1)
12-27 06:11:34.921 31361 31394 E APP     : RVC] kvDBRx cfgName:Additional Heater start 13183063
12-27 06:11:34.925 31361 31394 E APP     : RVC] kvDBRx cfgName:Additional Heater 2 value:0(0) end 13183067 takes 4 ms
12-27 06:11:34.925 31361 31394 E APP     : RVC] setCurrState service:4 state:2 
12-27 06:11:34.925 31361 31394 E APP     : RVC] kvDBRx cfgName:Additional Heater start 13183067
12-27 06:11:34.929 31361 31394 E APP     : RVC] kvDBRx cfgName:Additional Heater 2 value:0(0) end 13183071 takes 4 ms
12-27 06:11:34.929 31361 31394 E APP     : RVC] RES_getSVTstatus SVT not active status
12-27 06:11:34.930 31361 31394 E APP     : RVC] getCrashStatus Crash status OFF
12-27 06:11:34.930 31361 31394 E APP     : RVC] kvDBRx cfgName:ClimateControlResFuelLevelStartMin_dl start 13183072
12-27 06:11:34.936 31361 31394 E APP     : RVC] kvDBRx cfgName:ClimateControlResFuelLevelStartMin_dl 3 value:50(50) end 13183077 takes 5 ms
12-27 06:11:34.936 31361 31394 E APP     : RVC] [RES Prerequisite Fail] Fuel level failure  0 50
12-27 06:11:34.936 31361 31394 E APP     : RVC] setNGTPerrorCode() errorCode:12
12-27 06:11:34.936 31361 31394 E APP     : RVC] getPropertyInt name : ResRunTimeCounter prop:1800 val:1800
12-27 06:11:34.936 31361 31394 E APP     : RVC] kvDBRx cfgName:ClimateControlResRunTimeMinLimit_s start 13183078
12-27 06:11:34.939 31361 31394 E APP     : RVC] kvDBRx cfgName:ClimateControlResRunTimeMinLimit_s 3 value:180(180) end 13183081 takes 3 ms
12-27 06:11:34.939 31361 31394 E APP     : RVC] setCurrState service:10 state:1 
12-27 06:11:34.939 31361 31394 E APP     : RVC] setCurrState service:4 state:1 
12-27 06:11:34.939 31361 31394 E APP     : RVC] sendNackMsgToTSP() remoteServiceType:4 
12-27 06:11:34.939 31361 31394 E APP     : RVC] getPropertyInt name : ResRunTimeCounter prop:1800 val:1800
12-27 06:11:34.939 31361 31394 E APP     : RVC] getPropertyInt name : ffhRemainingRunTime prop:0 val:0
12-27 06:11:34.944 31361 31394 E APP     : RVC] kvDBRx cfgName:engine_block_staus start 13183086
12-27 06:11:34.948 31361 31394 E APP     : RVC] kvDBRx cfgName:engine_block_staus 3 value:0(0) end 13183090 takes 4 ms
12-27 06:11:34.948 31361 31394 E APP     : RVC] [SEND NGTP MSG] type:4 second:0 millis:0
12-27 06:11:34.948 31361 31394 E APP     : RVC] sendNackMsgToTSP SKIP due to SLDD!!
12-27 06:11:34.949 31361 31394 E APP     : RVC] setRemoteserviceStateToSota 1 0x0 
12-27 06:11:34.949  1600  4259 E SOTA    : setRemoteState(0x       1,0x       0), old mRESstate = (0x       1)
12-27 06:11:34.949  1600  4259 E SOTA    : new mRESstate = (0x       0), (completed masking with        0)
12-27 06:11:34.949  1600  4259 E SOTA    : getRemoteState(       1), mRESstate = (0x       0)
12-27 06:11:50.486 31361 31394 E APP     : RVC] postRequest:61700 serviceType: 4 0x4
12-27 06:11:50.486 31361 31394 E APP     : RVC] receiveMessage_TSP(). serviceType: 4
12-27 06:11:50.494 31361 31394 E APP     : RVC] KeepPower acquire count:1 1 
12-27 06:11:50.494 31361 31394 E APP     : RVC] startTimerId timer 27 is running, stop and start again
12-27 06:11:50.494 31361 31394 E APP     : RVC] stopTimerId  timerId:27 
12-27 06:11:50.494 31361 31394 E APP     : RVC] startTimerId  TIMER_KEEPPOWER_RELEASE(27) duration:360 bRestart:1 
12-27 06:11:50.495 31361 31394 E APP     : RVC] kvDBRx cfgName:res_inhibit start 13198637
12-27 06:11:50.498 31361 31394 E APP     : RVC] kvDBRx cfgName:res_inhibit 3 value:1(1) end 13198640 takes 3 ms
12-27 06:11:50.498 31361 31394 E APP     : RVC] setRemoteserviceStateToSota 1 0x1 
12-27 06:11:50.498  1600  4259 E SOTA    : setRemoteState(0x       1,0x       1), old mRESstate = (0x       0)
12-27 06:11:50.498  1600  4259 E SOTA    : new mRESstate = (0x       1), (completed masking with        1)
12-27 06:11:50.498  1600  4259 E SOTA    : getRemoteState(       1), mRESstate = (0x       1)
12-27 06:11:50.499 31361 31394 E APP     : RVC] kvDBRx cfgName:Additional Heater start 13198641
12-27 06:11:50.503 31361 31394 E APP     : RVC] kvDBRx cfgName:Additional Heater 2 value:0(0) end 13198645 takes 4 ms
12-27 06:11:50.503 31361 31394 E APP     : RVC] setCurrState service:4 state:2 
12-27 06:11:50.503 31361 31394 E APP     : RVC] kvDBRx cfgName:Additional Heater start 13198645
12-27 06:11:50.507 31361 31394 E APP     : RVC] kvDBRx cfgName:Additional Heater 2 value:0(0) end 13198649 takes 4 ms
12-27 06:11:50.508 31361 31394 E APP     : RVC] RES_getSVTstatus SVT not active status
12-27 06:11:50.512 31361 31394 E APP     : RVC] getCrashStatus Crash status OFF
12-27 06:11:50.512 31361 31394 E APP     : RVC] kvDBRx cfgName:ClimateControlResFuelLevelStartMin_dl start 13198654
12-27 06:11:50.518 31361 31394 E APP     : RVC] kvDBRx cfgName:ClimateControlResFuelLevelStartMin_dl 3 value:50(50) end 13198659 takes 5 ms
12-27 06:11:50.518 31361 31394 E APP     : RVC] [RES Prerequisite Fail] Fuel level failure  0 50
12-27 06:11:50.518 31361 31394 E APP     : RVC] setNGTPerrorCode() errorCode:12
12-27 06:11:50.518 31361 31394 E APP     : RVC] getPropertyInt name : ResRunTimeCounter prop:1800 val:1800
12-27 06:11:50.518 31361 31394 E APP     : RVC] kvDBRx cfgName:ClimateControlResRunTimeMinLimit_s start 13198660
12-27 06:11:50.522 31361 31394 E APP     : RVC] kvDBRx cfgName:ClimateControlResRunTimeMinLimit_s 3 value:180(180) end 13198664 takes 4 ms
12-27 06:11:50.522 31361 31394 E APP     : RVC] setCurrState service:10 state:1 
12-27 06:11:50.522 31361 31394 E APP     : RVC] setCurrState service:4 state:1 
12-27 06:11:50.522 31361 31394 E APP     : RVC] sendNackMsgToTSP() remoteServiceType:4 
12-27 06:11:50.522 31361 31394 E APP     : RVC] getPropertyInt name : ResRunTimeCounter prop:1800 val:1800
12-27 06:11:50.522 31361 31394 E APP     : RVC] getPropertyInt name : ffhRemainingRunTime prop:0 val:0
12-27 06:11:50.525 31361 31394 E APP     : RVC] kvDBRx cfgName:engine_block_staus start 13198667
12-27 06:11:50.530 31361 31394 E APP     : RVC] kvDBRx cfgName:engine_block_staus 3 value:0(0) end 13198672 takes 5 ms
12-27 06:11:50.535 31361 31394 E APP     : RVC] [SEND NGTP MSG] type:4 second:0 millis:0
12-27 06:11:50.535 31361 31394 E APP     : RVC] sendNackMsgToTSP SKIP due to SLDD!!
12-27 06:11:50.536 31361 31394 E APP     : RVC] setRemoteserviceStateToSota 1 0x0 
12-27 06:11:50.536  1600  4259 E SOTA    : setRemoteState(0x       1,0x       0), old mRESstate = (0x       1)
12-27 06:11:50.536  1600  4259 E SOTA    : new mRESstate = (0x       0), (completed masking with        0)
12-27 06:11:50.536  1600  4259 E SOTA    : getRemoteState(       1), mRESstate = (0x       0)
12-27 06:12:19.525  1621  1864 E DIAG    : onNotifyVoltage Main Vol[12.170000]
12-27 06:12:26.529  1621  1864 E DIAG    : onNotifyVoltage BUB Vol[0.000000]
12-27 06:12:38.538 31361 31394 E APP     : RVC] postRequest:61700 serviceType: 4 0x4
12-27 06:12:38.538 31361 31394 E APP     : RVC] receiveMessage_TSP(). serviceType: 4
12-27 06:12:38.545 31361 31394 E APP     : RVC] KeepPower acquire count:1 1 
12-27 06:12:38.545 31361 31394 E APP     : RVC] startTimerId timer 27 is running, stop and start again
12-27 06:12:38.545 31361 31394 E APP     : RVC] stopTimerId  timerId:27 
12-27 06:12:38.545 31361 31394 E APP     : RVC] startTimerId  TIMER_KEEPPOWER_RELEASE(27) duration:360 bRestart:1 
12-27 06:12:38.546 31361 31394 E APP     : RVC] kvDBRx cfgName:res_inhibit start 13246687
12-27 06:12:38.548 31361 31394 E APP     : RVC] kvDBRx cfgName:res_inhibit 3 value:1(1) end 13246690 takes 3 ms
12-27 06:12:38.548 31361 31394 E APP     : RVC] setRemoteserviceStateToSota 1 0x1 
12-27 06:12:38.548  1600  4259 E SOTA    : setRemoteState(0x       1,0x       1), old mRESstate = (0x       0)
12-27 06:12:38.548  1600  4259 E SOTA    : new mRESstate = (0x       1), (completed masking with        1)
12-27 06:12:38.548  1600  4259 E SOTA    : getRemoteState(       1), mRESstate = (0x       1)
12-27 06:12:38.549 31361 31394 E APP     : RVC] kvDBRx cfgName:Additional Heater start 13246691
12-27 06:12:38.551 31361 31394 E APP     : RVC] kvDBRx cfgName:Additional Heater 2 value:0(0) end 13246693 takes 2 ms
12-27 06:12:38.551 31361 31394 E APP     : RVC] setCurrState service:4 state:2 
12-27 06:12:38.551 31361 31394 E APP     : RVC] kvDBRx cfgName:Additional Heater start 13246693
12-27 06:12:38.554 31361 31394 E APP     : RVC] kvDBRx cfgName:Additional Heater 2 value:0(0) end 13246696 takes 3 ms
12-27 06:12:38.555 31361 31394 E APP     : RVC] RES_getSVTstatus SVT not active status
12-27 06:12:38.555 31361 31394 E APP     : RVC] getCrashStatus Crash status OFF
12-27 06:12:38.555 31361 31394 E APP     : RVC] kvDBRx cfgName:ClimateControlResFuelLevelStartMin_dl start 13246697
12-27 06:12:38.560 31361 31394 E APP     : RVC] kvDBRx cfgName:ClimateControlResFuelLevelStartMin_dl 3 value:50(50) end 13246702 takes 5 ms
12-27 06:12:38.560 31361 31394 E APP     : RVC] [RES Prerequisite Fail] Fuel level failure  0 50
12-27 06:12:38.560 31361 31394 E APP     : RVC] setNGTPerrorCode() errorCode:12
12-27 06:12:38.560 31361 31394 E APP     : RVC] getPropertyInt name : ResRunTimeCounter prop:1800 val:1800
12-27 06:12:38.560 31361 31394 E APP     : RVC] kvDBRx cfgName:ClimateControlResRunTimeMinLimit_s start 13246702
12-27 06:12:38.564 31361 31394 E APP     : RVC] kvDBRx cfgName:ClimateControlResRunTimeMinLimit_s 3 value:180(180) end 13246705 takes 3 ms
12-27 06:12:38.564 31361 31394 E APP     : RVC] setCurrState service:10 state:1 
12-27 06:12:38.564 31361 31394 E APP     : RVC] setCurrState service:4 state:1 
12-27 06:12:38.564 31361 31394 E APP     : RVC] sendNackMsgToTSP() remoteServiceType:4 
12-27 06:12:38.564 31361 31394 E APP     : RVC] getPropertyInt name : ResRunTimeCounter prop:1800 val:1800
12-27 06:12:38.564 31361 31394 E APP     : RVC] getPropertyInt name : ffhRemainingRunTime prop:0 val:0
12-27 06:12:38.564 31361 31394 E APP     : RVC] kvDBRx cfgName:engine_block_staus start 13246706
12-27 06:12:38.570 31361 31394 E APP     : RVC] kvDBRx cfgName:engine_block_staus 3 value:0(0) end 13246711 takes 5 ms
12-27 06:12:38.571 31361 31394 E APP     : RVC] [SEND NGTP MSG] type:4 second:0 millis:0
12-27 06:12:38.571 31361 31394 E APP     : RVC] sendNackMsgToTSP SKIP due to SLDD!!
12-27 06:12:38.571 31361 31394 E APP     : RVC] setRemoteserviceStateToSota 1 0x0 
12-27 06:12:38.573  1600  4259 E SOTA    : setRemoteState(0x       1,0x       0), old mRESstate = (0x       1)
12-27 06:12:38.573  1600  4259 E SOTA    : new mRESstate = (0x       0), (completed masking with        0)
12-27 06:12:38.573  1600  4259 E SOTA    : getRemoteState(       1), mRESstate = (0x       0)
12-27 06:13:35.088 31361 31394 E APP     : RVC] postRequest:61700 serviceType: 4 0x4
12-27 06:13:35.088 31361 31394 E APP     : RVC] receiveMessage_TSP(). serviceType: 4
12-27 06:13:35.098 31361 31394 E APP     : RVC] KeepPower acquire count:1 1 
12-27 06:13:35.098 31361 31394 E APP     : RVC] startTimerId timer 27 is running, stop and start again
12-27 06:13:35.098 31361 31394 E APP     : RVC] stopTimerId  timerId:27 
12-27 06:13:35.098 31361 31394 E APP     : RVC] startTimerId  TIMER_KEEPPOWER_RELEASE(27) duration:360 bRestart:1 
12-27 06:13:35.099 31361 31394 E APP     : RVC] kvDBRx cfgName:res_inhibit start 13303241
12-27 06:13:35.114 31361 31394 E APP     : RVC] kvDBRx cfgName:res_inhibit 3 value:1(1) end 13303256 takes 15 ms
12-27 06:13:35.114 31361 31394 E APP     : RVC] setRemoteserviceStateToSota 1 0x1 
12-27 06:13:35.115  1600  4259 E SOTA    : setRemoteState(0x       1,0x       1), old mRESstate = (0x       0)
12-27 06:13:35.115  1600  4259 E SOTA    : new mRESstate = (0x       1), (completed masking with        1)
12-27 06:13:35.115  1600  4259 E SOTA    : getRemoteState(       1), mRESstate = (0x       1)
12-27 06:13:35.115 31361 31394 E APP     : RVC] kvDBRx cfgName:Additional Heater start 13303257
12-27 06:13:35.133 31361 31394 E APP     : RVC] kvDBRx cfgName:Additional Heater 2 value:0(0) end 13303274 takes 17 ms
12-27 06:13:35.133 31361 31394 E APP     : RVC] setCurrState service:4 state:2 
12-27 06:13:35.133 31361 31394 E APP     : RVC] kvDBRx cfgName:Additional Heater start 13303275
12-27 06:13:35.139 31361 31394 E APP     : RVC] kvDBRx cfgName:Additional Heater 2 value:0(0) end 13303281 takes 6 ms
12-27 06:13:35.140 31361 31394 E APP     : RVC] RES_getSVTstatus SVT not active status
12-27 06:13:35.142 31361 31394 E APP     : RVC] getCrashStatus Crash status OFF
12-27 06:13:35.142 31361 31394 E APP     : RVC] kvDBRx cfgName:ClimateControlResFuelLevelStartMin_dl start 13303283
12-27 06:13:35.145 31361 31394 E APP     : RVC] kvDBRx cfgName:ClimateControlResFuelLevelStartMin_dl 3 value:50(50) end 13303287 takes 4 ms
12-27 06:13:35.145 31361 31394 E APP     : RVC] [RES Prerequisite Fail] Fuel level failure  0 50
12-27 06:13:35.145 31361 31394 E APP     : RVC] setNGTPerrorCode() errorCode:12
12-27 06:13:35.145 31361 31394 E APP     : RVC] getPropertyInt name : ResRunTimeCounter prop:1800 val:1800
12-27 06:13:35.145 31361 31394 E APP     : RVC] kvDBRx cfgName:ClimateControlResRunTimeMinLimit_s start 13303287
12-27 06:13:35.150 31361 31394 E APP     : RVC] kvDBRx cfgName:ClimateControlResRunTimeMinLimit_s 3 value:180(180) end 13303292 takes 5 ms
12-27 06:13:35.150 31361 31394 E APP     : RVC] setCurrState service:10 state:1 
12-27 06:13:35.150 31361 31394 E APP     : RVC] setCurrState service:4 state:1 
12-27 06:13:35.150 31361 31394 E APP     : RVC] sendNackMsgToTSP() remoteServiceType:4 
12-27 06:13:35.150 31361 31394 E APP     : RVC] getPropertyInt name : ResRunTimeCounter prop:1800 val:1800
12-27 06:13:35.150 31361 31394 E APP     : RVC] getPropertyInt name : ffhRemainingRunTime prop:0 val:0
12-27 06:13:35.150 31361 31394 E APP     : RVC] kvDBRx cfgName:engine_block_staus start 13303292
12-27 06:13:35.155 31361 31394 E APP     : RVC] kvDBRx cfgName:engine_block_staus 3 value:0(0) end 13303297 takes 5 ms
12-27 06:13:35.155 31361 31394 E APP     : RVC] [SEND NGTP MSG] type:4 second:0 millis:0
12-27 06:13:35.155 31361 31394 E APP     : RVC] sendNackMsgToTSP SKIP due to SLDD!!
12-27 06:13:35.155 31361 31394 E APP     : RVC] setRemoteserviceStateToSota 1 0x0 
12-27 06:13:35.157  1600  4259 E SOTA    : setRemoteState(0x       1,0x       0), old mRESstate = (0x       1)
12-27 06:13:35.157  1600  4259 E SOTA    : new mRESstate = (0x       0), (completed masking with        0)
12-27 06:13:35.157  1600  4259 E SOTA    : getRemoteState(       1), mRESstate = (0x       0)
12-27 06:14:06.536  1621  1864 E DIAG    : onNotifyVoltage BUB Vol[0.000000]
12-27 06:14:09.035 31361 31394 E APP     : RVC] postRequest:61700 serviceType: 4 0x4
12-27 06:14:09.035 31361 31394 E APP     : RVC] receiveMessage_TSP(). serviceType: 4
12-27 06:14:09.039 31361 31394 E APP     : RVC] KeepPower acquire count:1 1 
12-27 06:14:09.039 31361 31394 E APP     : RVC] startTimerId timer 27 is running, stop and start again
12-27 06:14:09.039 31361 31394 E APP     : RVC] stopTimerId  timerId:27 
12-27 06:14:09.039 31361 31394 E APP     : RVC] startTimerId  TIMER_KEEPPOWER_RELEASE(27) duration:360 bRestart:1 
12-27 06:14:09.039 31361 31394 E APP     : RVC] kvDBRx cfgName:res_inhibit start 13337181
12-27 06:14:09.042 31361 31394 E APP     : RVC] kvDBRx cfgName:res_inhibit 3 value:1(1) end 13337184 takes 3 ms
12-27 06:14:09.042 31361 31394 E APP     : RVC] setRemoteserviceStateToSota 1 0x1 
12-27 06:14:09.042  1600  4259 E SOTA    : setRemoteState(0x       1,0x       1), old mRESstate = (0x       0)
12-27 06:14:09.042  1600  4259 E SOTA    : new mRESstate = (0x       1), (completed masking with        1)
12-27 06:14:09.042  1600  4259 E SOTA    : getRemoteState(       1), mRESstate = (0x       1)
12-27 06:14:09.042 31361 31394 E APP     : RVC] kvDBRx cfgName:Additional Heater start 13337184
12-27 06:14:09.046 31361 31394 E APP     : RVC] kvDBRx cfgName:Additional Heater 2 value:0(0) end 13337187 takes 3 ms
12-27 06:14:09.046 31361 31394 E APP     : RVC] setCurrState service:4 state:2 
12-27 06:14:09.046 31361 31394 E APP     : RVC] kvDBRx cfgName:Additional Heater start 13337188
12-27 06:14:09.051 31361 31394 E APP     : RVC] kvDBRx cfgName:Additional Heater 2 value:0(0) end 13337193 takes 5 ms
12-27 06:14:09.052 31361 31394 E APP     : RVC] RES_getSVTstatus SVT not active status
12-27 06:14:09.053 31361 31394 E APP     : RVC] getCrashStatus Crash status OFF
12-27 06:14:09.053 31361 31394 E APP     : RVC] kvDBRx cfgName:ClimateControlResFuelLevelStartMin_dl start 13337194
12-27 06:14:09.061 31361 31394 E APP     : RVC] kvDBRx cfgName:ClimateControlResFuelLevelStartMin_dl 3 value:50(50) end 13337202 takes 8 ms
12-27 06:14:09.061 31361 31394 E APP     : RVC] [RES Prerequisite Fail] Fuel level failure  0 50
12-27 06:14:09.061 31361 31394 E APP     : RVC] setNGTPerrorCode() errorCode:12
12-27 06:14:09.061 31361 31394 E APP     : RVC] getPropertyInt name : ResRunTimeCounter prop:1800 val:1800
12-27 06:14:09.061 31361 31394 E APP     : RVC] kvDBRx cfgName:ClimateControlResRunTimeMinLimit_s start 13337203
12-27 06:14:09.064 31361 31394 E APP     : RVC] kvDBRx cfgName:ClimateControlResRunTimeMinLimit_s 3 value:180(180) end 13337206 takes 3 ms
12-27 06:14:09.064 31361 31394 E APP     : RVC] setCurrState service:10 state:1 
12-27 06:14:09.064 31361 31394 E APP     : RVC] setCurrState service:4 state:1 
12-27 06:14:09.064 31361 31394 E APP     : RVC] sendNackMsgToTSP() remoteServiceType:4 
12-27 06:14:09.065 31361 31394 E APP     : RVC] getPropertyInt name : ResRunTimeCounter prop:1800 val:1800
12-27 06:14:09.065 31361 31394 E APP     : RVC] getPropertyInt name : ffhRemainingRunTime prop:0 val:0
12-27 06:14:09.065 31361 31394 E APP     : RVC] kvDBRx cfgName:engine_block_staus start 13337207
12-27 06:14:09.068 31361 31394 E APP     : RVC] kvDBRx cfgName:engine_block_staus 3 value:0(0) end 13337210 takes 3 ms
12-27 06:14:09.069 31361 31394 E APP     : RVC] [SEND NGTP MSG] type:4 second:0 millis:0
12-27 06:14:09.069 31361 31394 E APP     : RVC] sendNackMsgToTSP SKIP due to SLDD!!
12-27 06:14:09.069 31361 31394 E APP     : RVC] setRemoteserviceStateToSota 1 0x0 
12-27 06:14:09.069  1600  4259 E SOTA    : setRemoteState(0x       1,0x       0), old mRESstate = (0x       1)
12-27 06:14:09.069  1600  4259 E SOTA    : new mRESstate = (0x       0), (completed masking with        0)
12-27 06:14:09.069  1600  4259 E SOTA    : getRemoteState(       1), mRESstate = (0x       0)
12-27 06:14:31.100  1719  1737 E TELE    : UNSOL_NETWORK_REJECT_CAUSE {17}
12-27 06:14:47.895  1719  1737 E TELE    : UNSOL_NETWORK_REJECT_CAUSE {17}
12-27 06:15:39.570  1719  1737 E TELE    : UNSOL_NETWORK_REJECT_CAUSE {17}
12-27 06:15:39.570  1719  1737 E TELE    : UNSOL_NETWORK_REJECT_CAUSE {17}
12-27 06:15:46.529  1621  1864 E DIAG    : onNotifyVoltage BUB Vol[0.000000]
12-27 06:15:54.066 31361 31394 E APP     : RVC] postRequest:61700 serviceType: 4 0x4
12-27 06:15:54.067 31361 31394 E APP     : RVC] receiveMessage_TSP(). serviceType: 4
12-27 06:15:54.076 31361 31394 E APP     : RVC] KeepPower acquire count:1 1 
12-27 06:15:54.076 31361 31394 E APP     : RVC] startTimerId timer 27 is running, stop and start again
12-27 06:15:54.076 31361 31394 E APP     : RVC] stopTimerId  timerId:27 
12-27 06:15:54.076 31361 31394 E APP     : RVC] startTimerId  TIMER_KEEPPOWER_RELEASE(27) duration:360 bRestart:1 
12-27 06:15:54.076 31361 31394 E APP     : RVC] kvDBRx cfgName:res_inhibit start 13442218
12-27 06:15:54.079 31361 31394 E APP     : RVC] kvDBRx cfgName:res_inhibit 3 value:1(1) end 13442220 takes 2 ms
12-27 06:15:54.079 31361 31394 E APP     : RVC] setRemoteserviceStateToSota 1 0x1 
12-27 06:15:54.079  1600  4259 E SOTA    : setRemoteState(0x       1,0x       1), old mRESstate = (0x       0)
12-27 06:15:54.079  1600  4259 E SOTA    : new mRESstate = (0x       1), (completed masking with        1)
12-27 06:15:54.079  1600  4259 E SOTA    : getRemoteState(       1), mRESstate = (0x       1)
12-27 06:15:54.079 31361 31394 E APP     : RVC] kvDBRx cfgName:Additional Heater start 13442221
12-27 06:15:54.081 31361 31394 E APP     : RVC] kvDBRx cfgName:Additional Heater 2 value:0(0) end 13442223 takes 2 ms
12-27 06:15:54.081 31361 31394 E APP     : RVC] setCurrState service:4 state:2 
12-27 06:15:54.081 31361 31394 E APP     : RVC] kvDBRx cfgName:Additional Heater start 13442223
12-27 06:15:54.085 31361 31394 E APP     : RVC] kvDBRx cfgName:Additional Heater 2 value:0(0) end 13442227 takes 4 ms
12-27 06:15:54.086 31361 31394 E APP     : RVC] RES_getSVTstatus SVT not active status
12-27 06:15:54.089 31361 31394 E APP     : RVC] getCrashStatus Crash status OFF
12-27 06:15:54.089 31361 31394 E APP     : RVC] kvDBRx cfgName:ClimateControlResFuelLevelStartMin_dl start 13442231
12-27 06:15:54.092 31361 31394 E APP     : RVC] kvDBRx cfgName:ClimateControlResFuelLevelStartMin_dl 3 value:50(50) end 13442234 takes 3 ms
12-27 06:15:54.093 31361 31394 E APP     : RVC] [RES Prerequisite Fail] Fuel level failure  0 50
12-27 06:15:54.093 31361 31394 E APP     : RVC] setNGTPerrorCode() errorCode:12
12-27 06:15:54.093 31361 31394 E APP     : RVC] getPropertyInt name : ResRunTimeCounter prop:1800 val:1800
12-27 06:15:54.093 31361 31394 E APP     : RVC] kvDBRx cfgName:ClimateControlResRunTimeMinLimit_s start 13442234
12-27 06:15:54.097 31361 31394 E APP     : RVC] kvDBRx cfgName:ClimateControlResRunTimeMinLimit_s 3 value:180(180) end 13442239 takes 5 ms
12-27 06:15:54.097 31361 31394 E APP     : RVC] setCurrState service:10 state:1 
12-27 06:15:54.097 31361 31394 E APP     : RVC] setCurrState service:4 state:1 
12-27 06:15:54.097 31361 31394 E APP     : RVC] sendNackMsgToTSP() remoteServiceType:4 
12-27 06:15:54.097 31361 31394 E APP     : RVC] getPropertyInt name : ResRunTimeCounter prop:1800 val:1800
12-27 06:15:54.098 31361 31394 E APP     : RVC] getPropertyInt name : ffhRemainingRunTime prop:0 val:0
12-27 06:15:54.098 31361 31394 E APP     : RVC] kvDBRx cfgName:engine_block_staus start 13442240
12-27 06:15:54.102 31361 31394 E APP     : RVC] kvDBRx cfgName:engine_block_staus 3 value:0(0) end 13442244 takes 4 ms
12-27 06:15:54.103 31361 31394 E APP     : RVC] [SEND NGTP MSG] type:4 second:0 millis:0
12-27 06:15:54.103 31361 31394 E APP     : RVC] sendNackMsgToTSP SKIP due to SLDD!!
12-27 06:15:54.104 31361 31394 E APP     : RVC] setRemoteserviceStateToSota 1 0x0 
12-27 06:15:54.104  1600  4259 E SOTA    : setRemoteState(0x       1,0x       0), old mRESstate = (0x       1)
12-27 06:15:54.104  1600  4259 E SOTA    : new mRESstate = (0x       0), (completed masking with        0)
12-27 06:15:54.104  1600  4259 E SOTA    : getRemoteState(       1), mRESstate = (0x       0)
12-27 06:16:06.686 31361 31394 E APP     : RVC] postRequest:61700 serviceType: 4 0x4
12-27 06:16:06.686 31361 31394 E APP     : RVC] receiveMessage_TSP(). serviceType: 4
12-27 06:16:06.695 31361 31394 E APP     : RVC] KeepPower acquire count:1 1 
12-27 06:16:06.695 31361 31394 E APP     : RVC] startTimerId timer 27 is running, stop and start again
12-27 06:16:06.695 31361 31394 E APP     : RVC] stopTimerId  timerId:27 
12-27 06:16:06.695 31361 31394 E APP     : RVC] startTimerId  TIMER_KEEPPOWER_RELEASE(27) duration:360 bRestart:1 
12-27 06:16:06.696 31361 31394 E APP     : RVC] kvDBRx cfgName:res_inhibit start 13454837
12-27 06:16:06.699 31361 31394 E APP     : RVC] kvDBRx cfgName:res_inhibit 3 value:1(1) end 13454840 takes 3 ms
12-27 06:16:06.699 31361 31394 E APP     : RVC] setRemoteserviceStateToSota 1 0x1 
12-27 06:16:06.699  1600  4259 E SOTA    : setRemoteState(0x       1,0x       1), old mRESstate = (0x       0)
12-27 06:16:06.699  1600  4259 E SOTA    : new mRESstate = (0x       1), (completed masking with        1)
12-27 06:16:06.699  1600  4259 E SOTA    : getRemoteState(       1), mRESstate = (0x       1)
12-27 06:16:06.699 31361 31394 E APP     : RVC] kvDBRx cfgName:Additional Heater start 13454841
12-27 06:16:06.702 31361 31394 E APP     : RVC] kvDBRx cfgName:Additional Heater 2 value:0(0) end 13454844 takes 3 ms
12-27 06:16:06.702 31361 31394 E APP     : RVC] setCurrState service:4 state:2 
12-27 06:16:06.702 31361 31394 E APP     : RVC] kvDBRx cfgName:Additional Heater start 13454844
12-27 06:16:06.706 31361 31394 E APP     : RVC] kvDBRx cfgName:Additional Heater 2 value:0(0) end 13454848 takes 4 ms
12-27 06:16:06.706 31361 31394 E APP     : RVC] RES_getSVTstatus SVT not active status
12-27 06:16:06.707 31361 31394 E APP     : RVC] getCrashStatus Crash status OFF
12-27 06:16:06.707 31361 31394 E APP     : RVC] kvDBRx cfgName:ClimateControlResFuelLevelStartMin_dl start 13454849
12-27 06:16:06.711 31361 31394 E APP     : RVC] kvDBRx cfgName:ClimateControlResFuelLevelStartMin_dl 3 value:50(50) end 13454853 takes 4 ms
12-27 06:16:06.711 31361 31394 E APP     : RVC] [RES Prerequisite Fail] Fuel level failure  0 50
12-27 06:16:06.711 31361 31394 E APP     : RVC] setNGTPerrorCode() errorCode:12
12-27 06:16:06.711 31361 31394 E APP     : RVC] getPropertyInt name : ResRunTimeCounter prop:1800 val:1800
12-27 06:16:06.711 31361 31394 E APP     : RVC] kvDBRx cfgName:ClimateControlResRunTimeMinLimit_s start 13454853
12-27 06:16:06.715 31361 31394 E APP     : RVC] kvDBRx cfgName:ClimateControlResRunTimeMinLimit_s 3 value:180(180) end 13454857 takes 4 ms
12-27 06:16:06.715 31361 31394 E APP     : RVC] setCurrState service:10 state:1 
12-27 06:16:06.715 31361 31394 E APP     : RVC] setCurrState service:4 state:1 
12-27 06:16:06.715 31361 31394 E APP     : RVC] sendNackMsgToTSP() remoteServiceType:4 
12-27 06:16:06.715 31361 31394 E APP     : RVC] getPropertyInt name : ResRunTimeCounter prop:1800 val:1800
12-27 06:16:06.715 31361 31394 E APP     : RVC] getPropertyInt name : ffhRemainingRunTime prop:0 val:0
12-27 06:16:06.716 31361 31394 E APP     : RVC] kvDBRx cfgName:engine_block_staus start 13454858
12-27 06:16:06.727 31361 31394 E APP     : RVC] kvDBRx cfgName:engine_block_staus 3 value:0(0) end 13454869 takes 11 ms
12-27 06:16:06.727 31361 31394 E APP     : RVC] [SEND NGTP MSG] type:4 second:0 millis:0
12-27 06:16:06.727 31361 31394 E APP     : RVC] sendNackMsgToTSP SKIP due to SLDD!!
12-27 06:16:06.727 31361 31394 E APP     : RVC] setRemoteserviceStateToSota 1 0x0 
12-27 06:16:06.727  1600  4259 E SOTA    : setRemoteState(0x       1,0x       0), old mRESstate = (0x       1)
12-27 06:16:06.727  1600  4259 E SOTA    : new mRESstate = (0x       0), (completed masking with        0)
12-27 06:16:06.727  1600  4259 E SOTA    : getRemoteState(       1), mRESstate = (0x       0)
12-27 06:16:27.593 31361 31394 E APP     : RVC] postRequest:61700 serviceType: 4 0x4
12-27 06:16:27.593 31361 31394 E APP     : RVC] receiveMessage_TSP(). serviceType: 4
12-27 06:16:27.601 31361 31394 E APP     : RVC] KeepPower acquire count:1 1 
12-27 06:16:27.601 31361 31394 E APP     : RVC] startTimerId timer 27 is running, stop and start again
12-27 06:16:27.601 31361 31394 E APP     : RVC] stopTimerId  timerId:27 
12-27 06:16:27.601 31361 31394 E APP     : RVC] startTimerId  TIMER_KEEPPOWER_RELEASE(27) duration:360 bRestart:1 
12-27 06:16:27.602 31361 31394 E APP     : RVC] kvDBRx cfgName:res_inhibit start 13475743
12-27 06:16:27.607 31361 31394 E APP     : RVC] kvDBRx cfgName:res_inhibit 3 value:1(1) end 13475749 takes 6 ms
12-27 06:16:27.608 31361 31394 E APP     : RVC] setRemoteserviceStateToSota 1 0x1 
12-27 06:16:27.608  1600  4259 E SOTA    : setRemoteState(0x       1,0x       1), old mRESstate = (0x       0)
12-27 06:16:27.608  1600  4259 E SOTA    : new mRESstate = (0x       1), (completed masking with        1)
12-27 06:16:27.608  1600  4259 E SOTA    : getRemoteState(       1), mRESstate = (0x       1)
12-27 06:16:27.608 31361 31394 E APP     : RVC] kvDBRx cfgName:Additional Heater start 13475750
12-27 06:16:27.611 31361 31394 E APP     : RVC] kvDBRx cfgName:Additional Heater 2 value:0(0) end 13475753 takes 3 ms
12-27 06:16:27.611 31361 31394 E APP     : RVC] setCurrState service:4 state:2 
12-27 06:16:27.611 31361 31394 E APP     : RVC] kvDBRx cfgName:Additional Heater start 13475753
12-27 06:16:27.614 31361 31394 E APP     : RVC] kvDBRx cfgName:Additional Heater 2 value:0(0) end 13475755 takes 2 ms
12-27 06:16:27.614 31361 31394 E APP     : RVC] RES_getSVTstatus SVT not active status
12-27 06:16:27.614 31361 31394 E APP     : RVC] getCrashStatus Crash status OFF
12-27 06:16:27.614 31361 31394 E APP     : RVC] kvDBRx cfgName:ClimateControlResFuelLevelStartMin_dl start 13475756
12-27 06:16:27.619 31361 31394 E APP     : RVC] kvDBRx cfgName:ClimateControlResFuelLevelStartMin_dl 3 value:50(50) end 13475761 takes 5 ms
12-27 06:16:27.619 31361 31394 E APP     : RVC] [RES Prerequisite Fail] Fuel level failure  0 50
12-27 06:16:27.619 31361 31394 E APP     : RVC] setNGTPerrorCode() errorCode:12
12-27 06:16:27.619 31361 31394 E APP     : RVC] getPropertyInt name : ResRunTimeCounter prop:1800 val:1800
12-27 06:16:27.619 31361 31394 E APP     : RVC] kvDBRx cfgName:ClimateControlResRunTimeMinLimit_s start 13475761
12-27 06:16:27.622 31361 31394 E APP     : RVC] kvDBRx cfgName:ClimateControlResRunTimeMinLimit_s 3 value:180(180) end 13475764 takes 3 ms
12-27 06:16:27.622 31361 31394 E APP     : RVC] setCurrState service:10 state:1 
12-27 06:16:27.622 31361 31394 E APP     : RVC] setCurrState service:4 state:1 
12-27 06:16:27.622 31361 31394 E APP     : RVC] sendNackMsgToTSP() remoteServiceType:4 
12-27 06:16:27.622 31361 31394 E APP     : RVC] getPropertyInt name : ResRunTimeCounter prop:1800 val:1800
12-27 06:16:27.622 31361 31394 E APP     : RVC] getPropertyInt name : ffhRemainingRunTime prop:0 val:0
12-27 06:16:27.625 31361 31394 E APP     : RVC] kvDBRx cfgName:engine_block_staus start 13475767
12-27 06:16:27.632 31361 31394 E APP     : RVC] kvDBRx cfgName:engine_block_staus 3 value:0(0) end 13475774 takes 7 ms
12-27 06:16:27.632 31361 31394 E APP     : RVC] [SEND NGTP MSG] type:4 second:0 millis:0
12-27 06:16:27.632 31361 31394 E APP     : RVC] sendNackMsgToTSP SKIP due to SLDD!!
12-27 06:16:27.632 31361 31394 E APP     : RVC] setRemoteserviceStateToSota 1 0x0 
12-27 06:16:27.632  1600  4259 E SOTA    : setRemoteState(0x       1,0x       0), old mRESstate = (0x       1)
12-27 06:16:27.632  1600  4259 E SOTA    : new mRESstate = (0x       0), (completed masking with        0)
12-27 06:16:27.632  1600  4259 E SOTA    : getRemoteState(       1), mRESstate = (0x       0)
12-27 06:16:40.380 31361 31394 E APP     : RVC] postRequest:61700 serviceType: 4 0x4
12-27 06:16:40.380 31361 31394 E APP     : RVC] receiveMessage_TSP(). serviceType: 4
12-27 06:16:40.382 31361 31394 E APP     : RVC] KeepPower acquire count:1 1 
12-27 06:16:40.382 31361 31394 E APP     : RVC] startTimerId timer 27 is running, stop and start again
12-27 06:16:40.382 31361 31394 E APP     : RVC] stopTimerId  timerId:27 
12-27 06:16:40.382 31361 31394 E APP     : RVC] startTimerId  TIMER_KEEPPOWER_RELEASE(27) duration:360 bRestart:1 
12-27 06:16:40.383 31361 31394 E APP     : RVC] kvDBRx cfgName:res_inhibit start 13488525
12-27 06:16:40.386 31361 31394 E APP     : RVC] kvDBRx cfgName:res_inhibit 3 value:1(1) end 13488528 takes 3 ms
12-27 06:16:40.386 31361 31394 E APP     : RVC] setRemoteserviceStateToSota 1 0x1 
12-27 06:16:40.387  1600  4259 E SOTA    : setRemoteState(0x       1,0x       1), old mRESstate = (0x       0)
12-27 06:16:40.387  1600  4259 E SOTA    : new mRESstate = (0x       1), (completed masking with        1)
12-27 06:16:40.387  1600  4259 E SOTA    : getRemoteState(       1), mRESstate = (0x       1)
12-27 06:16:40.387 31361 31394 E APP     : RVC] kvDBRx cfgName:Additional Heater start 13488529
12-27 06:16:40.391 31361 31394 E APP     : RVC] kvDBRx cfgName:Additional Heater 2 value:0(0) end 13488532 takes 3 ms
12-27 06:16:40.391 31361 31394 E APP     : RVC] setCurrState service:4 state:2 
12-27 06:16:40.391 31361 31394 E APP     : RVC] kvDBRx cfgName:Additional Heater start 13488533
12-27 06:16:40.393 31361 31394 E APP     : RVC] kvDBRx cfgName:Additional Heater 2 value:0(0) end 13488535 takes 2 ms
12-27 06:16:40.394 31361 31394 E APP     : RVC] RES_getSVTstatus SVT not active status
12-27 06:16:40.394 31361 31394 E APP     : RVC] getCrashStatus Crash status OFF
12-27 06:16:40.394 31361 31394 E APP     : RVC] kvDBRx cfgName:ClimateControlResFuelLevelStartMin_dl start 13488536
12-27 06:16:40.398 31361 31394 E APP     : RVC] kvDBRx cfgName:ClimateControlResFuelLevelStartMin_dl 3 value:50(50) end 13488540 takes 4 ms
12-27 06:16:40.398 31361 31394 E APP     : RVC] [RES Prerequisite Fail] Fuel level failure  0 50
12-27 06:16:40.398 31361 31394 E APP     : RVC] setNGTPerrorCode() errorCode:12
12-27 06:16:40.398 31361 31394 E APP     : RVC] getPropertyInt name : ResRunTimeCounter prop:1800 val:1800
12-27 06:16:40.398 31361 31394 E APP     : RVC] kvDBRx cfgName:ClimateControlResRunTimeMinLimit_s start 13488540
12-27 06:16:40.405 31361 31394 E APP     : RVC] kvDBRx cfgName:ClimateControlResRunTimeMinLimit_s 3 value:180(180) end 13488547 takes 7 ms
12-27 06:16:40.405 31361 31394 E APP     : RVC] setCurrState service:10 state:1 
12-27 06:16:40.405 31361 31394 E APP     : RVC] setCurrState service:4 state:1 
12-27 06:16:40.405 31361 31394 E APP     : RVC] sendNackMsgToTSP() remoteServiceType:4 
12-27 06:16:40.405 31361 31394 E APP     : RVC] getPropertyInt name : ResRunTimeCounter prop:1800 val:1800
12-27 06:16:40.405 31361 31394 E APP     : RVC] getPropertyInt name : ffhRemainingRunTime prop:0 val:0
12-27 06:16:40.405 31361 31394 E APP     : RVC] kvDBRx cfgName:engine_block_staus start 13488547
12-27 06:16:40.409 31361 31394 E APP     : RVC] kvDBRx cfgName:engine_block_staus 3 value:0(0) end 13488551 takes 4 ms
12-27 06:16:40.409 31361 31394 E APP     : RVC] [SEND NGTP MSG] type:4 second:0 millis:0
12-27 06:16:40.409 31361 31394 E APP     : RVC] sendNackMsgToTSP SKIP due to SLDD!!
12-27 06:16:40.410 31361 31394 E APP     : RVC] setRemoteserviceStateToSota 1 0x0 
12-27 06:16:40.410  1600  4259 E SOTA    : setRemoteState(0x       1,0x       0), old mRESstate = (0x       1)
12-27 06:16:40.410  1600  4259 E SOTA    : new mRESstate = (0x       0), (completed masking with        0)
12-27 06:16:40.410  1600  4259 E SOTA    : getRemoteState(       1), mRESstate = (0x       0)
12-27 06:17:19.526  1621  1864 E DIAG    : onNotifyVoltage Main Vol[12.160000]
12-27 06:17:26.528  1621  1864 E DIAG    : onNotifyVoltage BUB Vol[0.000000]
12-27 06:17:36.535 31361 31394 E APP     : RVC] postRequest:61700 serviceType: 4 0x4
12-27 06:17:36.535 31361 31394 E APP     : RVC] receiveMessage_TSP(). serviceType: 4
12-27 06:17:36.550 31361 31394 E APP     : RVC] KeepPower acquire count:1 1 
12-27 06:17:36.550 31361 31394 E APP     : RVC] startTimerId timer 27 is running, stop and start again
12-27 06:17:36.550 31361 31394 E APP     : RVC] stopTimerId  timerId:27 
12-27 06:17:36.550 31361 31394 E APP     : RVC] startTimerId  TIMER_KEEPPOWER_RELEASE(27) duration:360 bRestart:1 
12-27 06:17:36.551 31361 31394 E APP     : RVC] kvDBRx cfgName:res_inhibit start 13544693
12-27 06:17:36.556 31361 31394 E APP     : RVC] kvDBRx cfgName:res_inhibit 3 value:1(1) end 13544698 takes 5 ms
12-27 06:17:36.556 31361 31394 E APP     : RVC] setRemoteserviceStateToSota 1 0x1 
12-27 06:17:36.556  1600  4259 E SOTA    : setRemoteState(0x       1,0x       1), old mRESstate = (0x       0)
12-27 06:17:36.556  1600  4259 E SOTA    : new mRESstate = (0x       1), (completed masking with        1)
12-27 06:17:36.556  1600  4259 E SOTA    : getRemoteState(       1), mRESstate = (0x       1)
12-27 06:17:36.556 31361 31394 E APP     : RVC] kvDBRx cfgName:Additional Heater start 13544698
12-27 06:17:36.564 31361 31394 E APP     : RVC] kvDBRx cfgName:Additional Heater 2 value:0(0) end 13544706 takes 8 ms
12-27 06:17:36.564 31361 31394 E APP     : RVC] setCurrState service:4 state:2 
12-27 06:17:36.564 31361 31394 E APP     : RVC] kvDBRx cfgName:Additional Heater start 13544706
12-27 06:17:36.567 31361 31394 E APP     : RVC] kvDBRx cfgName:Additional Heater 2 value:0(0) end 13544709 takes 3 ms
12-27 06:17:36.568 31361 31394 E APP     : RVC] RES_getSVTstatus SVT not active status
12-27 06:17:36.569 31361 31394 E APP     : RVC] getCrashStatus Crash status OFF
12-27 06:17:36.569 31361 31394 E APP     : RVC] kvDBRx cfgName:ClimateControlResFuelLevelStartMin_dl start 13544711
12-27 06:17:36.574 31361 31394 E APP     : RVC] kvDBRx cfgName:ClimateControlResFuelLevelStartMin_dl 3 value:50(50) end 13544716 takes 5 ms
12-27 06:17:36.574 31361 31394 E APP     : RVC] [RES Prerequisite Fail] Fuel level failure  0 50
