12-28 05:02:49.342  1628  1881 I DiagDataManager: Received new bub celsius 20
12-28 05:02:49.342  1628  1881 D Buffer  : start dump length[4]
12-28 05:02:49.342  1628  1881 D Buffer  : [0x00][0x00][0x00][0x14]
12-28 05:02:49.342  1628  1881 I DiagDataManager: notifyCelsiusToRegiedServices notified to receiver index[0]
12-28 05:02:49.342  1628  1881 I BpDiagManagerReceiver: BP_onReceive
12-28 05:02:49.343  1628  1881 I DiagDataManager: notifyCelsiusToRegiedServices notified to receiver index[1]
12-28 05:02:49.343  1628  1881 I BpDiagManagerReceiver: BP_onReceive
12-28 05:02:49.343  1628  1881 I DiagDataManager: notifyCelsiusToRegiedServices notified to receiver index[2]
12-28 05:02:49.343  1628  1881 I BpDiagManagerReceiver: BP_onReceive
12-28 05:02:49.343  1628  1881 I DiagDataManager: notifyCelsiusToRegiedServices notified to receiver index[3]
12-28 05:02:49.343  1628  1881 I BpDiagManagerReceiver: BP_onReceive
12-28 05:02:49.343  1626  1626 D AudioManagerService: bub_cel updated from Diag : payload = 0x14 bub_celsius(20)
12-28 05:02:49.343  1626  1626 D AudioManagerService: DTC UNCERTAIN MONITOR FINISHIED! Drive cycle ON again.
12-28 05:02:49.343  1626  1626 D AudioManagerService: [DTC] retryAudioDTC, delayTime: 500
12-28 05:02:49.343  1626  1626 I BpDiagManagerReceiver: TRANSACT_DIAG_ONRECEIVE cmd[221] cmd2[5]
12-28 05:02:49.343  1877  1904 I BpDiagManagerReceiver: TRANSACT_DIAG_ONRECEIVE cmd[221] cmd2[5]
12-28 05:02:49.343  1718  1726 I BpDiagManagerReceiver: TRANSACT_DIAG_ONRECEIVE cmd[221] cmd2[5]
12-28 05:02:49.343  1880  1909 V SpecialModeApplication: Diagnostics command[id = 0,type = 0, cmd1 = 221, cmd2 = 5]
12-28 05:02:49.343  1880  1909 I BpDiagManagerReceiver: TRANSACT_DIAG_ONRECEIVE cmd[221] cmd2[5]
12-28 05:02:49.838  1751  2042 V Location:ServiceStub: getLoastLocationData
12-28 05:02:49.843  1626  1671 V AudioManagerService: CMD_REQ_AUDIO_DTC
12-28 05:02:49.843  1626  1671 V AudioManagerService: [DTC] Audio DTC start
12-28 05:02:49.844   973  1527 I ConfigDbClient: ReadKv, Key:mdf_1D57, token[349]
12-28 05:02:49.844   973  1527 I CSE_ConfigDb: received msg from teleVM:3 mdf_1D57, token:349
12-28 05:02:49.844   973  1485 I CSE_ConfigDb: CONFIGDB_CB_CMD_READ_KV
12-28 05:02:49.846   973  1485 I CSE_ConfigDb: read_data_db[car_config_data] : key:mdf_1D57 value:0 status:0 CseEr_GetErrorCode:0 sql_status:0 token:349
12-28 05:02:49.846   973  1527 I ConfigDbClient: == wait for ReqKey:mdf_1D57, Req token[349]
12-28 05:02:49.846   973  1527 I ConfigDbClient: ==> [Req:Resp] table[car_config_data] key[mdf_1D57:mdf_1D57], value[0], token[349:349]
12-28 05:02:49.847   974  1885 I <VSM>VehicleStatusManagerService: Query kvDB (Telematics1)[car_config_data:mdf_1D57] success. value(0)
12-28 05:02:49.847  1626  1671 D AudioManagerService: [DTC] CCF200 (Telematics1) value:[0x00]. str[0]
12-28 05:02:49.847  1626  1671 D AudioManagerService: [DTC] SPK not supported. Notify DTC 0xFE to diag.
12-28 05:02:49.847  1626  1671 V AudioManagerService: AudioDTCNotifyToDiag: DTC_ID [0x9A01], DTC_RESULT [0xFE]
12-28 05:02:49.847  1626  1671 V IAudioReceiver: IAudioReceiver() onAudioDTCNotify: DTC_ID [0x9A01], DTC_RESULT [0xFE]
12-28 05:02:49.847  1626  1671 V AudioManagerService: [DTC] Audio DTC end
12-28 05:02:49.847  1626  1671 I AudioManagerService: Start CheckDTCAudioCalFile()
12-28 05:02:49.847  1626  1671 I AudioManagerService: Start checkDtcPrmCalibration()
12-28 05:02:49.847  1626  1671 V AudioManagerService: get_line is : FF.FF.FF.FF.FF.FF.bin
12-28 05:02:49.847  1626  1671 V AudioManagerService: matchPrmFileByCcf||Get CCF Name [FF.FF.FF.FF.FF.FF.bin], Get File Name in ak7758.txt [FF.FF.FF.FF.FF.FF.bin]
12-28 05:02:49.847  1626  1671 V AudioManagerService: matchPrmFileByCcf||match result is [1]
12-28 05:02:49.847  1626  1671 V AudioManagerService: The matched PRM file is : FF.FF.FF.FF.FF.FF.bin
12-28 05:02:49.847  1626  1671 E AudioManagerService: Not updated prm file at all. Default ak7758.txt + default CCF.
12-28 05:02:49.847  1626  1671 E AudioManagerService: no audio_prm in persist folder : First time PRM update. Go through normally.
12-28 05:02:49.847  1626  1671 I AudioManagerService: Start checkDtcPrmCalibration()
12-28 05:02:49.847  1626  1671 V AudioManagerService: get_line is : FF.FF.FF.FF.FF.FF.bin
12-28 05:02:49.847  1626  1671 V AudioManagerService: matchPrmFileByCcf||Get CCF Name [FF.FF.FF.FF.FF.FF.bin], Get File Name in ak7758.txt [FF.FF.FF.FF.FF.FF.bin]
12-28 05:02:49.847  1626  1671 V AudioManagerService: matchPrmFileByCcf||match result is [1]
12-28 05:02:49.847  1626  1671 V AudioManagerService: The matched PRM file is : FF.FF.FF.FF.FF.FF.bin
12-28 05:02:49.847  1626  1671 E AudioManagerService: Not updated prm file at all. Default ak7758.txt + default CCF.
12-28 05:02:49.847  1626  1671 E AudioManagerService: 0x00|Missing Audio File: There is only default prm, never programmed.
12-28 05:02:49.847  1626  1671 E AudioManagerService: Final calResult: [3], integrityResult: [0]
12-28 05:02:49.847  1626  1671 V AudioManagerService: AudioDTCNotifyToDiag: DTC_ID [0x9140], DTC_RESULT [0x00]
12-28 05:02:49.847  1626  1671 V IAudioReceiver: IAudioReceiver() onAudioDTCNotify: DTC_ID [0x9140], DTC_RESULT [0x00]
12-28 05:02:49.847  1626  1671 V AudioManagerService: AudioDTCNotifyToDiag: DTC_ID [0x95E3], DTC_RESULT [0x54]
12-28 05:02:49.847  1626  1671 V IAudioReceiver: IAudioReceiver() onAudioDTCNotify: DTC_ID [0x95E3], DTC_RESULT [0x54]
12-28 05:02:49.847  1628  1628 V IAudioReceiver: TRANSACT_AUDIO_DTC_NOTIFY
12-28 05:02:49.847  1628  1628 I DiagAudioReceiver: onAudioDTCNotify dtcId[9a01] dtcResult[fe]
12-28 05:02:49.848  1628  1628 V IAudioReceiver: TRANSACT_AUDIO_DTC_NOTIFY
12-28 05:02:49.848  1628  1628 I DiagAudioReceiver: onAudioDTCNotify dtcId[9140] dtcResult[ 0]
12-28 05:02:49.848  1628  1628 V ProcessState: Spawning new pooled thread, name=Binder_3
12-28 05:02:49.848  1628  1881 I DiagReceiverHandler: DIAG_ON_RETRY_REGISTER_AUDIO_AMP_DTC
12-28 05:02:49.848  1628  1881 E DiagService: notifyDtcResult dtcItemIndex 10, dtcResult 0xfe, faultCount 0
12-28 05:02:49.848  1628  1881 I DiagReadDTCInfo: receiveDTCResult dtcItemIndex 10, dtcResult 0xfe, faultCount 0
12-28 05:02:49.848  1628  1881 I DiagReceiverHandler: handleMessage DIAG_ON_NOTIFY_AUDIO_PRM_STATUS, prm status[0x 0]
12-28 05:02:49.848  1628  1628 V IAudioReceiver: TRANSACT_AUDIO_DTC_NOTIFY
12-28 05:02:49.848  1628  1628 I DiagAudioReceiver: onAudioDTCNotify dtcId[95e3] dtcResult[54]
12-28 05:02:49.848   981  1518 I DiagClient: [0x00]
12-28 05:02:49.849  1628  1881 I DiagReceiverHandler: handleMessage DIAG_ON_RETRY_REGISTER_AUDIO_PRM_DTC
12-28 05:02:49.849  1628  1881 E DiagService: notifyDtcResult dtcItemIndex 23, dtcResult 0x54, faultCount 127
12-28 05:02:49.849  1628  1881 I DiagReadDTCInfo: receiveDTCResult dtcItemIndex 23, dtcResult 0x54, faultCount 127
12-28 05:02:49.849  1628  1881 I DiagReadDTCInfo: notifyDtcResultToRegiedApp notify changed DTC status
12-28 05:02:49.849  1628  1881 I BpDiagManagerReceiver: BP_onDtcChanged
12-28 05:02:49.849  1628  1881 I DiagReadDTCInfo: notifyDtcResultToRegiedApp notify changed DTC status
12-28 05:02:49.849  1628  1881 I BpDiagManagerReceiver: BP_onDtcChanged
12-28 05:02:49.849  1628  1881 I DiagReadDTCInfo: notifyDtcResultToRegiedApp notify changed DTC status
12-28 05:02:49.849  1628  1881 I BpDiagManagerReceiver: BP_onDtcChanged
12-28 05:02:49.849  1628  1881 I DiagReadDTCInfo: notifyDtcResultToRegiedApp notify changed DTC status
12-28 05:02:49.849  1628  1881 I BpDiagManagerReceiver: BP_onDtcChanged
12-28 05:02:49.849  1626  1626 I BpDiagManagerReceiver: TRANSACT_DIAG_ONDTCCHANGED dtcItemIndex[23] dtcResult[84]
12-28 05:02:49.849  1628  1881 E DiagDataManager: checkAndSetTcuStatusItem, Parameter error index[23], refResult[0x54]
12-28 05:02:49.849  1877  1904 I BpDiagManagerReceiver: TRANSACT_DIAG_ONDTCCHANGED dtcItemIndex[23] dtcResult[84]
12-28 05:02:49.850  1718  1726 I BpDiagManagerReceiver: TRANSACT_DIAG_ONDTCCHANGED dtcItemIndex[23] dtcResult[84]
12-28 05:02:49.850  1880  1909 I BpDiagManagerReceiver: TRANSACT_DIAG_ONDTCCHANGED dtcItemIndex[23] dtcResult[84]
12-28 05:02:49.854   981  1481 V DiagClient: AppEvent[9140] Size[1]
12-28 05:02:50.114  1628  1656 I DiagReadDTCHandler: checkSimCardError simStatus 5, simError[0]
12-28 05:02:50.205  1718  1721 D SystemAntSetting: handleMessage() MESSAGE_ANTSET_GET_ACTIVE_ANTENNA
12-28 05:02:50.206   973  1527 I ConfigDbClient: ReadKv, Key:mdf_2477, token[350]
12-28 05:02:50.206   973  1527 I CSE_ConfigDb: received msg from teleVM:3 mdf_2477, token:350
12-28 05:02:50.207   973  1485 I CSE_ConfigDb: CONFIGDB_CB_CMD_READ_KV
12-28 05:02:50.209   973  1485 I CSE_ConfigDb: read_data_db[car_config_data] : key:mdf_2477 value:0 status:0 CseEr_GetErrorCode:0 sql_status:0 token:350
12-28 05:02:50.209   973  1527 I ConfigDbClient: == wait for ReqKey:mdf_2477, Req token[350]
12-28 05:02:50.209   973  1527 I ConfigDbClient: ==> [Req:Resp] table[car_config_data] key[mdf_2477:mdf_2477], value[0], token[350:350]
12-28 05:02:50.209   974  1885 I <VSM>VehicleStatusManagerService: Query kvDB (Telematics2)[car_config_data:mdf_2477] success. value(0)
12-28 05:02:50.209  1718  1721 E SystemAntSetting: (zero) get a telematic2_ccf[0]
12-28 05:02:50.209  1718  1721 E SystemAntSetting: exception(40) Can not get active antenna, retry-service(0), retry-ccf(15)
12-28 05:02:50.839  1751  2042 V Location:ServiceStub: getLoastLocationData
12-28 05:02:50.846   986  1605 E CM_SPI  : MCU->MSM Type[02] Cat[04, 00] Cmd[D1, 00] PayloadLen[0006] Payload[16 0C 1C 05 02 32]
12-28 05:02:50.847  1686  2175 V FactoryImpl: onReceive MCU type[x2], cate[x4], subcate[x0], cmd[209], cmd2[x0]
12-28 05:02:50.847  1686  2175 V FactoryUtil: onReceive MCU param[x02][xD1][x00], bufSize[6:6]:[x16][x0C][x1C][x05][x02][x32]...
12-28 05:02:50.848  1686  1708 V FactoryUtil: handleMessage FACTORY_IMPL_RES_FR_MCU_EDU param[x04][xD1][x00], bufSize[6:6]:[x16][x0C][x1C][x05][x02][x32]...
12-28 05:02:50.848  1686  1708 V FactoryEdu: procEduResCommand cate[x04], subCate[x00], cmd[xD1], cmd2[x00]
12-28 05:02:50.848  1686  1708 V FactoryUtil: Res Buffer  bufSize[6]
12-28 05:02:50.848  1686  1708 V FactoryUtil: [x16][x0C][x1C][x05][x02][x32]
12-28 05:02:50.848  1686  1708 V FactoryEdu: procEduResCommand cmd not define cate[x04], subCate[x00], cmd[xD1], cmd2[x00]
12-28 05:02:51.005   971  1536 E SPIClient_can: CL-ISPI_CSPB_OSC
12-28 05:02:51.005   971  1536 E SPIClient_can: RCV CB Single(0), Group(0)
12-28 05:02:51.006   971  1613 E SPIClient_can: MSG_CAN_BUS_STATE
12-28 05:02:51.006   971  1613 E SPIClient_can: CB_2
12-28 05:02:51.210  1718  1721 D SystemAntSetting: handleMessage() MESSAGE_ANTSET_GET_ACTIVE_ANTENNA
12-28 05:02:51.210   973  1527 I ConfigDbClient: ReadKv, Key:mdf_2477, token[351]
12-28 05:02:51.210   973  1527 I CSE_ConfigDb: received msg from teleVM:3 mdf_2477, token:351
12-28 05:02:51.210   973  1485 I CSE_ConfigDb: CONFIGDB_CB_CMD_READ_KV
12-28 05:02:51.212   973  1485 I CSE_ConfigDb: read_data_db[car_config_data] : key:mdf_2477 value:0 status:0 CseEr_GetErrorCode:0 sql_status:0 token:351
12-28 05:02:51.212   973  1527 I ConfigDbClient: == wait for ReqKey:mdf_2477, Req token[351]
12-28 05:02:51.212   973  1527 I ConfigDbClient: ==> [Req:Resp] table[car_config_data] key[mdf_2477:mdf_2477], value[0], token[351:351]
12-28 05:02:51.212   974  1885 I <VSM>VehicleStatusManagerService: Query kvDB (Telematics2)[car_config_data:mdf_2477] success. value(0)
12-28 05:02:51.212  1718  1721 E SystemAntSetting: (zero) get a telematic2_ccf[0]
12-28 05:02:51.212  1718  1721 E SystemAntSetting: exception(40) Can not get active antenna, retry-service(0), retry-ccf(16)
12-28 05:02:51.838  1751  2042 V Location:ServiceStub: getLoastLocationData
12-28 05:02:52.158  1874  1938 V [EVT]Ngtp: onRetrySendingNGTPData, id = 3067332164323
12-28 05:02:52.158  1874  1938 V [EVT]VehicleStatus: getCanBusState() return 2
12-28 05:02:52.158  1874  1938 I [EVT]Ngtp: Network is not available
12-28 05:02:52.158  1874  1938 E [EVT]Ngtp: type = 31, buffer size = 17,messageId = 3067332164323,retryCount = 2 
12-28 05:02:52.158  1874  1938 V [EVT]Ngtp: onRetryDelayCaculation, id = 3067332164323
12-28 05:02:52.158  1874  1938 E [EVT]Ngtp: retry with time: 10
12-28 05:02:52.213  1718  1721 D SystemAntSetting: handleMessage() MESSAGE_ANTSET_GET_ACTIVE_ANTENNA
12-28 05:02:52.213   973  1527 I ConfigDbClient: ReadKv, Key:mdf_2477, token[352]
12-28 05:02:52.213   973  1527 I CSE_ConfigDb: received msg from teleVM:3 mdf_2477, token:352
12-28 05:02:52.214   973  1485 I CSE_ConfigDb: CONFIGDB_CB_CMD_READ_KV
12-28 05:02:52.216   973  1485 I CSE_ConfigDb: read_data_db[car_config_data] : key:mdf_2477 value:0 status:0 CseEr_GetErrorCode:0 sql_status:0 token:352
12-28 05:02:52.216   973  1527 I ConfigDbClient: == wait for ReqKey:mdf_2477, Req token[352]
12-28 05:02:52.217   973  1527 I ConfigDbClient: ==> [Req:Resp] table[car_config_data] key[mdf_2477:mdf_2477], value[0], token[352:352]
12-28 05:02:52.217   974  1885 I <VSM>VehicleStatusManagerService: Query kvDB (Telematics2)[car_config_data:mdf_2477] success. value(0)
12-28 05:02:52.218  1718  1721 E SystemAntSetting: (zero) get a telematic2_ccf[0]
12-28 05:02:52.218  1718  1721 E SystemAntSetting: exception(40) Can not get active antenna, retry-service(0), retry-ccf(17)
12-28 05:02:52.838  1751  1751 V Location:ServiceStub: getLoastLocationData
12-28 05:02:53.117  1628  1656 I DiagReadDTCHandler: checkSimCardError simStatus 5, simError[0]
12-28 05:02:53.218  1718  1721 D SystemAntSetting: handleMessage() MESSAGE_ANTSET_GET_ACTIVE_ANTENNA
12-28 05:02:53.220   973  1527 I ConfigDbClient: ReadKv, Key:mdf_2477, token[353]
12-28 05:02:53.220   973  1527 I CSE_ConfigDb: received msg from teleVM:3 mdf_2477, token:353
12-28 05:02:53.220   973  1485 I CSE_ConfigDb: CONFIGDB_CB_CMD_READ_KV
12-28 05:02:53.221   973  1485 I CSE_ConfigDb: read_data_db[car_config_data] : key:mdf_2477 value:0 status:0 CseEr_GetErrorCode:0 sql_status:0 token:353
12-28 05:02:53.222   973  1527 I ConfigDbClient: == wait for ReqKey:mdf_2477, Req token[353]
12-28 05:02:53.222   973  1527 I ConfigDbClient: ==> [Req:Resp] table[car_config_data] key[mdf_2477:mdf_2477], value[0], token[353:353]
12-28 05:02:53.222   974  1885 I <VSM>VehicleStatusManagerService: Query kvDB (Telematics2)[car_config_data:mdf_2477] success. value(0)
12-28 05:02:53.222  1718  1721 E SystemAntSetting: (zero) get a telematic2_ccf[0]
12-28 05:02:53.222  1718  1721 E SystemAntSetting: exception(40) Can not get active antenna, retry-service(0), retry-ccf(18)
12-28 05:02:53.227   986  1605 E CM_SPI  : MCU->MSM Type[01] Cat[05, 22] Cmd[02, 00] PayloadLen[000A] Payload[D9 9E 00 00 00 27 00 00 00 15]
12-28 05:02:53.839  1751  2042 V Location:ServiceStub: getLoastLocationData
12-28 05:02:54.123   986  1605 E CM_SPI  : MSM->MCU Type[01] Cat[01, 00] Cmd[11, 00] PayloadLen[0000]
12-28 05:02:54.136   986  1605 E CM_SPI  : MCU->MSM Type[02] Cat[01, 00] Cmd[11, 00] PayloadLen[0000]
12-28 05:02:54.137  1686  2175 V FactoryImpl: onReceive MCU type[x2], cate[x1], subcate[x0], cmd[17], cmd2[x0]
12-28 05:02:54.137  1686  2175 V FactoryUtil: onReceive MCU param[x02][x11][x00], buf is NULL
12-28 05:02:54.137  1686  1708 V FactoryUtil: handleMessage FACTORY_IMPL_RES_FR_MCU_EDU param[x01][x11][x00], buf is NULL
12-28 05:02:54.137  1686  1708 V FactoryEdu: procEduResCommand cate[x01], subCate[x00], cmd[x11], cmd2[x00]
12-28 05:02:54.137  1686  1708 V FactoryUtil: Res Buffer  buf is NULL
12-28 05:02:54.137  1686  1708 V FactoryEdu: procEduResCommand cmd not define cate[x01], subCate[x00], cmd[x11], cmd2[x00]
12-28 05:02:54.223  1718  1721 D SystemAntSetting: handleMessage() MESSAGE_ANTSET_GET_ACTIVE_ANTENNA
12-28 05:02:54.224   973  1527 I ConfigDbClient: ReadKv, Key:mdf_2477, token[354]
12-28 05:02:54.224   973  1527 I CSE_ConfigDb: received msg from teleVM:3 mdf_2477, token:354
12-28 05:02:54.225   973  1485 I CSE_ConfigDb: CONFIGDB_CB_CMD_READ_KV
12-28 05:02:54.226   973  1485 I CSE_ConfigDb: read_data_db[car_config_data] : key:mdf_2477 value:0 status:0 CseEr_GetErrorCode:0 sql_status:0 token:354
12-28 05:02:54.227   973  1527 I ConfigDbClient: == wait for ReqKey:mdf_2477, Req token[354]
12-28 05:02:54.227   973  1527 I ConfigDbClient: ==> [Req:Resp] table[car_config_data] key[mdf_2477:mdf_2477], value[0], token[354:354]
12-28 05:02:54.227   974  1885 I <VSM>VehicleStatusManagerService: Query kvDB (Telematics2)[car_config_data:mdf_2477] success. value(0)
12-28 05:02:54.227  1718  1721 E SystemAntSetting: (zero) get a telematic2_ccf[0]
12-28 05:02:54.227  1718  1721 E SystemAntSetting: exception(40) Can not get active antenna, retry-service(0), retry-ccf(19)
12-28 05:02:54.840  1751  2042 V Location:ServiceStub: getLoastLocationData
12-28 05:02:55.108   972  1422 I LocationServer: droutput:lat:1.570796,lon:3.141593,alt:0.000000
12-28 05:02:55.227  1718  1721 D SystemAntSetting: handleMessage() MESSAGE_ANTSET_GET_ACTIVE_ANTENNA
12-28 05:02:55.229   973  1527 I ConfigDbClient: ReadKv, Key:mdf_2477, token[355]
12-28 05:02:55.229   973  1527 I CSE_ConfigDb: received msg from teleVM:3 mdf_2477, token:355
12-28 05:02:55.230   973  1485 I CSE_ConfigDb: CONFIGDB_CB_CMD_READ_KV
12-28 05:02:55.231   973  1485 I CSE_ConfigDb: read_data_db[car_config_data] : key:mdf_2477 value:0 status:0 CseEr_GetErrorCode:0 sql_status:0 token:355
12-28 05:02:55.231   973  1527 I ConfigDbClient: == wait for ReqKey:mdf_2477, Req token[355]
12-28 05:02:55.231   973  1527 I ConfigDbClient: ==> [Req:Resp] table[car_config_data] key[mdf_2477:mdf_2477], value[0], token[355:355]
12-28 05:02:55.231   974  1885 I <VSM>VehicleStatusManagerService: Query kvDB (Telematics2)[car_config_data:mdf_2477] success. value(0)
12-28 05:02:55.232  1718  1721 E SystemAntSetting: (zero) get a telematic2_ccf[0]
12-28 05:02:55.232  1718  1721 E SystemAntSetting: exception(40) Can not get active antenna, retry-service(0), retry-ccf(20)
