07-01 02:52:54.091   977  1817 I ConfigDbClient: ==> [Req:Resp] table[lcf_table_remote] key[0x52f3697d:0x52f3697d], value[86400], token[930:930]
07-01 02:52:54.091   978  1608 I <VSM>VehicleStatusManagerService: Query kvDB (PwmInitialReceiveTime2)[lcf_table_remote:0x52f3697d] success. value(86400)
07-01 02:52:54.091  1620  1653 I PowerModeTimer: readPowerTimerConfigValue : item PwmInitialReceiveTime2, val : 86400
07-01 02:52:54.091  1620  1653 V PowerModeTimer: resetTimerValue :id - 3, timer - 86400
07-01 02:52:54.091  1620  1653 V PowerModeTimer: resetTimerValue :PwmInitialReceiveTime2 - 86400000
07-01 02:52:54.091  1621  1899 I DiagReadDTCInfo: operation mode [4]
07-01 02:52:54.091  1621  1899 I DiagReadDTCInfo: checkActivationStatus activation value is [ 6]
07-01 02:52:54.092   977  1817 I ConfigDbClient: ReadKv, Key:0x00000088, token[931]
07-01 02:52:54.092   977  1817 I CSE_ConfigDb: received msg from teleVM:3 0x00000088, token:931
07-01 02:52:54.092   977  1452 I CSE_ConfigDb: CONFIGDB_CB_CMD_READ_KV
07-01 02:52:54.094   977  1452 I CSE_ConfigDb: read_data_db[lcf_table_remote] : key:0x00000088 value:7 status:0 CseEr_GetErrorCode:0 sql_status:0 token:931
07-01 02:52:54.094   977  1817 I ConfigDbClient: == wait for ReqKey:0x00000088, Req token[931]
07-01 02:52:54.094   977  1817 I ConfigDbClient: ==> [Req:Resp] table[lcf_table_remote] key[0x00000088:0x00000088], value[7], token[931:931]
07-01 02:52:54.094   978  1608 I <VSM>VehicleStatusManagerService: Query kvDB (RdVehicleAlertPM)[lcf_table_remote:0x00000088] success. value(7)
07-01 02:52:54.095   977  1817 I ConfigDbClient: ReadKv, Key:0x52f362e4, token[932]
07-01 02:52:54.095   977  1817 I CSE_ConfigDb: received msg from teleVM:3 0x52f362e4, token:932
07-01 02:52:54.095   977  1452 I CSE_ConfigDb: CONFIGDB_CB_CMD_READ_KV
07-01 02:52:54.095  1896  1929 D RVM_Main: [alertMessage:1692] AlertMessage
07-01 02:52:54.095  1896  1929 E APP     : [storeAlertCANSignal] storeAlertCANSignal ,Sigid = 232, strValue = 0
07-01 02:52:54.095  1896  1929 D RVM_Main: [storeAlertCANSignal:1762] storeAlertCANSignal ,Sigid = 232, strValue = 0
07-01 02:52:54.095  1896  1929 E APP     : [filteringEngOBDMilRX] filteringEngOBDMilRX() new EngOBDMile= [0],saved EngOBDMil=[0], filtering EngOBDMil=[0]
07-01 02:52:54.095  1896  1929 D RVM_Main: [filteringEngOBDMilRX:2875] filteringEngOBDMilRX() new EngOBDMile= [0],saved EngOBDMil=[0], filtering EngOBDMil=[0]
07-01 02:52:54.095  1896  1929 D RVM_Main: [alertMessage:1726] listCanDataValueCur = 232
07-01 02:52:54.095  1896  1929 D RVM_Main: [alertMessage:1727] getRemainingTimeMs = 0
07-01 02:52:54.095  1896  1929 D RVM_Main: [alertMessage:1728] isAlertDelayMsTimeOut = 0
07-01 02:52:54.098   977  1452 I CSE_ConfigDb: read_data_db[lcf_table_remote] : key:0x52f362e4 value:0 status:0 CseEr_GetErrorCode:0 sql_status:0 token:932
07-01 02:52:54.098   977  1817 I ConfigDbClient: == wait for ReqKey:0x52f362e4, Req token[932]
07-01 02:52:54.098   977  1817 I ConfigDbClient: ==> [Req:Resp] table[lcf_table_remote] key[0x52f362e4:0x52f362e4], value[0], token[932:932]
07-01 02:52:54.098   978  1958 I <VSM>VehicleStatusManagerService: Query kvDB (PwmInitialReceiveTime2HolidayMode)[lcf_table_remote:0x52f362e4] success. value(0)
07-01 02:52:54.098   977  1817 I ConfigDbClient: ReadKv, Key:0x00000147, token[933]
07-01 02:52:54.098   977  1817 I CSE_ConfigDb: received msg from teleVM:3 0x00000147, token:933
07-01 02:52:54.098  1620  1653 I PowerModeTimer: readPowerTimerConfigValue : item PwmInitialReceiveTime2HolidayMode, val : 0
07-01 02:52:54.098  1620  1653 V PowerModeTimer: resetTimerValue :id - 4, timer - 0
07-01 02:52:54.098  1620  1653 V PowerModeTimer: resetTimerValue :PwmInitialReceiveTime2HolidayMode - 0
07-01 02:52:54.098   977  1452 I CSE_ConfigDb: CONFIGDB_CB_CMD_READ_KV
07-01 02:52:54.102   977  1452 I CSE_ConfigDb: read_data_db[lcf_table_remote] : key:0x00000147 value:10000 status:0 CseEr_GetErrorCode:0 sql_status:0 token:933
07-01 02:52:54.102   977  1817 I ConfigDbClient: == wait for ReqKey:0x00000147, Req token[933]
07-01 02:52:54.102   977  1817 I ConfigDbClient: ==> [Req:Resp] table[lcf_table_remote] key[0x00000147:0x00000147], value[10000], token[933:933]
07-01 02:52:54.102   978  1608 I <VSM>VehicleStatusManagerService: Query kvDB (RdAlertDelayMs)[lcf_table_remote:0x00000147] success. value(10000)
07-01 02:52:54.102   977  1817 I ConfigDbClient: ReadKv, Key:0x52f3697f, token[934]
07-01 02:52:54.102   977  1817 I CSE_ConfigDb: received msg from teleVM:3 0x52f3697f, token:934
07-01 02:52:54.102   977  1452 I CSE_ConfigDb: CONFIGDB_CB_CMD_READ_KV
07-01 02:52:54.102   987  1604 E CM_SPI  : MCU->MSM Type[01] Cat[05, 19] Cmd[01, 00] PayloadLen[0004] Payload[91 7A FE 00]
07-01 02:52:54.103  1896  1929 D RVM_Main: [alertMessage:1736] RdAlertDelayMs timer started to delay in miliseconds between detection of a RVM alert status change and the change being transmitted to TSP 1
07-01 02:52:54.103  1896  1929 D RVM_Main: [alertMessage:1743] RdAlertMCUReqTimer timer started to delay 1
07-01 02:52:54.103  1896  1929 D RVM_Main: [alertMessage:1692] AlertMessage
07-01 02:52:54.103  1896  1929 E APP     : [storeAlertCANSignal] storeAlertCANSignal ,Sigid = 158, strValue = 64374
07-01 02:52:54.103  1896  1929 D RVM_Main: [storeAlertCANSignal:1762] storeAlertCANSignal ,Sigid = 158, strValue = 64374
07-01 02:52:54.104  1621  1889 E DiagService: notifyDtcResult dtcItemIndex 1, dtcResult 0xfe, faultCount 0
07-01 02:52:54.104  1621  1889 I DiagReadDTCInfo: receiveDTCResult dtcItemIndex 1, dtcResult 0xfe, faultCount 0
07-01 02:52:54.104   977  1452 I CSE_ConfigDb: read_data_db[lcf_table_remote] : key:0x52f3697f value:0 status:0 CseEr_GetErrorCode:0 sql_status:0 token:934
07-01 02:52:54.104   977  1817 I ConfigDbClient: == wait for ReqKey:0x52f3697f, Req token[934]
07-01 02:52:54.104   977  1817 I ConfigDbClient: ==> [Req:Resp] table[lcf_table_remote] key[0x52f3697f:0x52f3697f], value[0], token[934:934]
07-01 02:52:54.104   978  1958 I <VSM>VehicleStatusManagerService: Query kvDB (PwmInitialReceiveTime2Unprovisioned)[lcf_table_remote:0x52f3697f] success. value(0)
07-01 02:52:54.105  1620  1653 I PowerModeTimer: readPowerTimerConfigValue : item PwmInitialReceiveTime2Unprovisioned, val : 0
07-01 02:52:54.105  1620  1653 V PowerModeTimer: resetTimerValue :id - 5, timer - 0
07-01 02:52:54.105  1620  1653 V PowerModeTimer: resetTimerValue :PwmInitialReceiveTime2Unprovisioned - 0
07-01 02:52:54.105   977  1817 I ConfigDbClient: ReadKv, Key:0x4f981e46, token[935]
07-01 02:52:54.105   977  1817 I CSE_ConfigDb: received msg from teleVM:3 0x4f981e46, token:935
07-01 02:52:54.105   977  1452 I CSE_ConfigDb: CONFIGDB_CB_CMD_READ_KV
07-01 02:52:54.107   977  1452 I CSE_ConfigDb: read_data_db[lcf_table_remote] : key:0x4f981e46 value:3200 status:0 CseEr_GetErrorCode:0 sql_status:0 token:935
07-01 02:52:54.107   977  1817 I ConfigDbClient: == wait for ReqKey:0x4f981e46, Req token[935]
07-01 02:52:54.107   977  1817 I ConfigDbClient: ==> [Req:Resp] table[lcf_table_remote] key[0x4f981e46:0x4f981e46], value[3200], token[935:935]
07-01 02:52:54.107   978  1608 I <VSM>VehicleStatusManagerService: Query kvDB (RdServiceWarning)[lcf_table_remote:0x4f981e46] success. value(3200)
07-01 02:52:54.108   977  1817 I ConfigDbClient: ReadKv, Key:0x4ffc6472, token[936]
07-01 02:52:54.108   977  1817 I CSE_ConfigDb: received msg from teleVM:3 0x4ffc6472, token:936
07-01 02:52:54.108  1896  1929 D RVM_Cfg : [getRdServiceWarning:513] RVM_Config::getRdServiceWarning RdServiceWarning = 3200 
07-01 02:52:54.108  1896  1929 E APP     : [filteringDistanceToEngineService] [Signal] distanceToEngineService:[64374] ,[Status] new status= [0] saved status=[0] filtering status =[0]
07-01 02:52:54.108  1896  1929 D RVM_Main: [filteringDistanceToEngineService:2408] [Signal] distanceToEngineService:[64374] ,[Status] new status= [0] saved status=[0] filtering status =[0]
07-01 02:52:54.108  1896  1929 D RVM_Main: [alertMessage:1726] listCanDataValueCur = 158
07-01 02:52:54.108   977  1452 I CSE_ConfigDb: CONFIGDB_CB_CMD_READ_KV
07-01 02:52:54.108  1896  1929 D RVM_Main: [alertMessage:1727] getRemainingTimeMs = 9994
07-01 02:52:54.108  1896  1929 D RVM_Main: [alertMessage:1728] isAlertDelayMsTimeOut = 0
07-01 02:52:54.121   977  1452 I CSE_ConfigDb: read_data_db[lcf_table_remote] : key:0x4ffc6472 value:518400 status:0 CseEr_GetErrorCode:0 sql_status:0 token:936
07-01 02:52:54.121   977  1817 I ConfigDbClient: == wait for ReqKey:0x4ffc6472, Req token[936]
07-01 02:52:54.121   977  1817 I ConfigDbClient: ==> [Req:Resp] table[lcf_table_remote] key[0x4ffc6472:0x4ffc6472], value[518400], token[936:936]
07-01 02:52:54.121   978  1958 I <VSM>VehicleStatusManagerService: Query kvDB (PwmFirstPeriodicCycle)[lcf_table_remote:0x4ffc6472] success. value(518400)
07-01 02:52:54.122  1620  1653 I PowerModeTimer: readPowerTimerConfigValue : item PwmFirstPeriodicCycle, val : 518400
07-01 02:52:54.122  1620  1653 V PowerModeTimer: resetTimerValue :id - 6, timer - 518400
07-01 02:52:54.122  1620  1653 V PowerModeTimer: resetTimerValue :PwmFirstPeriodicCycle - 518400000
07-01 02:52:54.122   987  1604 E CM_SPI  : MCU->MSM Type[01] Cat[05, 19] Cmd[01, 00] PayloadLen[0004] Payload[E1 09 FE 00]
07-01 02:52:54.125  1621  1889 E DiagService: notifyDtcResult dtcItemIndex 3, dtcResult 0xfe, faultCount 0
07-01 02:52:54.126  1621  1889 I DiagReadDTCInfo: receiveDTCResult dtcItemIndex 3, dtcResult 0xfe, faultCount 0
07-01 02:52:54.137   987  1604 E CM_SPI  : MCU->MSM Type[01] Cat[05, 19] Cmd[01, 00] PayloadLen[0004] Payload[91 6D FE 00]
07-01 02:52:54.138  1753  1776 V Location:ServiceStub: getLoastLocationData
07-01 02:52:54.138  1621  1889 E DiagService: notifyDtcResult dtcItemIndex 4, dtcResult 0xfe, faultCount 0
07-01 02:52:54.138  1621  1889 I DiagReadDTCInfo: receiveDTCResult dtcItemIndex 4, dtcResult 0xfe, faultCount 0
07-01 02:52:54.138  1621  1889 I DiagReceiverHandler: handleMessage dtcResult 0
07-01 02:52:54.138  1621  1889 E DiagService: notifyDtcResult dtcItemIndex 22, dtcResult 0x0, faultCount -128
07-01 02:52:54.138  1621  1889 I DiagReadDTCInfo: receiveDTCResult dtcItemIndex 22, dtcResult 0x0, faultCount -128
07-01 02:52:54.141  1621  1889 I DiagReadDTCInfo: notifyChangedPreviousDtcResult, itemIndex[22], dtcId[f000], previousResult[ff],currentResult[ 0], previousCount[ 0],faultCount[ffffff80]..
07-01 02:52:54.141   980  1507 E DIAG    : appDTC dtcId 0xf000 faultType 0x0 faultCnt -128
07-01 02:52:54.142   980  1507 I DiagClient: appDTC y[2022] m[7] d[1] h[2] m[52] s[54] timeData 0x31c22d36
07-01 02:52:54.142   980  1454 V DiagClient: Send DTC Data!
07-01 02:52:54.142   980  1454 V DiagClient: appDTC function dtc_id 0xF00000 status 0x0000 faultCnt 0x0080 timeStamp 31c22d36
07-01 02:52:54.142  1621  1889 I DiagReadDTCInfo: notifyDtcResultToDiagServer send to IdiagClient dtcId 0xf000 faultType 0x0 faultCount [-128]
07-01 02:52:54.142  1621  1889 I DiagReadDTCInfo: notifyDtcResultToRegiedApp notify changed DTC status
07-01 02:52:54.142  1621  1889 I BpDiagManagerReceiver: BP_onDtcChanged
07-01 02:52:54.142  1621  1889 I DiagReadDTCInfo: notifyDtcResultToRegiedApp notify changed DTC status
07-01 02:52:54.142  1621  1889 I BpDiagManagerReceiver: BP_onDtcChanged
07-01 02:52:54.142  1621  1889 I DiagReadDTCInfo: notifyDtcResultToRegiedApp notify changed DTC status
07-01 02:52:54.142  1621  1889 I BpDiagManagerReceiver: BP_onDtcChanged
07-01 02:52:54.142  1621  1889 I DiagReadDTCInfo: notifyDtcResultToRegiedApp notify changed DTC status
07-01 02:52:54.142  1621  1889 I BpDiagManagerReceiver: BP_onDtcChanged
07-01 02:52:54.142  1621  1889 I DiagReadDTCInfo: notifyDtcResultToRegiedApp notify changed DTC status
07-01 02:52:54.142  1621  1889 I BpDiagManagerReceiver: BP_onDtcChanged
07-01 02:52:54.142  1621  1889 I DiagReceiverHandler: handleMessage dtcResult 0
07-01 02:52:54.142  1621  1889 E DiagService: notifyDtcResult dtcItemIndex 22, dtcResult 0x0, faultCount -128
07-01 02:52:54.142  1621  1889 I DiagReadDTCInfo: receiveDTCResult dtcItemIndex 22, dtcResult 0x0, faultCount -128
07-01 02:52:54.142  1621  1889 I DiagReadDTCInfo: notifyDtcResultToRegiedApp notify changed DTC status
07-01 02:52:54.142  1895 18070 I BpDiagManagerReceiver: TRANSACT_DIAG_ONDTCCHANGED dtcItemIndex[22] dtcResult[0]
07-01 02:52:54.142  1621  1889 I BpDiagManagerReceiver: BP_onDtcChanged
07-01 02:52:54.142  1621  1889 I DiagReadDTCInfo: notifyDtcResultToRegiedApp notify changed DTC status
07-01 02:52:54.142  1621  1889 I BpDiagManagerReceiver: BP_onDtcChanged
07-01 02:52:54.142  1891 17839 I BpDiagManagerReceiver: TRANSACT_DIAG_ONDTCCHANGED dtcItemIndex[22] dtcResult[0]
07-01 02:52:54.142  1621  1889 I DiagReadDTCInfo: notifyDtcResultToRegiedApp notify changed DTC status
07-01 02:52:54.142  1621  1889 I BpDiagManagerReceiver: BP_onDtcChanged
07-01 02:52:54.142  1623  1879 I BpDiagManagerReceiver: TRANSACT_DIAG_ONDTCCHANGED dtcItemIndex[22] dtcResult[0]
07-01 02:52:54.142  1621  1889 I DiagReadDTCInfo: notifyDtcResultToRegiedApp notify changed DTC status
07-01 02:52:54.142  1891 17839 I BpDiagManagerReceiver: TRANSACT_DIAG_ONDTCCHANGED dtcItemIndex[22] dtcResult[0]
07-01 02:52:54.142  1621  1889 I BpDiagManagerReceiver: BP_onDtcChanged
07-01 02:52:54.142  1621  1889 I DiagReadDTCInfo: notifyDtcResultToRegiedApp notify changed DTC status
07-01 02:52:54.142  1621  1889 I BpDiagManagerReceiver: BP_onDtcChanged
07-01 02:52:54.142  1623  1879 I BpDiagManagerReceiver: TRANSACT_DIAG_ONDTCCHANGED dtcItemIndex[22] dtcResult[0]
07-01 02:52:54.142  1897  1897 I BpDiagManagerReceiver: TRANSACT_DIAG_ONDTCCHANGED dtcItemIndex[22] dtcResult[0]
07-01 02:52:54.142  1897  1897 I BpDiagManagerReceiver: TRANSACT_DIAG_ONDTCCHANGED dtcItemIndex[22] dtcResult[0]
07-01 02:52:54.142  1714 18073 I BpDiagManagerReceiver: TRANSACT_DIAG_ONDTCCHANGED dtcItemIndex[22] dtcResult[0]
07-01 02:52:54.142  1714 18073 I BpDiagManagerReceiver: TRANSACT_DIAG_ONDTCCHANGED dtcItemIndex[22] dtcResult[0]
07-01 02:52:54.143  1895 18070 I BpDiagManagerReceiver: TRANSACT_DIAG_ONDTCCHANGED dtcItemIndex[22] dtcResult[0]
07-01 02:52:54.149   977  1817 I ConfigDbClient: ReadKv, Key:0x52f363bd, token[937]
07-01 02:52:54.149   977  1817 I CSE_ConfigDb: received msg from teleVM:3 0x52f363bd, token:937
07-01 02:52:54.149   977  1452 I CSE_ConfigDb: CONFIGDB_CB_CMD_READ_KV
07-01 02:52:54.154   977  1452 I CSE_ConfigDb: read_data_db[lcf_table_remote] : key:0x52f363bd value:518400 status:0 CseEr_GetErrorCode:0 sql_status:0 token:937
07-01 02:52:54.154   977  1817 I ConfigDbClient: == wait for ReqKey:0x52f363bd, Req token[937]
07-01 02:52:54.154   977  1817 I ConfigDbClient: ==> [Req:Resp] table[lcf_table_remote] key[0x52f363bd:0x52f363bd], value[518400], token[937:937]
07-01 02:52:54.154   978  1958 I <VSM>VehicleStatusManagerService: Query kvDB (PwmFirstPeriodicCycleHolidayMode)[lcf_table_remote:0x52f363bd] success. value(518400)
07-01 02:52:54.155  1620  1653 I PowerModeTimer: readPowerTimerConfigValue : item PwmFirstPeriodicCycleHolidayMode, val : 518400
07-01 02:52:54.155  1620  1653 V PowerModeTimer: resetTimerValue :id - 7, timer - 518400
07-01 02:52:54.155  1620  1653 V PowerModeTimer: resetTimerValue :PwmFirstPeriodicCycleHolidayMode - 518400000
07-01 02:52:54.158   977  1817 I ConfigDbClient: ReadKv, Key:0x505c6e0c, token[938]
07-01 02:52:54.158   977  1817 I CSE_ConfigDb: received msg from teleVM:3 0x505c6e0c, token:938
07-01 02:52:54.159   977  1452 I CSE_ConfigDb: CONFIGDB_CB_CMD_READ_KV
07-01 02:52:54.165   977  1452 I CSE_ConfigDb: read_data_db[lcf_table_remote] : key:0x505c6e0c value:0 status:0 CseEr_GetErrorCode:0 sql_status:0 token:938
07-01 02:52:54.165   977  1817 I ConfigDbClient: == wait for ReqKey:0x505c6e0c, Req token[938]
07-01 02:52:54.165   977  1817 I ConfigDbClient: ==> [Req:Resp] table[lcf_table_remote] key[0x505c6e0c:0x505c6e0c], value[0], token[938:938]
07-01 02:52:54.165   978  1958 I <VSM>VehicleStatusManagerService: Query kvDB (PwmFirstPeriodicCycleUnprovisioned)[lcf_table_remote:0x505c6e0c] success. value(0)
07-01 02:52:54.165  1620  1653 I PowerModeTimer: readPowerTimerConfigValue : item PwmFirstPeriodicCycleUnprovisioned, val : 0
07-01 02:52:54.165  1620  1653 V PowerModeTimer: resetTimerValue :id - 8, timer - 0
07-01 02:52:54.165  1620  1653 V PowerModeTimer: resetTimerValue :PwmFirstPeriodicCycleUnprovisioned - 0
07-01 02:52:54.166   987  1604 E CM_SPI  : MCU->MSM Type[01] Cat[05, 19] Cmd[01, 00] PayloadLen[0004] Payload[91 6E FE 00]
07-01 02:52:54.169   977  1817 I ConfigDbClient: ReadKv, Key:0x4ffc645c, token[939]
07-01 02:52:54.169   977  1817 I CSE_ConfigDb: received msg from teleVM:3 0x4ffc645c, token:939
07-01 02:52:54.169  1621  1889 E DiagService: notifyDtcResult dtcItemIndex 0, dtcResult 0xfe, faultCount 0
07-01 02:52:54.170  1621  1889 I DiagReadDTCInfo: receiveDTCResult dtcItemIndex 0, dtcResult 0xfe, faultCount 0
07-01 02:52:54.170   977  1452 I CSE_ConfigDb: CONFIGDB_CB_CMD_READ_KV
07-01 02:52:54.176   977  1452 I CSE_ConfigDb: read_data_db[lcf_table_remote] : key:0x4ffc645c value:14400 status:0 CseEr_GetErrorCode:0 sql_status:0 token:939
07-01 02:52:54.176   977  1817 I ConfigDbClient: == wait for ReqKey:0x4ffc645c, Req token[939]
07-01 02:52:54.176   977  1817 I ConfigDbClient: ==> [Req:Resp] table[lcf_table_remote] key[0x4ffc645c:0x4ffc645c], value[14400], token[939:939]
07-01 02:52:54.177   978  1958 I <VSM>VehicleStatusManagerService: Query kvDB (PwmSleepTime)[lcf_table_remote:0x4ffc645c] success. value(14400)
07-01 02:52:54.178  1620  1653 I PowerModeTimer: readPowerTimerConfigValue : item PwmSleepTime, val : 14400
07-01 02:52:54.178  1620  1653 V PowerModeTimer: resetTimerValue :id - 9, timer - 14400
07-01 02:52:54.178  1620  1653 V PowerModeTimer: resetTimerValue :PwmSleepTime - 14400000
07-01 02:52:54.179   977  1817 I ConfigDbClient: ReadKv, Key:0x52f363b4, token[940]
07-01 02:52:54.179   977  1817 I CSE_ConfigDb: received msg from teleVM:3 0x52f363b4, token:940
07-01 02:52:54.179   977  1452 I CSE_ConfigDb: CONFIGDB_CB_CMD_READ_KV
07-01 02:52:54.185   977  1452 I CSE_ConfigDb: read_data_db[lcf_table_remote] : key:0x52f363b4 value:14280 status:0 CseEr_GetErrorCode:0 sql_status:0 token:940
07-01 02:52:54.187   977  1817 I ConfigDbClient: == wait for ReqKey:0x52f363b4, Req token[940]
07-01 02:52:54.187   977  1817 I ConfigDbClient: ==> [Req:Resp] table[lcf_table_remote] key[0x52f363b4:0x52f363b4], value[14280], token[940:940]
07-01 02:52:54.187   978  1958 I <VSM>VehicleStatusManagerService: Query kvDB (PwmSleepTimeHolidayMode)[lcf_table_remote:0x52f363b4] success. value(14280)
07-01 02:52:54.188  1620  1653 I PowerModeTimer: readPowerTimerConfigValue : item PwmSleepTimeHolidayMode, val : 14280
07-01 02:52:54.188  1620  1653 V PowerModeTimer: resetTimerValue :id - 10, timer - 14280
07-01 02:52:54.188  1620  1653 V PowerModeTimer: resetTimerValue :PwmSleepTimeHolidayMode - 14280000
07-01 02:52:54.191   977  1817 I ConfigDbClient: ReadKv, Key:0x505c6df4, token[941]
07-01 02:52:54.191   977  1817 I CSE_ConfigDb: received msg from teleVM:3 0x505c6df4, token:941
07-01 02:52:54.191   977  1452 I CSE_ConfigDb: CONFIGDB_CB_CMD_READ_KV
07-01 02:52:54.193   977  1452 I CSE_ConfigDb: read_data_db[lcf_table_remote] : key:0x505c6df4 value:0 status:0 CseEr_GetErrorCode:0 sql_status:0 token:941
07-01 02:52:54.193   977  1817 I ConfigDbClient: == wait for ReqKey:0x505c6df4, Req token[941]
07-01 02:52:54.193   977  1817 I ConfigDbClient: ==> [Req:Resp] table[lcf_table_remote] key[0x505c6df4:0x505c6df4], value[0], token[941:941]
07-01 02:52:54.194   978  1958 I <VSM>VehicleStatusManagerService: Query kvDB (PwmSleepTimeUnprovisioned)[lcf_table_remote:0x505c6df4] success. value(0)
07-01 02:52:54.194  1620  1653 I PowerModeTimer: readPowerTimerConfigValue : item PwmSleepTimeUnprovisioned, val : 0
07-01 02:52:54.194  1620  1653 V PowerModeTimer: resetTimerValue :id - 11, timer - 0
07-01 02:52:54.194  1620  1653 V PowerModeTimer: resetTimerValue :PwmSleepTimeUnprovisioned - 0
07-01 02:52:54.195   977  1817 I ConfigDbClient: ReadKv, Key:0x4ffc645a, token[942]
07-01 02:52:54.195   977  1817 I CSE_ConfigDb: received msg from teleVM:3 0x4ffc645a, token:942
07-01 02:52:54.195   977  1452 I CSE_ConfigDb: CONFIGDB_CB_CMD_READ_KV
07-01 02:52:54.197   977  1452 I CSE_ConfigDb: read_data_db[lcf_table_remote] : key:0x4ffc645a value:120 status:0 CseEr_GetErrorCode:0 sql_status:0 token:942
07-01 02:52:54.197   977  1817 I ConfigDbClient: == wait for ReqKey:0x4ffc645a, Req token[942]
07-01 02:52:54.197   977  1817 I ConfigDbClient: ==> [Req:Resp] table[lcf_table_remote] key[0x4ffc645a:0x4ffc645a], value[120], token[942:942]
07-01 02:52:54.197   978  1958 I <VSM>VehicleStatusManagerService: Query kvDB (PwmReceiveTime)[lcf_table_remote:0x4ffc645a] success. value(120)
07-01 02:52:54.198  1620  1653 I PowerModeTimer: readPowerTimerConfigValue : item PwmReceiveTime, val : 120
07-01 02:52:54.198  1620  1653 V PowerModeTimer: resetTimerValue :id - 12, timer - 120
07-01 02:52:54.198  1620  1653 V PowerModeTimer: resetTimerValue :PwmReceiveTime - 120000
07-01 02:52:54.199   977  1817 I ConfigDbClient: ReadKv, Key:0x52f363a5, token[943]
07-01 02:52:54.199   977  1817 I CSE_ConfigDb: received msg from teleVM:3 0x52f363a5, token:943
07-01 02:52:54.200   977  1452 I CSE_ConfigDb: CONFIGDB_CB_CMD_READ_KV
07-01 02:52:54.202   977  1452 I CSE_ConfigDb: read_data_db[lcf_table_remote] : key:0x52f363a5 value:120 status:0 CseEr_GetErrorCode:0 sql_status:0 token:943
07-01 02:52:54.203   977  1817 I ConfigDbClient: == wait for ReqKey:0x52f363a5, Req token[943]
07-01 02:52:54.203   977  1817 I ConfigDbClient: ==> [Req:Resp] table[lcf_table_remote] key[0x52f363a5:0x52f363a5], value[120], token[943:943]
07-01 02:52:54.203   978  1958 I <VSM>VehicleStatusManagerService: Query kvDB (PwmReceiveTimeHolidayMode)[lcf_table_remote:0x52f363a5] success. value(120)
07-01 02:52:54.204   987  1604 E CM_SPI  : MCU->MSM Type[01] Cat[05, 19] Cmd[01, 00] PayloadLen[0004] Payload[90 A2 FE 00]
07-01 02:52:54.204  1620  1653 I PowerModeTimer: readPowerTimerConfigValue : item PwmReceiveTimeHolidayMode, val : 120
07-01 02:52:54.204  1620  1653 V PowerModeTimer: resetTimerValue :id - 13, timer - 120
07-01 02:52:54.204  1620  1653 V PowerModeTimer: resetTimerValue :PwmReceiveTimeHolidayMode - 120000
07-01 02:52:54.204  1621  1889 E DiagService: notifyDtcResult dtcItemIndex 6, dtcResult 0xfe, faultCount 0
07-01 02:52:54.204  1621  1889 I DiagReadDTCInfo: receiveDTCResult dtcItemIndex 6, dtcResult 0xfe, faultCount 0
07-01 02:52:54.206   977  1817 I ConfigDbClient: ReadKv, Key:0x505c6df3, token[944]
07-01 02:52:54.206   977  1817 I CSE_ConfigDb: received msg from teleVM:3 0x505c6df3, token:944
07-01 02:52:54.206   977  1452 I CSE_ConfigDb: CONFIGDB_CB_CMD_READ_KV
07-01 02:52:54.209   977  1452 I CSE_ConfigDb: read_data_db[lcf_table_remote] : key:0x505c6df3 value:0 status:0 CseEr_GetErrorCode:0 sql_status:0 token:944
07-01 02:52:54.209   977  1817 I ConfigDbClient: == wait for ReqKey:0x505c6df3, Req token[944]
07-01 02:52:54.209   977  1817 I ConfigDbClient: ==> [Req:Resp] table[lcf_table_remote] key[0x505c6df3:0x505c6df3], value[0], token[944:944]
07-01 02:52:54.210   978  1958 I <VSM>VehicleStatusManagerService: Query kvDB (PwmReceiveTimeUnprovisioned)[lcf_table_remote:0x505c6df3] success. value(0)
07-01 02:52:54.210  1620  1653 I PowerModeTimer: readPowerTimerConfigValue : item PwmReceiveTimeUnprovisioned, val : 0
07-01 02:52:54.210  1620  1653 V PowerModeTimer: resetTimerValue :id - 14, timer - 0
07-01 02:52:54.210  1620  1653 V PowerModeTimer: resetTimerValue :PwmReceiveTimeUnprovisioned - 0
07-01 02:52:54.211   977  1817 I ConfigDbClient: ReadKv, Key:0x504b6691, token[945]
07-01 02:52:54.211   977  1817 I CSE_ConfigDb: received msg from teleVM:3 0x504b6691, token:945
07-01 02:52:54.211   977  1452 I CSE_ConfigDb: CONFIGDB_CB_CMD_READ_KV
07-01 02:52:54.217   977  1452 I CSE_ConfigDb: read_data_db[lcf_table_remote] : key:0x504b6691 value:1814400 status:0 CseEr_GetErrorCode:0 sql_status:0 token:945
07-01 02:52:54.217   977  1817 I ConfigDbClient: == wait for ReqKey:0x504b6691, Req token[945]
07-01 02:52:54.217   977  1817 I ConfigDbClient: ==> [Req:Resp] table[lcf_table_remote] key[0x504b6691:0x504b6691], value[1814400], token[945:945]
07-01 02:52:54.217   978  1958 I <VSM>VehicleStatusManagerService: Query kvDB (PwmSecondPeriodicCycle)[lcf_table_remote:0x504b6691] success. value(1814400)
07-01 02:52:54.218  1620  1653 I PowerModeTimer: readPowerTimerConfigValue : item PwmSecondPeriodicCycle, val : 1814400
07-01 02:52:54.218  1620  1653 V PowerModeTimer: resetTimerValue :id - 15, timer - 1814400
07-01 02:52:54.218  1620  1653 V PowerModeTimer: resetTimerValue :PwmSecondPeriodicCycle - 1814400000
07-01 02:52:54.220   977  1817 I ConfigDbClient: ReadKv, Key:0x52f363d5, token[946]
07-01 02:52:54.220   977  1817 I CSE_ConfigDb: received msg from teleVM:3 0x52f363d5, token:946
07-01 02:52:54.220   977  1452 I CSE_ConfigDb: CONFIGDB_CB_CMD_READ_KV
07-01 02:52:54.222   977  1452 I CSE_ConfigDb: read_data_db[lcf_table_remote] : key:0x52f363d5 value:1814400 status:0 CseEr_GetErrorCode:0 sql_status:0 token:946
07-01 02:52:54.222   977  1817 I ConfigDbClient: == wait for ReqKey:0x52f363d5, Req token[946]
07-01 02:52:54.222   977  1817 I ConfigDbClient: ==> [Req:Resp] table[lcf_table_remote] key[0x52f363d5:0x52f363d5], value[1814400], token[946:946]
07-01 02:52:54.223   978  1958 I <VSM>VehicleStatusManagerService: Query kvDB (PwmSecondPeriodicCycleHolidayMode)[lcf_table_remote:0x52f363d5] success. value(1814400)
07-01 02:52:54.224  1620  1653 I PowerModeTimer: readPowerTimerConfigValue : item PwmSecondPeriodicCycleHolidayMode, val : 1814400
07-01 02:52:54.224  1620  1653 V PowerModeTimer: resetTimerValue :id - 16, timer - 1814400
07-01 02:52:54.224  1620  1653 V PowerModeTimer: resetTimerValue :PwmSecondPeriodicCycleHolidayMode - 1814400000
07-01 02:52:54.227   977  1817 I ConfigDbClient: ReadKv, Key:0x505c70a2, token[947]
07-01 02:52:54.227   977  1817 I CSE_ConfigDb: received msg from teleVM:3 0x505c70a2, token:947
07-01 02:52:54.227   977  1452 I CSE_ConfigDb: CONFIGDB_CB_CMD_READ_KV
07-01 02:52:54.231   977  1452 I CSE_ConfigDb: read_data_db[lcf_table_remote] : key:0x505c70a2 value:0 status:0 CseEr_GetErrorCode:0 sql_status:0 token:947
07-01 02:52:54.231   977  1817 I ConfigDbClient: == wait for ReqKey:0x505c70a2, Req token[947]
07-01 02:52:54.231   977  1817 I ConfigDbClient: ==> [Req:Resp] table[lcf_table_remote] key[0x505c70a2:0x505c70a2], value[0], token[947:947]
07-01 02:52:54.231   978  1958 I <VSM>VehicleStatusManagerService: Query kvDB (PwmSecondPeriodicCycleUnprovisioned)[lcf_table_remote:0x505c70a2] success. value(0)
07-01 02:52:54.232  1620  1653 I PowerModeTimer: readPowerTimerConfigValue : item PwmSecondPeriodicCycleUnprovisioned, val : 0
07-01 02:52:54.232  1620  1653 V PowerModeTimer: resetTimerValue :id - 17, timer - 0
07-01 02:52:54.232  1620  1653 V PowerModeTimer: resetTimerValue :PwmSecondPeriodicCycleUnprovisioned - 0
07-01 02:52:54.237   977  1817 I ConfigDbClient: ReadKv, Key:0x4ffc6b45, token[948]
07-01 02:52:54.237   977  1817 I CSE_ConfigDb: received msg from teleVM:3 0x4ffc6b45, token:948
07-01 02:52:54.239   977  1452 I CSE_ConfigDb: CONFIGDB_CB_CMD_READ_KV
07-01 02:52:54.244   977  1452 I CSE_ConfigDb: read_data_db[lcf_table_remote] : key:0x4ffc6b45 value:86400 status:0 CseEr_GetErrorCode:0 sql_status:0 token:948
07-01 02:52:54.244   977  1817 I ConfigDbClient: == wait for ReqKey:0x4ffc6b45, Req token[948]
07-01 02:52:54.244   977  1817 I ConfigDbClient: ==> [Req:Resp] table[lcf_table_remote] key[0x4ffc6b45:0x4ffc6b45], value[86400], token[948:948]
07-01 02:52:54.244   978  1958 I <VSM>VehicleStatusManagerService: Query kvDB (PwmSleepTimeSecondCycle)[lcf_table_remote:0x4ffc6b45] success. value(86400)
07-01 02:52:54.245  1620  1653 I PowerModeTimer: readPowerTimerConfigValue : item PwmSleepTimeSecondCycle, val : 86400
07-01 02:52:54.245  1620  1653 V PowerModeTimer: resetTimerValue :id - 18, timer - 86400
07-01 02:52:54.245  1620  1653 V PowerModeTimer: resetTimerValue :PwmSleepTimeSecondCycle - 86400000
07-01 02:52:54.248   977  1817 I ConfigDbClient: ReadKv, Key:0x52f363cd, token[949]
07-01 02:52:54.248   977  1817 I CSE_ConfigDb: received msg from teleVM:3 0x52f363cd, token:949
07-01 02:52:54.248   977  1452 I CSE_ConfigDb: CONFIGDB_CB_CMD_READ_KV
07-01 02:52:54.253   977  1452 I CSE_ConfigDb: read_data_db[lcf_table_remote] : key:0x52f363cd value:86280 status:0 CseEr_GetErrorCode:0 sql_status:0 token:949
07-01 02:52:54.253   977  1817 I ConfigDbClient: == wait for ReqKey:0x52f363cd, Req token[949]
07-01 02:52:54.253   977  1817 I ConfigDbClient: ==> [Req:Resp] table[lcf_table_remote] key[0x52f363cd:0x52f363cd], value[86280], token[949:949]
07-01 02:52:54.253   978  1958 I <VSM>VehicleStatusManagerService: Query kvDB (PwmSleepTimeSecondCycleHolidayMode)[lcf_table_remote:0x52f363cd] success. value(86280)
07-01 02:52:54.253  1620  1653 I PowerModeTimer: readPowerTimerConfigValue : item PwmSleepTimeSecondCycleHolidayMode, val : 86280
07-01 02:52:54.253  1620  1653 V PowerModeTimer: resetTimerValue :id - 19, timer - 86280
07-01 02:52:54.254  1620  1653 V PowerModeTimer: resetTimerValue :PwmSleepTimeSecondCycleHolidayMode - 86280000
07-01 02:52:54.255   977  1817 I ConfigDbClient: ReadKv, Key:0x505c7046, token[950]
07-01 02:52:54.255   977  1817 I CSE_ConfigDb: received msg from teleVM:3 0x505c7046, token:950
07-01 02:52:54.255   977  1452 I CSE_ConfigDb: CONFIGDB_CB_CMD_READ_KV
07-01 02:52:54.256   977  1452 I CSE_ConfigDb: read_data_db[lcf_table_remote] : key:0x505c7046 value:0 status:0 CseEr_GetErrorCode:0 sql_status:0 token:950
07-01 02:52:54.256   977  1817 I ConfigDbClient: == wait for ReqKey:0x505c7046, Req token[950]
07-01 02:52:54.256   977  1817 I ConfigDbClient: ==> [Req:Resp] table[lcf_table_remote] key[0x505c7046:0x505c7046], value[0], token[950:950]
07-01 02:52:54.256   978  1958 I <VSM>VehicleStatusManagerService: Query kvDB (PwmSleepTimeSecondCycleUnprovisioned)[lcf_table_remote:0x505c7046] success. value(0)
07-01 02:52:54.257  1620  1653 I PowerModeTimer: readPowerTimerConfigValue : item PwmSleepTimeSecondCycleUnprovisioned, val : 0
07-01 02:52:54.257  1620  1653 V PowerModeTimer: resetTimerValue :id - 20, timer - 0
07-01 02:52:54.257  1620  1653 V PowerModeTimer: resetTimerValue :PwmSleepTimeSecondCycleUnprovisioned - 0
07-01 02:52:54.258   977  1817 I ConfigDbClient: ReadKv, Key:0x4ffc6a2a, token[951]
07-01 02:52:54.258   977  1817 I CSE_ConfigDb: received msg from teleVM:3 0x4ffc6a2a, token:951
07-01 02:52:54.258   977  1452 I CSE_ConfigDb: CONFIGDB_CB_CMD_READ_KV
07-01 02:52:54.260   977  1452 I CSE_ConfigDb: read_data_db[lcf_table_remote] : key:0x4ffc6a2a value:120 status:0 CseEr_GetErrorCode:0 sql_status:0 token:951
07-01 02:52:54.260   977  1817 I ConfigDbClient: == wait for ReqKey:0x4ffc6a2a, Req token[951]
07-01 02:52:54.261   977  1817 I ConfigDbClient: ==> [Req:Resp] table[lcf_table_remote] key[0x4ffc6a2a:0x4ffc6a2a], value[120], token[951:951]
07-01 02:52:54.261   978  1958 I <VSM>VehicleStatusManagerService: Query kvDB (PwmReceiveTimeSecondCycle)[lcf_table_remote:0x4ffc6a2a] success. value(120)
07-01 02:52:54.261  1620  1653 I PowerModeTimer: readPowerTimerConfigValue : item PwmReceiveTimeSecondCycle, val : 120
07-01 02:52:54.261  1620  1653 V PowerModeTimer: resetTimerValue :id - 21, timer - 120
07-01 02:52:54.261  1620  1653 V PowerModeTimer: resetTimerValue :PwmReceiveTimeSecondCycle - 120000
07-01 02:52:54.263   977  1817 I ConfigDbClient: ReadKv, Key:0x52f363c6, token[952]
07-01 02:52:54.263   977  1817 I CSE_ConfigDb: received msg from teleVM:3 0x52f363c6, token:952
07-01 02:52:54.263   977  1452 I CSE_ConfigDb: CONFIGDB_CB_CMD_READ_KV
07-01 02:52:54.265   977  1452 I CSE_ConfigDb: read_data_db[lcf_table_remote] : key:0x52f363c6 value:120 status:0 CseEr_GetErrorCode:0 sql_status:0 token:952
07-01 02:52:54.265   977  1817 I ConfigDbClient: == wait for ReqKey:0x52f363c6, Req token[952]
07-01 02:52:54.265   977  1817 I ConfigDbClient: ==> [Req:Resp] table[lcf_table_remote] key[0x52f363c6:0x52f363c6], value[120], token[952:952]
07-01 02:52:54.266   978  1958 I <VSM>VehicleStatusManagerService: Query kvDB (PwmReceiveTimeSecondCycleHolidayMode)[lcf_table_remote:0x52f363c6] success. value(120)
07-01 02:52:54.266  1620  1653 I PowerModeTimer: readPowerTimerConfigValue : item PwmReceiveTimeSecondCycleHolidayMode, val : 120
07-01 02:52:54.266  1620  1653 V PowerModeTimer: resetTimerValue :id - 22, timer - 120
07-01 02:52:54.266  1620  1653 V PowerModeTimer: resetTimerValue :PwmReceiveTimeSecondCycleHolidayMode - 120000
07-01 02:52:54.268   977  1817 I ConfigDbClient: ReadKv, Key:0x505c6fc8, token[953]
07-01 02:52:54.269   977  1817 I CSE_ConfigDb: received msg from teleVM:3 0x505c6fc8, token:953
07-01 02:52:54.269   977  1452 I CSE_ConfigDb: CONFIGDB_CB_CMD_READ_KV
07-01 02:52:54.270   977  1817 I ConfigDbClient: == wait for ReqKey:0x505c6fc8, Req token[953]
07-01 02:52:54.270   977  1817 I ConfigDbClient: ==> [Req:Resp] table[lcf_table_remote] key[0x505c6fc8:0x505c6fc8], value[0], token[953:953]
07-01 02:52:54.270   978  1958 I <VSM>VehicleStatusManagerService: Query kvDB (PwmReceiveTimeSecondCycleUnprovisioned)[lcf_table_remote:0x505c6fc8] success. value(0)
07-01 02:52:54.271  1620  1653 I PowerModeTimer: readPowerTimerConfigValue : item PwmReceiveTimeSecondCycleUnprovisioned, val : 0
07-01 02:52:54.271  1620  1653 V PowerModeTimer: resetTimerValue :id - 23, timer - 0
07-01 02:52:54.271  1620  1653 V PowerModeTimer: resetTimerValue :PwmReceiveTimeSecondCycleUnprovisioned - 0
07-01 02:52:54.272   977  1452 I CSE_ConfigDb: read_data_db[lcf_table_remote] : key:0x505c6fc8 value:0 status:0 CseEr_GetErrorCode:0 sql_status:0 token:953
07-01 02:52:54.272   977  1817 I ConfigDbClient: ReadKv, Key:0x52f8f46e, token[954]
07-01 02:52:54.272   977  1817 I CSE_ConfigDb: received msg from teleVM:3 0x52f8f46e, token:954
07-01 02:52:54.272   977  1452 I CSE_ConfigDb: CONFIGDB_CB_CMD_READ_KV
07-01 02:52:54.274   977  1452 I CSE_ConfigDb: read_data_db[lcf_table_remote] : key:0x52f8f46e value:86400 status:0 CseEr_GetErrorCode:0 sql_status:0 token:954
07-01 02:52:54.274   977  1817 I ConfigDbClient: == wait for ReqKey:0x52f8f46e, Req token[954]
07-01 02:52:54.274   977  1817 I ConfigDbClient: ==> [Req:Resp] table[lcf_table_remote] key[0x52f8f46e:0x52f8f46e], value[86400], token[954:954]
07-01 02:52:54.275   978  1958 I <VSM>VehicleStatusManagerService: Query kvDB (HmWakeupDuration_s)[lcf_table_remote:0x52f8f46e] success. value(86400)
07-01 02:52:54.275  1620  1653 I PowerModeTimer: readPowerTimerConfigValue : item HmWakeupDuration_s, val : 86400
07-01 02:52:54.275  1620  1653 V PowerModeTimer: resetTimerValue :id - 24, timer - 86400
07-01 02:52:54.275  1620  1653 V PowerModeTimer: resetTimerValue :HmWakeupDuration_s - 86400000
07-01 02:52:54.276   598   598 I         : [SYSTEMPROPERTY] failed to get (sys.scheduled.set)'s value[-1]
07-01 02:52:54.276  1620  1653 D PowerModeTimer: get [sys.scheduled.set] property is error!!
07-01 02:52:54.277  1628  1658 I OperationModeManagerImpl: getCurrentOperationMode: return current mode: :4
07-01 02:52:54.277  1620  1653 I PowerModeTimer: adjustTimerID : original:6  adjusted id: 6 OperationalMode:4
07-01 02:52:54.277  1620  1653 V PowerModeTimer: getTimerValue :PwmFirstPeriodicCycle - 518400000
07-01 02:52:54.278   598   598 I         : [SYSTEMPROPERTY] failed to get (sys.scheduled.set)'s value[-1]
07-01 02:52:54.278  1620  1653 D PowerModeTimer: get [sys.scheduled.set] property is error!!
07-01 02:52:54.280  1628  1658 I OperationModeManagerImpl: getCurrentOperationMode: return current mode: :4
07-01 02:52:54.280  1620  1653 I PowerModeTimer: adjustTimerID : original:9  adjusted id: 9 OperationalMode:4
07-01 02:52:54.280  1620  1653 V PowerModeTimer: getTimerValue :PwmSleepTime - 14400000
07-01 02:52:54.281   598   598 I         : [SYSTEMPROPERTY] failed to get (sys.scheduled.set)'s value[-1]
07-01 02:52:54.281  1620  1653 D PowerModeTimer: get [sys.scheduled.set] property is error!!
07-01 02:52:54.282  1628  1658 I OperationModeManagerImpl: getCurrentOperationMode: return current mode: :4
07-01 02:52:54.282  1620  1653 I PowerModeTimer: adjustTimerID : original:12  adjusted id: 12 OperationalMode:4
07-01 02:52:54.282  1620  1653 V PowerModeTimer: getTimerValue :PwmReceiveTime - 120000
07-01 02:52:54.282  1620  1653 V PowerTimerManager: getPollCnt 1: total 518400000 sleep:14400000 recv:120000 count:35
07-01 02:52:54.289   598   598 I         : [SYSTEMPROPERTY] failed to get (sys.scheduled.set)'s value[-1]
07-01 02:52:54.289  1620  1653 D PowerModeTimer: get [sys.scheduled.set] property is error!!
07-01 02:52:54.292  1628  1658 I OperationModeManagerImpl: getCurrentOperationMode: return current mode: :4
07-01 02:52:54.293  1620  1653 I PowerModeTimer: adjustTimerID : original:15  adjusted id: 15 OperationalMode:4
07-01 02:52:54.293  1620  1653 V PowerModeTimer: getTimerValue :PwmSecondPeriodicCycle - 1814400000
07-01 02:52:54.298   598   598 I         : [SYSTEMPROPERTY] failed to get (sys.scheduled.set)'s value[-1]
07-01 02:52:54.298  1620  1653 D PowerModeTimer: get [sys.scheduled.set] property is error!!
07-01 02:52:54.298  1628  1658 I OperationModeManagerImpl: getCurrentOperationMode: return current mode: :4
07-01 02:52:54.299  1620  1653 I PowerModeTimer: adjustTimerID : original:18  adjusted id: 18 OperationalMode:4
07-01 02:52:54.299  1620  1653 V PowerModeTimer: getTimerValue :PwmSleepTimeSecondCycle - 86400000
07-01 02:52:54.299   598   598 I         : [SYSTEMPROPERTY] failed to get (sys.scheduled.set)'s value[-1]
07-01 02:52:54.299  1620  1653 D PowerModeTimer: get [sys.scheduled.set] property is error!!
07-01 02:52:54.300  1628  1658 I OperationModeManagerImpl: getCurrentOperationMode: return current mode: :4
07-01 02:52:54.301  1620  1653 I PowerModeTimer: adjustTimerID : original:21  adjusted id: 21 OperationalMode:4
07-01 02:52:54.301  1620  1653 V PowerModeTimer: getTimerValue :PwmReceiveTimeSecondCycle - 120000
07-01 02:52:54.301  1620  1653 V PowerTimerManager: getPollCnt 2: total 1814400000 sleep:86400000 recv:120000 count:20
07-01 02:52:54.303   598   598 I         : [SYSTEMPROPERTY] failed to get (sys.scheduled.set)'s value[-1]
07-01 02:52:54.303  1620  1653 D PowerModeTimer: get [sys.scheduled.set] property is error!!
07-01 02:52:54.303  1628  1658 I OperationModeManagerImpl: getCurrentOperationMode: return current mode: :4
07-01 02:52:54.304  1620  1653 I PowerModeTimer: adjustTimerID : original:0  adjusted id: 0 OperationalMode:4
07-01 02:52:54.304  1620  1653 V PowerModeTimer: getTimerValue :PwmInitialReceiveTime - 86400000
07-01 02:52:54.304  1620  1653 I PowerTimerManager: initTiming : id:0 's duration is 86400000. next is STATE_LISTEN_1 
07-01 02:52:54.313   987  1604 E CM_SPI  : MCU->MSM Type[01] Cat[05, 19] Cmd[01, 00] PayloadLen[0004] Payload[05 60 00 F8]
07-01 02:52:54.314  1621  1889 E DiagService: notifyDtcResult dtcItemIndex 2, dtcResult 0x0, faultCount -8
07-01 02:52:54.314  1621  1889 I DiagReadDTCInfo: receiveDTCResult dtcItemIndex 2, dtcResult 0x0, faultCount -8
07-01 02:52:54.493  1621  1707 I DiagReadDTCHandler: checkSimCardError simStatus 5, simError[0]
07-01 02:52:54.493  1621  1707 I DiagReadDTCHandler: checkSimCardError retry checking SimdCard currentDtc[0], retryCheckingCnt[0]
07-01 02:52:54.493  1621  1707 I DiagReadDTCHandler: checkSimCardError SimCard DTC Normal
07-01 02:52:54.493  1621  1707 E DiagService: notifyDtcResult dtcItemIndex 16, dtcResult 0x0, faultCount -128
07-01 02:52:54.493  1621  1707 I DiagReadDTCInfo: receiveDTCResult dtcItemIndex 16, dtcResult 0x0, faultCount -128
07-01 02:52:54.494  1621  1707 I DiagReadDTCInfo: notifyChangedPreviousDtcResult, itemIndex[16], dtcId[916f], previousResult[ff],currentResult[ 0], previousCount[ 0],faultCount[ffffff80]..
07-01 02:52:54.495   980  1507 E DIAG    : appDTC dtcId 0x916f faultType 0x0 faultCnt -128
07-01 02:52:54.495   980  1507 I DiagClient: appDTC y[2022] m[7] d[1] h[2] m[52] s[54] timeData 0x31c22d36
07-01 02:52:54.496  1621  1707 I DiagReadDTCInfo: notifyDtcResultToDiagServer send to IdiagClient dtcId 0x916f faultType 0x0 faultCount [-128]
07-01 02:52:54.496  1621  1707 I DiagReadDTCInfo: notifyDtcResultToRegiedApp notify changed DTC status
07-01 02:52:54.496  1621  1707 I BpDiagManagerReceiver: BP_onDtcChanged
07-01 02:52:54.496  1621  1707 I DiagReadDTCInfo: notifyDtcResultToRegiedApp notify changed DTC status
07-01 02:52:54.496  1621  1707 I BpDiagManagerReceiver: BP_onDtcChanged
07-01 02:52:54.496  1621  1707 I DiagReadDTCInfo: notifyDtcResultToRegiedApp notify changed DTC status
07-01 02:52:54.496  1621  1707 I BpDiagManagerReceiver: BP_onDtcChanged
07-01 02:52:54.496  1621  1707 I DiagReadDTCInfo: notifyDtcResultToRegiedApp notify changed DTC status
07-01 02:52:54.496  1621  1707 I BpDiagManagerReceiver: BP_onDtcChanged
07-01 02:52:54.496  1621  1707 I DiagReadDTCInfo: notifyDtcResultToRegiedApp notify changed DTC status
07-01 02:52:54.496  1621  1707 I BpDiagManagerReceiver: BP_onDtcChanged
07-01 02:52:54.496  1895 18070 I BpDiagManagerReceiver: TRANSACT_DIAG_ONDTCCHANGED dtcItemIndex[16] dtcResult[0]
07-01 02:52:54.496  1891  1921 I BpDiagManagerReceiver: TRANSACT_DIAG_ONDTCCHANGED dtcItemIndex[16] dtcResult[0]
07-01 02:52:54.496  1623  1878 I BpDiagManagerReceiver: TRANSACT_DIAG_ONDTCCHANGED dtcItemIndex[16] dtcResult[0]
07-01 02:52:54.496  1714 18073 I BpDiagManagerReceiver: TRANSACT_DIAG_ONDTCCHANGED dtcItemIndex[16] dtcResult[0]
07-01 02:52:54.496  1897 18071 I BpDiagManagerReceiver: TRANSACT_DIAG_ONDTCCHANGED dtcItemIndex[16] dtcResult[0]
07-01 02:52:54.497   980  1454 V DiagClient: Send DTC Data!
07-01 02:52:54.497   980  1454 V DiagClient: appDTC function dtc_id 0x916F00 status 0x0000 faultCnt 0x0080 timeStamp 31c22d36
07-01 02:52:54.825   975  1524 E SPIClient_can: CL-ISPI_CSPB_OSC
07-01 02:52:54.825   975  1524 E SPIClient_can: RCV CB Single(0), Group(0)
07-01 02:52:54.826   975  1638 E SPIClient_can: MSG_CAN_BUS_STATE
07-01 02:52:54.826   975  1638 E SPIClient_can: CB_2
07-01 02:52:54.826   987  1604 E CM_SPI  : MSM->MCU Type[01] Cat[01, 00] Cmd[11, 00] PayloadLen[0000]
07-01 02:52:54.834   987  1604 E CM_SPI  : MCU->MSM Type[02] Cat[01, 00] Cmd[11, 00] PayloadLen[0000]
07-01 02:52:54.834  1627  6614 V FactoryImpl: onReceive MCU type[x2], cate[x1], subcate[x0], cmd[17], cmd2[x0]
07-01 02:52:54.834  1627  6614 V FactoryUtil: onReceive MCU param[x02][x11][x00], buf is NULL
07-01 02:52:54.834  1627  1677 V FactoryUtil: handleMessage FACTORY_IMPL_RES_FR_MCU_EDU param[x01][x11][x00], buf is NULL
07-01 02:52:54.834  1627  1677 V FactoryEdu: procEduResCommand cate[x01], subCate[x00], cmd[x11], cmd2[x00]
07-01 02:52:54.834  1627  1677 V FactoryUtil: Res Buffer  buf is NULL
07-01 02:52:54.834  1627  1677 V FactoryEdu: procEduResCommand cmd not define cate[x01], subCate[x00], cmd[x11], cmd2[x00]
07-01 02:52:55.124  1753  1776 V Location:ServiceStub: getLoastLocationData
07-01 02:52:55.646   987  1604 E CM_SPI  : MCU->MSM Type[01] Cat[05, DD] Cmd[05, 00] PayloadLen[0006] Payload[00 FE 00 00 00 23]
07-01 02:52:56.124  1753  1776 V Location:ServiceStub: getLoastLocationData
07-01 02:52:56.389 17572 17572 V ProcessState: Spawning new pooled thread, name=Binder_1
07-01 02:52:56.390 17572 17572 I sldd    : command : argv:can
07-01 02:52:56.391 17572 17595 V ProcessState: Spawning new pooled thread, name=Binder_2
07-01 02:52:56.392 17572 17572 I sldd_cmd: can setCanData -n PowerMode 7 
07-01 02:52:56.669   987  1595 E CommunicationManagerService: KICK DOG(95)
07-01 02:52:56.785   976  1481 I LocationServer: droutput:lat:1.570796,lon:3.141593,alt:0.000000
07-01 02:52:57.131  1753  1956 V Location:ServiceStub: getLoastLocationData
07-01 02:52:57.313   987  1604 E CM_SPI  : MCU->MSM Type[01] Cat[05, 19] Cmd[01, 00] PayloadLen[0004] Payload[05 60 00 80]
07-01 02:52:57.314  1621  1889 E DiagService: notifyDtcResult dtcItemIndex 2, dtcResult 0x0, faultCount -128
07-01 02:52:57.314  1621  1889 I DiagReadDTCInfo: receiveDTCResult dtcItemIndex 2, dtcResult 0x0, faultCount -128
07-01 02:52:57.314  1621  1889 I DiagReadDTCInfo: notifyDtcResultToRegiedApp notify changed DTC status
07-01 02:52:57.314  1621  1889 I BpDiagManagerReceiver: BP_onDtcChanged
07-01 02:52:57.315  1621  1889 I DiagReadDTCInfo: notifyDtcResultToRegiedApp notify changed DTC status
07-01 02:52:57.315  1621  1889 I BpDiagManagerReceiver: BP_onDtcChanged
07-01 02:52:57.315  1621  1889 I DiagReadDTCInfo: notifyDtcResultToRegiedApp notify changed DTC status
07-01 02:52:57.315  1621  1889 I BpDiagManagerReceiver: BP_onDtcChanged
07-01 02:52:57.315  1621  1889 I DiagReadDTCInfo: notifyDtcResultToRegiedApp notify changed DTC status
07-01 02:52:57.315  1621  1889 I BpDiagManagerReceiver: BP_onDtcChanged
07-01 02:52:57.315  1895 18070 I BpDiagManagerReceiver: TRANSACT_DIAG_ONDTCCHANGED dtcItemIndex[2] dtcResult[0]
07-01 02:52:57.315  1621  1889 I DiagReadDTCInfo: notifyDtcResultToRegiedApp notify changed DTC status
07-01 02:52:57.315  1621  1889 I BpDiagManagerReceiver: BP_onDtcChanged
07-01 02:52:57.315  1623  1878 I BpDiagManagerReceiver: TRANSACT_DIAG_ONDTCCHANGED dtcItemIndex[2] dtcResult[0]
07-01 02:52:57.315  1891  1921 I BpDiagManagerReceiver: TRANSACT_DIAG_ONDTCCHANGED dtcItemIndex[2] dtcResult[0]
07-01 02:52:57.315  1714 18073 I BpDiagManagerReceiver: TRANSACT_DIAG_ONDTCCHANGED dtcItemIndex[2] dtcResult[0]
07-01 02:52:57.315  1897 18071 I BpDiagManagerReceiver: TRANSACT_DIAG_ONDTCCHANGED dtcItemIndex[2] dtcResult[0]
07-01 02:52:57.929  1620  1653 V PowerManagerImpl: processPowerManager : 9
07-01 02:52:57.929  1620  1653 D PowerManagerImpl: ### [ DUMP KeepPower ] flag:0x80000006
07-01 02:52:57.929  1620  1653 D PowerManagerImpl:    [ KeepPower id:0 ] module:122 ref:0 token:0x78006030 age:-1 remain:-1, release:-1
07-01 02:52:57.929  1620  1653 D PowerManagerImpl:    [ KeepPower id:1 ] module:4 ref:1 token:0x640033f0 age:60 remain:300, release:360
07-01 02:52:57.929  1620  1653 D PowerManagerImpl:    [ KeepPower id:2 ] module:6 ref:1 token:0x91f00490 age:75 remain:14325, release:14400
07-01 02:52:58.021  1895 17794 I RVC_timer: [TIMER_SKIP_WARMUP_VALIABLE] 20 timer expired.
07-01 02:52:58.025  1895 17794 E APP     : RVC] [TIMER_SKIP_WARMUP_VALIABLE] 20 timer expired.
07-01 02:52:58.025  1895 17794 D RVC     : updateWarmupVariable
07-01 02:52:58.025  1620  1620 V PowerManagerImpl: getCurrentPowerMode : 7
07-01 02:52:58.026  1895 17794 D RVC     : RemoteService_getPowerMode():7
07-01 02:52:58.026  1710  1963 V CANManagerService: getCANData() : index(271) / value(1)
07-01 02:52:58.031  1895 17794 I RVC_can : cmsCanRx FuelLevelIndicatedQFHS : 1
07-01 02:52:58.032  1895 17794 E APP     : RVC] cmsCanRx FuelLevelIndicatedQFHS : 1
07-01 02:52:58.032  1896 17796 V RVM_Main: [handlerFunction:283] handlerFunction() timer_id: 13
07-01 02:52:58.033  1896 17796 V RVM_Main: [handlerFunction:388] Warm up timer is expired.
07-01 02:52:58.033  1896 17796 E APP     : [updatePMRestrictSigFromCAN] RVM_CanManager::updatePMRestrictSigFromCAN : [119]
07-01 02:52:58.033  1896 17796 D RVM_Can : [updatePMRestrictSigFromCAN:292] RVM_CanManager::updatePMRestrictSigFromCAN : [119]
07-01 02:52:58.033  1710  1963 V CANManagerService: getCANData() : index(610) / value(0)
07-01 02:52:58.033  1896 17796 V RVM_App : CAN updated [OdometerMasterValue] [0]
07-01 02:52:58.033  1896  1929 D RVM_Main: [alertMessage:1692] AlertMessage
07-01 02:52:58.033  1896  1929 V RVM_Event: [updateStatus:1089] VS_CAN_ODOMETERMASTERVALUE_IDX is invalide value = 0
07-01 02:52:58.033  1710  1963 V CANManagerService: getCANData() : index(609) / value(0)
07-01 02:52:58.034  1896 17796 V RVM_App : CAN updated [ODODisplayedMiles] [0]
07-01 02:52:58.034  1896  1929 D RVM_Main: [alertMessage:1692] AlertMessage
07-01 02:52:58.034  1896  1929 V RVM_Event: [updateStatus:1103] VS_CAN_ODODISPLAYEDMILES_IDX is invalide value = 0
07-01 02:52:58.034  1710  1963 V CANManagerService: getCANData() : index(269) / value(31)
07-01 02:52:58.034  1896 17796 V RVM_App : CAN updated [FuelGaugePosition] [31]
07-01 02:52:58.034  1896  1929 D RVM_Main: [alertMessage:1692] AlertMessage
07-01 02:52:58.035  1896  1929 E RVM_Event: [updateStatus:1036] inValid value VS_CAN_FUELGAUGEPOSITION_IDX= [31]
07-01 02:52:58.035  1710  1963 V CANManagerService: getCANData() : index(157) / value(1023)
07-01 02:52:58.035  1896 17796 V RVM_App : CAN updated [DistanceToEmpty] [1023]
07-01 02:52:58.036  1896  1929 D RVM_Main: [alertMessage:1692] AlertMessage
07-01 02:52:58.036  1896  1929 E APP     : [updateStatus] VS_CAN_DISTANCETOEMPTY_IDX = 1023
07-01 02:52:58.036  1896  1929 D RVM_Event: [updateStatus:1195] VS_CAN_DISTANCETOEMPTY_IDX = 1023
07-01 02:52:58.036  1896  1929 E RVM_Event: [updateStatus:1203] invalide value VS_CAN_DISTANCETOEMPTY_IDX = 1023
07-01 02:52:58.036  1710  1963 V CANManagerService: getCANData() : index(119) / value(0)
07-01 02:52:58.037  1896 17796 V RVM_App : CAN updated [CoolantLevel] [0]
07-01 02:52:58.037  1710  1963 V CANManagerService: getCANData() : index(411) / value(0)
07-01 02:52:58.038  1896  1929 D RVM_Main: [alertMessage:1692] AlertMessage
07-01 02:52:58.038  1896  1929 D RVM_Main: [alertMessage:1726] listCanDataValueCur = 119
07-01 02:52:58.038  1896 17796 V RVM_App : CAN updated [LowFuelLevel] [0]
07-01 02:52:58.038  1896  1929 D RVM_Main: [alertMessage:1727] getRemainingTimeMs = 6065
