12-27 12:25:15.557  1550  1698 V FactoryUtil: onReceive MCU param[x02][x11][x00], buf is NULL
12-27 12:25:15.558  1550  1689 V FactoryUtil: handleMessage FACTORY_IMPL_RES_FR_MCU_EDU param[x01][x11][x00], buf is NULL
12-27 12:25:15.558  1550  1689 V FactoryEdu: procEduResCommand cate[x01], subCate[x00], cmd[x11], cmd2[x00]
12-27 12:25:15.558  1550  1689 V FactoryUtil: Res Buffer  buf is NULL
12-27 12:25:15.558  1550  1689 V FactoryEdu: procEduResCommand cmd not define cate[x01], subCate[x00], cmd[x11], cmd2[x00]
12-27 12:25:15.562   987  1482 I LocationServer: droutput:lat:0.000000,lon:0.000000,alt:0.000000
12-27 12:25:15.981   991  1508 E CommunicationManagerService: KICK DOG(343)
12-27 12:25:16.309   991  1523 E CM_SPI  : MCU->MSM Type[03] Cat[01, 00] Cmd[D0, 00] PayloadLen[0012] Payload[0D 18 00 03 08 54 00 01 00 01 00 01 00 01 00 01 00 01]
12-27 12:25:16.491  1542  1680 I DiagReadDTCHandler: checkFaultSettingCondition[false] PM[0] Vol[12.030000] bubTemp [30]
12-27 12:25:17.759  1542 25631 I DiagManagerService: onWatchDog Kick
12-27 12:25:17.936   977  1572 E SPIClient_can: CL-ISPI_CSPB_OSC
12-27 12:25:17.936   977  1572 E SPIClient_can: RCV CB Single(0), Group(0)
12-27 12:25:17.936   977  1668 E SPIClient_can: MSG_CAN_BUS_STATE
12-27 12:25:17.936   977  1668 E SPIClient_can: CB_2
12-27 12:25:18.002  1539 25660 V DebugManagerServiceImpl: DEBUG_IMPL_KICK_DOG
12-27 12:25:18.161   993  1701 V CTH     : TXhandleMessage TX_TIME_TO_KICK_DOG
12-27 12:25:18.161   993  1700 V CRH     : RX_TIME_TO_KICK_DOG
12-27 12:25:18.162   993  1506 V CANManagerService: perform HeartBeat()
12-27 12:25:18.305   991  1523 E CM_SPI  : MCU->MSM Type[01] Cat[05, DD] Cmd[05, 00] PayloadLen[0006] Payload[00 FE 00 00 00 1E]
12-27 12:25:19.307   991  1523 E CM_SPI  : MCU->MSM Type[03] Cat[01, 00] Cmd[D0, 00] PayloadLen[0012] Payload[0D 18 00 06 08 54 00 00 00 01 00 01 00 01 00 01 00 01]
12-27 12:25:22.310   991  1523 E CM_SPI  : MCU->MSM Type[03] Cat[01, 00] Cmd[D0, 00] PayloadLen[0012] Payload[0D 18 00 08 08 55 00 00 00 01 00 01 00 01 00 01 00 01]
12-27 12:25:22.946   977  1572 E SPIClient_can: CL-ISPI_CSPB_OSC
12-27 12:25:22.946   977  1572 E SPIClient_can: RCV CB Single(0), Group(0)
12-27 12:25:22.946   977  1668 E SPIClient_can: MSG_CAN_BUS_STATE
12-27 12:25:22.946   977  1668 E SPIClient_can: CB_2
12-27 12:25:23.188   991  1523 E CM_SPI  : MCU->MSM Type[01] Cat[05, 22] Cmd[02, 00] PayloadLen[000A] Payload[D9 9E 00 00 00 07 00 00 00 35]
12-27 12:25:23.410   991  1523 E CM_SPI  : MCU->MSM Type[02] Cat[04, 00] Cmd[D1, 00] PayloadLen[0006] Payload[16 0C 1B 0C 19 19]
12-27 12:25:23.410  1550  1698 V FactoryImpl: onReceive MCU type[x2], cate[x4], subcate[x0], cmd[209], cmd2[x0]
12-27 12:25:23.410  1550  1698 V FactoryUtil: onReceive MCU param[x02][xD1][x00], bufSize[6:6]:[x16][x0C][x1B][x0C][x19][x19]...
12-27 12:25:23.411  1550  1689 V FactoryUtil: handleMessage FACTORY_IMPL_RES_FR_MCU_EDU param[x04][xD1][x00], bufSize[6:6]:[x16][x0C][x1B][x0C][x19][x19]...
12-27 12:25:23.411  1550  1689 V FactoryEdu: procEduResCommand cate[x04], subCate[x00], cmd[xD1], cmd2[x00]
12-27 12:25:23.411  1550  1689 V FactoryUtil: Res Buffer  bufSize[6]
12-27 12:25:23.411  1550  1689 V FactoryUtil: [x16][x0C][x1B][x0C][x19][x19]
12-27 12:25:23.411  1550  1689 V FactoryEdu: procEduResCommand cmd not define cate[x04], subCate[x00], cmd[xD1], cmd2[x00]
12-27 12:25:24.903   991  1523 E CM_SPI  : MCU->MSM Type[01] Cat[05, DD] Cmd[05, 00] PayloadLen[0006] Payload[00 FE 00 00 00 1E]
12-27 12:25:25.307   991  1523 E CM_SPI  : MCU->MSM Type[03] Cat[01, 00] Cmd[D0, 00] PayloadLen[0012] Payload[0D 18 00 09 08 53 00 01 00 01 00 01 00 01 00 01 00 01]
12-27 12:25:25.551   991  1523 E CM_SPI  : MSM->MCU Type[01] Cat[01, 00] Cmd[11, 00] PayloadLen[0000]
12-27 12:25:25.561   991  1523 E CM_SPI  : MCU->MSM Type[02] Cat[01, 00] Cmd[11, 00] PayloadLen[0000]
12-27 12:25:25.562  1550  1698 V FactoryImpl: onReceive MCU type[x2], cate[x1], subcate[x0], cmd[17], cmd2[x0]
12-27 12:25:25.562  1550  1698 V FactoryUtil: onReceive MCU param[x02][x11][x00], buf is NULL
12-27 12:25:25.562  1550  1689 V FactoryUtil: handleMessage FACTORY_IMPL_RES_FR_MCU_EDU param[x01][x11][x00], buf is NULL
12-27 12:25:25.562  1550  1689 V FactoryEdu: procEduResCommand cate[x01], subCate[x00], cmd[x11], cmd2[x00]
12-27 12:25:25.562  1550  1689 V FactoryUtil: Res Buffer  buf is NULL
12-27 12:25:25.562  1550  1689 V FactoryEdu: procEduResCommand cmd not define cate[x01], subCate[x00], cmd[x11], cmd2[x00]
12-27 12:25:25.568   987  1482 I LocationServer: droutput:lat:0.000000,lon:0.000000,alt:0.000000
12-27 12:25:25.982   991  1508 E CommunicationManagerService: KICK DOG(344)
12-27 12:25:26.498  1542  1680 I DiagReadDTCHandler: checkFaultSettingCondition[false] PM[0] Vol[12.040000] bubTemp [30]
12-27 12:25:27.759  1542 26839 I DiagManagerService: onWatchDog Kick
12-27 12:25:27.960   977  1572 E SPIClient_can: CL-ISPI_CSPB_OSC
12-27 12:25:27.963   977  1572 E SPIClient_can: RCV CB Single(0), Group(0)
12-27 12:25:27.963   977  1668 E SPIClient_can: MSG_CAN_BUS_STATE
12-27 12:25:27.963   977  1668 E SPIClient_can: CB_2
12-27 12:25:28.004  1539 26867 V DebugManagerServiceImpl: DEBUG_IMPL_KICK_DOG
12-27 12:25:28.161   993  1700 V CRH     : RX_TIME_TO_KICK_DOG
12-27 12:25:28.161   993  1701 V CTH     : TXhandleMessage TX_TIME_TO_KICK_DOG
12-27 12:25:28.161   993  1506 V CANManagerService: perform HeartBeat()
12-27 12:25:28.309   991  1523 E CM_SPI  : MCU->MSM Type[03] Cat[01, 00] Cmd[D0, 00] PayloadLen[0012] Payload[0D 19 00 0A 08 54 00 00 00 01 00 01 00 01 00 01 00 01]
12-27 12:25:31.309   991  1523 E CM_SPI  : MCU->MSM Type[03] Cat[01, 00] Cmd[D0, 00] PayloadLen[0012] Payload[0D 19 00 09 08 54 00 00 00 01 00 01 00 01 00 01 00 02]
12-27 12:25:31.503   991  1523 E CM_SPI  : MCU->MSM Type[01] Cat[05, DD] Cmd[05, 00] PayloadLen[0006] Payload[00 FE 00 00 00 1E]
12-27 12:25:32.966   977  1572 E SPIClient_can: CL-ISPI_CSPB_OSC
12-27 12:25:32.966   977  1572 E SPIClient_can: RCV CB Single(0), Group(0)
12-27 12:25:32.966   977  1668 E SPIClient_can: MSG_CAN_BUS_STATE
12-27 12:25:32.966   977  1668 E SPIClient_can: CB_2
12-27 12:25:33.178   991  1523 E CM_SPI  : MCU->MSM Type[01] Cat[05, 22] Cmd[02, 00] PayloadLen[000A] Payload[D9 9E 00 00 00 11 00 00 00 2B]
12-27 12:25:34.007   991  1523 E CM_SPI  : MCU->MSM Type[02] Cat[04, 00] Cmd[D1, 00] PayloadLen[0006] Payload[16 0C 1B 0C 19 23]
12-27 12:25:34.008  1550  1698 V FactoryImpl: onReceive MCU type[x2], cate[x4], subcate[x0], cmd[209], cmd2[x0]
12-27 12:25:34.008  1550  1698 V FactoryUtil: onReceive MCU param[x02][xD1][x00], bufSize[6:6]:[x16][x0C][x1B][x0C][x19][x23]...
12-27 12:25:34.008  1550  1689 V FactoryUtil: handleMessage FACTORY_IMPL_RES_FR_MCU_EDU param[x04][xD1][x00], bufSize[6:6]:[x16][x0C][x1B][x0C][x19][x23]...
12-27 12:25:34.008  1550  1689 V FactoryEdu: procEduResCommand cate[x04], subCate[x00], cmd[xD1], cmd2[x00]
12-27 12:25:34.008  1550  1689 V FactoryUtil: Res Buffer  bufSize[6]
12-27 12:25:34.008  1550  1689 V FactoryUtil: [x16][x0C][x1B][x0C][x19][x23]
12-27 12:25:34.008  1550  1689 V FactoryEdu: procEduResCommand cmd not define cate[x04], subCate[x00], cmd[xD1], cmd2[x00]
12-27 12:25:34.310   991  1523 E CM_SPI  : MCU->MSM Type[03] Cat[01, 00] Cmd[D0, 00] PayloadLen[0012] Payload[0D 18 00 0A 08 53 00 00 00 01 00 01 00 01 00 01 00 01]
12-27 12:25:35.553   991  1523 E CM_SPI  : MSM->MCU Type[01] Cat[01, 00] Cmd[11, 00] PayloadLen[0000]
12-27 12:25:35.561   991  1523 E CM_SPI  : MCU->MSM Type[02] Cat[01, 00] Cmd[11, 00] PayloadLen[0000]
12-27 12:25:35.561  1550  1698 V FactoryImpl: onReceive MCU type[x2], cate[x1], subcate[x0], cmd[17], cmd2[x0]
12-27 12:25:35.561  1550  1698 V FactoryUtil: onReceive MCU param[x02][x11][x00], buf is NULL
12-27 12:25:35.561  1550  1689 V FactoryUtil: handleMessage FACTORY_IMPL_RES_FR_MCU_EDU param[x01][x11][x00], buf is NULL
12-27 12:25:35.561  1550  1689 V FactoryEdu: procEduResCommand cate[x01], subCate[x00], cmd[x11], cmd2[x00]
12-27 12:25:35.561  1550  1689 V FactoryUtil: Res Buffer  buf is NULL
12-27 12:25:35.562  1550  1689 V FactoryEdu: procEduResCommand cmd not define cate[x01], subCate[x00], cmd[x11], cmd2[x00]
12-27 12:25:35.563   987  1482 I LocationServer: droutput:lat:0.000000,lon:0.000000,alt:0.000000
12-27 12:25:35.981   991  1508 E CommunicationManagerService: KICK DOG(345)
12-27 12:25:36.499  1542  1680 I DiagReadDTCHandler: checkFaultSettingCondition[false] PM[0] Vol[12.050000] bubTemp [30]
12-27 12:25:37.308   991  1523 E CM_SPI  : MCU->MSM Type[03] Cat[01, 00] Cmd[D0, 00] PayloadLen[0012] Payload[0D 1A 00 09 08 54 00 00 00 01 00 01 00 01 00 01 00 01]
12-27 12:25:37.759  1542 28011 I DiagManagerService: onWatchDog Kick
12-27 12:25:37.976   977  1572 E SPIClient_can: CL-ISPI_CSPB_OSC
12-27 12:25:37.976   977  1572 E SPIClient_can: RCV CB Single(0), Group(0)
12-27 12:25:37.976   977  1668 E SPIClient_can: MSG_CAN_BUS_STATE
12-27 12:25:37.976   977  1668 E SPIClient_can: CB_2
12-27 12:25:38.002  1539 28040 V DebugManagerServiceImpl: DEBUG_IMPL_KICK_DOG
12-27 12:25:38.104   991  1523 E CM_SPI  : MCU->MSM Type[01] Cat[05, DD] Cmd[05, 00] PayloadLen[0006] Payload[00 FE 00 00 00 1E]
12-27 12:25:38.162   993  1701 V CTH     : TXhandleMessage TX_TIME_TO_KICK_DOG
12-27 12:25:38.162   993  1700 V CRH     : RX_TIME_TO_KICK_DOG
12-27 12:25:38.162   993  1506 V CANManagerService: perform HeartBeat()
12-27 12:25:40.308   991  1523 E CM_SPI  : MCU->MSM Type[03] Cat[01, 00] Cmd[D0, 00] PayloadLen[0012] Payload[0D 19 00 09 08 54 00 00 00 02 00 01 00 01 00 01 00 01]
12-27 12:25:42.986   977  1572 E SPIClient_can: CL-ISPI_CSPB_OSC
12-27 12:25:42.986   977  1572 E SPIClient_can: RCV CB Single(0), Group(0)
12-27 12:25:42.986   977  1668 E SPIClient_can: MSG_CAN_BUS_STATE
12-27 12:25:42.986   977  1668 E SPIClient_can: CB_2
12-27 12:25:43.177   991  1523 E CM_SPI  : MCU->MSM Type[01] Cat[05, 22] Cmd[02, 00] PayloadLen[000A] Payload[D9 9E 00 00 00 1B 00 00 00 21]
12-27 12:25:43.307   991  1523 E CM_SPI  : MCU->MSM Type[03] Cat[01, 00] Cmd[D0, 00] PayloadLen[0012] Payload[0D 18 00 09 08 54 00 01 00 01 00 01 00 01 00 01 00 01]
12-27 12:25:44.605   991  1523 E CM_SPI  : MCU->MSM Type[02] Cat[04, 00] Cmd[D1, 00] PayloadLen[0006] Payload[16 0C 1B 0C 19 2E]
12-27 12:25:44.609  1550  1698 V FactoryImpl: onReceive MCU type[x2], cate[x4], subcate[x0], cmd[209], cmd2[x0]
12-27 12:25:44.609  1550  1698 V FactoryUtil: onReceive MCU param[x02][xD1][x00], bufSize[6:6]:[x16][x0C][x1B][x0C][x19][x2E]...
12-27 12:25:44.610  1550  1689 V FactoryUtil: handleMessage FACTORY_IMPL_RES_FR_MCU_EDU param[x04][xD1][x00], bufSize[6:6]:[x16][x0C][x1B][x0C][x19][x2E]...
12-27 12:25:44.610  1550  1689 V FactoryEdu: procEduResCommand cate[x04], subCate[x00], cmd[xD1], cmd2[x00]
12-27 12:25:44.610  1550  1689 V FactoryUtil: Res Buffer  bufSize[6]
12-27 12:25:44.610  1550  1689 V FactoryUtil: [x16][x0C][x1B][x0C][x19][x2E]
12-27 12:25:44.610  1550  1689 V FactoryEdu: procEduResCommand cmd not define cate[x04], subCate[x00], cmd[xD1], cmd2[x00]
12-27 12:25:44.704   991  1523 E CM_SPI  : MCU->MSM Type[01] Cat[05, DD] Cmd[05, 00] PayloadLen[0006] Payload[00 FE 00 00 00 1E]
12-27 12:25:45.557   991  1523 E CM_SPI  : MSM->MCU Type[01] Cat[01, 00] Cmd[11, 00] PayloadLen[0000]
12-27 12:25:45.565   991  1523 E CM_SPI  : MCU->MSM Type[02] Cat[01, 00] Cmd[11, 00] PayloadLen[0000]
12-27 12:25:45.566   987  1482 I LocationServer: droutput:lat:0.000000,lon:0.000000,alt:0.000000
12-27 12:25:45.566  1550  1698 V FactoryImpl: onReceive MCU type[x2], cate[x1], subcate[x0], cmd[17], cmd2[x0]
12-27 12:25:45.566  1550  1698 V FactoryUtil: onReceive MCU param[x02][x11][x00], buf is NULL
12-27 12:25:45.566  1550  1689 V FactoryUtil: handleMessage FACTORY_IMPL_RES_FR_MCU_EDU param[x01][x11][x00], buf is NULL
12-27 12:25:45.566  1550  1689 V FactoryEdu: procEduResCommand cate[x01], subCate[x00], cmd[x11], cmd2[x00]
12-27 12:25:45.566  1550  1689 V FactoryUtil: Res Buffer  buf is NULL
12-27 12:25:45.566  1550  1689 V FactoryEdu: procEduResCommand cmd not define cate[x01], subCate[x00], cmd[x11], cmd2[x00]
12-27 12:25:45.982   991  1508 E CommunicationManagerService: KICK DOG(346)
12-27 12:25:46.309   991  1523 E CM_SPI  : MCU->MSM Type[03] Cat[01, 00] Cmd[D0, 00] PayloadLen[0012] Payload[0D 18 00 09 08 54 00 00 00 01 00 01 00 01 00 01 00 01]
12-27 12:25:46.500  1542  1680 I DiagReadDTCHandler: checkFaultSettingCondition[false] PM[0] Vol[12.040000] bubTemp [30]
12-27 12:25:47.759  1542 29185 I DiagManagerService: onWatchDog Kick
12-27 12:25:47.996   977  1572 E SPIClient_can: CL-ISPI_CSPB_OSC
12-27 12:25:47.996   977  1572 E SPIClient_can: RCV CB Single(0), Group(0)
12-27 12:25:47.996   977  1668 E SPIClient_can: MSG_CAN_BUS_STATE
12-27 12:25:47.996   977  1668 E SPIClient_can: CB_2
12-27 12:25:48.002  1539 29213 V DebugManagerServiceImpl: DEBUG_IMPL_KICK_DOG
12-27 12:25:48.162   993  1700 V CRH     : RX_TIME_TO_KICK_DOG
12-27 12:25:48.162   993  1701 V CTH     : TXhandleMessage TX_TIME_TO_KICK_DOG
12-27 12:25:48.162   993  1506 V CANManagerService: perform HeartBeat()
12-27 12:25:49.307   991  1523 E CM_SPI  : MCU->MSM Type[03] Cat[01, 00] Cmd[D0, 00] PayloadLen[0012] Payload[0D 18 00 09 08 53 00 00 00 01 00 01 00 01 00 01 00 02]
12-27 12:25:51.302   991  1523 E CM_SPI  : MCU->MSM Type[01] Cat[05, DD] Cmd[05, 00] PayloadLen[0006] Payload[00 FE 00 00 00 1E]
12-27 12:25:52.308   991  1523 E CM_SPI  : MCU->MSM Type[03] Cat[01, 00] Cmd[D0, 00] PayloadLen[0012] Payload[0D 1A 00 08 08 54 00 00 00 01 00 01 00 01 00 01 00 01]
12-27 12:25:53.006   977  1572 E SPIClient_can: CL-ISPI_CSPB_OSC
12-27 12:25:53.006   977  1572 E SPIClient_can: RCV CB Single(0), Group(0)
12-27 12:25:53.006   977  1668 E SPIClient_can: MSG_CAN_BUS_STATE
12-27 12:25:53.006   977  1668 E SPIClient_can: CB_2
12-27 12:25:53.177   991  1523 E CM_SPI  : MCU->MSM Type[01] Cat[05, 22] Cmd[02, 00] PayloadLen[000A] Payload[D9 9E 00 00 00 25 00 00 00 17]
12-27 12:25:55.207   991  1523 E CM_SPI  : MCU->MSM Type[02] Cat[04, 00] Cmd[D1, 00] PayloadLen[0006] Payload[16 0C 1B 0C 19 38]
12-27 12:25:55.208  1550  1698 V FactoryImpl: onReceive MCU type[x2], cate[x4], subcate[x0], cmd[209], cmd2[x0]
12-27 12:25:55.208  1550  1698 V FactoryUtil: onReceive MCU param[x02][xD1][x00], bufSize[6:6]:[x16][x0C][x1B][x0C][x19][x38]...
12-27 12:25:55.208  1550  1689 V FactoryUtil: handleMessage FACTORY_IMPL_RES_FR_MCU_EDU param[x04][xD1][x00], bufSize[6:6]:[x16][x0C][x1B][x0C][x19][x38]...
12-27 12:25:55.208  1550  1689 V FactoryEdu: procEduResCommand cate[x04], subCate[x00], cmd[xD1], cmd2[x00]
12-27 12:25:55.208  1550  1689 V FactoryUtil: Res Buffer  bufSize[6]
12-27 12:25:55.208  1550  1689 V FactoryUtil: [x16][x0C][x1B][x0C][x19][x38]
12-27 12:25:55.208  1550  1689 V FactoryEdu: procEduResCommand cmd not define cate[x04], subCate[x00], cmd[xD1], cmd2[x00]
12-27 12:25:55.307   991  1523 E CM_SPI  : MCU->MSM Type[03] Cat[01, 00] Cmd[D0, 00] PayloadLen[0012] Payload[0D 18 00 08 08 53 00 00 00 01 00 01 00 01 00 01 00 01]
12-27 12:25:55.558   991  1523 E CM_SPI  : MSM->MCU Type[01] Cat[01, 00] Cmd[11, 00] PayloadLen[0000]
12-27 12:25:55.563   987  1482 I LocationServer: droutput:lat:0.000000,lon:0.000000,alt:0.000000
12-27 12:25:55.565   991  1523 E CM_SPI  : MCU->MSM Type[02] Cat[01, 00] Cmd[11, 00] PayloadLen[0000]
12-27 12:25:55.566  1550  1698 V FactoryImpl: onReceive MCU type[x2], cate[x1], subcate[x0], cmd[17], cmd2[x0]
12-27 12:25:55.566  1550  1698 V FactoryUtil: onReceive MCU param[x02][x11][x00], buf is NULL
12-27 12:25:55.568  1550  1689 V FactoryUtil: handleMessage FACTORY_IMPL_RES_FR_MCU_EDU param[x01][x11][x00], buf is NULL
12-27 12:25:55.568  1550  1689 V FactoryEdu: procEduResCommand cate[x01], subCate[x00], cmd[x11], cmd2[x00]
12-27 12:25:55.568  1550  1689 V FactoryUtil: Res Buffer  buf is NULL
12-27 12:25:55.568  1550  1689 V FactoryEdu: procEduResCommand cmd not define cate[x01], subCate[x00], cmd[x11], cmd2[x00]
12-27 12:25:55.981   991  1508 E CommunicationManagerService: KICK DOG(347)
12-27 12:25:56.503  1542  1680 I DiagReadDTCHandler: checkFaultSettingCondition[false] PM[0] Vol[11.930000] bubTemp [30]
12-27 12:25:57.759  1542 30355 I DiagManagerService: onWatchDog Kick
12-27 12:25:57.904   991  1523 E CM_SPI  : MCU->MSM Type[01] Cat[05, DD] Cmd[05, 00] PayloadLen[0006] Payload[00 FE 00 00 00 1E]
12-27 12:25:58.002  1539 30384 V DebugManagerServiceImpl: DEBUG_IMPL_KICK_DOG
12-27 12:25:58.017   977  1572 E SPIClient_can: CL-ISPI_CSPB_OSC
12-27 12:25:58.017   977  1572 E SPIClient_can: RCV CB Single(0), Group(0)
12-27 12:25:58.017   977  1668 E SPIClient_can: MSG_CAN_BUS_STATE
12-27 12:25:58.017   977  1668 E SPIClient_can: CB_2
12-27 12:25:58.161   993  1700 V CRH     : RX_TIME_TO_KICK_DOG
12-27 12:25:58.162   993  1506 V CANManagerService: perform HeartBeat()
12-27 12:25:58.162   993  1701 V CTH     : TXhandleMessage TX_TIME_TO_KICK_DOG
12-27 12:25:58.309   991  1523 E CM_SPI  : MCU->MSM Type[03] Cat[01, 00] Cmd[D0, 00] PayloadLen[0012] Payload[0D 19 00 08 08 53 00 01 00 01 00 01 00 01 00 01 00 01]
12-27 12:26:01.307   991  1523 E CM_SPI  : MCU->MSM Type[03] Cat[01, 00] Cmd[D0, 00] PayloadLen[0012] Payload[0D 18 00 08 08 53 00 01 00 01 00 01 00 01 00 01 00 01]
12-27 12:26:03.026   977  1572 E SPIClient_can: CL-ISPI_CSPB_OSC
12-27 12:26:03.026   977  1572 E SPIClient_can: RCV CB Single(0), Group(0)
12-27 12:26:03.029   977  1668 E SPIClient_can: MSG_CAN_BUS_STATE
12-27 12:26:03.029   977  1668 E SPIClient_can: CB_2
12-27 12:26:03.177   991  1523 E CM_SPI  : MCU->MSM Type[01] Cat[05, 22] Cmd[02, 00] PayloadLen[000A] Payload[D9 9E 00 00 00 2F 00 00 00 0D]
12-27 12:26:04.309   991  1523 E CM_SPI  : MCU->MSM Type[03] Cat[01, 00] Cmd[D0, 00] PayloadLen[0012] Payload[0D 18 00 08 08 53 00 00 00 01 00 01 00 01 00 01 00 02]
12-27 12:26:04.503   991  1523 E CM_SPI  : MCU->MSM Type[01] Cat[05, DD] Cmd[05, 00] PayloadLen[0006] Payload[00 FE 00 00 00 1E]
12-27 12:26:05.561   991  1523 E CM_SPI  : MSM->MCU Type[01] Cat[01, 00] Cmd[11, 00] PayloadLen[0000]
12-27 12:26:05.563   987  1482 I LocationServer: droutput:lat:0.000000,lon:0.000000,alt:0.000000
12-27 12:26:05.806   991  1523 E CM_SPI  : MCU->MSM Type[02] Cat[04, 00] Cmd[D1, 00] PayloadLen[0006] Payload[16 0C 1B 0C 1A 07]
12-27 12:26:05.807  1550  1698 V FactoryImpl: onReceive MCU type[x2], cate[x4], subcate[x0], cmd[209], cmd2[x0]
12-27 12:26:05.807  1550  1698 V FactoryUtil: onReceive MCU param[x02][xD1][x00], bufSize[6:6]:[x16][x0C][x1B][x0C][x1A][x07]...
12-27 12:26:05.807  1550  1689 V FactoryUtil: handleMessage FACTORY_IMPL_RES_FR_MCU_EDU param[x04][xD1][x00], bufSize[6:6]:[x16][x0C][x1B][x0C][x1A][x07]...
12-27 12:26:05.807  1550  1689 V FactoryEdu: procEduResCommand cate[x04], subCate[x00], cmd[xD1], cmd2[x00]
12-27 12:26:05.807  1550  1689 V FactoryUtil: Res Buffer  bufSize[6]
12-27 12:26:05.807  1550  1689 V FactoryUtil: [x16][x0C][x1B][x0C][x1A][x07]
12-27 12:26:05.807  1550  1689 V FactoryEdu: procEduResCommand cmd not define cate[x04], subCate[x00], cmd[xD1], cmd2[x00]
12-27 12:26:05.811   991  1523 E CM_SPI  : MCU->MSM Type[02] Cat[01, 00] Cmd[11, 00] PayloadLen[0000]
12-27 12:26:05.811  1550  1698 V FactoryImpl: onReceive MCU type[x2], cate[x1], subcate[x0], cmd[17], cmd2[x0]
12-27 12:26:05.811  1550  1698 V FactoryUtil: onReceive MCU param[x02][x11][x00], buf is NULL
12-27 12:26:05.811  1550  1689 V FactoryUtil: handleMessage FACTORY_IMPL_RES_FR_MCU_EDU param[x01][x11][x00], buf is NULL
12-27 12:26:05.811  1550  1689 V FactoryEdu: procEduResCommand cate[x01], subCate[x00], cmd[x11], cmd2[x00]
12-27 12:26:05.811  1550  1689 V FactoryUtil: Res Buffer  buf is NULL
12-27 12:26:05.811  1550  1689 V FactoryEdu: procEduResCommand cmd not define cate[x01], subCate[x00], cmd[x11], cmd2[x00]
12-27 12:26:05.981   991  1508 E CommunicationManagerService: KICK DOG(348)
12-27 12:26:06.505  1542  1680 I DiagReadDTCHandler: checkFaultSettingCondition[false] PM[0] Vol[11.890000] bubTemp [30]
12-27 12:26:07.307   991  1523 E CM_SPI  : MCU->MSM Type[03] Cat[01, 00] Cmd[D0, 00] PayloadLen[0012] Payload[0D 17 00 08 08 54 00 00 00 01 00 01 00 01 00 01 00 01]
12-27 12:26:07.759  1542 31527 I DiagManagerService: onWatchDog Kick
12-27 12:26:08.002  1539 31556 V DebugManagerServiceImpl: DEBUG_IMPL_KICK_DOG
12-27 12:26:08.037   977  1572 E SPIClient_can: CL-ISPI_CSPB_OSC
12-27 12:26:08.037   977  1572 E SPIClient_can: RCV CB Single(0), Group(0)
12-27 12:26:08.037   977  1668 E SPIClient_can: MSG_CAN_BUS_STATE
12-27 12:26:08.037   977  1668 E SPIClient_can: CB_2
12-27 12:26:08.161   993  1701 V CTH     : TXhandleMessage TX_TIME_TO_KICK_DOG
12-27 12:26:08.161   993  1700 V CRH     : RX_TIME_TO_KICK_DOG
12-27 12:26:08.161   993  1506 V CANManagerService: perform HeartBeat()
12-27 12:26:08.172  1647  1699 E NetworkManagerService: rmnet_data0 | inbps=0 inpps=0 outbps=0 outpps=0
12-27 12:26:08.172  1647  1699 E NetworkManagerService: rmnet_data1 | inbps=0 inpps=0 outbps=0 outpps=0
12-27 12:26:10.309   991  1523 E CM_SPI  : MCU->MSM Type[03] Cat[01, 00] Cmd[D0, 00] PayloadLen[0012] Payload[0D 1A 00 07 08 54 00 00 00 01 00 01 00 01 00 01 00 01]
12-27 12:26:11.103   991  1523 E CM_SPI  : MCU->MSM Type[01] Cat[05, DD] Cmd[05, 00] PayloadLen[0006] Payload[00 FE 00 00 00 1E]
12-27 12:26:13.046   977  1572 E SPIClient_can: CL-ISPI_CSPB_OSC
12-27 12:26:13.046   977  1572 E SPIClient_can: RCV CB Single(0), Group(0)
12-27 12:26:13.046   977  1668 E SPIClient_can: MSG_CAN_BUS_STATE
12-27 12:26:13.046   977  1668 E SPIClient_can: CB_2
12-27 12:26:13.189   991  1523 E CM_SPI  : MCU->MSM Type[01] Cat[05, 22] Cmd[02, 00] PayloadLen[000A] Payload[D9 9E 00 00 00 39 00 00 00 03]
12-27 12:26:13.309   991  1523 E CM_SPI  : MCU->MSM Type[03] Cat[01, 00] Cmd[D0, 00] PayloadLen[0012] Payload[0D 18 00 08 08 54 00 00 00 01 00 01 00 01 00 01 00 01]
12-27 12:26:15.562   987  1482 I LocationServer: droutput:lat:0.000000,lon:0.000000,alt:0.000000
12-27 12:26:15.564   991  1523 E CM_SPI  : MSM->MCU Type[01] Cat[01, 00] Cmd[11, 00] PayloadLen[0000]
12-27 12:26:15.571   991  1523 E CM_SPI  : MCU->MSM Type[02] Cat[01, 00] Cmd[11, 00] PayloadLen[0000]
12-27 12:26:15.572  1550  1698 V FactoryImpl: onReceive MCU type[x2], cate[x1], subcate[x0], cmd[17], cmd2[x0]
12-27 12:26:15.572  1550  1698 V FactoryUtil: onReceive MCU param[x02][x11][x00], buf is NULL
12-27 12:26:15.572  1550  1689 V FactoryUtil: handleMessage FACTORY_IMPL_RES_FR_MCU_EDU param[x01][x11][x00], buf is NULL
12-27 12:26:15.572  1550  1689 V FactoryEdu: procEduResCommand cate[x01], subCate[x00], cmd[x11], cmd2[x00]
12-27 12:26:15.572  1550  1689 V FactoryUtil: Res Buffer  buf is NULL
12-27 12:26:15.572  1550  1689 V FactoryEdu: procEduResCommand cmd not define cate[x01], subCate[x00], cmd[x11], cmd2[x00]
12-27 12:26:15.981   991  1508 E CommunicationManagerService: KICK DOG(349)
12-27 12:26:16.309   991  1523 E CM_SPI  : MCU->MSM Type[03] Cat[01, 00] Cmd[D0, 00] PayloadLen[0012] Payload[0D 18 00 08 08 54 00 01 00 01 00 01 00 01 00 01 00 01]
12-27 12:26:16.406   991  1523 E CM_SPI  : MCU->MSM Type[02] Cat[04, 00] Cmd[D1, 00] PayloadLen[0006] Payload[16 0C 1B 0C 1A 12]
12-27 12:26:16.406  1550  1698 V FactoryImpl: onReceive MCU type[x2], cate[x4], subcate[x0], cmd[209], cmd2[x0]
12-27 12:26:16.406  1550  1698 V FactoryUtil: onReceive MCU param[x02][xD1][x00], bufSize[6:6]:[x16][x0C][x1B][x0C][x1A][x12]...
12-27 12:26:16.407  1550  1689 V FactoryUtil: handleMessage FACTORY_IMPL_RES_FR_MCU_EDU param[x04][xD1][x00], bufSize[6:6]:[x16][x0C][x1B][x0C][x1A][x12]...
12-27 12:26:16.407  1550  1689 V FactoryEdu: procEduResCommand cate[x04], subCate[x00], cmd[xD1], cmd2[x00]
12-27 12:26:16.407  1550  1689 V FactoryUtil: Res Buffer  bufSize[6]
12-27 12:26:16.407  1550  1689 V FactoryUtil: [x16][x0C][x1B][x0C][x1A][x12]
12-27 12:26:16.407  1550  1689 V FactoryEdu: procEduResCommand cmd not define cate[x04], subCate[x00], cmd[xD1], cmd2[x00]
12-27 12:26:16.506  1542  1680 I DiagReadDTCHandler: checkFaultSettingCondition[false] PM[0] Vol[12.020000] bubTemp [30]
12-27 12:26:17.703   991  1523 E CM_SPI  : MCU->MSM Type[01] Cat[05, DD] Cmd[05, 00] PayloadLen[0006] Payload[00 FE 00 00 00 1E]
12-27 12:26:17.759  1542 32704 I DiagManagerService: onWatchDog Kick
12-27 12:26:18.004  1539 32733 V DebugManagerServiceImpl: DEBUG_IMPL_KICK_DOG
12-27 12:26:18.056   977  1572 E SPIClient_can: CL-ISPI_CSPB_OSC
12-27 12:26:18.056   977  1572 E SPIClient_can: RCV CB Single(0), Group(0)
12-27 12:26:18.056   977  1668 E SPIClient_can: MSG_CAN_BUS_STATE
12-27 12:26:18.056   977  1668 E SPIClient_can: CB_2
12-27 12:26:18.161   993  1700 V CRH     : RX_TIME_TO_KICK_DOG
12-27 12:26:18.161   993  1506 V CANManagerService: perform HeartBeat()
12-27 12:26:18.162   993  1701 V CTH     : TXhandleMessage TX_TIME_TO_KICK_DOG
12-27 12:26:18.707   991  1523 E CM_SPI  : MCU->MSM Type[01] Cat[35, 00] Cmd[02, 00] PayloadLen[0021] Payload[42 55 42 20 44 54 43 33 3A 20 4F 50 45 4E 3A 31 20 53 79 73 48 57 3D 45 30 20 43 3A 32 39 20 31 0A]
12-27 12:26:18.708  1529  1558 E MCU     : BUB DTC3: OPEN:1 SysHW=E0 C:29 1
12-27 12:26:19.307   991  1523 E CM_SPI  : MCU->MSM Type[03] Cat[01, 00] Cmd[D0, 00] PayloadLen[0012] Payload[0D 19 00 01 08 54 00 00 00 01 00 01 00 01 00 01 00 01]
12-27 12:26:22.308   991  1523 E CM_SPI  : MCU->MSM Type[03] Cat[01, 00] Cmd[D0, 00] PayloadLen[0012] Payload[0D 18 00 05 08 54 00 00 00 01 00 01 00 01 00 01 00 01]
12-27 12:26:23.066   977  1572 E SPIClient_can: CL-ISPI_CSPB_OSC
12-27 12:26:23.066   977  1572 E SPIClient_can: RCV CB Single(0), Group(0)
12-27 12:26:23.066   977  1668 E SPIClient_can: MSG_CAN_BUS_STATE
12-27 12:26:23.066   977  1668 E SPIClient_can: CB_2
12-27 12:26:23.177   991  1523 E CM_SPI  : MCU->MSM Type[01] Cat[05, 22] Cmd[02, 00] PayloadLen[000A] Payload[D9 9E 00 00 00 03 00 00 00 39]
12-27 12:26:24.308   991  1523 E CM_SPI  : MCU->MSM Type[01] Cat[05, DD] Cmd[05, 00] PayloadLen[0006] Payload[00 FE 00 00 00 1E]
12-27 12:26:25.307   991  1523 E CM_SPI  : MCU->MSM Type[03] Cat[01, 00] Cmd[D0, 00] PayloadLen[0012] Payload[0D 18 00 06 08 54 00 00 00 01 00 01 00 01 00 01 00 02]
12-27 12:26:25.561   987  1482 I LocationServer: droutput:lat:0.000000,lon:0.000000,alt:0.000000
12-27 12:26:25.565   991  1523 E CM_SPI  : MSM->MCU Type[01] Cat[01, 00] Cmd[11, 00] PayloadLen[0000]
12-27 12:26:25.575   991  1523 E CM_SPI  : MCU->MSM Type[02] Cat[01, 00] Cmd[11, 00] PayloadLen[0000]
12-27 12:26:25.575  1550  1698 V FactoryImpl: onReceive MCU type[x2], cate[x1], subcate[x0], cmd[17], cmd2[x0]
12-27 12:26:25.575  1550  1698 V FactoryUtil: onReceive MCU param[x02][x11][x00], buf is NULL
12-27 12:26:25.575  1550  1689 V FactoryUtil: handleMessage FACTORY_IMPL_RES_FR_MCU_EDU param[x01][x11][x00], buf is NULL
12-27 12:26:25.575  1550  1689 V FactoryEdu: procEduResCommand cate[x01], subCate[x00], cmd[x11], cmd2[x00]
12-27 12:26:25.575  1550  1689 V FactoryUtil: Res Buffer  buf is NULL
12-27 12:26:25.575  1550  1689 V FactoryEdu: procEduResCommand cmd not define cate[x01], subCate[x00], cmd[x11], cmd2[x00]
12-27 12:26:25.981   991  1508 E CommunicationManagerService: KICK DOG(350)
12-27 12:26:26.508  1542  1680 I DiagReadDTCHandler: checkFaultSettingCondition[false] PM[0] Vol[12.000000] bubTemp [30]
12-27 12:26:27.005   991  1523 E CM_SPI  : MCU->MSM Type[02] Cat[04, 00] Cmd[D1, 00] PayloadLen[0006] Payload[16 0C 1B 0C 1A 1C]
12-27 12:26:27.006  1550  1698 V FactoryImpl: onReceive MCU type[x2], cate[x4], subcate[x0], cmd[209], cmd2[x0]
12-27 12:26:27.006  1550  1698 V FactoryUtil: onReceive MCU param[x02][xD1][x00], bufSize[6:6]:[x16][x0C][x1B][x0C][x1A][x1C]...
12-27 12:26:27.006  1550  1689 V FactoryUtil: handleMessage FACTORY_IMPL_RES_FR_MCU_EDU param[x04][xD1][x00], bufSize[6:6]:[x16][x0C][x1B][x0C][x1A][x1C]...
12-27 12:26:27.006  1550  1689 V FactoryEdu: procEduResCommand cate[x04], subCate[x00], cmd[xD1], cmd2[x00]
12-27 12:26:27.006  1550  1689 V FactoryUtil: Res Buffer  bufSize[6]
12-27 12:26:27.006  1550  1689 V FactoryUtil: [x16][x0C][x1B][x0C][x1A][x1C]
12-27 12:26:27.006  1550  1689 V FactoryEdu: procEduResCommand cmd not define cate[x04], subCate[x00], cmd[xD1], cmd2[x00]
12-27 12:26:27.760  1542  2420 I DiagManagerService: onWatchDog Kick
12-27 12:26:28.002  1539  2449 V DebugManagerServiceImpl: DEBUG_IMPL_KICK_DOG
12-27 12:26:28.075   977  1572 E SPIClient_can: CL-ISPI_CSPB_OSC
12-27 12:26:28.076   977  1572 E SPIClient_can: RCV CB Single(0), Group(0)
12-27 12:26:28.077   977  1668 E SPIClient_can: MSG_CAN_BUS_STATE
12-27 12:26:28.077   977  1668 E SPIClient_can: CB_2
12-27 12:26:28.161   993  1700 V CRH     : RX_TIME_TO_KICK_DOG
12-27 12:26:28.162   993  1701 V CTH     : TXhandleMessage TX_TIME_TO_KICK_DOG
12-27 12:26:28.162   993  1506 V CANManagerService: perform HeartBeat()
12-27 12:26:28.309   991  1523 E CM_SPI  : MCU->MSM Type[03] Cat[01, 00] Cmd[D0, 00] PayloadLen[0012] Payload[0D 18 00 09 08 54 00 00 00 01 00 01 00 01 00 01 00 01]
12-27 12:26:30.911   991  1523 E CM_SPI  : MCU->MSM Type[01] Cat[05, DD] Cmd[05, 00] PayloadLen[0006] Payload[00 FE 00 00 00 1E]
12-27 12:26:31.307   991  1523 E CM_SPI  : MCU->MSM Type[03] Cat[01, 00] Cmd[D0, 00] PayloadLen[0012] Payload[0D 19 00 08 08 54 00 00 00 01 00 01 00 01 00 01 00 01]
12-27 12:26:33.086   977  1572 E SPIClient_can: CL-ISPI_CSPB_OSC
12-27 12:26:33.086   977  1572 E SPIClient_can: RCV CB Single(0), Group(0)
12-27 12:26:33.086   977  1668 E SPIClient_can: MSG_CAN_BUS_STATE
12-27 12:26:33.086   977  1668 E SPIClient_can: CB_2
12-27 12:26:33.179   991  1523 E CM_SPI  : MCU->MSM Type[01] Cat[05, 22] Cmd[02, 00] PayloadLen[000A] Payload[D9 9E 00 00 00 0D 00 00 00 2F]
12-27 12:26:34.309   991  1523 E CM_SPI  : MCU->MSM Type[03] Cat[01, 00] Cmd[D0, 00] PayloadLen[0012] Payload[0D 18 00 0A 08 54 00 00 00 01 00 01 00 01 00 01 00 01]
12-27 12:26:35.561   987  1482 I LocationServer: droutput:lat:0.000000,lon:0.000000,alt:0.000000
12-27 12:26:35.567   991  1523 E CM_SPI  : MSM->MCU Type[01] Cat[01, 00] Cmd[11, 00] PayloadLen[0000]
12-27 12:26:35.575   991  1523 E CM_SPI  : MCU->MSM Type[02] Cat[01, 00] Cmd[11, 00] PayloadLen[0000]
12-27 12:26:35.575  1550  1698 V FactoryImpl: onReceive MCU type[x2], cate[x1], subcate[x0], cmd[17], cmd2[x0]
12-27 12:26:35.575  1550  1698 V FactoryUtil: onReceive MCU param[x02][x11][x00], buf is NULL
12-27 12:26:35.575  1550  1689 V FactoryUtil: handleMessage FACTORY_IMPL_RES_FR_MCU_EDU param[x01][x11][x00], buf is NULL
12-27 12:26:35.575  1550  1689 V FactoryEdu: procEduResCommand cate[x01], subCate[x00], cmd[x11], cmd2[x00]
12-27 12:26:35.575  1550  1689 V FactoryUtil: Res Buffer  buf is NULL
12-27 12:26:35.575  1550  1689 V FactoryEdu: procEduResCommand cmd not define cate[x01], subCate[x00], cmd[x11], cmd2[x00]
12-27 12:26:35.981   991  1508 E CommunicationManagerService: KICK DOG(351)
12-27 12:26:36.509  1542  1680 I DiagReadDTCHandler: checkFaultSettingCondition[false] PM[0] Vol[12.050000] bubTemp [30]
12-27 12:26:37.307   991  1523 E CM_SPI  : MCU->MSM Type[03] Cat[01, 00] Cmd[D0, 00] PayloadLen[0012] Payload[0D 19 00 09 08 55 00 01 00 01 00 01 00 01 00 01 00 01]
12-27 12:26:37.506   991  1523 E CM_SPI  : MCU->MSM Type[01] Cat[05, DD] Cmd[05, 00] PayloadLen[0006] Payload[00 FE 00 00 00 1E]
12-27 12:26:37.606   991  1523 E CM_SPI  : MCU->MSM Type[02] Cat[04, 00] Cmd[D1, 00] PayloadLen[0006] Payload[16 0C 1B 0C 1A 27]
12-27 12:26:37.606  1550  1698 V FactoryImpl: onReceive MCU type[x2], cate[x4], subcate[x0], cmd[209], cmd2[x0]
12-27 12:26:37.606  1550  1698 V FactoryUtil: onReceive MCU param[x02][xD1][x00], bufSize[6:6]:[x16][x0C][x1B][x0C][x1A][x27]...
12-27 12:26:37.606  1550  1689 V FactoryUtil: handleMessage FACTORY_IMPL_RES_FR_MCU_EDU param[x04][xD1][x00], bufSize[6:6]:[x16][x0C][x1B][x0C][x1A][x27]...
12-27 12:26:37.606  1550  1689 V FactoryEdu: procEduResCommand cate[x04], subCate[x00], cmd[xD1], cmd2[x00]
12-27 12:26:37.606  1550  1689 V FactoryUtil: Res Buffer  bufSize[6]
12-27 12:26:37.606  1550  1689 V FactoryUtil: [x16][x0C][x1B][x0C][x1A][x27]
12-27 12:26:37.606  1550  1689 V FactoryEdu: procEduResCommand cmd not define cate[x04], subCate[x00], cmd[xD1], cmd2[x00]
12-27 12:26:37.759  1542  3597 I DiagManagerService: onWatchDog Kick
12-27 12:26:38.002  1539  3625 V DebugManagerServiceImpl: DEBUG_IMPL_KICK_DOG
12-27 12:26:38.096   977  1572 E SPIClient_can: CL-ISPI_CSPB_OSC
12-27 12:26:38.096   977  1572 E SPIClient_can: RCV CB Single(0), Group(0)
12-27 12:26:38.096   977  1668 E SPIClient_can: MSG_CAN_BUS_STATE
12-27 12:26:38.096   977  1668 E SPIClient_can: CB_2
12-27 12:26:38.161   993  1701 V CTH     : TXhandleMessage TX_TIME_TO_KICK_DOG
12-27 12:26:38.161   993  1700 V CRH     : RX_TIME_TO_KICK_DOG
12-27 12:26:38.162   993  1506 V CANManagerService: perform HeartBeat()
12-27 12:26:40.316   991  1523 E CM_SPI  : MCU->MSM Type[03] Cat[01, 00] Cmd[D0, 00] PayloadLen[0012] Payload[0D 18 00 08 08 55 00 00 00 01 00 01 00 01 00 01 00 01]
12-27 12:26:43.106   977  1572 E SPIClient_can: CL-ISPI_CSPB_OSC
12-27 12:26:43.106   977  1572 E SPIClient_can: RCV CB Single(0), Group(0)
12-27 12:26:43.106   977  1668 E SPIClient_can: MSG_CAN_BUS_STATE
12-27 12:26:43.106   977  1668 E SPIClient_can: CB_2
12-27 12:26:43.180   991  1523 E CM_SPI  : MCU->MSM Type[01] Cat[05, 22] Cmd[02, 00] PayloadLen[000A] Payload[D9 9E 00 00 00 17 00 00 00 25]
12-27 12:26:43.307   991  1523 E CM_SPI  : MCU->MSM Type[03] Cat[01, 00] Cmd[D0, 00] PayloadLen[0012] Payload[0D 19 00 09 08 55 00 01 00 01 00 01 00 01 00 01 00 01]
12-27 12:26:44.103   991  1523 E CM_SPI  : MCU->MSM Type[01] Cat[05, DD] Cmd[05, 00] PayloadLen[0006] Payload[00 FE 00 00 00 1E]
12-27 12:26:44.697  1542  1542 I DiagTelephonyReceiver: onServiceStateChanged serviceState 2
12-27 12:26:44.697  1647  1703 E NetworkManagerService: ### onServiceStatesChanged: serviceState = 2,1,home,home,,,,,,,auto,Unknown,Unknown,EmergOnly=true
12-27 12:26:44.698  1647  1703 E NetworkManagerService: ### onServiceStateChanged: state = 2
12-27 12:26:44.713  1647  1699 E NetworkManagerService: RECV TELEPHONY_SERVICE_STATES_MESSAGE : reg=0, carrier='', Mode=0, data=0
12-27 12:26:44.713  1647  1699 E NetworkManagerService: SendImportantNetworkRelatedEvents : registrate=0, conn=0, carrier=
12-27 12:26:44.713  1647  1699 I NetworkManagerService: Notification [ cellularConnectionModeNoti ] L=(1) count=(3539) err=(17): 00 00 00 00
12-27 12:26:44.715  1647  1699 I NetworkManagerService: Notification [ cellularConnectivityStatusNoti ] L=(1) count=(3540) err=(17): 00 00 00 00
12-27 12:26:45.560   987  1482 I LocationServer: droutput:lat:0.000000,lon:0.000000,alt:0.000000
12-27 12:26:45.568   991  1523 E CM_SPI  : MSM->MCU Type[01] Cat[01, 00] Cmd[11, 00] PayloadLen[0000]
12-27 12:26:45.576   991  1523 E CM_SPI  : MCU->MSM Type[02] Cat[01, 00] Cmd[11, 00] PayloadLen[0000]
12-27 12:26:45.576  1550  1698 V FactoryImpl: onReceive MCU type[x2], cate[x1], subcate[x0], cmd[17], cmd2[x0]
12-27 12:26:45.576  1550  1698 V FactoryUtil: onReceive MCU param[x02][x11][x00], buf is NULL
12-27 12:26:45.576  1550  1689 V FactoryUtil: handleMessage FACTORY_IMPL_RES_FR_MCU_EDU param[x01][x11][x00], buf is NULL
12-27 12:26:45.576  1550  1689 V FactoryEdu: procEduResCommand cate[x01], subCate[x00], cmd[x11], cmd2[x00]
12-27 12:26:45.576  1550  1689 V FactoryUtil: Res Buffer  buf is NULL
12-27 12:26:45.576  1550  1689 V FactoryEdu: procEduResCommand cmd not define cate[x01], subCate[x00], cmd[x11], cmd2[x00]
12-27 12:26:45.981   991  1508 E CommunicationManagerService: KICK DOG(352)
12-27 12:26:46.309   991  1523 E CM_SPI  : MCU->MSM Type[03] Cat[01, 00] Cmd[D0, 00] PayloadLen[0012] Payload[0D 18 00 09 08 54 00 01 00 01 00 01 00 01 00 01 00 01]
12-27 12:26:46.510  1542  1680 I DiagReadDTCHandler: checkFaultSettingCondition[false] PM[0] Vol[11.990000] bubTemp [30]
12-27 12:26:47.759  1542  4777 I DiagManagerService: onWatchDog Kick
12-27 12:26:48.002  1539  4806 V DebugManagerServiceImpl: DEBUG_IMPL_KICK_DOG
12-27 12:26:48.116   977  1572 E SPIClient_can: CL-ISPI_CSPB_OSC
12-27 12:26:48.116   977  1572 E SPIClient_can: RCV CB Single(0), Group(0)
12-27 12:26:48.116   977  1668 E SPIClient_can: MSG_CAN_BUS_STATE
12-27 12:26:48.116   977  1668 E SPIClient_can: CB_2
12-27 12:26:48.161   993  1701 V CTH     : TXhandleMessage TX_TIME_TO_KICK_DOG
12-27 12:26:48.162   993  1700 V CRH     : RX_TIME_TO_KICK_DOG
12-27 12:26:48.162   993  1506 V CANManagerService: perform HeartBeat()
12-27 12:26:48.206   991  1523 E CM_SPI  : MCU->MSM Type[02] Cat[04, 00] Cmd[D1, 00] PayloadLen[0006] Payload[16 0C 1B 0C 1A 31]
12-27 12:26:48.206  1550  1698 V FactoryImpl: onReceive MCU type[x2], cate[x4], subcate[x0], cmd[209], cmd2[x0]
12-27 12:26:48.206  1550  1698 V FactoryUtil: onReceive MCU param[x02][xD1][x00], bufSize[6:6]:[x16][x0C][x1B][x0C][x1A][x31]...
12-27 12:26:48.206  1550  1689 V FactoryUtil: handleMessage FACTORY_IMPL_RES_FR_MCU_EDU param[x04][xD1][x00], bufSize[6:6]:[x16][x0C][x1B][x0C][x1A][x31]...
12-27 12:26:48.206  1550  1689 V FactoryEdu: procEduResCommand cate[x04], subCate[x00], cmd[xD1], cmd2[x00]
12-27 12:26:48.206  1550  1689 V FactoryUtil: Res Buffer  bufSize[6]
12-27 12:26:48.206  1550  1689 V FactoryUtil: [x16][x0C][x1B][x0C][x1A][x31]
12-27 12:26:48.206  1550  1689 V FactoryEdu: procEduResCommand cmd not define cate[x04], subCate[x00], cmd[xD1], cmd2[x00]
12-27 12:26:49.307   991  1523 E CM_SPI  : MCU->MSM Type[03] Cat[01, 00] Cmd[D0, 00] PayloadLen[0012] Payload[0D 19 00 08 08 54 00 00 00 01 00 01 00 01 00 01 00 01]
12-27 12:26:50.706   991  1523 E CM_SPI  : MCU->MSM Type[01] Cat[05, DD] Cmd[05, 00] PayloadLen[0006] Payload[00 FE 00 00 00 1E]
12-27 12:26:52.310   991  1523 E CM_SPI  : MCU->MSM Type[03] Cat[01, 00] Cmd[D0, 00] PayloadLen[0012] Payload[0D 18 00 09 08 53 00 00 00 01 00 01 00 01 00 01 00 01]
12-27 12:26:53.126   977  1572 E SPIClient_can: CL-ISPI_CSPB_OSC
12-27 12:26:53.126   977  1572 E SPIClient_can: RCV CB Single(0), Group(0)
12-27 12:26:53.127   977  1668 E SPIClient_can: MSG_CAN_BUS_STATE
12-27 12:26:53.127   977  1668 E SPIClient_can: CB_2
12-27 12:26:53.176  1542  1542 E DIAG    : onNotifyVoltage BUB Vol[0.000000]
12-27 12:26:53.185   991  1523 E CM_SPI  : MCU->MSM Type[01] Cat[05, 22] Cmd[02, 00] PayloadLen[000A] Payload[D9 9E 00 00 00 21 00 00 00 1B]
12-27 12:26:55.307   991  1523 E CM_SPI  : MCU->MSM Type[03] Cat[01, 00] Cmd[D0, 00] PayloadLen[0012] Payload[0D 19 00 08 08 54 00 01 00 01 00 01 00 01 00 01 00 01]
12-27 12:26:55.561   987  1482 I LocationServer: droutput:lat:0.000000,lon:0.000000,alt:0.000000
12-27 12:26:55.570   991  1523 E CM_SPI  : MSM->MCU Type[01] Cat[01, 00] Cmd[11, 00] PayloadLen[0000]
12-27 12:26:55.580   991  1523 E CM_SPI  : MCU->MSM Type[02] Cat[01, 00] Cmd[11, 00] PayloadLen[0000]
12-27 12:26:55.580  1550  1698 V FactoryImpl: onReceive MCU type[x2], cate[x1], subcate[x0], cmd[17], cmd2[x0]
12-27 12:26:55.580  1550  1698 V FactoryUtil: onReceive MCU param[x02][x11][x00], buf is NULL
12-27 12:26:55.580  1550  1689 V FactoryUtil: handleMessage FACTORY_IMPL_RES_FR_MCU_EDU param[x01][x11][x00], buf is NULL
12-27 12:26:55.580  1550  1689 V FactoryEdu: procEduResCommand cate[x01], subCate[x00], cmd[x11], cmd2[x00]
12-27 12:26:55.580  1550  1689 V FactoryUtil: Res Buffer  buf is NULL
12-27 12:26:55.580  1550  1689 V FactoryEdu: procEduResCommand cmd not define cate[x01], subCate[x00], cmd[x11], cmd2[x00]
12-27 12:26:55.981   991  1508 E CommunicationManagerService: KICK DOG(353)
12-27 12:26:56.511  1542  1680 I DiagReadDTCHandler: checkFaultSettingCondition[false] PM[0] Vol[12.020000] bubTemp [30]
12-27 12:26:57.303   991  1523 E CM_SPI  : MCU->MSM Type[01] Cat[05, DD] Cmd[05, 00] PayloadLen[0006] Payload[00 FE 00 00 00 1E]
12-27 12:26:57.759  1542  5950 I DiagManagerService: onWatchDog Kick
12-27 12:26:58.002  1539  5978 V DebugManagerServiceImpl: DEBUG_IMPL_KICK_DOG
12-27 12:26:58.136   977  1572 E SPIClient_can: CL-ISPI_CSPB_OSC
12-27 12:26:58.136   977  1572 E SPIClient_can: RCV CB Single(0), Group(0)
12-27 12:26:58.137   977  1668 E SPIClient_can: MSG_CAN_BUS_STATE
12-27 12:26:58.137   977  1668 E SPIClient_can: CB_2
12-27 12:26:58.162   993  1701 V CTH     : TXhandleMessage TX_TIME_TO_KICK_DOG
12-27 12:26:58.162   993  1700 V CRH     : RX_TIME_TO_KICK_DOG
12-27 12:26:58.162   993  1506 V CANManagerService: perform HeartBeat()
12-27 12:26:58.309   991  1523 E CM_SPI  : MCU->MSM Type[03] Cat[01, 00] Cmd[D0, 00] PayloadLen[0012] Payload[0D 17 00 08 08 54 00 00 00 01 00 01 00 01 00 01 00 01]
12-27 12:26:58.806   991  1523 E CM_SPI  : MCU->MSM Type[02] Cat[04, 00] Cmd[D1, 00] PayloadLen[0006] Payload[16 0C 1B 0C 1B 00]
12-27 12:26:58.806  1550  1698 V FactoryImpl: onReceive MCU type[x2], cate[x4], subcate[x0], cmd[209], cmd2[x0]
12-27 12:26:58.806  1550  1698 V FactoryUtil: onReceive MCU param[x02][xD1][x00], bufSize[6:6]:[x16][x0C][x1B][x0C][x1B][x00]...
12-27 12:26:58.806  1550  1689 V FactoryUtil: handleMessage FACTORY_IMPL_RES_FR_MCU_EDU param[x04][xD1][x00], bufSize[6:6]:[x16][x0C][x1B][x0C][x1B][x00]...
12-27 12:26:58.806  1550  1689 V FactoryEdu: procEduResCommand cate[x04], subCate[x00], cmd[xD1], cmd2[x00]
12-27 12:26:58.806  1550  1689 V FactoryUtil: Res Buffer  bufSize[6]
12-27 12:26:58.807  1550  1689 V FactoryUtil: [x16][x0C][x1B][x0C][x1B][x00]
12-27 12:26:58.807  1550  1689 V FactoryEdu: procEduResCommand cmd not define cate[x04], subCate[x00], cmd[xD1], cmd2[x00]
12-27 12:27:01.307   991  1523 E CM_SPI  : MCU->MSM Type[03] Cat[01, 00] Cmd[D0, 00] PayloadLen[0012] Payload[0D 18 00 08 08 55 00 00 00 01 00 01 00 01 00 01 00 01]
12-27 12:27:03.146   977  1572 E SPIClient_can: CL-ISPI_CSPB_OSC
12-27 12:27:03.146   977  1572 E SPIClient_can: RCV CB Single(0), Group(0)
12-27 12:27:03.146   977  1668 E SPIClient_can: MSG_CAN_BUS_STATE
12-27 12:27:03.146   977  1668 E SPIClient_can: CB_2
12-27 12:27:03.177   991  1523 E CM_SPI  : MCU->MSM Type[01] Cat[05, 22] Cmd[02, 00] PayloadLen[000A] Payload[D9 9E 00 00 00 2B 00 00 00 11]
12-27 12:27:03.902   991  1523 E CM_SPI  : MCU->MSM Type[01] Cat[05, DD] Cmd[05, 00] PayloadLen[0006] Payload[00 FE 00 00 00 1E]
12-27 12:27:04.309   991  1523 E CM_SPI  : MCU->MSM Type[03] Cat[01, 00] Cmd[D0, 00] PayloadLen[0012] Payload[0D 18 00 09 08 54 00 00 00 01 00 01 00 01 00 01 00 01]
12-27 12:27:05.564   987  1482 I LocationServer: droutput:lat:0.000000,lon:0.000000,alt:0.000000
12-27 12:27:05.573   991  1523 E CM_SPI  : MSM->MCU Type[01] Cat[01, 00] Cmd[11, 00] PayloadLen[0000]
12-27 12:27:05.583   991  1523 E CM_SPI  : MCU->MSM Type[02] Cat[01, 00] Cmd[11, 00] PayloadLen[0000]
12-27 12:27:05.584  1550  1698 V FactoryImpl: onReceive MCU type[x2], cate[x1], subcate[x0], cmd[17], cmd2[x0]
12-27 12:27:05.584  1550  1698 V FactoryUtil: onReceive MCU param[x02][x11][x00], buf is NULL
12-27 12:27:05.584  1550  1689 V FactoryUtil: handleMessage FACTORY_IMPL_RES_FR_MCU_EDU param[x01][x11][x00], buf is NULL
12-27 12:27:05.584  1550  1689 V FactoryEdu: procEduResCommand cate[x01], subCate[x00], cmd[x11], cmd2[x00]
12-27 12:27:05.584  1550  1689 V FactoryUtil: Res Buffer  buf is NULL
12-27 12:27:05.584  1550  1689 V FactoryEdu: procEduResCommand cmd not define cate[x01], subCate[x00], cmd[x11], cmd2[x00]
12-27 12:27:05.981   991  1508 E CommunicationManagerService: KICK DOG(354)
12-27 12:27:06.512  1542  1680 I DiagReadDTCHandler: checkFaultSettingCondition[false] PM[0] Vol[12.040000] bubTemp [30]
12-27 12:27:07.310   991  1523 E CM_SPI  : MCU->MSM Type[03] Cat[01, 00] Cmd[D0, 00] PayloadLen[0012] Payload[0D 18 00 08 08 55 00 00 00 01 00 01 00 01 00 01 00 01]
12-27 12:27:07.759  1542  7121 I DiagManagerService: onWatchDog Kick
12-27 12:27:08.002  1539  7150 V DebugManagerServiceImpl: DEBUG_IMPL_KICK_DOG
12-27 12:27:08.156   977  1572 E SPIClient_can: CL-ISPI_CSPB_OSC
12-27 12:27:08.156   977  1572 E SPIClient_can: RCV CB Single(0), Group(0)
12-27 12:27:08.156   977  1668 E SPIClient_can: MSG_CAN_BUS_STATE
12-27 12:27:08.156   977  1668 E SPIClient_can: CB_2
12-27 12:27:08.161   993  1701 V CTH     : TXhandleMessage TX_TIME_TO_KICK_DOG
12-27 12:27:08.162   993  1700 V CRH     : RX_TIME_TO_KICK_DOG
12-27 12:27:08.162   993  1506 V CANManagerService: perform HeartBeat()
12-27 12:27:08.172  1647  1699 E NetworkManagerService: rmnet_data0 | inbps=0 inpps=0 outbps=0 outpps=0
12-27 12:27:08.172  1647  1699 E NetworkManagerService: rmnet_data1 | inbps=0 inpps=0 outbps=0 outpps=0
12-27 12:27:09.408   991  1523 E CM_SPI  : MCU->MSM Type[02] Cat[04, 00] Cmd[D1, 00] PayloadLen[0006] Payload[16 0C 1B 0C 1B 0B]
12-27 12:27:09.408  1550  1698 V FactoryImpl: onReceive MCU type[x2], cate[x4], subcate[x0], cmd[209], cmd2[x0]
12-27 12:27:09.408  1550  1698 V FactoryUtil: onReceive MCU param[x02][xD1][x00], bufSize[6:6]:[x16][x0C][x1B][x0C][x1B][x0B]...
12-27 12:27:09.409  1550  1689 V FactoryUtil: handleMessage FACTORY_IMPL_RES_FR_MCU_EDU param[x04][xD1][x00], bufSize[6:6]:[x16][x0C][x1B][x0C][x1B][x0B]...
12-27 12:27:09.409  1550  1689 V FactoryEdu: procEduResCommand cate[x04], subCate[x00], cmd[xD1], cmd2[x00]
12-27 12:27:09.409  1550  1689 V FactoryUtil: Res Buffer  bufSize[6]
12-27 12:27:09.409  1550  1689 V FactoryUtil: [x16][x0C][x1B][x0C][x1B][x0B]
12-27 12:27:09.409  1550  1689 V FactoryEdu: procEduResCommand cmd not define cate[x04], subCate[x00], cmd[xD1], cmd2[x00]
12-27 12:27:10.308   991  1523 E CM_SPI  : MCU->MSM Type[03] Cat[01, 00] Cmd[D0, 00] PayloadLen[0012] Payload[0D 18 00 07 08 54 00 00 00 01 00 01 00 01 00 01 00 01]
12-27 12:27:10.503   991  1523 E CM_SPI  : MCU->MSM Type[01] Cat[05, DD] Cmd[05, 00] PayloadLen[0006] Payload[00 FE 00 00 00 1E]
12-27 12:27:13.164   977  1572 E SPIClient_can: CL-ISPI_CSPB_OSC
12-27 12:27:13.164   977  1572 E SPIClient_can: RCV CB Single(0), Group(0)
12-27 12:27:13.164   977  1668 E SPIClient_can: MSG_CAN_BUS_STATE
12-27 12:27:13.165   977  1668 E SPIClient_can: CB_2
12-27 12:27:13.177   991  1523 E CM_SPI  : MCU->MSM Type[01] Cat[05, 22] Cmd[02, 00] PayloadLen[000A] Payload[D9 9E 00 00 00 35 00 00 00 07]
12-27 12:27:13.307   991  1523 E CM_SPI  : MCU->MSM Type[03] Cat[01, 00] Cmd[D0, 00] PayloadLen[0012] Payload[0D 19 00 07 08 54 00 01 00 01 00 01 00 01 00 01 00 01]
12-27 12:27:15.568   987  1482 I LocationServer: droutput:lat:0.000000,lon:0.000000,alt:0.000000
12-27 12:27:15.573   991  1523 E CM_SPI  : MSM->MCU Type[01] Cat[01, 00] Cmd[11, 00] PayloadLen[0000]
12-27 12:27:15.580   991  1523 E CM_SPI  : MCU->MSM Type[02] Cat[01, 00] Cmd[11, 00] PayloadLen[0000]
12-27 12:27:15.581  1550  1698 V FactoryImpl: onReceive MCU type[x2], cate[x1], subcate[x0], cmd[17], cmd2[x0]
12-27 12:27:15.581  1550  1698 V FactoryUtil: onReceive MCU param[x02][x11][x00], buf is NULL
12-27 12:27:15.581  1550  1689 V FactoryUtil: handleMessage FACTORY_IMPL_RES_FR_MCU_EDU param[x01][x11][x00], buf is NULL
12-27 12:27:15.581  1550  1689 V FactoryEdu: procEduResCommand cate[x01], subCate[x00], cmd[x11], cmd2[x00]
12-27 12:27:15.581  1550  1689 V FactoryUtil: Res Buffer  buf is NULL
12-27 12:27:15.581  1550  1689 V FactoryEdu: procEduResCommand cmd not define cate[x01], subCate[x00], cmd[x11], cmd2[x00]
12-27 12:27:15.984   991  1508 E CommunicationManagerService: KICK DOG(355)
12-27 12:27:16.311   991  1523 E CM_SPI  : MCU->MSM Type[03] Cat[01, 00] Cmd[D0, 00] PayloadLen[0012] Payload[0D 19 00 07 08 54 00 01 00 01 00 01 00 01 00 01 00 01]
12-27 12:27:16.517  1542  1680 I DiagReadDTCHandler: checkFaultSettingCondition[false] PM[0] Vol[12.040000] bubTemp [30]
12-27 12:27:17.103   991  1523 E CM_SPI  : MCU->MSM Type[01] Cat[05, DD] Cmd[05, 00] PayloadLen[0006] Payload[00 FE 00 00 00 1E]
12-27 12:27:17.761  1542  8292 I DiagManagerService: onWatchDog Kick
12-27 12:27:18.002  1539  8321 V DebugManagerServiceImpl: DEBUG_IMPL_KICK_DOG
12-27 12:27:18.161   993  1701 V CTH     : TXhandleMessage TX_TIME_TO_KICK_DOG
12-27 12:27:18.162   993  1700 V CRH     : RX_TIME_TO_KICK_DOG
12-27 12:27:18.162   993  1506 V CANManagerService: perform HeartBeat()
12-27 12:27:18.176   977  1572 E SPIClient_can: CL-ISPI_CSPB_OSC
12-27 12:27:18.176   977  1572 E SPIClient_can: RCV CB Single(0), Group(0)
12-27 12:27:18.176   977  1668 E SPIClient_can: MSG_CAN_BUS_STATE
12-27 12:27:18.176   977  1668 E SPIClient_can: CB_2
12-27 12:27:19.307   991  1523 E CM_SPI  : MCU->MSM Type[03] Cat[01, 00] Cmd[D0, 00] PayloadLen[0012] Payload[0D 19 00 09 08 55 00 00 00 01 00 01 00 01 00 01 00 01]
12-27 12:27:20.005   991  1523 E CM_SPI  : MCU->MSM Type[02] Cat[04, 00] Cmd[D1, 00] PayloadLen[0006] Payload[16 0C 1B 0C 1B 15]
12-27 12:27:20.006  1550  1698 V FactoryImpl: onReceive MCU type[x2], cate[x4], subcate[x0], cmd[209], cmd2[x0]
12-27 12:27:20.006  1550  1698 V FactoryUtil: onReceive MCU param[x02][xD1][x00], bufSize[6:6]:[x16][x0C][x1B][x0C][x1B][x15]...
12-27 12:27:20.006  1550  1689 V FactoryUtil: handleMessage FACTORY_IMPL_RES_FR_MCU_EDU param[x04][xD1][x00], bufSize[6:6]:[x16][x0C][x1B][x0C][x1B][x15]...
12-27 12:27:20.006  1550  1689 V FactoryEdu: procEduResCommand cate[x04], subCate[x00], cmd[xD1], cmd2[x00]
12-27 12:27:20.006  1550  1689 V FactoryUtil: Res Buffer  bufSize[6]
12-27 12:27:20.006  1550  1689 V FactoryUtil: [x16][x0C][x1B][x0C][x1B][x15]
12-27 12:27:20.006  1550  1689 V FactoryEdu: procEduResCommand cmd not define cate[x04], subCate[x00], cmd[xD1], cmd2[x00]
12-27 12:27:22.309   991  1523 E CM_SPI  : MCU->MSM Type[03] Cat[01, 00] Cmd[D0, 00] PayloadLen[0012] Payload[0D 19 00 0C 08 53 00 00 00 01 00 01 00 01 00 01 00 01]
12-27 12:27:22.707   991  1523 E CM_SPI  : MCU->MSM Type[01] Cat[35, 00] Cmd[02, 00] PayloadLen[0021] Payload[42 55 42 20 44 54 43 33 3A 20 4F 50 45 4E 3A 31 20 53 79 73 48 57 3D 45 30 20 43 3A 32 39 20 31 0A]
