07-01 02:53:08.326  1621  1621 E DiagDataManager: checkAndSetTcuStatusItem, Parameter error index[20], refResult[0x 0]
07-01 02:53:08.326  1621  1621 I DiagReadDTCInfo: requestDTCResultGsmGprsUnit DTC Result 254
07-01 02:53:08.326  1621  1621 I DiagReadDTCInfo: requestDTCResult( ), index 21, dtcResult[0xfe]
07-01 02:53:08.326  1621  1889 I DiagReceiverHandler: handleMessage GSM_GPRS_DTC faultType 0xfe, faultCount 0
07-01 02:53:08.326  1621  1889 E DiagService: notifyDtcResult dtcItemIndex 21, dtcResult 0xfe, faultCount 0
07-01 02:53:08.326  1621  1889 I DiagReadDTCInfo: receiveDTCResult dtcItemIndex 21, dtcResult 0xfe, faultCount 0
07-01 02:53:08.326  1621  1621 E DIAG    : requestDTCResultControlModule dtcResult is default(0xFF), so it is replaced with the undefine(0xFE)
07-01 02:53:08.326  1621  1621 I DiagReadDTCInfo: requestDTCResult( ), index 22, dtcResult[0xfe]
07-01 02:53:08.326  1621  1621 I DiagReadDTCInfo: requestDTCResult( ), index 23, dtcResult[0xff]
07-01 02:53:08.326  1621  1621 E DiagDataManager: checkAndSetTcuStatusItem, Parameter error index[23], refResult[0xfe]
07-01 02:53:08.327  1621  1707 I DiagReadDTCHandler: checkFaultSettingCondition[false] PM[0] Vol[11.990000] bubTemp [35]
07-01 02:53:08.327   977  1817 I ConfigDbClient: ReadKv, Key:0x52f362e3, token[962]
07-01 02:53:08.327   977  1817 I CSE_ConfigDb: received msg from teleVM:3 0x52f362e3, token:962
07-01 02:53:08.331  1628  1658 I OperationModeManagerImpl: getCurrentOperationMode: return current mode: :4
07-01 02:53:08.331   977  1452 I CSE_ConfigDb: CONFIGDB_CB_CMD_READ_KV
07-01 02:53:08.331  1621  1621 I DiagReadDTCInfo: operation mode [4]
07-01 02:53:08.331  1621  1621 I DiagReadDTCInfo: checkActivationStatus activation value is [ 6]
07-01 02:53:08.332   987  1604 E CM_SPI  : MCU->MSM Type[02] Cat[05, 19] Cmd[02, 00] PayloadLen[0018] Payload[91 7A FE 00 05 60 00 00 E1 09 FE 00 91 6D FE 00 91 6E FE 00 90 A2 FE 00]
07-01 02:53:08.333  1621  1889 E DiagService: notifyDtcResult dtcItemIndex 1, dtcResult 0xfe, faultCount 0
07-01 02:53:08.333  1621  1889 I DiagReadDTCInfo: receiveDTCResult dtcItemIndex 1, dtcResult 0xfe, faultCount 0
07-01 02:53:08.333  1621  1889 E DiagService: notifyDtcResult dtcItemIndex 2, dtcResult 0x0, faultCount 0
07-01 02:53:08.333  1621  1889 I DiagReadDTCInfo: receiveDTCResult dtcItemIndex 2, dtcResult 0x0, faultCount 0
07-01 02:53:08.333  1621  1889 E DiagService: notifyDtcResult dtcItemIndex 3, dtcResult 0xfe, faultCount 0
07-01 02:53:08.333  1621  1889 I DiagReadDTCInfo: receiveDTCResult dtcItemIndex 3, dtcResult 0xfe, faultCount 0
07-01 02:53:08.333  1621  1889 E DiagService: notifyDtcResult dtcItemIndex 4, dtcResult 0xfe, faultCount 0
07-01 02:53:08.333  1621  1889 I DiagReadDTCInfo: receiveDTCResult dtcItemIndex 4, dtcResult 0xfe, faultCount 0
07-01 02:53:08.333  1621  1889 E DiagService: notifyDtcResult dtcItemIndex 0, dtcResult 0xfe, faultCount 0
07-01 02:53:08.333  1621  1889 I DiagReadDTCInfo: receiveDTCResult dtcItemIndex 0, dtcResult 0xfe, faultCount 0
07-01 02:53:08.333  1621  1889 E DiagService: notifyDtcResult dtcItemIndex 6, dtcResult 0xfe, faultCount 0
07-01 02:53:08.333  1621  1889 I DiagReadDTCInfo: receiveDTCResult dtcItemIndex 6, dtcResult 0xfe, faultCount 0
07-01 02:53:08.353   977  1452 I CSE_ConfigDb: read_data_db[lcf_table_remote] : key:0x52f362e3 value:86400 status:0 CseEr_GetErrorCode:0 sql_status:0 token:962
07-01 02:53:08.353   977  1817 I ConfigDbClient: == wait for ReqKey:0x52f362e3, Req token[962]
07-01 02:53:08.354   977  1817 I ConfigDbClient: ==> [Req:Resp] table[lcf_table_remote] key[0x52f362e3:0x52f362e3], value[86400], token[962:962]
07-01 02:53:08.354   978  1609 I <VSM>VehicleStatusManagerService: Query kvDB (PwmInitialReceiveTimeHolidayMode)[lcf_table_remote:0x52f362e3] success. value(86400)
07-01 02:53:08.354  1894  1968 E RPA_IP  : [UP] {"group":"cabin_status"} {"door_open_driver":false,"door_open_engine_hood":false,"door_open_lr":false,"door_open_passenger":false,"door_open_rr":false,"door_open_tailgate":false,"lock_state":2,"power_state":0},length(24,184),gIndex(-1)
07-01 02:53:08.355  1620  1653 I PowerModeTimer: readPowerTimerConfigValue : item PwmInitialReceiveTimeHolidayMode, val : 86400
07-01 02:53:08.355  1620  1653 V PowerModeTimer: resetTimerValue :id - 1, timer - 86400
07-01 02:53:08.355  1620  1653 V PowerModeTimer: resetTimerValue :PwmInitialReceiveTimeHolidayMode - 86400000
07-01 02:53:08.355   977  1817 I ConfigDbClient: ReadKv, Key:0x4f981e3d, token[963]
07-01 02:53:08.355   977  1817 I CSE_ConfigDb: received msg from teleVM:3 0x4f981e3d, token:963
07-01 02:53:08.356   977  1452 I CSE_ConfigDb: CONFIGDB_CB_CMD_READ_KV
07-01 02:53:08.371   977  1452 I CSE_ConfigDb: read_data_db[lcf_table_remote] : key:0x4f981e3d value:0 status:0 CseEr_GetErrorCode:0 sql_status:0 token:963
07-01 02:53:08.375   977  1817 I ConfigDbClient: == wait for ReqKey:0x4f981e3d, Req token[963]
07-01 02:53:08.375   977  1817 I ConfigDbClient: ==> [Req:Resp] table[lcf_table_remote] key[0x4f981e3d:0x4f981e3d], value[0], token[963:963]
07-01 02:53:08.378   978  1958 I <VSM>VehicleStatusManagerService: Query kvDB (RdEngineOffTimer)[lcf_table_remote:0x4f981e3d] success. value(0)
07-01 02:53:08.379  1896  1929 D RVM_Cfg : [getRdEngineOffTimer:489] RVM_Config::getRdEngineOffTimer RdEngineOffTimer = 0 
07-01 02:53:08.379   977  1817 I ConfigDbClient: ReadKv, Key:0x505c6dc5, token[964]
07-01 02:53:08.379   977  1817 I CSE_ConfigDb: received msg from teleVM:3 0x505c6dc5, token:964
07-01 02:53:08.379   977  1452 I CSE_ConfigDb: CONFIGDB_CB_CMD_READ_KV
07-01 02:53:08.379   987  1604 E CM_SPI  : MCU->MSM Type[01] Cat[05, 19] Cmd[01, 00] PayloadLen[0004] Payload[91 7A FE 00]
07-01 02:53:08.381  1621  1889 E DiagService: notifyDtcResult dtcItemIndex 1, dtcResult 0xfe, faultCount 0
07-01 02:53:08.381  1621  1889 I DiagReadDTCInfo: receiveDTCResult dtcItemIndex 1, dtcResult 0xfe, faultCount 0
07-01 02:53:08.382   988  1574 I DeadReckoning_Trimble: write_nvram:Store NVRam tLLH--- hip:272636928
07-01 02:53:08.382   988  1574 I DeadReckoning: save_last_output
07-01 02:53:08.382   987  1604 E CM_SPI  : MCU->MSM Type[01] Cat[05, 19] Cmd[01, 00] PayloadLen[0004] Payload[E1 09 FE 00]
07-01 02:53:08.383   977  1452 I CSE_ConfigDb: read_data_db[lcf_table_remote] : key:0x505c6dc5 value:0 status:0 CseEr_GetErrorCode:0 sql_status:0 token:964
07-01 02:53:08.383   977  1817 I ConfigDbClient: == wait for ReqKey:0x505c6dc5, Req token[964]
07-01 02:53:08.383   977  1817 I ConfigDbClient: ==> [Req:Resp] table[lcf_table_remote] key[0x505c6dc5:0x505c6dc5], value[0], token[964:964]
07-01 02:53:08.384  1621  1889 E DiagService: notifyDtcResult dtcItemIndex 3, dtcResult 0xfe, faultCount 0
07-01 02:53:08.384  1621  1889 I DiagReadDTCInfo: receiveDTCResult dtcItemIndex 3, dtcResult 0xfe, faultCount 0
07-01 02:53:08.384   978  1609 I <VSM>VehicleStatusManagerService: Query kvDB (PwmInitialReceiveTimeUnprovisioned)[lcf_table_remote:0x505c6dc5] success. value(0)
07-01 02:53:08.384  1620  1653 I PowerModeTimer: readPowerTimerConfigValue : item PwmInitialReceiveTimeUnprovisioned, val : 0
07-01 02:53:08.384  1620  1653 V PowerModeTimer: resetTimerValue :id - 2, timer - 0
07-01 02:53:08.384  1620  1653 V PowerModeTimer: resetTimerValue :PwmInitialReceiveTimeUnprovisioned - 0
07-01 02:53:08.384   977  1817 I ConfigDbClient: ReadKv, Key:0x00000088, token[965]
07-01 02:53:08.384   977  1817 I CSE_ConfigDb: received msg from teleVM:3 0x00000088, token:965
07-01 02:53:08.384   977  1452 I CSE_ConfigDb: CONFIGDB_CB_CMD_READ_KV
07-01 02:53:08.388   977  1452 I CSE_ConfigDb: read_data_db[lcf_table_remote] : key:0x00000088 value:7 status:0 CseEr_GetErrorCode:0 sql_status:0 token:965
07-01 02:53:08.388   977  1817 I ConfigDbClient: == wait for ReqKey:0x00000088, Req token[965]
07-01 02:53:08.388   977  1817 I ConfigDbClient: ==> [Req:Resp] table[lcf_table_remote] key[0x00000088:0x00000088], value[7], token[965:965]
07-01 02:53:08.389   978  1958 I <VSM>VehicleStatusManagerService: Query kvDB (RdVehicleAlertPM)[lcf_table_remote:0x00000088] success. value(7)
07-01 02:53:08.391   977  1817 I ConfigDbClient: ReadKv, Key:0x52f3697d, token[966]
07-01 02:53:08.391   977  1817 I CSE_ConfigDb: received msg from teleVM:3 0x52f3697d, token:966
07-01 02:53:08.392   977  1452 I CSE_ConfigDb: CONFIGDB_CB_CMD_READ_KV
07-01 02:53:08.392  1621 19062 I DiagManagerService: onWatchDog Kick
07-01 02:53:08.396   977  1452 I CSE_ConfigDb: read_data_db[lcf_table_remote] : key:0x52f3697d value:86400 status:0 CseEr_GetErrorCode:0 sql_status:0 token:966
07-01 02:53:08.399   977  1817 I ConfigDbClient: == wait for ReqKey:0x52f3697d, Req token[966]
07-01 02:53:08.399   977  1817 I ConfigDbClient: ==> [Req:Resp] table[lcf_table_remote] key[0x52f3697d:0x52f3697d], value[86400], token[966:966]
07-01 02:53:08.399   978  1609 I <VSM>VehicleStatusManagerService: Query kvDB (PwmInitialReceiveTime2)[lcf_table_remote:0x52f3697d] success. value(86400)
07-01 02:53:08.400  1620  1653 I PowerModeTimer: readPowerTimerConfigValue : item PwmInitialReceiveTime2, val : 86400
07-01 02:53:08.400  1620  1653 V PowerModeTimer: resetTimerValue :id - 3, timer - 86400
07-01 02:53:08.400  1620  1653 V PowerModeTimer: resetTimerValue :PwmInitialReceiveTime2 - 86400000
07-01 02:53:08.400   977  1817 I ConfigDbClient: ReadKv, Key:0x00000088, token[967]
07-01 02:53:08.400   977  1817 I CSE_ConfigDb: received msg from teleVM:3 0x00000088, token:967
07-01 02:53:08.401   977  1452 I CSE_ConfigDb: CONFIGDB_CB_CMD_READ_KV
07-01 02:53:08.402   987  1604 E CM_SPI  : MCU->MSM Type[01] Cat[05, 19] Cmd[01, 00] PayloadLen[0004] Payload[91 6D FE 00]
07-01 02:53:08.402  1621  1889 E DiagService: notifyDtcResult dtcItemIndex 4, dtcResult 0xfe, faultCount 0
07-01 02:53:08.402  1621  1889 I DiagReadDTCInfo: receiveDTCResult dtcItemIndex 4, dtcResult 0xfe, faultCount 0
07-01 02:53:08.409   977  1452 I CSE_ConfigDb: read_data_db[lcf_table_remote] : key:0x00000088 value:7 status:0 CseEr_GetErrorCode:0 sql_status:0 token:967
07-01 02:53:08.410   977  1817 I ConfigDbClient: == wait for ReqKey:0x00000088, Req token[967]
07-01 02:53:08.410   977  1817 I ConfigDbClient: ==> [Req:Resp] table[lcf_table_remote] key[0x00000088:0x00000088], value[7], token[967:967]
07-01 02:53:08.410   978  1958 I <VSM>VehicleStatusManagerService: Query kvDB (RdVehicleAlertPM)[lcf_table_remote:0x00000088] success. value(7)
07-01 02:53:08.411  1896  1929 D RVM_Main: [handleMessage:67] MESSAGE_ENGINE_STOP_RVSUPDATE is handled...
07-01 02:53:08.411  1896  1929 V RVM_Main: [handleMessage:73] current PowerMode is Stop, Send RVSUPdateMessage
07-01 02:53:08.411  1896  1929 V RVM_App : [getLocationData:932] getLocationData
07-01 02:53:08.411   977  1817 I ConfigDbClient: ReadKv, Key:0x52f362e4, token[968]
07-01 02:53:08.412   977  1817 I CSE_ConfigDb: received msg from teleVM:3 0x52f362e4, token:968
07-01 02:53:08.412   977  1452 I CSE_ConfigDb: CONFIGDB_CB_CMD_READ_KV
07-01 02:53:08.417  1753  1776 V Location:ServiceStub: getLoastLocationData
07-01 02:53:08.417  1896  1929 E APP     : [getLocationData] LocationData is unAvailable
07-01 02:53:08.417  1896  1929 D RVM_LM  : [getLocationData:106] LocationData is unAvailable
07-01 02:53:08.419  1616  2108 V SecurityCrypto: EncryptionForLog()
07-01 02:53:08.419  1616  2108 V SecurityCrypto: Encrypt Text Success
07-01 02:53:08.420  1616  2108 V SecurityCrypto: EncryptionForLog()
07-01 02:53:08.420  1616  2108 V SecurityCrypto: Encrypt Text Success
07-01 02:53:08.421  1616  2108 V SecurityCrypto: EncryptionForLog()
07-01 02:53:08.421  1616  2108 V SecurityCrypto: Encrypt Text Success
07-01 02:53:08.421  1896  1929 V RVM_LM  : [getLocationData:110] getLastLocationData() latitude = <VDCTCU4BEGIN>hpxJAxPUydJLOtzuxwEfSgx1yurHOn7tVOD88xTXA70=<VDCTCU4END>, longitude = <VDCTCU4BEGIN>n2k/pdz55GoGFXuGbBoOYDyIM/1RSk0Ff2XYJqzSAq8=<VDCTCU4END>, timestamp = <VDCTCU4BEGIN>qjxMqvrf47j7jV3K6Ucfql1ydaLXu+lIDTBLcxjshnY=<VDCTCU4END>
07-01 02:53:08.421  1896  1929 D RVM_Ngtp: [IndirectRVSUpdateMessage:3704] call RVSUpdateMessage
07-01 02:53:08.421  1896 19066 E APP     : [RVSUpdateMessage] RVSUpdateMessage
07-01 02:53:08.421  1896 19066 D RVM_Ngtp: [RVSUpdateMessage:1642] RVSUpdateMessage
07-01 02:53:08.421  1896 19066 E APP     : [vehicleUpLinkData] vehicleUpLinkData [START]
07-01 02:53:08.421  1896 19066 D RVM_Ngtp: [vehicleUpLinkData:167] vehicleUpLinkData [START]
07-01 02:53:08.422  1896 19066 V RVM_Event: [getTcuStatus:1736] get TcuStatus from diagManager
07-01 02:53:08.427  1896 19066 I IDiagManagerService: getTcuStatus
07-01 02:53:08.428  1621  1621 I DiagHandler: OP_GET_TCUSTATUS
07-01 02:53:08.428  1896 19066 V RVM_Event: [getTcuStatus:1749] powerSource = 1
07-01 02:53:08.428  1896 19066 V RVM_Can : [getCANBusStatus:84] CANBusStatus = 2
07-01 02:53:08.428  1896 19066 V RVM_App : [getCANDtcState:830] canState : [2]
07-01 02:53:08.428  1620  1620 I PowerManagerImpl: getVoltageInfo - bub volt percent 0.000000
07-01 02:53:08.428  1896 19066 V RVM_PWM : [getVoltageInfo:91] getVoltageInfo = 3 val = 0.000000
07-01 02:53:08.428  1620  1620 I PowerManagerImpl: getVoltageInfo - bub volt 0.000000
07-01 02:53:08.428  1896 19066 V RVM_PWM : [getVoltageInfo:91] getVoltageInfo = 2 val = 0.000000
07-01 02:53:08.428  1896 19066 V RVM_PWM : [getVoltageInfo:91] getVoltageInfo = 0 val = 11.990000
07-01 02:53:08.435   977  1452 I CSE_ConfigDb: read_data_db[lcf_table_remote] : key:0x52f362e4 value:0 status:0 CseEr_GetErrorCode:0 sql_status:0 token:968
07-01 02:53:08.435   977  1817 I ConfigDbClient: == wait for ReqKey:0x52f362e4, Req token[968]
07-01 02:53:08.435   977  1817 I ConfigDbClient: ==> [Req:Resp] table[lcf_table_remote] key[0x52f362e4:0x52f362e4], value[0], token[968:968]
07-01 02:53:08.436   987  1604 E CM_SPI  : MCU->MSM Type[01] Cat[05, 19] Cmd[01, 00] PayloadLen[0004] Payload[91 6E FE 00]
07-01 02:53:08.436   978  1609 I <VSM>VehicleStatusManagerService: Query kvDB (PwmInitialReceiveTime2HolidayMode)[lcf_table_remote:0x52f362e4] success. value(0)
07-01 02:53:08.436  1620  1653 I PowerModeTimer: readPowerTimerConfigValue : item PwmInitialReceiveTime2HolidayMode, val : 0
07-01 02:53:08.436  1620  1653 V PowerModeTimer: resetTimerValue :id - 4, timer - 0
07-01 02:53:08.436  1620  1653 V PowerModeTimer: resetTimerValue :PwmInitialReceiveTime2HolidayMode - 0
07-01 02:53:08.436   977  1817 I ConfigDbClient: ReadKv, Key:config_version, token[969]
07-01 02:53:08.436   977  1817 I CSE_ConfigDb: received msg from teleVM:3 config_version, token:969
07-01 02:53:08.437  1621  1889 E DiagService: notifyDtcResult dtcItemIndex 0, dtcResult 0xfe, faultCount 0
07-01 02:53:08.437  1621  1889 I DiagReadDTCInfo: receiveDTCResult dtcItemIndex 0, dtcResult 0xfe, faultCount 0
07-01 02:53:08.438   977  1452 I CSE_ConfigDb: CONFIGDB_CB_CMD_READ_KV
07-01 02:53:08.467   977  1452 I CSE_ConfigDb: read_data_db[telematics_common_table] : key:config_version value:0 status:0 CseEr_GetErrorCode:0 sql_status:0 token:969
07-01 02:53:08.468   977  1817 I ConfigDbClient: == wait for ReqKey:config_version, Req token[969]
07-01 02:53:08.468   977  1817 I ConfigDbClient: ==> [Req:Resp] table[telematics_common_table] key[config_version:config_version], value[0], token[969:969]
07-01 02:53:08.468   978  1958 I <VSM>VehicleStatusManagerService: Query kvDB (config_version)[telematics_common_table:config_version] success. value(0)
07-01 02:53:08.468   977  1817 I ConfigDbClient: ReadKv, Key:0x52f3697f, token[970]
07-01 02:53:08.468   977  1817 I CSE_ConfigDb: received msg from teleVM:3 0x52f3697f, token:970
07-01 02:53:08.468  1896 19066 V RVM_Event: [getTcuStatus:1770] tcuStatus(power:0,speaker:1,mic:1,gsmExtAntenna:1,gnssAntenna:1,extPower:2,intPower:1,can:1,button:1,crashInput:1)
07-01 02:53:08.468  1896 19066 V RVM_Event: [getTcuStatus:1772] tcuStatus(intRtc:1,gsmModem:2,primaryChargePercentage:0,primaryBatteryVoltage:0,secondaryChargePercentage: 0,secondaryBatteryVoltage:0
07-01 02:53:08.468  1896 19066 V RVM_Event: [getTcuStatus:1774] tcuStatus(configVersion:0,activation:6,sleepCyclesStarttime:499549692,mobilePhoneConnected:0,vehicleBatteryVol:119
07-01 02:53:08.468   987  1604 E CM_SPI  : MCU->MSM Type[01] Cat[05, 19] Cmd[01, 00] PayloadLen[0004] Payload[90 A2 FE 00]
07-01 02:53:08.468   977  1452 I CSE_ConfigDb: CONFIGDB_CB_CMD_READ_KV
07-01 02:53:08.469  1621  1889 E DiagService: notifyDtcResult dtcItemIndex 6, dtcResult 0xfe, faultCount 0
07-01 02:53:08.469  1621  1889 I DiagReadDTCInfo: receiveDTCResult dtcItemIndex 6, dtcResult 0xfe, faultCount 0
07-01 02:53:08.472   977  1452 I CSE_ConfigDb: read_data_db[lcf_table_remote] : key:0x52f3697f value:0 status:0 CseEr_GetErrorCode:0 sql_status:0 token:970
07-01 02:53:08.473   977  1817 I ConfigDbClient: == wait for ReqKey:0x52f3697f, Req token[970]
07-01 02:53:08.473   977  1817 I ConfigDbClient: ==> [Req:Resp] table[lcf_table_remote] key[0x52f3697f:0x52f3697f], value[0], token[970:970]
07-01 02:53:08.474   978  1609 I <VSM>VehicleStatusManagerService: Query kvDB (PwmInitialReceiveTime2Unprovisioned)[lcf_table_remote:0x52f3697f] success. value(0)
07-01 02:53:08.474  1620  1653 I PowerModeTimer: readPowerTimerConfigValue : item PwmInitialReceiveTime2Unprovisioned, val : 0
07-01 02:53:08.474  1620  1653 V PowerModeTimer: resetTimerValue :id - 5, timer - 0
07-01 02:53:08.474  1620  1653 V PowerModeTimer: resetTimerValue :PwmInitialReceiveTime2Unprovisioned - 0
07-01 02:53:08.474   977  1817 I ConfigDbClient: ReadKv, Key:engine_block_staus, token[971]
07-01 02:53:08.474   977  1817 I CSE_ConfigDb: received msg from teleVM:3 engine_block_staus, token:971
07-01 02:53:08.476   977  1452 I CSE_ConfigDb: CONFIGDB_CB_CMD_READ_KV
07-01 02:53:08.481   977  1452 I CSE_ConfigDb: read_data_db[telematics_common_table] : key:engine_block_staus value:0 status:0 CseEr_GetErrorCode:0 sql_status:0 token:971
07-01 02:53:08.481   977  1817 I ConfigDbClient: == wait for ReqKey:engine_block_staus, Req token[971]
07-01 02:53:08.481   977  1817 I ConfigDbClient: ==> [Req:Resp] table[telematics_common_table] key[engine_block_staus:engine_block_staus], value[0], token[971:971]
07-01 02:53:08.482   978  1958 I <VSM>VehicleStatusManagerService: Query kvDB (engine_block_staus)[telematics_common_table:engine_block_staus] success. value(0)
07-01 02:53:08.482   977  1817 I ConfigDbClient: ReadKv, Key:0x4ffc6472, token[972]
07-01 02:53:08.482   977  1817 I CSE_ConfigDb: received msg from teleVM:3 0x4ffc6472, token:972
07-01 02:53:08.482   977  1452 I CSE_ConfigDb: CONFIGDB_CB_CMD_READ_KV
07-01 02:53:08.486   977  1452 I CSE_ConfigDb: read_data_db[lcf_table_remote] : key:0x4ffc6472 value:518400 status:0 CseEr_GetErrorCode:0 sql_status:0 token:972
07-01 02:53:08.486   977  1817 I ConfigDbClient: == wait for ReqKey:0x4ffc6472, Req token[972]
07-01 02:53:08.487   977  1817 I ConfigDbClient: ==> [Req:Resp] table[lcf_table_remote] key[0x4ffc6472:0x4ffc6472], value[518400], token[972:972]
07-01 02:53:08.488   978  1609 I <VSM>VehicleStatusManagerService: Query kvDB (PwmFirstPeriodicCycle)[lcf_table_remote:0x4ffc6472] success. value(518400)
07-01 02:53:08.488  1620  1653 I PowerModeTimer: readPowerTimerConfigValue : item PwmFirstPeriodicCycle, val : 518400
07-01 02:53:08.488  1620  1653 V PowerModeTimer: resetTimerValue :id - 6, timer - 518400
07-01 02:53:08.488  1620  1653 V PowerModeTimer: resetTimerValue :PwmFirstPeriodicCycle - 518400000
07-01 02:53:08.489   977  1817 I ConfigDbClient: ReadKv, Key:mdf_6E74, token[973]
07-01 02:53:08.489   977  1817 I CSE_ConfigDb: received msg from teleVM:3 mdf_6E74, token:973
07-01 02:53:08.489   977  1452 I CSE_ConfigDb: CONFIGDB_CB_CMD_READ_KV
07-01 02:53:08.493   977  1452 I CSE_ConfigDb: read_data_db[car_config_data] : key:mdf_6E74 value:0 status:0 CseEr_GetErrorCode:0 sql_status:0 token:973
07-01 02:53:08.494   977  1817 I ConfigDbClient: == wait for ReqKey:mdf_6E74, Req token[973]
07-01 02:53:08.494   977  1817 I ConfigDbClient: ==> [Req:Resp] table[car_config_data] key[mdf_6E74:mdf_6E74], value[0], token[973:973]
07-01 02:53:08.494   978  1958 I <VSM>VehicleStatusManagerService: Query kvDB (Battery1Type)[car_config_data:mdf_6E74] success. value(0)
07-01 02:53:08.494   977  1817 I ConfigDbClient: ReadKv, Key:0x52f363bd, token[974]
07-01 02:53:08.494   977  1817 I CSE_ConfigDb: received msg from teleVM:3 0x52f363bd, token:974
07-01 02:53:08.494   977  1452 I CSE_ConfigDb: CONFIGDB_CB_CMD_READ_KV
07-01 02:53:08.499   977  1452 I CSE_ConfigDb: read_data_db[lcf_table_remote] : key:0x52f363bd value:518400 status:0 CseEr_GetErrorCode:0 sql_status:0 token:974
07-01 02:53:08.500   977  1817 I ConfigDbClient: == wait for ReqKey:0x52f363bd, Req token[974]
07-01 02:53:08.500   977  1817 I ConfigDbClient: ==> [Req:Resp] table[lcf_table_remote] key[0x52f363bd:0x52f363bd], value[518400], token[974:974]
07-01 02:53:08.500   978  1609 I <VSM>VehicleStatusManagerService: Query kvDB (PwmFirstPeriodicCycleHolidayMode)[lcf_table_remote:0x52f363bd] success. value(518400)
07-01 02:53:08.500   977  1817 I ConfigDbClient: ReadKv, Key:mdf_6E74, token[975]
07-01 02:53:08.500   977  1817 I CSE_ConfigDb: received msg from teleVM:3 mdf_6E74, token:975
07-01 02:53:08.501   977  1452 I CSE_ConfigDb: CONFIGDB_CB_CMD_READ_KV
07-01 02:53:08.501  1620  1653 I PowerModeTimer: readPowerTimerConfigValue : item PwmFirstPeriodicCycleHolidayMode, val : 518400
07-01 02:53:08.501  1620  1653 V PowerModeTimer: resetTimerValue :id - 7, timer - 518400
07-01 02:53:08.501  1620  1653 V PowerModeTimer: resetTimerValue :PwmFirstPeriodicCycleHolidayMode - 518400000
07-01 02:53:08.503   977  1452 I CSE_ConfigDb: read_data_db[car_config_data] : key:mdf_6E74 value:0 status:0 CseEr_GetErrorCode:0 sql_status:0 token:975
07-01 02:53:08.503   977  1817 I ConfigDbClient: == wait for ReqKey:mdf_6E74, Req token[975]
07-01 02:53:08.503   977  1817 I ConfigDbClient: ==> [Req:Resp] table[car_config_data] key[mdf_6E74:mdf_6E74], value[0], token[975:975]
07-01 02:53:08.503   978  1958 I <VSM>VehicleStatusManagerService: Query kvDB (Battery1Type)[car_config_data:mdf_6E74] success. value(0)
07-01 02:53:08.504   977  1817 I ConfigDbClient: ReadKv, Key:0x505c6e0c, token[976]
07-01 02:53:08.504   977  1817 I CSE_ConfigDb: received msg from teleVM:3 0x505c6e0c, token:976
07-01 02:53:08.504   977  1452 I CSE_ConfigDb: CONFIGDB_CB_CMD_READ_KV
07-01 02:53:08.507   977  1452 I CSE_ConfigDb: read_data_db[lcf_table_remote] : key:0x505c6e0c value:0 status:0 CseEr_GetErrorCode:0 sql_status:0 token:976
07-01 02:53:08.507   977  1817 I ConfigDbClient: == wait for ReqKey:0x505c6e0c, Req token[976]
07-01 02:53:08.507   977  1817 I ConfigDbClient: ==> [Req:Resp] table[lcf_table_remote] key[0x505c6e0c:0x505c6e0c], value[0], token[976:976]
07-01 02:53:08.507   978  1609 I <VSM>VehicleStatusManagerService: Query kvDB (PwmFirstPeriodicCycleUnprovisioned)[lcf_table_remote:0x505c6e0c] success. value(0)
07-01 02:53:08.507  1620  1653 I PowerModeTimer: readPowerTimerConfigValue : item PwmFirstPeriodicCycleUnprovisioned, val : 0
07-01 02:53:08.507  1620  1653 V PowerModeTimer: resetTimerValue :id - 8, timer - 0
07-01 02:53:08.507  1620  1653 V PowerModeTimer: resetTimerValue :PwmFirstPeriodicCycleUnprovisioned - 0
07-01 02:53:08.508   977  1817 I ConfigDbClient: ReadKv, Key:mdf_5B57, token[977]
07-01 02:53:08.508   977  1817 I CSE_ConfigDb: received msg from teleVM:3 mdf_5B57, token:977
07-01 02:53:08.509   977  1452 I CSE_ConfigDb: CONFIGDB_CB_CMD_READ_KV
07-01 02:53:08.519   977  1452 I CSE_ConfigDb: read_data_db[car_config_data] : key:mdf_5B57 value:0 status:0 CseEr_GetErrorCode:0 sql_status:0 token:977
07-01 02:53:08.519   977  1817 I ConfigDbClient: == wait for ReqKey:mdf_5B57, Req token[977]
07-01 02:53:08.519   977  1817 I ConfigDbClient: ==> [Req:Resp] table[car_config_data] key[mdf_5B57:mdf_5B57], value[0], token[977:977]
07-01 02:53:08.519   978  1958 I <VSM>VehicleStatusManagerService: Query kvDB (MovingWindows)[car_config_data:mdf_5B57] success. value(0)
07-01 02:53:08.520   977  1817 I ConfigDbClient: ReadKv, Key:0x4ffc645c, token[978]
07-01 02:53:08.520   977  1817 I CSE_ConfigDb: received msg from teleVM:3 0x4ffc645c, token:978
07-01 02:53:08.520   977  1452 I CSE_ConfigDb: CONFIGDB_CB_CMD_READ_KV
07-01 02:53:08.523   977  1452 I CSE_ConfigDb: read_data_db[lcf_table_remote] : key:0x4ffc645c value:14400 status:0 CseEr_GetErrorCode:0 sql_status:0 token:978
07-01 02:53:08.523   977  1817 I ConfigDbClient: == wait for ReqKey:0x4ffc645c, Req token[978]
07-01 02:53:08.523   977  1817 I ConfigDbClient: ==> [Req:Resp] table[lcf_table_remote] key[0x4ffc645c:0x4ffc645c], value[14400], token[978:978]
07-01 02:53:08.523   978  1609 I <VSM>VehicleStatusManagerService: Query kvDB (PwmSleepTime)[lcf_table_remote:0x4ffc645c] success. value(14400)
07-01 02:53:08.524  1620  1653 I PowerModeTimer: readPowerTimerConfigValue : item PwmSleepTime, val : 14400
07-01 02:53:08.524  1620  1653 V PowerModeTimer: resetTimerValue :id - 9, timer - 14400
07-01 02:53:08.524  1620  1653 V PowerModeTimer: resetTimerValue :PwmSleepTime - 14400000
07-01 02:53:08.524   977  1817 I ConfigDbClient: ReadKv, Key:mdf_5B57, token[979]
07-01 02:53:08.524   977  1817 I CSE_ConfigDb: received msg from teleVM:3 mdf_5B57, token:979
07-01 02:53:08.524   977  1452 I CSE_ConfigDb: CONFIGDB_CB_CMD_READ_KV
07-01 02:53:08.535   977  1452 I CSE_ConfigDb: read_data_db[car_config_data] : key:mdf_5B57 value:0 status:0 CseEr_GetErrorCode:0 sql_status:0 token:979
07-01 02:53:08.535   977  1817 I ConfigDbClient: == wait for ReqKey:mdf_5B57, Req token[979]
07-01 02:53:08.535   977  1817 I ConfigDbClient: ==> [Req:Resp] table[car_config_data] key[mdf_5B57:mdf_5B57], value[0], token[979:979]
07-01 02:53:08.536   978  1958 I <VSM>VehicleStatusManagerService: Query kvDB (MovingWindows)[car_config_data:mdf_5B57] success. value(0)
07-01 02:53:08.536   977  1817 I ConfigDbClient: ReadKv, Key:0x52f363b4, token[980]
07-01 02:53:08.536   977  1817 I CSE_ConfigDb: received msg from teleVM:3 0x52f363b4, token:980
07-01 02:53:08.536   977  1452 I CSE_ConfigDb: CONFIGDB_CB_CMD_READ_KV
07-01 02:53:08.537   977  1452 I CSE_ConfigDb: read_data_db[lcf_table_remote] : key:0x52f363b4 value:14280 status:0 CseEr_GetErrorCode:0 sql_status:0 token:980
07-01 02:53:08.538   977  1817 I ConfigDbClient: == wait for ReqKey:0x52f363b4, Req token[980]
07-01 02:53:08.538   977  1817 I ConfigDbClient: ==> [Req:Resp] table[lcf_table_remote] key[0x52f363b4:0x52f363b4], value[14280], token[980:980]
07-01 02:53:08.538   978  1609 I <VSM>VehicleStatusManagerService: Query kvDB (PwmSleepTimeHolidayMode)[lcf_table_remote:0x52f363b4] success. value(14280)
07-01 02:53:08.539  1620  1653 I PowerModeTimer: readPowerTimerConfigValue : item PwmSleepTimeHolidayMode, val : 14280
07-01 02:53:08.539  1620  1653 V PowerModeTimer: resetTimerValue :id - 10, timer - 14280
07-01 02:53:08.539  1620  1653 V PowerModeTimer: resetTimerValue :PwmSleepTimeHolidayMode - 14280000
07-01 02:53:08.539   977  1817 I ConfigDbClient: ReadKv, Key:mdf_5B57, token[981]
07-01 02:53:08.539   977  1817 I CSE_ConfigDb: received msg from teleVM:3 mdf_5B57, token:981
07-01 02:53:08.539   977  1452 I CSE_ConfigDb: CONFIGDB_CB_CMD_READ_KV
07-01 02:53:08.543   977  1452 I CSE_ConfigDb: read_data_db[car_config_data] : key:mdf_5B57 value:0 status:0 CseEr_GetErrorCode:0 sql_status:0 token:981
07-01 02:53:08.543   977  1817 I ConfigDbClient: == wait for ReqKey:mdf_5B57, Req token[981]
07-01 02:53:08.543   977  1817 I ConfigDbClient: ==> [Req:Resp] table[car_config_data] key[mdf_5B57:mdf_5B57], value[0], token[981:981]
07-01 02:53:08.544   978  1958 I <VSM>VehicleStatusManagerService: Query kvDB (MovingWindows)[car_config_data:mdf_5B57] success. value(0)
07-01 02:53:08.544  1896 19066 V RVM_Ngtp: [vehicleUpLinkData:359] MovingWindows Parameter() = 0 : Stop Monitoring Window Status
07-01 02:53:08.544  1896 19066 V RVM_Ngtp: [vehicleUpLinkData:377] DoorStatus[3f], latchstatus[0]
07-01 02:53:08.544  1896 19066 V RVM_Ngtp: [vehicleUpLinkData:505] tyrePressureFL:0, tyrePressureFR:0, tyrePressureRL:0, tyrePressureRR:0
07-01 02:53:08.544   977  1817 I ConfigDbClient: ReadKv, Key:0x505c6df4, token[982]
07-01 02:53:08.544   977  1817 I CSE_ConfigDb: received msg from teleVM:3 0x505c6df4, token:982
07-01 02:53:08.544   977  1452 I CSE_ConfigDb: CONFIGDB_CB_CMD_READ_KV
07-01 02:53:08.546   977  1452 I CSE_ConfigDb: read_data_db[lcf_table_remote] : key:0x505c6df4 value:0 status:0 CseEr_GetErrorCode:0 sql_status:0 token:982
07-01 02:53:08.546   977  1817 I ConfigDbClient: == wait for ReqKey:0x505c6df4, Req token[982]
07-01 02:53:08.546   977  1817 I ConfigDbClient: ==> [Req:Resp] table[lcf_table_remote] key[0x505c6df4:0x505c6df4], value[0], token[982:982]
07-01 02:53:08.546   978  1609 I <VSM>VehicleStatusManagerService: Query kvDB (PwmSleepTimeUnprovisioned)[lcf_table_remote:0x505c6df4] success. value(0)
07-01 02:53:08.546  1620  1653 I PowerModeTimer: readPowerTimerConfigValue : item PwmSleepTimeUnprovisioned, val : 0
07-01 02:53:08.546  1620  1653 V PowerModeTimer: resetTimerValue :id - 11, timer - 0
07-01 02:53:08.546  1620  1653 V PowerModeTimer: resetTimerValue :PwmSleepTimeUnprovisioned - 0
07-01 02:53:08.546   977  1817 I ConfigDbClient: ReadKv, Key:mdf_5247, token[983]
07-01 02:53:08.546   977  1817 I CSE_ConfigDb: received msg from teleVM:3 mdf_5247, token:983
07-01 02:53:08.547   977  1452 I CSE_ConfigDb: CONFIGDB_CB_CMD_READ_KV
07-01 02:53:08.550   977  1452 I CSE_ConfigDb: read_data_db[car_config_data] : key:mdf_5247 value:0 status:0 CseEr_GetErrorCode:0 sql_status:0 token:983
07-01 02:53:08.550   977  1817 I ConfigDbClient: == wait for ReqKey:mdf_5247, Req token[983]
07-01 02:53:08.550   977  1817 I ConfigDbClient: ==> [Req:Resp] table[car_config_data] key[mdf_5247:mdf_5247], value[0], token[983:983]
07-01 02:53:08.551   978  1958 I <VSM>VehicleStatusManagerService: Query kvDB (ConvenienceFold)[car_config_data:mdf_5247] success. value(0)
07-01 02:53:08.551   977  1817 I ConfigDbClient: ReadKv, Key:0x4ffc645a, token[984]
07-01 02:53:08.551   977  1817 I CSE_ConfigDb: received msg from teleVM:3 0x4ffc645a, token:984
07-01 02:53:08.551   977  1452 I CSE_ConfigDb: CONFIGDB_CB_CMD_READ_KV
07-01 02:53:08.553   977  1817 I ConfigDbClient: == wait for ReqKey:0x4ffc645a, Req token[984]
07-01 02:53:08.553   977  1817 I ConfigDbClient: ==> [Req:Resp] table[lcf_table_remote] key[0x4ffc645a:0x4ffc645a], value[120], token[984:984]
07-01 02:53:08.554   978  1609 I <VSM>VehicleStatusManagerService: Query kvDB (PwmReceiveTime)[lcf_table_remote:0x4ffc645a] success. value(120)
07-01 02:53:08.554   977  1817 I ConfigDbClient: ReadKv, Key:mdf_5247, token[985]
07-01 02:53:08.554   977  1817 I CSE_ConfigDb: received msg from teleVM:3 mdf_5247, token:985
07-01 02:53:08.553   977  1452 I CSE_ConfigDb: read_data_db[lcf_table_remote] : key:0x4ffc645a value:120 status:0 CseEr_GetErrorCode:0 sql_status:0 token:984
07-01 02:53:08.554   977  1452 I CSE_ConfigDb: CONFIGDB_CB_CMD_READ_KV
07-01 02:53:08.554  1620  1653 I PowerModeTimer: readPowerTimerConfigValue : item PwmReceiveTime, val : 120
07-01 02:53:08.554  1620  1653 V PowerModeTimer: resetTimerValue :id - 12, timer - 120
07-01 02:53:08.554  1620  1653 V PowerModeTimer: resetTimerValue :PwmReceiveTime - 120000
07-01 02:53:08.558   977  1452 I CSE_ConfigDb: read_data_db[car_config_data] : key:mdf_5247 value:0 status:0 CseEr_GetErrorCode:0 sql_status:0 token:985
07-01 02:53:08.558   977  1817 I ConfigDbClient: == wait for ReqKey:mdf_5247, Req token[985]
07-01 02:53:08.558   977  1817 I ConfigDbClient: ==> [Req:Resp] table[car_config_data] key[mdf_5247:mdf_5247], value[0], token[985:985]
07-01 02:53:08.558   978  1958 I <VSM>VehicleStatusManagerService: Query kvDB (ConvenienceFold)[car_config_data:mdf_5247] success. value(0)
07-01 02:53:08.558   977  1817 I ConfigDbClient: ReadKv, Key:0x52f363a5, token[986]
07-01 02:53:08.558   977  1817 I CSE_ConfigDb: received msg from teleVM:3 0x52f363a5, token:986
07-01 02:53:08.559   977  1452 I CSE_ConfigDb: CONFIGDB_CB_CMD_READ_KV
07-01 02:53:08.561   977  1452 I CSE_ConfigDb: read_data_db[lcf_table_remote] : key:0x52f363a5 value:120 status:0 CseEr_GetErrorCode:0 sql_status:0 token:986
07-01 02:53:08.561   977  1817 I ConfigDbClient: == wait for ReqKey:0x52f363a5, Req token[986]
07-01 02:53:08.561   977  1817 I ConfigDbClient: ==> [Req:Resp] table[lcf_table_remote] key[0x52f363a5:0x52f363a5], value[120], token[986:986]
07-01 02:53:08.561   978  1609 I <VSM>VehicleStatusManagerService: Query kvDB (PwmReceiveTimeHolidayMode)[lcf_table_remote:0x52f363a5] success. value(120)
07-01 02:53:08.561   977  1817 I ConfigDbClient: ReadKv, Key:mdf_0177, token[987]
07-01 02:53:08.561   977  1817 I CSE_ConfigDb: received msg from teleVM:3 mdf_0177, token:987
07-01 02:53:08.561   977  1452 I CSE_ConfigDb: CONFIGDB_CB_CMD_READ_KV
07-01 02:53:08.561  1620  1653 I PowerModeTimer: readPowerTimerConfigValue : item PwmReceiveTimeHolidayMode, val : 120
07-01 02:53:08.561  1620  1653 V PowerModeTimer: resetTimerValue :id - 13, timer - 120
07-01 02:53:08.561  1620  1653 V PowerModeTimer: resetTimerValue :PwmReceiveTimeHolidayMode - 120000
07-01 02:53:08.563   977  1452 I CSE_ConfigDb: read_data_db[car_config_data] : key:mdf_0177 value:0 status:0 CseEr_GetErrorCode:0 sql_status:0 token:987
07-01 02:53:08.563   977  1817 I ConfigDbClient: == wait for ReqKey:mdf_0177, Req token[987]
07-01 02:53:08.563   977  1817 I ConfigDbClient: ==> [Req:Resp] table[car_config_data] key[mdf_0177:mdf_0177], value[0], token[987:987]
07-01 02:53:08.563   978  1958 I <VSM>VehicleStatusManagerService: Query kvDB (Fuel)[car_config_data:mdf_0177] success. value(0)
07-01 02:53:08.565   977  1817 I ConfigDbClient: ReadKv, Key:0x000001d7, token[988]
07-01 02:53:08.565   977  1817 I CSE_ConfigDb: received msg from teleVM:3 0x000001d7, token:988
07-01 02:53:08.565   977  1452 I CSE_ConfigDb: CONFIGDB_CB_CMD_READ_KV
07-01 02:53:08.568   977  1452 I CSE_ConfigDb: read_data_db[lcf_table_remote] : key:0x000001d7 value:0 status:0 CseEr_GetErrorCode:0 sql_status:0 token:988
07-01 02:53:08.568   977  1817 I ConfigDbClient: == wait for ReqKey:0x000001d7, Req token[988]
07-01 02:53:08.568   977  1817 I ConfigDbClient: ==> [Req:Resp] table[lcf_table_remote] key[0x000001d7:0x000001d7], value[0], token[988:988]
07-01 02:53:08.568   978  1958 I <VSM>VehicleStatusManagerService: Query kvDB (AppModeCC)[lcf_table_remote:0x000001d7] success. value(0)
07-01 02:53:08.569  1896 19066 E APP     : [vehicleUpLinkData] AppModeCC is disabled
07-01 02:53:08.569  1896 19066 D RVM_Ngtp: [vehicleUpLinkData:821] AppModeCC is disabled
07-01 02:53:08.569   977  1817 I ConfigDbClient: ReadKv, Key:0x505c6df3, token[989]
07-01 02:53:08.570   977  1817 I CSE_ConfigDb: received msg from teleVM:3 0x505c6df3, token:989
07-01 02:53:08.570   977  1452 I CSE_ConfigDb: CONFIGDB_CB_CMD_READ_KV
07-01 02:53:08.574   977  1817 I ConfigDbClient: == wait for ReqKey:0x505c6df3, Req token[989]
07-01 02:53:08.574   977  1817 I ConfigDbClient: ==> [Req:Resp] table[lcf_table_remote] key[0x505c6df3:0x505c6df3], value[0], token[989:989]
07-01 02:53:08.574   978  1609 I <VSM>VehicleStatusManagerService: Query kvDB (PwmReceiveTimeUnprovisioned)[lcf_table_remote:0x505c6df3] success. value(0)
07-01 02:53:08.574  1620  1653 I PowerModeTimer: readPowerTimerConfigValue : item PwmReceiveTimeUnprovisioned, val : 0
07-01 02:53:08.574  1620  1653 V PowerModeTimer: resetTimerValue :id - 14, timer - 0
07-01 02:53:08.574  1620  1653 V PowerModeTimer: resetTimerValue :PwmReceiveTimeUnprovisioned - 0
07-01 02:53:08.575   977  1817 I ConfigDbClient: ReadKv, Key:0x521f112e, token[990]
07-01 02:53:08.575   977  1817 I CSE_ConfigDb: received msg from teleVM:3 0x521f112e, token:990
07-01 02:53:08.576   977  1452 I CSE_ConfigDb: read_data_db[lcf_table_remote] : key:0x505c6df3 value:0 status:0 CseEr_GetErrorCode:0 sql_status:0 token:989
07-01 02:53:08.576   977  1452 I CSE_ConfigDb: CONFIGDB_CB_CMD_READ_KV
07-01 02:53:08.578   977  1452 I CSE_ConfigDb: read_data_db[lcf_table_remote] : key:0x521f112e value:1800 status:0 CseEr_GetErrorCode:0 sql_status:0 token:990
07-01 02:53:08.578   977  1817 I ConfigDbClient: == wait for ReqKey:0x521f112e, Req token[990]
07-01 02:53:08.578   977  1817 I ConfigDbClient: ==> [Req:Resp] table[lcf_table_remote] key[0x521f112e:0x521f112e], value[1800], token[990:990]
07-01 02:53:08.578   978  1958 I <VSM>VehicleStatusManagerService: Query kvDB (ClimateControlResRunTime_s)[lcf_table_remote:0x521f112e] success. value(1800)
07-01 02:53:08.578  1896 19066 V RVM_Cfg : [getResRemainRunTime_M:895] ResRemainRunTime minute:30
07-01 02:53:08.579  1896 19066 V RVM_Cfg : [getFfhRemainRunTime_M:860] FfhRemainRunTime minute:0
07-01 02:53:08.579   977  1513 I ConfigDbClient: ReadKv, Key:0x504b6691, token[991]
07-01 02:53:08.579   977  1513 I CSE_ConfigDb: received msg from teleVM:3 0x504b6691, token:991
07-01 02:53:08.580   987  1604 E CM_SPI  : MCU->MSM Type[01] Cat[05, 19] Cmd[01, 00] PayloadLen[0004] Payload[05 60 00 F8]
07-01 02:53:08.580  1896 19066 V RVM_App : [isLocationDataAvailable:967] isLocationDataAvailable() : 0
07-01 02:53:08.580  1896 19066 V RVM_App : [getFixtimeForDays:945] getFixtimeForDays
07-01 02:53:08.581   977  1452 I CSE_ConfigDb: CONFIGDB_CB_CMD_READ_KV
07-01 02:53:08.596  1621  1889 E DiagService: notifyDtcResult dtcItemIndex 2, dtcResult 0x0, faultCount -8
07-01 02:53:08.596  1621  1889 I DiagReadDTCInfo: receiveDTCResult dtcItemIndex 2, dtcResult 0x0, faultCount -8
07-01 02:53:08.597  1753  1776 V Location:ServiceStub: getLoastLocationData
07-01 02:53:08.597   977  1452 I CSE_ConfigDb: read_data_db[lcf_table_remote] : key:0x504b6691 value:1814400 status:0 CseEr_GetErrorCode:0 sql_status:0 token:991
07-01 02:53:08.597   977  1513 I ConfigDbClient: == wait for ReqKey:0x504b6691, Req token[991]
07-01 02:53:08.597   977  1513 I ConfigDbClient: ==> [Req:Resp] table[lcf_table_remote] key[0x504b6691:0x504b6691], value[1814400], token[991:991]
07-01 02:53:08.597  1896 19066 V RVM_Ngtp: [getDaysSinceGnssFix:2137] sysTime = 709959188, locaFixTime = 0
07-01 02:53:08.597  1896 19066 V RVM_Ngtp: [getDaysSinceGnssFix:2138] daysSinceGnssFix = 0, diffTime = 0
07-01 02:53:08.598   978  1609 I <VSM>VehicleStatusManagerService: Query kvDB (PwmSecondPeriodicCycle)[lcf_table_remote:0x504b6691] success. value(1814400)
07-01 02:53:08.599  1620  1653 I PowerModeTimer: readPowerTimerConfigValue : item PwmSecondPeriodicCycle, val : 1814400
07-01 02:53:08.599  1620  1653 V PowerModeTimer: resetTimerValue :id - 15, timer - 1814400
07-01 02:53:08.599  1620  1653 V PowerModeTimer: resetTimerValue :PwmSecondPeriodicCycle - 1814400000
07-01 02:53:08.602   977  1513 I ConfigDbClient: ReadKv, Key:mdf_5247, token[992]
07-01 02:53:08.603   977  1513 I CSE_ConfigDb: received msg from teleVM:3 mdf_5247, token:992
07-01 02:53:08.604   977  1452 I CSE_ConfigDb: CONFIGDB_CB_CMD_READ_KV
07-01 02:53:08.605   977  1452 I CSE_ConfigDb: read_data_db[car_config_data] : key:mdf_5247 value:0 status:0 CseEr_GetErrorCode:0 sql_status:0 token:992
07-01 02:53:08.607   977  1513 I ConfigDbClient: == wait for ReqKey:mdf_5247, Req token[992]
07-01 02:53:08.607   977  1513 I ConfigDbClient: ==> [Req:Resp] table[car_config_data] key[mdf_5247:mdf_5247], value[0], token[992:992]
07-01 02:53:08.607   978  1958 I <VSM>VehicleStatusManagerService: Query kvDB (ConvenienceFold)[car_config_data:mdf_5247] success. value(0)
07-01 02:53:08.608   977  1513 I ConfigDbClient: ReadKv, Key:0x52f363d5, token[993]
07-01 02:53:08.608   977  1513 I CSE_ConfigDb: received msg from teleVM:3 0x52f363d5, token:993
07-01 02:53:08.609   977  1452 I CSE_ConfigDb: CONFIGDB_CB_CMD_READ_KV
07-01 02:53:08.615   977  1452 I CSE_ConfigDb: read_data_db[lcf_table_remote] : key:0x52f363d5 value:1814400 status:0 CseEr_GetErrorCode:0 sql_status:0 token:993
07-01 02:53:08.615   977  1513 I ConfigDbClient: == wait for ReqKey:0x52f363d5, Req token[993]
07-01 02:53:08.615   977  1513 I ConfigDbClient: ==> [Req:Resp] table[lcf_table_remote] key[0x52f363d5:0x52f363d5], value[1814400], token[993:993]
07-01 02:53:08.615   978  1609 I <VSM>VehicleStatusManagerService: Query kvDB (PwmSecondPeriodicCycleHolidayMode)[lcf_table_remote:0x52f363d5] success. value(1814400)
07-01 02:53:08.615   977  1513 I ConfigDbClient: ReadKv, Key:mdf_5247, token[994]
07-01 02:53:08.615   977  1513 I CSE_ConfigDb: received msg from teleVM:3 mdf_5247, token:994
07-01 02:53:08.616  1620  1653 I PowerModeTimer: readPowerTimerConfigValue : item PwmSecondPeriodicCycleHolidayMode, val : 1814400
07-01 02:53:08.616  1620  1653 V PowerModeTimer: resetTimerValue :id - 16, timer - 1814400
07-01 02:53:08.616  1620  1653 V PowerModeTimer: resetTimerValue :PwmSecondPeriodicCycleHolidayMode - 1814400000
07-01 02:53:08.616   977  1452 I CSE_ConfigDb: CONFIGDB_CB_CMD_READ_KV
07-01 02:53:08.620   977  1452 I CSE_ConfigDb: read_data_db[car_config_data] : key:mdf_5247 value:0 status:0 CseEr_GetErrorCode:0 sql_status:0 token:994
07-01 02:53:08.621   977  1513 I ConfigDbClient: == wait for ReqKey:mdf_5247, Req token[994]
07-01 02:53:08.621   977  1513 I ConfigDbClient: ==> [Req:Resp] table[car_config_data] key[mdf_5247:mdf_5247], value[0], token[994:994]
07-01 02:53:08.621   978  1958 I <VSM>VehicleStatusManagerService: Query kvDB (ConvenienceFold)[car_config_data:mdf_5247] success. value(0)
07-01 02:53:08.624   977  1513 I ConfigDbClient: ReadKv, Key:0x505c70a2, token[995]
07-01 02:53:08.624   977  1513 I CSE_ConfigDb: received msg from teleVM:3 0x505c70a2, token:995
07-01 02:53:08.624   977  1452 I CSE_ConfigDb: CONFIGDB_CB_CMD_READ_KV
07-01 02:53:08.626   977  1452 I CSE_ConfigDb: read_data_db[lcf_table_remote] : key:0x505c70a2 value:0 status:0 CseEr_GetErrorCode:0 sql_status:0 token:995
07-01 02:53:08.626   977  1513 I ConfigDbClient: == wait for ReqKey:0x505c70a2, Req token[995]
07-01 02:53:08.626   977  1513 I ConfigDbClient: ==> [Req:Resp] table[lcf_table_remote] key[0x505c70a2:0x505c70a2], value[0], token[995:995]
07-01 02:53:08.626   978  1609 I <VSM>VehicleStatusManagerService: Query kvDB (PwmSecondPeriodicCycleUnprovisioned)[lcf_table_remote:0x505c70a2] success. value(0)
07-01 02:53:08.626  1620  1653 I PowerModeTimer: readPowerTimerConfigValue : item PwmSecondPeriodicCycleUnprovisioned, val : 0
07-01 02:53:08.626   977  1513 I ConfigDbClient: ReadKv, Key:0x00000033, token[996]
07-01 02:53:08.627   977  1513 I CSE_ConfigDb: received msg from teleVM:3 0x00000033, token:996
07-01 02:53:08.627   977  1452 I CSE_ConfigDb: CONFIGDB_CB_CMD_READ_KV
07-01 02:53:08.632  1620  1653 V PowerModeTimer: resetTimerValue :id - 17, timer - 0
07-01 02:53:08.632  1620  1653 V PowerModeTimer: resetTimerValue :PwmSecondPeriodicCycleUnprovisioned - 0
07-01 02:53:08.645   977  1513 I ConfigDbClient: == wait for ReqKey:0x00000033, Req token[996]
07-01 02:53:08.645   977  1513 I ConfigDbClient: ==> [Req:Resp] table[lcf_table_remote] key[0x00000033:0x00000033], value[0], token[996:996]
07-01 02:53:08.645   977  1452 I CSE_ConfigDb: read_data_db[lcf_table_remote] : key:0x00000033 value:0 status:0 CseEr_GetErrorCode:0 sql_status:0 token:996
07-01 02:53:08.645   978  1958 I <VSM>VehicleStatusManagerService: Query kvDB (AppModeEVR)[lcf_table_remote:0x00000033] success. value(0)
07-01 02:53:08.647   977  1513 I ConfigDbClient: ReadKv, Key:0x00000034, token[997]
07-01 02:53:08.647   977  1513 I CSE_ConfigDb: received msg from teleVM:3 0x00000034, token:997
07-01 02:53:08.656   977  1452 I CSE_ConfigDb: CONFIGDB_CB_CMD_READ_KV
07-01 02:53:08.668   977  1513 I ConfigDbClient: == wait for ReqKey:0x00000034, Req token[997]
07-01 02:53:08.668   977  1513 I ConfigDbClient: ==> [Req:Resp] table[lcf_table_remote] key[0x00000034:0x00000034], value[0], token[997:997]
07-01 02:53:08.668   977  1452 I CSE_ConfigDb: read_data_db[lcf_table_remote] : key:0x00000034 value:0 status:0 CseEr_GetErrorCode:0 sql_status:0 token:997
07-01 02:53:08.668   978  1958 I <VSM>VehicleStatusManagerService: Query kvDB (AppModeEVC)[lcf_table_remote:0x00000034] success. value(0)
07-01 02:53:08.669   977  1513 I ConfigDbClient: ReadKv, Key:0x00000035, token[998]
07-01 02:53:08.669   977  1513 I CSE_ConfigDb: received msg from teleVM:3 0x00000035, token:998
07-01 02:53:08.669   977  1452 I CSE_ConfigDb: CONFIGDB_CB_CMD_READ_KV
07-01 02:53:08.671   977  1513 I ConfigDbClient: == wait for ReqKey:0x00000035, Req token[998]
07-01 02:53:08.671   977  1513 I ConfigDbClient: ==> [Req:Resp] table[lcf_table_remote] key[0x00000035:0x00000035], value[0], token[998:998]
07-01 02:53:08.671   978  1958 I <VSM>VehicleStatusManagerService: Query kvDB (AppModeECC)[lcf_table_remote:0x00000035] success. value(0)
07-01 02:53:08.671   977  1513 I ConfigDbClient: ReadKv, Key:0x4ffc6b45, token[999]
07-01 02:53:08.671   977  1513 I CSE_ConfigDb: received msg from teleVM:3 0x4ffc6b45, token:999
07-01 02:53:08.671  1896 19066 E APP     : [vehicleUpLinkData] Trigger Type : engineOff
07-01 02:53:08.671  1896 19066 D RVM_Ngtp: [vehicleUpLinkData:1352] Trigger Type : engineOff
07-01 02:53:08.671  1896 19066 E APP     : [vehicleUpLinkData] vehicleUpLinkData [END]
07-01 02:53:08.671  1896 19066 D RVM_Ngtp: [vehicleUpLinkData:1362] vehicleUpLinkData [END]
07-01 02:53:08.671  1896 19066 E APP     : [RVSUpdateMessage] Before ASN encode()
07-01 02:53:08.671  1896 19066 D RVM_Ngtp: [RVSUpdateMessage:1687] Before ASN encode()
07-01 02:53:08.671  1896 19066 E APP     : [RVSUpdateMessage] After ASN encode()
07-01 02:53:08.671  1896 19066 D RVM_Ngtp: [RVSUpdateMessage:1702] After ASN encode()
07-01 02:53:08.671  1896 19066 V RVM_Ngtp: [RVSUpdateMessage:1705] encoded byte:98 
07-01 02:53:08.671  1896 19066 V RVM_Ngtp: [RVSUpdateMessage:1745] serviceType[11], messageType[2], creationTime_seconds[709959188], creationTime_millis[671]
07-01 02:53:08.671  1896 19066 V RVM_Ngtp: [RVSUpdateMessage:1748] encodedSvcData.get_data()[Fg], encodedSvcData.get_data_size()[98]
07-01 02:53:08.671  1896 19066 E APP     : [RVSUpdateMessage] Send RVSUpdateMessage
07-01 02:53:08.672  1896 19066 D RVM_Ngtp: [RVSUpdateMessage:1750] Send RVSUpdateMessage
07-01 02:53:08.672  1896 19066 V RVM_NS  : [EnQueueNSendMessage:758] EnQueueNSendMessage msgType=1
07-01 02:53:08.672  1896 19066 V RVM_NS  : [EnQueue:172] RVM_NGTPMessageQueue:EnQueue msgType =1
07-01 02:53:08.672  1896 19066 E APP     : [GetQueueCount] GetQueueCount : message type = [1], count = [20], total count = [70]
07-01 02:53:08.672  1896 19066 D RVM_NS  : [GetQueueCount:405] GetQueueCount : message type = [1], count = [20], total count = [70]
07-01 02:53:08.672  1896 19066 E APP     : [EnQueue] EnQueue -> queue count is greather than maxCount for msgType =1
07-01 02:53:08.672  1896 19066 D RVM_NS  : [EnQueue:195] EnQueue -> queue count is greather than maxCount for msgType =1
07-01 02:53:08.672  1896 19066 V RVM_NS  : [dequeueMessage:89] dequeueMessage msgType= 1
07-01 02:53:08.672  1896 19066 V RVM_NS  : [enqueueMessage:61] enqueueMessage
07-01 02:53:08.672  1896 19066 V RVM_NS  : [SendMessageInQueue:1368] SendMessageInQueue
07-01 02:53:08.672  1896 19066 E APP     : [StartAdditionalDelayForUnsentMsgTx] StartAdditionalDelayForUnsentMsgTx(): AppAck_RetryCount[0]
07-01 02:53:08.672  1896 19066 D RVM_NS  : [StartAdditionalDelayForUnsentMsgTx:1145] StartAdditionalDelayForUnsentMsgTx(): AppAck_RetryCount[0]
07-01 02:53:08.672  1896 19066 V RVM_Can : [getCANBusStatus:84] CANBusStatus = 2
07-01 02:53:08.672  1896 19066 V RVM_App : [getMRRetryMaxNr:868] canState : [2]
07-01 02:53:08.672   977  1452 I CSE_ConfigDb: read_data_db[lcf_table_remote] : key:0x00000035 value:0 status:0 CseEr_GetErrorCode:0 sql_status:0 token:998
07-01 02:53:08.673   977  1452 I CSE_ConfigDb: CONFIGDB_CB_CMD_READ_KV
07-01 02:53:08.675 19079 19079 V ProcessState: Spawning new pooled thread, name=Binder_1
07-01 02:53:08.676 19079 19079 I sldd    : command : argv:remoteservice
07-01 02:53:08.676 19079 19079 V         : getInterface_ApplicationManager
07-01 02:53:08.676   977  1513 I ConfigDbClient: == wait for ReqKey:0x4ffc6b45, Req token[999]
07-01 02:53:08.676   977  1513 I ConfigDbClient: ==> [Req:Resp] table[lcf_table_remote] key[0x4ffc6b45:0x4ffc6b45], value[86400], token[999:999]
07-01 02:53:08.676 19079 19079 V         : getInterface_ApplicationManager
07-01 02:53:08.676   978  1609 I <VSM>VehicleStatusManagerService: Query kvDB (PwmSleepTimeSecondCycle)[lcf_table_remote:0x4ffc6b45] success. value(86400)
07-01 02:53:08.676   989  1571 V AppManager: onSendPost, dest = remoteservice
07-01 02:53:08.676  1620  1653 I PowerModeTimer: readPowerTimerConfigValue : item PwmSleepTimeSecondCycle, val : 86400
07-01 02:53:08.676  1620  1653 V PowerModeTimer: resetTimerValue :id - 18, timer - 86400
07-01 02:53:08.676  1620  1653 V PowerModeTimer: resetTimerValue :PwmSleepTimeSecondCycle - 86400000
07-01 02:53:08.677  1895 18070 V RVC     : onPostReceived what:62445 arg1:61700
07-01 02:53:08.677  1895 18070 V RVC     : onPostReceived_sldd what:62445 arg1:61700
07-01 02:53:08.677  1895 18070 I RVC     : postRequest:61700 serviceType: 4 0x4
07-01 02:53:08.677  1895 18070 E APP     : RVC] postRequest:61700 serviceType: 4 0x4
07-01 02:53:08.677   977  1513 I ConfigDbClient: ReadKv, Key:0x0000019a, token[1000]
07-01 02:53:08.677  1895 18070 V RVC     : initSLDDstatusProperty serviceType: 4
07-01 02:53:08.677  1895 18070 D RVC     : setProperty(REONPrePowermode, PROP_NOT_AVAILABLE)
07-01 02:53:08.677   977  1513 I CSE_ConfigDb: received msg from teleVM:3 0x0000019a, token:1000
07-01 02:53:08.677  1895 18070 D RVC     : setProperty(REONPreResStatus, PROP_NOT_AVAILABLE)
