12-27 07:02:16.677   980  1409 I CSE_ConfigDb: modify_data_db[general]: key:tcu_provisioned value:true status:0 CseEr_GetErrorCode:0 sql_status:0 token:766
12-27 07:02:16.677   980 31465 I ConfigDbClient: == wait for ReqKey:tcu_provisioned, Req token[766]
12-27 07:02:16.677   980 31465 I ConfigDbClient: ==> [Req:Resp] table[general] key[tcu_provisioned:tcu_provisioned], value[], token[766:766]
12-27 07:02:16.677   981  1919 I <VSM>VehicleStatusManagerService: Modify kvDB (tcu_provisioned)[general:tcu_provisioned] success. value(true)
12-27 07:02:16.678  1601  1638 V OperationModeManagerImpl: sendOperationalData start : 4
12-27 07:02:16.678   988  1613 E CM_SPI  : MCU->MSM Type[01] Cat[35, 00] Cmd[02, 00] PayloadLen[000B] Payload[42 55 42 20 45 4E 41 42 4C 45 44]
12-27 07:02:16.679  1599  1629 E MCU     : BUB ENABLED
12-27 07:02:16.680   988  1613 E CM_SPI  : MSM->MCU Type[01] Cat[04, 00] Cmd[B3, 03] PayloadLen[0000]
12-27 07:02:16.680   988  1613 E CM_SPI  : MCU->MSM Type[02] Cat[09, 00] Cmd[03, 01] PayloadLen[0000]
12-27 07:02:16.680  1625 18448 V FactoryImpl: onReceive MCU type[x2], cate[x9], subcate[x0], cmd[3], cmd2[x1]
12-27 07:02:16.680  1625 18448 V FactoryUtil: onReceive MCU param[x02][x03][x01], buf is NULL
12-27 07:02:16.681  1625  1677 V FactoryUtil: handleMessage FACTORY_IMPL_RES_FR_MCU_EDU param[x09][x03][x01], buf is NULL
12-27 07:02:16.681  1625  1677 V FactoryEdu: procEduResCommand cate[x09], subCate[x00], cmd[x03], cmd2[x01]
12-27 07:02:16.681  1625  1677 V FactoryUtil: Res Buffer  buf is NULL
12-27 07:02:16.681  1625  1677 V FactoryEdu: procEduResMcuBubChanging cmd[x03] cmd2[x01]
12-27 07:02:16.681  1625  1677 V FactoryEdu: procEduResMcuBubChanging BUB Changing Enable Response
12-27 07:02:16.681  1625  1677 V FactoryBase: sendBuffEduCommData cmd[x93], cmd2[x1]
12-27 07:02:16.681  1601  1638 V OperationModeManagerImpl: changeBand : hw_variant is not HW_COUNTRY_NA. Do not anything
12-27 07:02:16.681  1625  1677 D Buffer  : start dump length[0]
12-27 07:02:16.681  1625  1677 D Buffer  : NULL
12-27 07:02:16.682   988  1692 E CM_UART : [MSM->UART] 18 bytes
12-27 07:02:16.688   988  1613 E CM_SPI  : MCU->MSM Type[02] Cat[04, 00] Cmd[B3, 03] PayloadLen[0000]
12-27 07:02:16.691  1625 18448 V FactoryImpl: onReceive MCU type[x2], cate[x4], subcate[x0], cmd[179], cmd2[x3]
12-27 07:02:16.691  1625 18448 V FactoryUtil: onReceive MCU param[x02][xB3][x03], buf is NULL
12-27 07:02:16.691  1625  1677 V FactoryUtil: handleMessage FACTORY_IMPL_RES_FR_MCU_EDU param[x04][xB3][x03], buf is NULL
12-27 07:02:16.691  1625  1677 V FactoryEdu: procEduResCommand cate[x04], subCate[x00], cmd[xB3], cmd2[x03]
12-27 07:02:16.691  1625  1677 V FactoryUtil: Res Buffer  buf is NULL
12-27 07:02:16.691  1625  1677 V FactoryEdu: procEduResCommand cmd not define cate[x04], subCate[x00], cmd[xB3], cmd2[x03]
12-27 07:02:17.064 21290 21290 V ProcessState: Spawning new pooled thread, name=Binder_1
12-27 07:02:17.065 21290 21290 I sldd    : command : argv:remoteservice
12-27 07:02:17.065 21290 21290 V         : getInterface_ApplicationManager
12-27 07:02:17.065 21290 21290 V         : getInterface_ApplicationManager
12-27 07:02:17.066 21290 21312 V ProcessState: Spawning new pooled thread, name=Binder_2
12-27 07:02:17.066   989  1587 V AppManager: onSendPost, dest = remoteservice
12-27 07:02:17.066 31361 31394 V RVC     : onPostReceived what:62445 arg1:61700
12-27 07:02:17.066 31361 31394 V RVC     : onPostReceived_sldd what:62445 arg1:61700
12-27 07:02:17.066 31361 31394 I RVC     : postRequest:61700 serviceType: 4 0x4
12-27 07:02:17.066 31361 31394 E APP     : RVC] postRequest:61700 serviceType: 4 0x4
12-27 07:02:17.066 31361 31394 V RVC     : initSLDDstatusProperty serviceType: 4
12-27 07:02:17.066 31361 31394 D RVC     : setProperty(REONPrePowermode, PROP_NOT_AVAILABLE)
12-27 07:02:17.066 31361 31394 D RVC     : setProperty(REONPreResStatus, PROP_NOT_AVAILABLE)
12-27 07:02:17.066 31361 31394 D RVC     : setProperty(REONAuthStatus, PROP_NOT_AVAILABLE)
12-27 07:02:17.066 31361 31394 D RVC     : setProperty(REONSuccess, PROP_NOT_AVAILABLE)
12-27 07:02:17.066 31361 31394 D RVC     : setProperty(REONFailReason, PROP_NOT_AVAILABLE)
12-27 07:02:17.066 31361 31394 D RVC     : setProperty(REONPreSVTstatus, PROP_NOT_AVAILABLE)
12-27 07:02:17.066 31361 31394 D RVC     : setProperty(REONPreFuellevel, PROP_NOT_AVAILABLE)
12-27 07:02:17.066 31361 31394 D RVC     : setProperty(REONPreCrashStatus, PROP_NOT_AVAILABLE)
12-27 07:02:17.066 31361 31394 D RVC     : setProperty(REONPreResRuntime, PROP_NOT_AVAILABLE)
12-27 07:02:17.066 31361 31394 D RVC     : save property:resRelevant value:0xffffffff
12-27 07:02:17.066 31361 31394 I RVC_rcvMsg: receiveMessage_TSP(). serviceType: 4
12-27 07:02:17.066 31361 31394 E APP     : RVC] receiveMessage_TSP(). serviceType: 4
12-27 07:02:17.066 31361 31394 V KeepPower: KeepPower acquire module id: 4,keepPowerID:2, releaseTime 360
12-27 07:02:17.066 21290 21290 I sldd_cmd: remoteservice requestREON 
12-27 07:02:17.066  1624 31359 E PowerManagerImpl: acquireKeepPowerInternal id:2, mKeepPowerFlag 0x4, canstate 0
12-27 07:02:17.066  1624 31359 V PowerManagerImpl: startKeepPowerAutoRelTimer : minLife 360
12-27 07:02:17.067  1624 31359 I BootModeAPI: LGE read BootMode = factory
12-27 07:02:17.067  1624 31359 I BootModeAPI: LGE BootMode set value = 0x2000000
12-27 07:02:17.067  1624 31359 E PowerManagerImpl: KeepPowerList : REMOTESERVICE|
12-27 07:02:17.067  1624 31359 I PowerManagerImpl: sendKeepPowerInfo2SystemMonitor(0x8)
12-27 07:02:17.067   977  1595 I PSMClient: reportKeepPowerInfo : keeppowerinfo 8
12-27 07:02:17.067   977  1595 D PSMClient: cse_il_psmclient_receive_from_televm called :15
12-27 07:02:17.067   977  1595 D PSMClient: Packege Queued!
12-27 07:02:17.067   977  1474 D PSMClient: psmclientCond Signaled!
12-27 07:02:17.068   977  1474 D PSMClient: CB_CMD_RERORT_KEEPPOWER_INFO: Calling reportKeepPowerInfoToCSE(0x8)
12-27 07:02:17.068 31361 31394 V KeepPower: KeepPower release module id: 4, keepPowerID:2
12-27 07:02:17.069   977  1474 D PSMClient: CB_CMD_RERORT_KEEPPOWER_INFO: Results from reportKeepPowerInfoToCSE = 0
12-27 07:02:17.069  1624 31359 E PowerManagerImpl: releaseKeepPowerInternal id:2, mKeepPowerFlag 0x4, canstate
12-27 07:02:17.069  1624 31359 E PowerManagerImpl: KeepPowerList : REMOTESERVICE|
12-27 07:02:17.069  1624 31359 I PowerManagerImpl: sendKeepPowerInfo2SystemMonitor(0x8)
12-27 07:02:17.069   977  1595 I PSMClient: reportKeepPowerInfo : keeppowerinfo 8
12-27 07:02:17.069   977  1595 D PSMClient: cse_il_psmclient_receive_from_televm called :15
12-27 07:02:17.069   977  1595 D PSMClient: Packege Queued!
12-27 07:02:17.070   977  1474 D PSMClient: psmclientCond Signaled!
12-27 07:02:17.070   977  1474 D PSMClient: CB_CMD_RERORT_KEEPPOWER_INFO: Calling reportKeepPowerInfoToCSE(0x8)
12-27 07:02:17.070 31361 31394 I RVC     : KeepPower acquire count:1 1 
12-27 07:02:17.070 31361 31394 E APP     : RVC] KeepPower acquire count:1 1 
12-27 07:02:17.070 31361 31394 I RVC_timer: startTimerId timer 27 is running, stop and start again
12-27 07:02:17.070 31361 31394 E APP     : RVC] startTimerId timer 27 is running, stop and start again
12-27 07:02:17.070 31361 31394 I RVC_timer: stopTimerId  timerId:27 
12-27 07:02:17.070 31361 31394 E APP     : RVC] stopTimerId  timerId:27 
12-27 07:02:17.070 31361 31394 I RVC_timer: startTimerId  TIMER_KEEPPOWER_RELEASE(27) duration:360 bRestart:1 
12-27 07:02:17.070 31361 31394 E APP     : RVC] startTimerId  TIMER_KEEPPOWER_RELEASE(27) duration:360 bRestart:1 
12-27 07:02:17.070   977  1474 D PSMClient: CB_CMD_RERORT_KEEPPOWER_INFO: Results from reportKeepPowerInfoToCSE = 0
12-27 07:02:17.071  1624 31359 V PowerManagerImpl: getCurrentPowerMode : 0
12-27 07:02:17.071 31361 31394 D RVC     : RemoteService_getPowerMode():0
12-27 07:02:17.071 31361 31394 I RVC_kvdb: kvDBRx cfgName:res_inhibit start 16225213
12-27 07:02:17.071 31361 31394 E APP     : RVC] kvDBRx cfgName:res_inhibit start 16225213
12-27 07:02:17.071   980 31465 I ConfigDbClient: ReadKv, Key:res_inhibit, token[767]
12-27 07:02:17.071   980 31465 I CSE_ConfigDb: received msg from teleVM:3 res_inhibit, token:767
12-27 07:02:17.072   980  1409 I CSE_ConfigDb: CONFIGDB_CB_CMD_READ_KV
12-27 07:02:17.073   980  1409 I CSE_ConfigDb: read_data_db[telematics_common_table] : key:res_inhibit value:1 status:0 CseEr_GetErrorCode:0 sql_status:0 token:767
12-27 07:02:17.073   980 31465 I ConfigDbClient: == wait for ReqKey:res_inhibit, Req token[767]
12-27 07:02:17.073   980 31465 I ConfigDbClient: ==> [Req:Resp] table[telematics_common_table] key[res_inhibit:res_inhibit], value[1], token[767:767]
12-27 07:02:17.073   981  1919 I <VSM>VehicleStatusManagerService: Query kvDB (res_inhibit)[telematics_common_table:res_inhibit] success. value(1)
12-27 07:02:17.073 31361 31394 I RVC_kvdb: kvDBRx cfgName:res_inhibit 3 value:1(1) end 16225215 takes 2 ms
12-27 07:02:17.073 31361 31394 E APP     : RVC] kvDBRx cfgName:res_inhibit 3 value:1(1) end 16225215 takes 2 ms
12-27 07:02:17.073 31361 31394 D RVC     : setSLDDstatusProperty_CurrentOperationInProgress service:4
12-27 07:02:17.073 31361 31394 E RVC     : setRemoteserviceStateToSota 1 0x1 
12-27 07:02:17.073 31361 31394 E APP     : RVC] setRemoteserviceStateToSota 1 0x1 
12-27 07:02:17.074  1600  4259 E SOTA    : setRemoteState(0x       1,0x       1), old mRESstate = (0x       0)
12-27 07:02:17.074  1600  4259 E SOTA    : new mRESstate = (0x       1), (completed masking with        1)
12-27 07:02:17.074  1600  4259 E SOTA    : getRemoteState(       1), mRESstate = (0x       1)
12-27 07:02:17.074 31361 31394 I RVC_kvdb: kvDBRx cfgName:Additional Heater start 16225216
12-27 07:02:17.074 31361 31394 E APP     : RVC] kvDBRx cfgName:Additional Heater start 16225216
12-27 07:02:17.074   980 31465 I ConfigDbClient: ReadKv, Key:mdf_0427, token[768]
12-27 07:02:17.074   980 31465 I CSE_ConfigDb: received msg from teleVM:3 mdf_0427, token:768
12-27 07:02:17.075   980  1409 I CSE_ConfigDb: CONFIGDB_CB_CMD_READ_KV
12-27 07:02:17.076   980  1409 I CSE_ConfigDb: read_data_db[car_config_data] : key:mdf_0427 value:0 status:0 CseEr_GetErrorCode:0 sql_status:0 token:768
12-27 07:02:17.076   980 31465 I ConfigDbClient: == wait for ReqKey:mdf_0427, Req token[768]
12-27 07:02:17.076   980 31465 I ConfigDbClient: ==> [Req:Resp] table[car_config_data] key[mdf_0427:mdf_0427], value[0], token[768:768]
12-27 07:02:17.076   981  1919 I <VSM>VehicleStatusManagerService: Query kvDB (Additional Heater)[car_config_data:mdf_0427] success. value(0)
12-27 07:02:17.076 31361 31394 I RVC_kvdb: kvDBRx cfgName:Additional Heater 2 value:0(0) end 16225218 takes 2 ms
12-27 07:02:17.076 31361 31394 E APP     : RVC] kvDBRx cfgName:Additional Heater 2 value:0(0) end 16225218 takes 2 ms
12-27 07:02:17.076 31361 31394 I RVC     : setCurrState service:4 state:2 
12-27 07:02:17.076 31361 31394 E APP     : RVC] setCurrState service:4 state:2 
12-27 07:02:17.076 31361 31394 V RVC_RES : requestHandler() serviceType: 4
12-27 07:02:17.076 31361 31394 V RVC_RES : RemoteService_PrereqCheck() serviceType:4
12-27 07:02:17.076 31361 31394 I RVC_kvdb: kvDBRx cfgName:Additional Heater start 16225218
12-27 07:02:17.076 31361 31394 E APP     : RVC] kvDBRx cfgName:Additional Heater start 16225218
12-27 07:02:17.077   980 31465 I ConfigDbClient: ReadKv, Key:mdf_0427, token[769]
12-27 07:02:17.077   980 31465 I CSE_ConfigDb: received msg from teleVM:3 mdf_0427, token:769
12-27 07:02:17.077   980  1409 I CSE_ConfigDb: CONFIGDB_CB_CMD_READ_KV
12-27 07:02:17.078   980  1409 I CSE_ConfigDb: read_data_db[car_config_data] : key:mdf_0427 value:0 status:0 CseEr_GetErrorCode:0 sql_status:0 token:769
12-27 07:02:17.078   980 31465 I ConfigDbClient: == wait for ReqKey:mdf_0427, Req token[769]
12-27 07:02:17.079   980 31465 I ConfigDbClient: ==> [Req:Resp] table[car_config_data] key[mdf_0427:mdf_0427], value[0], token[769:769]
12-27 07:02:17.079   981  1919 I <VSM>VehicleStatusManagerService: Query kvDB (Additional Heater)[car_config_data:mdf_0427] success. value(0)
12-27 07:02:17.079 31361 31394 I RVC_kvdb: kvDBRx cfgName:Additional Heater 2 value:0(0) end 16225221 takes 3 ms
12-27 07:02:17.079 31361 31394 E APP     : RVC] kvDBRx cfgName:Additional Heater 2 value:0(0) end 16225221 takes 3 ms
12-27 07:02:17.079 31361 31394 D RVC     : save property:REONPreSVTstatus value:OK
12-27 07:02:17.079 31361 31394 I RVC_RES : RES_getSVTstatus SVT not active status
12-27 07:02:17.079 31361 31394 E APP     : RVC] RES_getSVTstatus SVT not active status
12-27 07:02:17.080  1624 31359 V PowerManagerImpl: getCurrentPowerMode : 0
12-27 07:02:17.080 31361 31394 D RVC     : RemoteService_getPowerMode():0
12-27 07:02:17.080 31361 31394 D RVC     : save property:REONPrePowermode value:OK
12-27 07:02:17.080 31361 31394 V RVC_RES : [RES Prerequisite Success] PowerMode 0 < 4(PM4_ACCESSORY_1)
12-27 07:02:17.080 31361 31394 D RVC     : save property:REONPreResStatus value:OK
12-27 07:02:17.080 31361 31394 V RVC_RES : [RES Prerequisite Success] Not performing the RES
12-27 07:02:17.080 31361 31394 D RVC     : save property:REONPreCrashStatus value:OK
12-27 07:02:17.080 31361 31394 I RVC     : getCrashStatus Crash status OFF
12-27 07:02:17.080 31361 31394 E APP     : RVC] getCrashStatus Crash status OFF
12-27 07:02:17.080 31361 31394 I RVC_kvdb: kvDBRx cfgName:ClimateControlResFuelLevelStartMin_dl start 16225222
12-27 07:02:17.080 31361 31394 E APP     : RVC] kvDBRx cfgName:ClimateControlResFuelLevelStartMin_dl start 16225222
12-27 07:02:17.080   980 31465 I ConfigDbClient: ReadKv, Key:0x538f2420, token[770]
12-27 07:02:17.080   980 31465 I CSE_ConfigDb: received msg from teleVM:3 0x538f2420, token:770
12-27 07:02:17.081   980  1409 I CSE_ConfigDb: CONFIGDB_CB_CMD_READ_KV
12-27 07:02:17.082   980  1409 I CSE_ConfigDb: read_data_db[lcf_table_remote] : key:0x538f2420 value:50 status:0 CseEr_GetErrorCode:0 sql_status:0 token:770
12-27 07:02:17.082   980 31465 I ConfigDbClient: == wait for ReqKey:0x538f2420, Req token[770]
12-27 07:02:17.082   980 31465 I ConfigDbClient: ==> [Req:Resp] table[lcf_table_remote] key[0x538f2420:0x538f2420], value[50], token[770:770]
12-27 07:02:17.082   981  1919 I <VSM>VehicleStatusManagerService: Query kvDB (ClimateControlResFuelLevelStartMin_dl)[lcf_table_remote:0x538f2420] success. value(50)
12-27 07:02:17.083 31361 31394 I RVC_kvdb: kvDBRx cfgName:ClimateControlResFuelLevelStartMin_dl 3 value:50(50) end 16225224 takes 2 ms
12-27 07:02:17.083 31361 31394 E APP     : RVC] kvDBRx cfgName:ClimateControlResFuelLevelStartMin_dl 3 value:50(50) end 16225224 takes 2 ms
12-27 07:02:17.083 31361 31394 V RVC_RES : RES_getFuelLevel  fuelLevelIndicated:0 ClimateControlResFuelLevelStartMin_dl:50 50
12-27 07:02:17.083 31361 31394 D RVC     : save property:REONPreFuellevel value:FAIL
12-27 07:02:17.083 31361 31394 E RVC_RES : [RES Prerequisite Fail] Fuel level failure  0 50
12-27 07:02:17.083 31361 31394 E APP     : RVC] [RES Prerequisite Fail] Fuel level failure  0 50
12-27 07:02:17.083 31361 31394 I RVC_ngtp: setNGTPerrorCode() errorCode:12
12-27 07:02:17.083 31361 31394 E APP     : RVC] setNGTPerrorCode() errorCode:12
12-27 07:02:17.083 31361 31394 I RVC     : getPropertyInt name : ResRunTimeCounter prop:1800 val:1800
12-27 07:02:17.083 31361 31394 E APP     : RVC] getPropertyInt name : ResRunTimeCounter prop:1800 val:1800
12-27 07:02:17.083 31361 31394 I RVC_kvdb: kvDBRx cfgName:ClimateControlResRunTimeMinLimit_s start 16225225
12-27 07:02:17.083 31361 31394 E APP     : RVC] kvDBRx cfgName:ClimateControlResRunTimeMinLimit_s start 16225225
12-27 07:02:17.083   980 31465 I ConfigDbClient: ReadKv, Key:0x522751b1, token[771]
12-27 07:02:17.083   980 31465 I CSE_ConfigDb: received msg from teleVM:3 0x522751b1, token:771
12-27 07:02:17.083   980  1409 I CSE_ConfigDb: CONFIGDB_CB_CMD_READ_KV
12-27 07:02:17.086   980  1409 I CSE_ConfigDb: read_data_db[lcf_table_remote] : key:0x522751b1 value:180 status:0 CseEr_GetErrorCode:0 sql_status:0 token:771
12-27 07:02:17.087   980 31465 I ConfigDbClient: == wait for ReqKey:0x522751b1, Req token[771]
12-27 07:02:17.087   980 31465 I ConfigDbClient: ==> [Req:Resp] table[lcf_table_remote] key[0x522751b1:0x522751b1], value[180], token[771:771]
12-27 07:02:17.087   981  1919 I <VSM>VehicleStatusManagerService: Query kvDB (ClimateControlResRunTimeMinLimit_s)[lcf_table_remote:0x522751b1] success. value(180)
12-27 07:02:17.088 31361 31394 I RVC_kvdb: kvDBRx cfgName:ClimateControlResRunTimeMinLimit_s 3 value:180(180) end 16225230 takes 5 ms
12-27 07:02:17.088 31361 31394 E APP     : RVC] kvDBRx cfgName:ClimateControlResRunTimeMinLimit_s 3 value:180(180) end 16225230 takes 5 ms
12-27 07:02:17.088 31361 31394 D RVC     : save property:REONPreResRuntime value:OK
12-27 07:02:17.088 31361 31394 V RVC_RES : [RES Prerequisite Success] RES remaining runtime OK
12-27 07:02:17.088 31361 31394 D RVC     : save property:REONSuccess value:FAIL
12-27 07:02:17.088 31361 31394 D RVC     : save property:REONFailReason value:Prerequisite Fail
12-27 07:02:17.088 31361 31394 I RVC     : setCurrState service:10 state:1 
12-27 07:02:17.088 31361 31394 E APP     : RVC] setCurrState service:10 state:1 
12-27 07:02:17.088 31361 31394 I RVC     : setCurrState service:4 state:1 
12-27 07:02:17.088 31361 31394 E APP     : RVC] setCurrState service:4 state:1 
12-27 07:02:17.088 31361 31394 I RVC_ngtp: sendNackMsgToTSP() remoteServiceType:4 
12-27 07:02:17.088 31361 31394 E APP     : RVC] sendNackMsgToTSP() remoteServiceType:4 
12-27 07:02:17.088 31361 31394 I RVC     : getPropertyInt name : ResRunTimeCounter prop:1800 val:1800
12-27 07:02:17.088 31361 31394 E APP     : RVC] getPropertyInt name : ResRunTimeCounter prop:1800 val:1800
12-27 07:02:17.088 31361 31394 D RVC_ngtp: getRESremainingMinute remainingTime second:1800 minute:30
12-27 07:02:17.088 31361 31394 I RVC     : getPropertyInt name : ffhRemainingRunTime prop:0 val:0
12-27 07:02:17.088 31361 31394 E APP     : RVC] getPropertyInt name : ffhRemainingRunTime prop:0 val:0
12-27 07:02:17.089  1624 31359 V PowerManagerImpl: getCurrentPowerMode : 0
12-27 07:02:17.092 31361 31394 D RVC     : RemoteService_getPowerMode():0
12-27 07:02:17.092 31361 31394 V RVC_ngtp: getNgtpVehicleState() PowerMode:0, RESstatus:0 result:5
12-27 07:02:17.092 31361 31394 I RVC_kvdb: kvDBRx cfgName:engine_block_staus start 16225234
12-27 07:02:17.092 31361 31394 E APP     : RVC] kvDBRx cfgName:engine_block_staus start 16225234
12-27 07:02:17.093   980 31465 I ConfigDbClient: ReadKv, Key:engine_block_staus, token[772]
12-27 07:02:17.093   980 31465 I CSE_ConfigDb: received msg from teleVM:3 engine_block_staus, token:772
12-27 07:02:17.093   980  1409 I CSE_ConfigDb: CONFIGDB_CB_CMD_READ_KV
12-27 07:02:17.095   980  1409 I CSE_ConfigDb: read_data_db[telematics_common_table] : key:engine_block_staus value:0 status:0 CseEr_GetErrorCode:0 sql_status:0 token:772
12-27 07:02:17.095   980 31465 I ConfigDbClient: == wait for ReqKey:engine_block_staus, Req token[772]
12-27 07:02:17.095   980 31465 I ConfigDbClient: ==> [Req:Resp] table[telematics_common_table] key[engine_block_staus:engine_block_staus], value[0], token[772:772]
12-27 07:02:17.095   981  1919 I <VSM>VehicleStatusManagerService: Query kvDB (engine_block_staus)[telematics_common_table:engine_block_staus] success. value(0)
12-27 07:02:17.095 31361 31394 I RVC_kvdb: kvDBRx cfgName:engine_block_staus 3 value:0(0) end 16225237 takes 3 ms
12-27 07:02:17.095 31361 31394 E APP     : RVC] kvDBRx cfgName:engine_block_staus 3 value:0(0) end 16225237 takes 3 ms
12-27 07:02:17.096 31361 31394 D RVC_ngtp: initNGTPerrorCode() END
12-27 07:02:17.097 31361 31394 I RVC_ngtp: [SEND NGTP MSG] type:4 second:0 millis:0
12-27 07:02:17.097 31361 31394 E APP     : RVC] [SEND NGTP MSG] type:4 second:0 millis:0
12-27 07:02:17.097 31361 31394 E RVC_ngtp: sendNackMsgToTSP SKIP due to SLDD!!
12-27 07:02:17.097 31361 31394 E APP     : RVC] sendNackMsgToTSP SKIP due to SLDD!!
12-27 07:02:17.097 31361 31394 D RVC     : setSLDDstatusProperty_CurrentOperationInProgress service:22
12-27 07:02:17.097 31361 31394 E RVC     : setRemoteserviceStateToSota 1 0x0 
12-27 07:02:17.097 31361 31394 E APP     : RVC] setRemoteserviceStateToSota 1 0x0 
12-27 07:02:17.097  1600  4259 E SOTA    : setRemoteState(0x       1,0x       0), old mRESstate = (0x       1)
12-27 07:02:17.097  1600  4259 E SOTA    : new mRESstate = (0x       0), (completed masking with        0)
12-27 07:02:17.097  1600  4259 E SOTA    : getRemoteState(       1), mRESstate = (0x       0)
12-27 07:02:17.097 31361 31394 D RVC_RES : requestHandler() serviceType: 4 Prerequisite fail
12-27 07:02:17.651   988  1613 E CM_SPI  : MCU->MSM Type[02] Cat[04, 00] Cmd[D0, 00] PayloadLen[0000]
12-27 07:02:19.385   987  1509 I LocationServer: droutput:lat:0.000000,lon:0.000000,alt:0.000000
12-27 07:02:19.527  1621  1621 E DIAG    : onNotifyVoltage Main Vol[12.160000]
12-27 07:02:19.661   988  1613 E CM_SPI  : MCU->MSM Type[03] Cat[01, 00] Cmd[D0, 00] PayloadLen[0012] Payload[0D 19 00 08 08 58 00 00 00 01 00 01 00 01 00 01 00 01]
12-27 07:02:20.398   988  1584 E CommunicationManagerService: KICK DOG(1622)
12-27 07:02:21.229   991  1652 V CRH     : RX_TIME_TO_KICK_DOG
12-27 07:02:21.229   991  1653 V CTH     : TXhandleMessage TX_TIME_TO_KICK_DOG
12-27 07:02:21.229   991  1589 V CANManagerService: perform HeartBeat()
12-27 07:02:21.475  1621 21842 I DiagManagerService: onWatchDog Kick
12-27 07:02:21.601   988  1613 E CM_SPI  : MSM->MCU Type[01] Cat[01, 00] Cmd[11, 00] PayloadLen[0000]
12-27 07:02:21.608   988  1613 E CM_SPI  : MCU->MSM Type[02] Cat[01, 00] Cmd[11, 00] PayloadLen[0000]
12-27 07:02:21.608  1625 18448 V FactoryImpl: onReceive MCU type[x2], cate[x1], subcate[x0], cmd[17], cmd2[x0]
12-27 07:02:21.608  1625 18448 V FactoryUtil: onReceive MCU param[x02][x11][x00], buf is NULL
12-27 07:02:21.608  1625  1677 V FactoryUtil: handleMessage FACTORY_IMPL_RES_FR_MCU_EDU param[x01][x11][x00], buf is NULL
12-27 07:02:21.608  1625  1677 V FactoryEdu: procEduResCommand cate[x01], subCate[x00], cmd[x11], cmd2[x00]
12-27 07:02:21.608  1625  1677 V FactoryUtil: Res Buffer  buf is NULL
12-27 07:02:21.608  1625  1677 V FactoryEdu: procEduResCommand cmd not define cate[x01], subCate[x00], cmd[x11], cmd2[x00]
12-27 07:02:21.619   976  1522 E SPIClient_can: CL-ISPI_CSPB_OSC
12-27 07:02:21.619   976  1522 E SPIClient_can: RCV CB Single(0), Group(0)
12-27 07:02:21.619   976  1727 E SPIClient_can: MSG_CAN_BUS_STATE
12-27 07:02:21.619   976  1727 E SPIClient_can: CB_2
12-27 07:02:22.065  1608 21916 V DebugManagerServiceImpl: DEBUG_IMPL_KICK_DOG
12-27 07:02:22.457   988  1613 E CM_SPI  : MCU->MSM Type[01] Cat[05, DD] Cmd[05, 00] PayloadLen[0006] Payload[00 FE 00 00 00 25]
12-27 07:02:22.660   988  1613 E CM_SPI  : MCU->MSM Type[03] Cat[01, 00] Cmd[D0, 00] PayloadLen[0012] Payload[0D 18 00 0C 08 56 00 00 00 01 00 01 00 01 00 01 00 01]
12-27 07:02:23.060   988  1613 E CM_SPI  : MCU->MSM Type[01] Cat[35, 00] Cmd[02, 00] PayloadLen[0021] Payload[42 55 42 20 44 54 43 33 3A 20 4F 50 45 4E 3A 31 20 53 79 73 48 57 3D 45 30 20 43 3A 32 39 20 31 0A]
12-27 07:02:23.061  1599  1629 E MCU     : BUB DTC3: OPEN:1 SysHW=E0 C:29 1
12-27 07:02:23.061  1621  1672 I DiagReadDTCHandler: checkFaultSettingCondition[false] PM[0] Vol[12.160000] bubTemp [37]
12-27 07:02:25.665   988  1613 E CM_SPI  : MCU->MSM Type[03] Cat[01, 00] Cmd[D0, 00] PayloadLen[0012] Payload[0D 19 00 05 08 56 00 00 00 01 00 01 00 01 00 01 00 01]
12-27 07:02:26.530  1621  1621 E DIAG    : onNotifyVoltage BUB Vol[0.000000]
12-27 07:02:26.531   988  1613 E CM_SPI  : MCU->MSM Type[01] Cat[05, 22] Cmd[02, 00] PayloadLen[000A] Payload[D9 9E 00 00 00 02 00 00 00 3A]
12-27 07:02:26.632   976  1522 E SPIClient_can: CL-ISPI_CSPB_OSC
12-27 07:02:26.632   976  1522 E SPIClient_can: RCV CB Single(0), Group(0)
12-27 07:02:26.632   976  1727 E SPIClient_can: MSG_CAN_BUS_STATE
12-27 07:02:26.632   976  1727 E SPIClient_can: CB_2
12-27 07:02:27.656   988  1613 E CM_SPI  : MCU->MSM Type[02] Cat[04, 00] Cmd[D0, 00] PayloadLen[0000]
12-27 07:02:28.660   988  1613 E CM_SPI  : MCU->MSM Type[03] Cat[01, 00] Cmd[D0, 00] PayloadLen[0012] Payload[0D 19 00 0A 08 58 00 00 00 01 00 01 00 01 00 01 00 01]
12-27 07:02:29.056   988  1613 E CM_SPI  : MCU->MSM Type[01] Cat[05, DD] Cmd[05, 00] PayloadLen[0006] Payload[00 FE 00 00 00 25]
12-27 07:02:29.387   987  1509 I LocationServer: droutput:lat:0.000000,lon:0.000000,alt:0.000000
12-27 07:02:30.398   988  1584 E CommunicationManagerService: KICK DOG(1623)
12-27 07:02:31.223   991  1652 V CRH     : RX_TIME_TO_KICK_DOG
12-27 07:02:31.224   991  1653 V CTH     : TXhandleMessage TX_TIME_TO_KICK_DOG
12-27 07:02:31.224   991  1589 V CANManagerService: perform HeartBeat()
12-27 07:02:31.475  1621 23013 I DiagManagerService: onWatchDog Kick
12-27 07:02:31.604   988  1613 E CM_SPI  : MSM->MCU Type[01] Cat[01, 00] Cmd[11, 00] PayloadLen[0000]
12-27 07:02:31.618   988  1613 E CM_SPI  : MCU->MSM Type[02] Cat[01, 00] Cmd[11, 00] PayloadLen[0000]
12-27 07:02:31.618  1625 18448 V FactoryImpl: onReceive MCU type[x2], cate[x1], subcate[x0], cmd[17], cmd2[x0]
12-27 07:02:31.618  1625 18448 V FactoryUtil: onReceive MCU param[x02][x11][x00], buf is NULL
12-27 07:02:31.618  1625  1677 V FactoryUtil: handleMessage FACTORY_IMPL_RES_FR_MCU_EDU param[x01][x11][x00], buf is NULL
12-27 07:02:31.619  1625  1677 V FactoryEdu: procEduResCommand cate[x01], subCate[x00], cmd[x11], cmd2[x00]
12-27 07:02:31.619  1625  1677 V FactoryUtil: Res Buffer  buf is NULL
12-27 07:02:31.619  1625  1677 V FactoryEdu: procEduResCommand cmd not define cate[x01], subCate[x00], cmd[x11], cmd2[x00]
12-27 07:02:31.639   976  1522 E SPIClient_can: CL-ISPI_CSPB_OSC
12-27 07:02:31.639   976  1522 E SPIClient_can: RCV CB Single(0), Group(0)
12-27 07:02:31.639   976  1727 E SPIClient_can: MSG_CAN_BUS_STATE
12-27 07:02:31.639   976  1727 E SPIClient_can: CB_2
12-27 07:02:31.661   988  1613 E CM_SPI  : MCU->MSM Type[03] Cat[01, 00] Cmd[D0, 00] PayloadLen[0012] Payload[0D 19 00 09 08 58 00 00 00 01 00 01 00 01 00 01 00 01]
12-27 07:02:32.065  1608 23088 V DebugManagerServiceImpl: DEBUG_IMPL_KICK_DOG
12-27 07:02:33.063  1621  1672 I DiagReadDTCHandler: checkFaultSettingCondition[false] PM[0] Vol[12.150000] bubTemp [37]
12-27 07:02:34.659   988  1613 E CM_SPI  : MCU->MSM Type[03] Cat[01, 00] Cmd[D0, 00] PayloadLen[0012] Payload[0D 18 00 09 08 56 00 00 00 02 00 01 00 01 00 01 00 01]
12-27 07:02:35.656   988  1613 E CM_SPI  : MCU->MSM Type[01] Cat[05, DD] Cmd[05, 00] PayloadLen[0006] Payload[00 FE 00 00 00 25]
12-27 07:02:36.531   988  1613 E CM_SPI  : MCU->MSM Type[01] Cat[05, 22] Cmd[02, 00] PayloadLen[000A] Payload[D9 9E 00 00 00 0C 00 00 00 30]
12-27 07:02:36.651   976  1522 E SPIClient_can: CL-ISPI_CSPB_OSC
12-27 07:02:36.651   976  1522 E SPIClient_can: RCV CB Single(0), Group(0)
12-27 07:02:36.651   976  1727 E SPIClient_can: MSG_CAN_BUS_STATE
12-27 07:02:36.651   976  1727 E SPIClient_can: CB_2
12-27 07:02:37.654   988  1613 E CM_SPI  : MCU->MSM Type[02] Cat[04, 00] Cmd[D0, 00] PayloadLen[0000]
12-27 07:02:37.679   988  1613 E CM_SPI  : MCU->MSM Type[03] Cat[01, 00] Cmd[D0, 00] PayloadLen[0012] Payload[0D 1A 00 09 08 58 00 00 00 01 00 01 00 01 00 01 00 01]
12-27 07:02:39.385   987  1509 I LocationServer: droutput:lat:0.000000,lon:0.000000,alt:0.000000
12-27 07:02:40.402   988  1584 E CommunicationManagerService: KICK DOG(1624)
12-27 07:02:40.660   988  1613 E CM_SPI  : MCU->MSM Type[03] Cat[01, 00] Cmd[D0, 00] PayloadLen[0012] Payload[0D 19 00 09 08 56 00 00 00 01 00 01 00 01 00 01 00 01]
12-27 07:02:41.223   991  1652 V CRH     : RX_TIME_TO_KICK_DOG
12-27 07:02:41.224   991  1653 V CTH     : TXhandleMessage TX_TIME_TO_KICK_DOG
12-27 07:02:41.225   991  1589 V CANManagerService: perform HeartBeat()
12-27 07:02:41.475  1621 24186 I DiagManagerService: onWatchDog Kick
12-27 07:02:41.604   988  1613 E CM_SPI  : MSM->MCU Type[01] Cat[01, 00] Cmd[11, 00] PayloadLen[0000]
12-27 07:02:41.612   988  1613 E CM_SPI  : MCU->MSM Type[02] Cat[01, 00] Cmd[11, 00] PayloadLen[0000]
12-27 07:02:41.612  1625 18448 V FactoryImpl: onReceive MCU type[x2], cate[x1], subcate[x0], cmd[17], cmd2[x0]
12-27 07:02:41.612  1625 18448 V FactoryUtil: onReceive MCU param[x02][x11][x00], buf is NULL
12-27 07:02:41.612  1625  1677 V FactoryUtil: handleMessage FACTORY_IMPL_RES_FR_MCU_EDU param[x01][x11][x00], buf is NULL
12-27 07:02:41.612  1625  1677 V FactoryEdu: procEduResCommand cate[x01], subCate[x00], cmd[x11], cmd2[x00]
12-27 07:02:41.612  1625  1677 V FactoryUtil: Res Buffer  buf is NULL
12-27 07:02:41.612  1625  1677 V FactoryEdu: procEduResCommand cmd not define cate[x01], subCate[x00], cmd[x11], cmd2[x00]
12-27 07:02:41.659   976  1522 E SPIClient_can: CL-ISPI_CSPB_OSC
12-27 07:02:41.659   976  1522 E SPIClient_can: RCV CB Single(0), Group(0)
12-27 07:02:41.659   976  1727 E SPIClient_can: MSG_CAN_BUS_STATE
12-27 07:02:41.659   976  1727 E SPIClient_can: CB_2
12-27 07:02:42.065  1608 24259 V DebugManagerServiceImpl: DEBUG_IMPL_KICK_DOG
12-27 07:02:42.260   988  1613 E CM_SPI  : MCU->MSM Type[01] Cat[05, DD] Cmd[05, 00] PayloadLen[0006] Payload[00 FE 00 00 00 25]
12-27 07:02:43.064  1621  1672 I DiagReadDTCHandler: checkFaultSettingCondition[false] PM[0] Vol[12.150000] bubTemp [37]
12-27 07:02:43.662   988  1613 E CM_SPI  : MCU->MSM Type[03] Cat[01, 00] Cmd[D0, 00] PayloadLen[0012] Payload[0D 18 00 09 08 56 00 00 00 01 00 01 00 01 00 01 00 01]
12-27 07:02:46.530   988  1613 E CM_SPI  : MCU->MSM Type[01] Cat[05, 22] Cmd[02, 00] PayloadLen[000A] Payload[D9 9E 00 00 00 16 00 00 00 26]
12-27 07:02:46.660   988  1613 E CM_SPI  : MCU->MSM Type[03] Cat[01, 00] Cmd[D0, 00] PayloadLen[0012] Payload[0D 19 00 08 08 56 00 00 00 01 00 01 00 01 00 01 00 01]
12-27 07:02:46.669   976  1522 E SPIClient_can: CL-ISPI_CSPB_OSC
12-27 07:02:46.669   976  1522 E SPIClient_can: RCV CB Single(0), Group(0)
12-27 07:02:46.669   976  1727 E SPIClient_can: MSG_CAN_BUS_STATE
12-27 07:02:46.669   976  1727 E SPIClient_can: CB_2
12-27 07:02:47.658   988  1613 E CM_SPI  : MCU->MSM Type[02] Cat[04, 00] Cmd[D0, 00] PayloadLen[0000]
12-27 07:02:48.871   988  1613 E CM_SPI  : MCU->MSM Type[01] Cat[05, DD] Cmd[05, 00] PayloadLen[0006] Payload[00 FE 00 00 00 25]
12-27 07:02:49.385   987  1509 I LocationServer: droutput:lat:0.000000,lon:0.000000,alt:0.000000
12-27 07:02:49.662   988  1613 E CM_SPI  : MCU->MSM Type[03] Cat[01, 00] Cmd[D0, 00] PayloadLen[0012] Payload[0D 19 00 09 08 55 00 01 00 01 00 01 00 01 00 01 00 01]
12-27 07:02:50.402   988  1584 E CommunicationManagerService: KICK DOG(1625)
12-27 07:02:51.226   991  1652 V CRH     : RX_TIME_TO_KICK_DOG
12-27 07:02:51.227   991  1653 V CTH     : TXhandleMessage TX_TIME_TO_KICK_DOG
12-27 07:02:51.227   991  1589 V CANManagerService: perform HeartBeat()
12-27 07:02:51.475  1621 25377 I DiagManagerService: onWatchDog Kick
12-27 07:02:51.605   988  1613 E CM_SPI  : MSM->MCU Type[01] Cat[01, 00] Cmd[11, 00] PayloadLen[0000]
12-27 07:02:51.613   988  1613 E CM_SPI  : MCU->MSM Type[02] Cat[01, 00] Cmd[11, 00] PayloadLen[0000]
12-27 07:02:51.614  1625 18448 V FactoryImpl: onReceive MCU type[x2], cate[x1], subcate[x0], cmd[17], cmd2[x0]
12-27 07:02:51.614  1625 18448 V FactoryUtil: onReceive MCU param[x02][x11][x00], buf is NULL
12-27 07:02:51.614  1625  1677 V FactoryUtil: handleMessage FACTORY_IMPL_RES_FR_MCU_EDU param[x01][x11][x00], buf is NULL
12-27 07:02:51.614  1625  1677 V FactoryEdu: procEduResCommand cate[x01], subCate[x00], cmd[x11], cmd2[x00]
12-27 07:02:51.614  1625  1677 V FactoryUtil: Res Buffer  buf is NULL
12-27 07:02:51.614  1625  1677 V FactoryEdu: procEduResCommand cmd not define cate[x01], subCate[x00], cmd[x11], cmd2[x00]
12-27 07:02:51.679   976  1522 E SPIClient_can: CL-ISPI_CSPB_OSC
12-27 07:02:51.679   976  1522 E SPIClient_can: RCV CB Single(0), Group(0)
12-27 07:02:51.679   976  1727 E SPIClient_can: MSG_CAN_BUS_STATE
12-27 07:02:51.679   976  1727 E SPIClient_can: CB_2
12-27 07:02:52.065  1608 25451 V DebugManagerServiceImpl: DEBUG_IMPL_KICK_DOG
12-27 07:02:52.660   988  1613 E CM_SPI  : MCU->MSM Type[03] Cat[01, 00] Cmd[D0, 00] PayloadLen[0012] Payload[0D 19 00 08 08 56 00 00 00 01 00 01 00 01 00 01 00 01]
12-27 07:02:53.065  1621  1672 I DiagReadDTCHandler: checkFaultSettingCondition[false] PM[0] Vol[12.160000] bubTemp [37]
12-27 07:02:55.456   988  1613 E CM_SPI  : MCU->MSM Type[01] Cat[05, DD] Cmd[05, 00] PayloadLen[0006] Payload[00 FE 00 00 00 25]
12-27 07:02:55.668   988  1613 E CM_SPI  : MCU->MSM Type[03] Cat[01, 00] Cmd[D0, 00] PayloadLen[0012] Payload[0D 18 00 09 08 56 00 00 00 01 00 01 00 01 00 01 00 01]
12-27 07:02:56.529   988  1613 E CM_SPI  : MCU->MSM Type[01] Cat[05, 22] Cmd[02, 00] PayloadLen[000A] Payload[D9 9E 00 00 00 20 00 00 00 1C]
12-27 07:02:56.689   976  1522 E SPIClient_can: CL-ISPI_CSPB_OSC
12-27 07:02:56.689   976  1522 E SPIClient_can: RCV CB Single(0), Group(0)
12-27 07:02:56.689   976  1727 E SPIClient_can: MSG_CAN_BUS_STATE
12-27 07:02:56.689   976  1727 E SPIClient_can: CB_2
12-27 07:02:57.659   988  1613 E CM_SPI  : MCU->MSM Type[02] Cat[04, 00] Cmd[D0, 00] PayloadLen[0000]
12-27 07:02:58.659   988  1613 E CM_SPI  : MCU->MSM Type[03] Cat[01, 00] Cmd[D0, 00] PayloadLen[0012] Payload[0D 18 00 08 08 56 00 00 00 01 00 01 00 01 00 01 00 01]
12-27 07:02:59.385   987  1509 I LocationServer: droutput:lat:0.000000,lon:0.000000,alt:0.000000
12-27 07:03:00.398   988  1584 E CommunicationManagerService: KICK DOG(1626)
12-27 07:03:01.223   991  1652 V CRH     : RX_TIME_TO_KICK_DOG
12-27 07:03:01.224   991  1653 V CTH     : TXhandleMessage TX_TIME_TO_KICK_DOG
12-27 07:03:01.224   991  1589 V CANManagerService: perform HeartBeat()
12-27 07:03:01.475  1621 26552 I DiagManagerService: onWatchDog Kick
12-27 07:03:01.608   988  1613 E CM_SPI  : MSM->MCU Type[01] Cat[01, 00] Cmd[11, 00] PayloadLen[0000]
12-27 07:03:01.616   988  1613 E CM_SPI  : MCU->MSM Type[02] Cat[01, 00] Cmd[11, 00] PayloadLen[0000]
12-27 07:03:01.616  1625 18448 V FactoryImpl: onReceive MCU type[x2], cate[x1], subcate[x0], cmd[17], cmd2[x0]
12-27 07:03:01.616  1625 18448 V FactoryUtil: onReceive MCU param[x02][x11][x00], buf is NULL
12-27 07:03:01.616  1625  1677 V FactoryUtil: handleMessage FACTORY_IMPL_RES_FR_MCU_EDU param[x01][x11][x00], buf is NULL
12-27 07:03:01.616  1625  1677 V FactoryEdu: procEduResCommand cate[x01], subCate[x00], cmd[x11], cmd2[x00]
12-27 07:03:01.616  1625  1677 V FactoryUtil: Res Buffer  buf is NULL
12-27 07:03:01.616  1625  1677 V FactoryEdu: procEduResCommand cmd not define cate[x01], subCate[x00], cmd[x11], cmd2[x00]
12-27 07:03:01.662   988  1613 E CM_SPI  : MCU->MSM Type[03] Cat[01, 00] Cmd[D0, 00] PayloadLen[0012] Payload[0D 18 00 09 08 56 00 00 00 01 00 01 00 01 00 01 00 01]
12-27 07:03:01.699   976  1522 E SPIClient_can: CL-ISPI_CSPB_OSC
12-27 07:03:01.699   976  1522 E SPIClient_can: RCV CB Single(0), Group(0)
12-27 07:03:01.699   976  1727 E SPIClient_can: MSG_CAN_BUS_STATE
12-27 07:03:01.699   976  1727 E SPIClient_can: CB_2
12-27 07:03:01.758  1660  1693 E NetworkManagerService: rmnet_data0 | inbps=0 inpps=0 outbps=0 outpps=0
12-27 07:03:01.758  1660  1693 E NetworkManagerService: rmnet_data1 | inbps=0 inpps=0 outbps=0 outpps=0
12-27 07:03:02.056   988  1613 E CM_SPI  : MCU->MSM Type[01] Cat[05, DD] Cmd[05, 00] PayloadLen[0006] Payload[00 FE 00 00 00 25]
12-27 07:03:02.065  1608 26627 V DebugManagerServiceImpl: DEBUG_IMPL_KICK_DOG
12-27 07:03:03.066  1621  1672 I DiagReadDTCHandler: checkFaultSettingCondition[false] PM[0] Vol[12.160000] bubTemp [37]
12-27 07:03:04.659   988  1613 E CM_SPI  : MCU->MSM Type[03] Cat[01, 00] Cmd[D0, 00] PayloadLen[0012] Payload[0D 18 00 08 08 55 00 00 00 01 00 01 00 01 00 01 00 01]
12-27 07:03:06.530   988  1613 E CM_SPI  : MCU->MSM Type[01] Cat[05, 22] Cmd[02, 00] PayloadLen[000A] Payload[D9 9E 00 00 00 2A 00 00 00 12]
12-27 07:03:06.709   976  1522 E SPIClient_can: CL-ISPI_CSPB_OSC
12-27 07:03:06.709   976  1522 E SPIClient_can: RCV CB Single(0), Group(0)
12-27 07:03:06.709   976  1727 E SPIClient_can: MSG_CAN_BUS_STATE
12-27 07:03:06.709   976  1727 E SPIClient_can: CB_2
12-27 07:03:07.660   988  1613 E CM_SPI  : MCU->MSM Type[02] Cat[04, 00] Cmd[D0, 00] PayloadLen[0000]
12-27 07:03:07.664   988  1613 E CM_SPI  : MCU->MSM Type[03] Cat[01, 00] Cmd[D0, 00] PayloadLen[0012] Payload[0D 18 00 08 08 56 00 00 00 01 00 01 00 01 00 01 00 01]
12-27 07:03:08.656   988  1613 E CM_SPI  : MCU->MSM Type[01] Cat[05, DD] Cmd[05, 00] PayloadLen[0006] Payload[00 FE 00 00 00 25]
12-27 07:03:09.391   987  1509 I LocationServer: droutput:lat:0.000000,lon:0.000000,alt:0.000000
12-27 07:03:10.397   988  1584 E CommunicationManagerService: KICK DOG(1627)
12-27 07:03:10.660   988  1613 E CM_SPI  : MCU->MSM Type[03] Cat[01, 00] Cmd[D0, 00] PayloadLen[0012] Payload[0D 19 00 08 08 56 00 01 00 01 00 01 00 01 00 01 00 01]
12-27 07:03:11.223   991  1652 V CRH     : RX_TIME_TO_KICK_DOG
12-27 07:03:11.225   991  1653 V CTH     : TXhandleMessage TX_TIME_TO_KICK_DOG
12-27 07:03:11.225   991  1589 V CANManagerService: perform HeartBeat()
12-27 07:03:11.475  1621 27725 I DiagManagerService: onWatchDog Kick
12-27 07:03:11.608   988  1613 E CM_SPI  : MSM->MCU Type[01] Cat[01, 00] Cmd[11, 00] PayloadLen[0000]
12-27 07:03:11.616   988  1613 E CM_SPI  : MCU->MSM Type[02] Cat[01, 00] Cmd[11, 00] PayloadLen[0000]
12-27 07:03:11.619  1625 18448 V FactoryImpl: onReceive MCU type[x2], cate[x1], subcate[x0], cmd[17], cmd2[x0]
12-27 07:03:11.619  1625 18448 V FactoryUtil: onReceive MCU param[x02][x11][x00], buf is NULL
12-27 07:03:11.619  1625  1677 V FactoryUtil: handleMessage FACTORY_IMPL_RES_FR_MCU_EDU param[x01][x11][x00], buf is NULL
12-27 07:03:11.619  1625  1677 V FactoryEdu: procEduResCommand cate[x01], subCate[x00], cmd[x11], cmd2[x00]
12-27 07:03:11.619  1625  1677 V FactoryUtil: Res Buffer  buf is NULL
12-27 07:03:11.619  1625  1677 V FactoryEdu: procEduResCommand cmd not define cate[x01], subCate[x00], cmd[x11], cmd2[x00]
12-27 07:03:11.719   976  1522 E SPIClient_can: CL-ISPI_CSPB_OSC
12-27 07:03:11.719   976  1522 E SPIClient_can: RCV CB Single(0), Group(0)
12-27 07:03:11.719   976  1727 E SPIClient_can: MSG_CAN_BUS_STATE
12-27 07:03:11.719   976  1727 E SPIClient_can: CB_2
12-27 07:03:12.065  1608 27802 V DebugManagerServiceImpl: DEBUG_IMPL_KICK_DOG
12-27 07:03:13.068  1621  1672 I DiagReadDTCHandler: checkFaultSettingCondition[false] PM[0] Vol[12.160000] bubTemp [37]
12-27 07:03:13.661   988  1613 E CM_SPI  : MCU->MSM Type[03] Cat[01, 00] Cmd[D0, 00] PayloadLen[0012] Payload[0D 1A 00 08 08 57 00 00 00 01 00 01 00 01 00 01 00 01]
12-27 07:03:14.692 28093 28093 V ProcessState: Spawning new pooled thread, name=Binder_1
12-27 07:03:14.693 28093 28093 I sldd    : command : argv:om
12-27 07:03:14.695 28093 28115 V ProcessState: Spawning new pooled thread, name=Binder_2
12-27 07:03:14.695  1601 30579 I JLROperationalModeImpl: changeMode :4
12-27 07:03:14.695 28093 28093 I sldd_cmd: om set 4 
12-27 07:03:14.695  1601  1641 V StateMachine: transit to OPERATIONAL_MODE_ACTIVATED_PROVISIONED[4] from OPERATIONAL_MODE_ACTIVATED_PROVISIONED[4]
12-27 07:03:14.695  1601  1641 V ActProvisionedMode: exit. do nothihg
12-27 07:03:14.695  1601  1641 V ActProvisionedMode: entry. do
12-27 07:03:14.695  1601  1641 I JLROperationalModeImpl: stateMachine is changed to  OPERATIONAL_MODE_ACTIVATED_PROVISIONED
12-27 07:03:14.695  1601  1641 V OperationModeManagerImpl: onNotifyOperationModeChanged : op mode : 4 size:6
12-27 07:03:14.705  1624  1666 V PowerManagerImpl: processPowerManager : 6
12-27 07:03:14.705  1624  1666 V PowerManagerImpl: onOperationModeChanged[4]
12-27 07:03:14.705  1624  1666 V PowerManagerImpl: changingBUB [1]
12-27 07:03:14.705  1624  1666 V ProtocolHandler: ProtocolHandler::sendMessage category:9, subCategory:0
12-27 07:03:14.706  1624  1666 V ProtocolHandler: ProtocolHandler::sendMessage error_val 0
12-27 07:03:14.707   988  1613 E CM_SPI  : MSM->MCU Type[01] Cat[09, 00] Cmd[03, 01] PayloadLen[0000]
12-27 07:03:14.712  1606 13507 I IntelligentFactoryManagerService: onOperationModeChanged : 4
12-27 07:03:14.712  1621  1621 I DiagOpmodeReceiver: onOperationModeChanged old OpMode[4], new OpMode[4]
12-27 07:03:14.713  1660  1693 E NetworkManagerService: NetworkManagerService_recvMsgFromOperation mode=4
12-27 07:03:14.713  1601  1641 D ActProvisionedMode: Dump ActProvisionedMode : OPERATIONAL_MODE_ACTIVATED_PROVISIONED
12-27 07:03:14.713  1601  1638 V OperationModeManagerImpl: updateProvisionStatus : 1
12-27 07:03:14.713  1601  1641 V ActProvisionedMode: doing
12-27 07:03:14.713  1601 30579 I OperationModeManagerImpl: getCurrentOperationMode: return current mode: :4
12-27 07:03:14.713  1606  1633 I IntelligentFactoryManagerService: detectOperationMode(): Current OperationMode is 4
12-27 07:03:14.715  1601  1638 I BootModeAPI: LGE read BootMode = factory
12-27 07:03:14.715  1601  1638 I BootModeAPI: LGE BootMode set value = 0x2000000
12-27 07:03:14.715  1601  1638 I OperationModeManagerImpl: Factory Mode is running.Provisioned Value change it to true always.
12-27 07:03:14.715  1601  1638 V OperationModeManagerImpl: set provisioning as [true]
12-27 07:03:14.715   988  1613 E CM_SPI  : MCU->MSM Type[01] Cat[35, 00] Cmd[02, 00] PayloadLen[000B] Payload[42 55 42 20 45 4E 41 42 4C 45 44]
12-27 07:03:14.715   980 31465 I ConfigDbClient: ModifyKv, Key:tcu_provisioned, token[773]
12-27 07:03:14.716   980 31465 I CSE_ConfigDb: received msg from teleVM:4 tcu_provisioned, token:773
12-27 07:03:14.716   980  1409 I CSE_ConfigDb: CONFIGDB_MSG_IKV_MODIFY
12-27 07:03:14.716  1599  1629 E MCU     : BUB ENABLED
12-27 07:03:14.717   988  1613 E CM_SPI  : MCU->MSM Type[02] Cat[09, 00] Cmd[03, 01] PayloadLen[0000]
12-27 07:03:14.718  1625 18448 V FactoryImpl: onReceive MCU type[x2], cate[x9], subcate[x0], cmd[3], cmd2[x1]
12-27 07:03:14.718  1625 18448 V FactoryUtil: onReceive MCU param[x02][x03][x01], buf is NULL
12-27 07:03:14.718  1625  1677 V FactoryUtil: handleMessage FACTORY_IMPL_RES_FR_MCU_EDU param[x09][x03][x01], buf is NULL
12-27 07:03:14.718  1625  1677 V FactoryEdu: procEduResCommand cate[x09], subCate[x00], cmd[x03], cmd2[x01]
12-27 07:03:14.718  1625  1677 V FactoryUtil: Res Buffer  buf is NULL
12-27 07:03:14.718  1625  1677 V FactoryEdu: procEduResMcuBubChanging cmd[x03] cmd2[x01]
12-27 07:03:14.718  1625  1677 V FactoryEdu: procEduResMcuBubChanging BUB Changing Enable Response
12-27 07:03:14.718  1625  1677 V FactoryBase: sendBuffEduCommData cmd[x93], cmd2[x1]
12-27 07:03:14.718  1625  1677 D Buffer  : start dump length[0]
12-27 07:03:14.718  1625  1677 D Buffer  : NULL
12-27 07:03:14.719   988  1692 E CM_UART : [MSM->UART] 18 bytes
12-27 07:03:14.719   980  1409 I CSE_ConfigDb: Modify Value to Key:tcu_provisioned value:true token:773
12-27 07:03:14.719   980  1409 I CSE_ConfigDb: modify_data_db[general]: key:tcu_provisioned value:true status:0 CseEr_GetErrorCode:0 sql_status:0 token:773
12-27 07:03:14.719   980 31465 I ConfigDbClient: == wait for ReqKey:tcu_provisioned, Req token[773]
12-27 07:03:14.719   980 31465 I ConfigDbClient: ==> [Req:Resp] table[general] key[tcu_provisioned:tcu_provisioned], value[], token[773:773]
12-27 07:03:14.720   981  1919 I <VSM>VehicleStatusManagerService: Modify kvDB (tcu_provisioned)[general:tcu_provisioned] success. value(true)
12-27 07:03:14.720  1601  1638 V OperationModeManagerImpl: sendOperationalData start : 4
12-27 07:03:14.722   988  1613 E CM_SPI  : MSM->MCU Type[01] Cat[04, 00] Cmd[B3, 03] PayloadLen[0000]
12-27 07:03:14.722  1601  1638 V OperationModeManagerImpl: changeBand : hw_variant is not HW_COUNTRY_NA. Do not anything
12-27 07:03:14.730   988  1613 E CM_SPI  : MCU->MSM Type[02] Cat[04, 00] Cmd[B3, 03] PayloadLen[0000]
12-27 07:03:14.731  1625 18448 V FactoryImpl: onReceive MCU type[x2], cate[x4], subcate[x0], cmd[179], cmd2[x3]
12-27 07:03:14.731  1625 18448 V FactoryUtil: onReceive MCU param[x02][xB3][x03], buf is NULL
12-27 07:03:14.731  1625  1677 V FactoryUtil: handleMessage FACTORY_IMPL_RES_FR_MCU_EDU param[x04][xB3][x03], buf is NULL
12-27 07:03:14.731  1625  1677 V FactoryEdu: procEduResCommand cate[x04], subCate[x00], cmd[xB3], cmd2[x03]
12-27 07:03:14.731  1625  1677 V FactoryUtil: Res Buffer  buf is NULL
12-27 07:03:14.731  1625  1677 V FactoryEdu: procEduResCommand cmd not define cate[x04], subCate[x00], cmd[xB3], cmd2[x03]
12-27 07:03:15.065 28146 28146 V ProcessState: Spawning new pooled thread, name=Binder_1
12-27 07:03:15.066 28146 28146 I sldd    : command : argv:remoteservice
12-27 07:03:15.066 28146 28146 V         : getInterface_ApplicationManager
12-27 07:03:15.067 28146 28146 V         : getInterface_ApplicationManager
12-27 07:03:15.067   989  1587 V AppManager: onSendPost, dest = remoteservice
12-27 07:03:15.067 28146 28146 I sldd_cmd: remoteservice requestREON 
12-27 07:03:15.067 31361 31394 V RVC     : onPostReceived what:62445 arg1:61700
12-27 07:03:15.067 31361 31394 V RVC     : onPostReceived_sldd what:62445 arg1:61700
12-27 07:03:15.067 31361 31394 I RVC     : postRequest:61700 serviceType: 4 0x4
12-27 07:03:15.067 31361 31394 E APP     : RVC] postRequest:61700 serviceType: 4 0x4
12-27 07:03:15.067 31361 31394 V RVC     : initSLDDstatusProperty serviceType: 4
12-27 07:03:15.067 31361 31394 D RVC     : setProperty(REONPrePowermode, PROP_NOT_AVAILABLE)
12-27 07:03:15.067 31361 31394 D RVC     : setProperty(REONPreResStatus, PROP_NOT_AVAILABLE)
12-27 07:03:15.067 31361 31394 D RVC     : setProperty(REONAuthStatus, PROP_NOT_AVAILABLE)
12-27 07:03:15.067 31361 31394 D RVC     : setProperty(REONSuccess, PROP_NOT_AVAILABLE)
12-27 07:03:15.067 31361 31394 D RVC     : setProperty(REONFailReason, PROP_NOT_AVAILABLE)
12-27 07:03:15.067 31361 31394 D RVC     : setProperty(REONPreSVTstatus, PROP_NOT_AVAILABLE)
12-27 07:03:15.067 31361 31394 D RVC     : setProperty(REONPreFuellevel, PROP_NOT_AVAILABLE)
12-27 07:03:15.067 31361 31394 D RVC     : setProperty(REONPreCrashStatus, PROP_NOT_AVAILABLE)
12-27 07:03:15.067 31361 31394 D RVC     : setProperty(REONPreResRuntime, PROP_NOT_AVAILABLE)
12-27 07:03:15.067 31361 31394 D RVC     : save property:resRelevant value:0xffffffff
12-27 07:03:15.067 31361 31394 I RVC_rcvMsg: receiveMessage_TSP(). serviceType: 4
12-27 07:03:15.067 31361 31394 E APP     : RVC] receiveMessage_TSP(). serviceType: 4
12-27 07:03:15.067 31361 31394 V KeepPower: KeepPower acquire module id: 4,keepPowerID:2, releaseTime 360
12-27 07:03:15.068  1624 31359 E PowerManagerImpl: acquireKeepPowerInternal id:2, mKeepPowerFlag 0x4, canstate 0
12-27 07:03:15.068  1624 31359 V PowerManagerImpl: startKeepPowerAutoRelTimer : minLife 360
12-27 07:03:15.068 28146 28165 V ProcessState: Spawning new pooled thread, name=Binder_2
12-27 07:03:15.070  1624 31359 I BootModeAPI: LGE read BootMode = factory
12-27 07:03:15.070  1624 31359 I BootModeAPI: LGE BootMode set value = 0x2000000
12-27 07:03:15.070  1624 31359 E PowerManagerImpl: KeepPowerList : REMOTESERVICE|
12-27 07:03:15.070  1624 31359 I PowerManagerImpl: sendKeepPowerInfo2SystemMonitor(0x8)
12-27 07:03:15.071   977  1595 I PSMClient: reportKeepPowerInfo : keeppowerinfo 8
12-27 07:03:15.071   977  1595 D PSMClient: cse_il_psmclient_receive_from_televm called :15
12-27 07:03:15.071   977  1595 D PSMClient: Packege Queued!
12-27 07:03:15.071   977  1474 D PSMClient: psmclientCond Signaled!
12-27 07:03:15.071   977  1474 D PSMClient: CB_CMD_RERORT_KEEPPOWER_INFO: Calling reportKeepPowerInfoToCSE(0x8)
12-27 07:03:15.071 31361 31394 V KeepPower: KeepPower release module id: 4, keepPowerID:2
12-27 07:03:15.078   977  1474 D PSMClient: CB_CMD_RERORT_KEEPPOWER_INFO: Results from reportKeepPowerInfoToCSE = 0
12-27 07:03:15.078  1624 31359 E PowerManagerImpl: releaseKeepPowerInternal id:2, mKeepPowerFlag 0x4, canstate
12-27 07:03:15.078  1624 31359 E PowerManagerImpl: KeepPowerList : REMOTESERVICE|
12-27 07:03:15.078  1624 31359 I PowerManagerImpl: sendKeepPowerInfo2SystemMonitor(0x8)
12-27 07:03:15.079   977  1595 I PSMClient: reportKeepPowerInfo : keeppowerinfo 8
12-27 07:03:15.079   977  1595 D PSMClient: cse_il_psmclient_receive_from_televm called :15
12-27 07:03:15.079   977  1595 D PSMClient: Packege Queued!
12-27 07:03:15.079   977  1474 D PSMClient: psmclientCond Signaled!
12-27 07:03:15.079   977  1474 D PSMClient: CB_CMD_RERORT_KEEPPOWER_INFO: Calling reportKeepPowerInfoToCSE(0x8)
12-27 07:03:15.080 31361 31394 I RVC     : KeepPower acquire count:1 1 
12-27 07:03:15.080 31361 31394 E APP     : RVC] KeepPower acquire count:1 1 
12-27 07:03:15.080 31361 31394 I RVC_timer: startTimerId timer 27 is running, stop and start again
12-27 07:03:15.080 31361 31394 E APP     : RVC] startTimerId timer 27 is running, stop and start again
12-27 07:03:15.080 31361 31394 I RVC_timer: stopTimerId  timerId:27 
12-27 07:03:15.080 31361 31394 E APP     : RVC] stopTimerId  timerId:27 
12-27 07:03:15.080 31361 31394 I RVC_timer: startTimerId  TIMER_KEEPPOWER_RELEASE(27) duration:360 bRestart:1 
12-27 07:03:15.080 31361 31394 E APP     : RVC] startTimerId  TIMER_KEEPPOWER_RELEASE(27) duration:360 bRestart:1 
12-27 07:03:15.080  1624 31359 V PowerManagerImpl: getCurrentPowerMode : 0
12-27 07:03:15.081 31361 31394 D RVC     : RemoteService_getPowerMode():0
12-27 07:03:15.081 31361 31394 I RVC_kvdb: kvDBRx cfgName:res_inhibit start 16283222
12-27 07:03:15.081 31361 31394 E APP     : RVC] kvDBRx cfgName:res_inhibit start 16283222
12-27 07:03:15.081   980 31465 I ConfigDbClient: ReadKv, Key:res_inhibit, token[774]
