12-28 05:02:34.915   983  1585 I ConfigAdaptee: getAppMode from kvDB [AppModeECC] = [0]
12-28 05:02:34.916   973  1527 I ConfigDbClient: ReadKv, Key:0x00000034, token[56]
12-28 05:02:34.916   973  1527 I CSE_ConfigDb: received msg from teleVM:3 0x00000034, token:56
12-28 05:02:34.916   973  1485 I CSE_ConfigDb: CONFIGDB_CB_CMD_READ_KV
12-28 05:02:34.918   973  1485 I CSE_ConfigDb: read_data_db[lcf_table_remote] : key:0x00000034 value:1 status:0 CseEr_GetErrorCode:0 sql_status:0 token:56
12-28 05:02:34.918   973  1527 I ConfigDbClient: == wait for ReqKey:0x00000034, Req token[56]
12-28 05:02:34.918   973  1527 I ConfigDbClient: ==> [Req:Resp] table[lcf_table_remote] key[0x00000034:0x00000034], value[1], token[56:56]
12-28 05:02:34.918   974  1580 I <VSM>VehicleStatusManagerService: Query kvDB (AppModeEVC)[lcf_table_remote:0x00000034] success. value(1)
12-28 05:02:34.918   983  1585 I ConfigAdaptee: getAppMode from kvDB [AppModeEVC] = [1]
12-28 05:02:34.919   973  1527 I ConfigDbClient: ReadKv, Key:0x00000033, token[57]
12-28 05:02:34.919   973  1527 I CSE_ConfigDb: received msg from teleVM:3 0x00000033, token:57
12-28 05:02:34.919   973  1485 I CSE_ConfigDb: CONFIGDB_CB_CMD_READ_KV
12-28 05:02:34.920   973  1485 I CSE_ConfigDb: read_data_db[lcf_table_remote] : key:0x00000033 value:0 status:0 CseEr_GetErrorCode:0 sql_status:0 token:57
12-28 05:02:34.920   973  1527 I ConfigDbClient: == wait for ReqKey:0x00000033, Req token[57]
12-28 05:02:34.921   973  1527 I ConfigDbClient: ==> [Req:Resp] table[lcf_table_remote] key[0x00000033:0x00000033], value[0], token[57:57]
12-28 05:02:34.921   974  1580 I <VSM>VehicleStatusManagerService: Query kvDB (AppModeEVR)[lcf_table_remote:0x00000033] success. value(0)
12-28 05:02:34.921   983  1585 I ConfigAdaptee: getAppMode from kvDB [AppModeEVR] = [0]
12-28 05:02:34.921   973  1527 I ConfigDbClient: ReadKv, Key:0x000000b6, token[58]
12-28 05:02:34.921   973  1527 I CSE_ConfigDb: received msg from teleVM:3 0x000000b6, token:58
12-28 05:02:34.921   973  1485 I CSE_ConfigDb: CONFIGDB_CB_CMD_READ_KV
12-28 05:02:34.923   973  1485 I CSE_ConfigDb: read_data_db[lcf_table_remote] : key:0x000000b6 value:0 status:0 CseEr_GetErrorCode:0 sql_status:0 token:58
12-28 05:02:34.924   973  1527 I ConfigDbClient: == wait for ReqKey:0x000000b6, Req token[58]
12-28 05:02:34.924   973  1527 I ConfigDbClient: ==> [Req:Resp] table[lcf_table_remote] key[0x000000b6:0x000000b6], value[0], token[58:58]
12-28 05:02:34.924   974  1580 I <VSM>VehicleStatusManagerService: Query kvDB (AppModeHBD)[lcf_table_remote:0x000000b6] success. value(0)
12-28 05:02:34.924   983  1585 I ConfigAdaptee: getAppMode from kvDB [AppModeHBD] = [0]
12-28 05:02:34.925   973  1527 I ConfigDbClient: ReadKv, Key:0x506ecd70, token[59]
12-28 05:02:34.925   973  1527 I CSE_ConfigDb: received msg from teleVM:3 0x506ecd70, token:59
12-28 05:02:34.925   973  1485 I CSE_ConfigDb: CONFIGDB_CB_CMD_READ_KV
12-28 05:02:34.927   973  1485 I CSE_ConfigDb: read_data_db[lcf_table_remote] : key:0x506ecd70 value:0 status:0 CseEr_GetErrorCode:0 sql_status:0 token:59
12-28 05:02:34.927   973  1527 I ConfigDbClient: == wait for ReqKey:0x506ecd70, Req token[59]
12-28 05:02:34.927   973  1527 I ConfigDbClient: ==> [Req:Resp] table[lcf_table_remote] key[0x506ecd70:0x506ecd70], value[0], token[59:59]
12-28 05:02:34.927   974  1580 I <VSM>VehicleStatusManagerService: Query kvDB (AppModeHC)[lcf_table_remote:0x506ecd70] success. value(0)
12-28 05:02:34.927   983  1585 I ConfigAdaptee: getAppMode from kvDB [AppModeHC] = [0]
12-28 05:02:34.928   973  1527 I ConfigDbClient: ReadKv, Key:0x506ece03, token[60]
12-28 05:02:34.928   973  1527 I CSE_ConfigDb: received msg from teleVM:3 0x506ece03, token:60
12-28 05:02:34.928   973  1485 I CSE_ConfigDb: CONFIGDB_CB_CMD_READ_KV
12-28 05:02:34.930   973  1485 I CSE_ConfigDb: read_data_db[lcf_table_remote] : key:0x506ece03 value:0 status:0 CseEr_GetErrorCode:0 sql_status:0 token:60
12-28 05:02:34.930   973  1527 I ConfigDbClient: == wait for ReqKey:0x506ece03, Req token[60]
12-28 05:02:34.930   973  1527 I ConfigDbClient: ==> [Req:Resp] table[lcf_table_remote] key[0x506ece03:0x506ece03], value[0], token[60:60]
12-28 05:02:34.930   974  1580 I <VSM>VehicleStatusManagerService: Query kvDB (AppModeJL)[lcf_table_remote:0x506ece03] success. value(0)
12-28 05:02:34.932   983  1585 I ConfigAdaptee: getAppMode from kvDB [AppModeJL] = [0]
12-28 05:02:34.933   973  1527 I ConfigDbClient: ReadKv, Key:0x507d6848, token[61]
12-28 05:02:34.933   973  1527 I CSE_ConfigDb: received msg from teleVM:3 0x507d6848, token:61
12-28 05:02:34.933   973  1485 I CSE_ConfigDb: CONFIGDB_CB_CMD_READ_KV
12-28 05:02:34.934   973  1485 I CSE_ConfigDb: read_data_db[lcf_table_remote] : key:0x507d6848 value:0 status:0 CseEr_GetErrorCode:0 sql_status:0 token:61
12-28 05:02:34.935   973  1527 I ConfigDbClient: == wait for ReqKey:0x507d6848, Req token[61]
12-28 05:02:34.935   973  1527 I ConfigDbClient: ==> [Req:Resp] table[lcf_table_remote] key[0x507d6848:0x507d6848], value[0], token[61:61]
12-28 05:02:34.935   974  1580 I <VSM>VehicleStatusManagerService: Query kvDB (AppModeLT)[lcf_table_remote:0x507d6848] success. value(0)
12-28 05:02:34.941   983  1585 I ConfigAdaptee: getAppMode from kvDB [AppModeLT] = [0]
12-28 05:02:34.941   973  1527 I ConfigDbClient: ReadKv, Key:0x0000013a, token[62]
12-28 05:02:34.942   973  1527 I CSE_ConfigDb: received msg from teleVM:3 0x0000013a, token:62
12-28 05:02:34.942   973  1485 I CSE_ConfigDb: CONFIGDB_CB_CMD_READ_KV
12-28 05:02:34.946   973  1485 I CSE_ConfigDb: read_data_db[lcf_table_remote] : key:0x0000013a value:0 status:0 CseEr_GetErrorCode:0 sql_status:0 token:62
12-28 05:02:34.946   973  1527 I ConfigDbClient: == wait for ReqKey:0x0000013a, Req token[62]
12-28 05:02:34.946   973  1527 I ConfigDbClient: ==> [Req:Resp] table[lcf_table_remote] key[0x0000013a:0x0000013a], value[0], token[62:62]
12-28 05:02:34.946   974  1580 I <VSM>VehicleStatusManagerService: Query kvDB (AppModeRCD)[lcf_table_remote:0x0000013a] success. value(0)
12-28 05:02:34.946   983  1585 I ConfigAdaptee: getAppMode from kvDB [AppModeRCD] = [0]
12-28 05:02:34.947   973  1527 I ConfigDbClient: ReadKv, Key:0x00000139, token[63]
12-28 05:02:34.947   973  1527 I CSE_ConfigDb: received msg from teleVM:3 0x00000139, token:63
12-28 05:02:34.948   973  1485 I CSE_ConfigDb: CONFIGDB_CB_CMD_READ_KV
12-28 05:02:34.949   973  1485 I CSE_ConfigDb: read_data_db[lcf_table_remote] : key:0x00000139 value:1 status:0 CseEr_GetErrorCode:0 sql_status:0 token:63
12-28 05:02:34.949   973  1527 I ConfigDbClient: == wait for ReqKey:0x00000139, Req token[63]
12-28 05:02:34.949   973  1527 I ConfigDbClient: ==> [Req:Resp] table[lcf_table_remote] key[0x00000139:0x00000139], value[1], token[63:63]
12-28 05:02:34.950   974  1580 I <VSM>VehicleStatusManagerService: Query kvDB (AppModeRCP)[lcf_table_remote:0x00000139] success. value(1)
12-28 05:02:34.959   983  1585 I ConfigAdaptee: getAppMode from kvDB [AppModeRCP] = [1]
12-28 05:02:34.959   973  1527 I ConfigDbClient: ReadKv, Key:0x506ed034, token[64]
12-28 05:02:34.959   973  1527 I CSE_ConfigDb: received msg from teleVM:3 0x506ed034, token:64
12-28 05:02:34.959   973  1485 I CSE_ConfigDb: CONFIGDB_CB_CMD_READ_KV
12-28 05:02:34.961   973  1485 I CSE_ConfigDb: read_data_db[lcf_table_remote] : key:0x506ed034 value:1 status:0 CseEr_GetErrorCode:0 sql_status:0 token:64
12-28 05:02:34.961   973  1527 I ConfigDbClient: == wait for ReqKey:0x506ed034, Req token[64]
12-28 05:02:34.961   973  1527 I ConfigDbClient: ==> [Req:Resp] table[lcf_table_remote] key[0x506ed034:0x506ed034], value[1], token[64:64]
12-28 05:02:34.961   974  1580 I <VSM>VehicleStatusManagerService: Query kvDB (AppModeRD)[lcf_table_remote:0x506ed034] success. value(1)
12-28 05:02:34.961   983  1585 I ConfigAdaptee: getAppMode from kvDB [AppModeRD] = [1]
12-28 05:02:34.962   973  1527 I ConfigDbClient: ReadKv, Key:0x55e6a1e7, token[65]
12-28 05:02:34.962   973  1527 I CSE_ConfigDb: received msg from teleVM:3 0x55e6a1e7, token:65
12-28 05:02:34.962   973  1485 I CSE_ConfigDb: CONFIGDB_CB_CMD_READ_KV
12-28 05:02:34.964   973  1485 I CSE_ConfigDb: read_data_db[lcf_table_remote] : key:0x55e6a1e7 value:0 status:0 CseEr_GetErrorCode:0 sql_status:0 token:65
12-28 05:02:34.964   973  1527 I ConfigDbClient: == wait for ReqKey:0x55e6a1e7, Req token[65]
12-28 05:02:34.964   973  1527 I ConfigDbClient: ==> [Req:Resp] table[lcf_table_remote] key[0x55e6a1e7:0x55e6a1e7], value[0], token[65:65]
12-28 05:02:34.964   974  1580 I <VSM>VehicleStatusManagerService: Query kvDB (AppModeRISM)[lcf_table_remote:0x55e6a1e7] success. value(0)
12-28 05:02:34.964   983  1585 I ConfigAdaptee: getAppMode from kvDB [AppModeRISM] = [0]
12-28 05:02:34.964   973  1527 I ConfigDbClient: ReadKv, Key:0x5199da30, token[66]
12-28 05:02:34.964   973  1527 I CSE_ConfigDb: received msg from teleVM:3 0x5199da30, token:66
12-28 05:02:34.965   973  1485 I CSE_ConfigDb: CONFIGDB_CB_CMD_READ_KV
12-28 05:02:34.966   973  1485 I CSE_ConfigDb: read_data_db[lcf_table_remote] : key:0x5199da30 value:0 status:0 CseEr_GetErrorCode:0 sql_status:0 token:66
12-28 05:02:34.966   973  1527 I ConfigDbClient: == wait for ReqKey:0x5199da30, Req token[66]
12-28 05:02:34.966   973  1527 I ConfigDbClient: ==> [Req:Resp] table[lcf_table_remote] key[0x5199da30:0x5199da30], value[0], token[66:66]
12-28 05:02:34.966   974  1580 I <VSM>VehicleStatusManagerService: Query kvDB (AppModeRVC)[lcf_table_remote:0x5199da30] success. value(0)
12-28 05:02:34.966   983  1585 I ConfigAdaptee: getAppMode from kvDB [AppModeRVC] = [0]
12-28 05:02:34.967   973  1527 I ConfigDbClient: ReadKv, Key:0x506ece97, token[67]
12-28 05:02:34.967   973  1527 I CSE_ConfigDb: received msg from teleVM:3 0x506ece97, token:67
12-28 05:02:34.967   973  1485 I CSE_ConfigDb: CONFIGDB_CB_CMD_READ_KV
12-28 05:02:34.968   973  1485 I CSE_ConfigDb: read_data_db[lcf_table_remote] : key:0x506ece97 value:0 status:0 CseEr_GetErrorCode:0 sql_status:0 token:67
12-28 05:02:34.968   973  1527 I ConfigDbClient: == wait for ReqKey:0x506ece97, Req token[67]
12-28 05:02:34.969   973  1527 I ConfigDbClient: ==> [Req:Resp] table[lcf_table_remote] key[0x506ece97:0x506ece97], value[0], token[67:67]
12-28 05:02:34.969   974  1580 I <VSM>VehicleStatusManagerService: Query kvDB (AppModeRVI)[lcf_table_remote:0x506ece97] success. value(0)
12-28 05:02:34.969   983  1585 I ConfigAdaptee: getAppMode from kvDB [AppModeRVI] = [0]
12-28 05:02:34.970   973  1527 I ConfigDbClient: ReadKv, Key:0x506ece40, token[68]
12-28 05:02:34.970   973  1527 I CSE_ConfigDb: received msg from teleVM:3 0x506ece40, token:68
12-28 05:02:34.970   973  1485 I CSE_ConfigDb: CONFIGDB_CB_CMD_READ_KV
12-28 05:02:34.971   973  1485 I CSE_ConfigDb: read_data_db[lcf_table_remote] : key:0x506ece40 value:0 status:0 CseEr_GetErrorCode:0 sql_status:0 token:68
12-28 05:02:34.971   973  1527 I ConfigDbClient: == wait for ReqKey:0x506ece40, Req token[68]
12-28 05:02:34.971   973  1527 I ConfigDbClient: ==> [Req:Resp] table[lcf_table_remote] key[0x506ece40:0x506ece40], value[0], token[68:68]
12-28 05:02:34.971   974  1580 I <VSM>VehicleStatusManagerService: Query kvDB (AppModeSVT)[lcf_table_remote:0x506ece40] success. value(0)
12-28 05:02:34.972   983  1585 I ConfigAdaptee: getAppMode from kvDB [AppModeSVT] = [0]
12-28 05:02:34.972   973  1527 I ConfigDbClient: ReadKv, Key:0x506ece38, token[69]
12-28 05:02:34.972   973  1527 I CSE_ConfigDb: received msg from teleVM:3 0x506ece38, token:69
12-28 05:02:34.972   973  1485 I CSE_ConfigDb: CONFIGDB_CB_CMD_READ_KV
12-28 05:02:34.974   973  1485 I CSE_ConfigDb: read_data_db[lcf_table_remote] : key:0x506ece38 value:0 status:0 CseEr_GetErrorCode:0 sql_status:0 token:69
12-28 05:02:34.974   973  1527 I ConfigDbClient: == wait for ReqKey:0x506ece38, Req token[69]
12-28 05:02:34.974   973  1527 I ConfigDbClient: ==> [Req:Resp] table[lcf_table_remote] key[0x506ece38:0x506ece38], value[0], token[69:69]
12-28 05:02:34.974   974  1580 I <VSM>VehicleStatusManagerService: Query kvDB (AppModeTN)[lcf_table_remote:0x506ece38] success. value(0)
12-28 05:02:34.974   983  1585 I ConfigAdaptee: getAppMode from kvDB [AppModeTN] = [0]
12-28 05:02:34.975   973  1527 I ConfigDbClient: ReadKv, Key:0x506ecea3, token[70]
12-28 05:02:34.975   973  1527 I CSE_ConfigDb: received msg from teleVM:3 0x506ecea3, token:70
12-28 05:02:34.975   973  1485 I CSE_ConfigDb: CONFIGDB_CB_CMD_READ_KV
12-28 05:02:34.976   973  1485 I CSE_ConfigDb: read_data_db[lcf_table_remote] : key:0x506ecea3 value:0 status:0 CseEr_GetErrorCode:0 sql_status:0 token:70
12-28 05:02:34.977   973  1527 I ConfigDbClient: == wait for ReqKey:0x506ecea3, Req token[70]
12-28 05:02:34.977   973  1527 I ConfigDbClient: ==> [Req:Resp] table[lcf_table_remote] key[0x506ecea3:0x506ecea3], value[0], token[70:70]
12-28 05:02:34.977   974  1580 I <VSM>VehicleStatusManagerService: Query kvDB (AppModeUDD)[lcf_table_remote:0x506ecea3] success. value(0)
12-28 05:02:34.977   983  1585 I ConfigAdaptee: getAppMode from kvDB [AppModeUDD] = [0]
12-28 05:02:34.977   983  1585 I AppManager: <<< System >>> Send SYS_POST_BOOT_COMPLETED_PRE
12-28 05:02:34.977   986  1524 I CommunicationManagerService: onSystemPostReceived of appmgr: 0x00000001
12-28 05:02:34.977   985   985 I SensorManagerService: onSystemPostReceived of appmgr: 0x00000001
12-28 05:02:34.977  1634  1647 D HMIManagerService: onSystemPostReceived of appmgr: 0x00000001
12-28 05:02:34.977  1634  1647 D HMIManagerService: Receive SYS_POST_BOOT_COMPLETED_PRE
12-28 05:02:34.977   986  1504 E CommunicationManagerService: Got BOOT_COMPLETE_PRE
12-28 05:02:34.977   985  1513 I SensorManagerService: handleMessage RECV_MSG_BOOT_COMPLETED_PRE
12-28 05:02:34.977   986  1504 E CommunicationManagerService: registerTeleVMStateNotifier()
12-28 05:02:34.977   985  1513 I SensorManagerService: registerComm
12-28 05:02:34.978  1632  1676 V NGTPManagerService: Boot Completed pre onSystemPostReceived of appmgr: 0x00000001
12-28 05:02:34.978  1686  1708 V FactoryImpl: handleMessage FACTORY_IMPL_BOOT_COMPLETED_PRE
12-28 05:02:34.978  1686  1708 E FactoryImpl: == initAllServiceBinder ==
12-28 05:02:34.978  1689  1702 E NetworkManagerService: SYS_POST_BOOT_COMPLETED_PRE: 0x00000001
12-28 05:02:34.978   983  1585 D AppManager: launchApplication, bcall app's appmode is disabled, 8
12-28 05:02:34.978   983  1585 D AppManager: launchApplication, ecall app's appmode is disabled, 8
12-28 05:02:34.978   983  1585 V AppManager: requestToLaunchApp, evt
12-28 05:02:34.978  1718  1721 D SystemManagerService: handleMessage() MESSAGE_BOOT_COMPLETED
12-28 05:02:34.978  1718  1721 I SystemManagerService: received BOOT_COMPLETED_PRE!!
12-28 05:02:34.978   984   984 V DeadReckoning: Boot Completed pre onSystemPostReceived of appmgr: 0x00000001
12-28 05:02:34.978   983  1585 D AppManager: launchApplication, lt app's appmode does not matches, 2 : 8
12-28 05:02:34.978  1696  1731 I CANManagerService: onSystemPostReceived(       1,       0)
12-28 05:02:34.978   983  1585 D AppManager: launchApplication, nev app's appmode is disabled, 10
12-28 05:02:34.978  1689  1701 E NetworkManagerService: MESSAGE_RECEIVED_BOOT_COMPLETED_PRE : 2
12-28 05:02:34.978   983  1585 D AppManager: launchApplication, pc app's appmode is not existed
12-28 05:02:34.978  1689  1701 E NetworkManagerService: getBootCompletedStatus() started.
12-28 05:02:34.978   983  1585 V AppManager: requestToLaunchApp, pc
12-28 05:02:34.978  1628  1677 I DiagManagerService: onSystemPostReceived(       1,       0)
12-28 05:02:34.978   983  1585 D AppManager: launchApplication, provisioning app's appmode is not existed
12-28 05:02:34.978   983  1585 V AppManager: requestToLaunchApp, provisioning
12-28 05:02:34.978  1632  1673 V NGTPManagerService: Last_modified_date : 220530
12-28 05:02:34.978  1632  1673 V NGTPManagerService: Last_modified_issue : Implement PCR-145
12-28 05:02:34.978   984  1583 I DeadReckoning: registerMMFB
12-28 05:02:34.978  1632  1673 V NGTPManagerService: Applied_version_Y22W12R1
12-28 05:02:34.978   983  1585 V AppManager: requestToLaunchApp, rcd
12-28 05:02:34.978  1706  1706 V FirewallManagerService: onSystemPostReceived(), what = 1
12-28 05:02:34.978  1706  1706 V FirewallManagerService: SYS_POST_BOOT_COMPLETED_PRE: 0x00000001
12-28 05:02:34.978   983  1585 D AppManager: launchApplication, remoteservice app's appmode is disabled, 8
12-28 05:02:34.978   983  1585 V AppManager: requestToLaunchApp, rvm
12-28 05:02:34.978  1633  1773 V SecurityCrypto: onSystemPostReceived(), what = 1
12-28 05:02:34.978   983  1585 D AppManager: launchApplication, specialmode app's appmode is not existed
12-28 05:02:34.978  1633  1773 V SecurityCrypto: SYS_POST_BOOT_COMPLETED_PRE: 0x00000001
12-28 05:02:34.978   983  1585 V AppManager: requestToLaunchApp, specialmode
12-28 05:02:34.978   975   975 E Leopard : forkApplicationByExec app[evt], add_list(1)
12-28 05:02:34.978  1637  1653 E WIFI    : SYS_POST_BOOT_COMPLETED_PRE: 0x00000001
12-28 05:02:34.979  1642  1687 V IntelligentFactoryManagerService: SYS_POST_BOOT_COMPLETED_PRE: 0x00000001
12-28 05:02:34.979  1718  1721 D SystemManagerService: request - register power-service
12-28 05:02:34.979  1689  1701 V NetworkManagerService: Succeed to get IWiFiManagerService
12-28 05:02:34.979   983  1585 D AppManager: launchApplication, svt app's appmode is disabled, 8
12-28 05:02:34.979   983  1585 V AppManager: handleBroadcastSystemPost, app=evt, status=1
12-28 05:02:34.979   975   975 I Leopard : addService[evt], id(1000), in_pid(1874), pid(1874)
12-28 05:02:34.979  1632  1673 V NGTPManagerService: ConfigurationValues() Start
12-28 05:02:34.979   975   975 D Leopard : added applications list size(25)
12-28 05:02:34.979   975   975 E Leopard : forkApplicationByExec app[pc], add_list(1)
12-28 05:02:34.979   983  1585 V AppManager: handleBroadcastSystemPost, app=pc, status=1
12-28 05:02:34.979  1625  1674 V ProcessState: Spawning new pooled thread, name=Binder_2
12-28 05:02:34.979   983  1585 V AppManager: handleBroadcastSystemPost, app=provisioning, status=1
12-28 05:02:34.979   983  1585 V AppManager: handleBroadcastSystemPost, app=rcd, status=1
12-28 05:02:34.979   983  1585 V AppManager: handleBroadcastSystemPost, app=rvm, status=1
12-28 05:02:34.979   983  1585 V AppManager: handleBroadcastSystemPost, app=specialmode, status=1
12-28 05:02:34.979   975   975 I Leopard : addService[pc], id(1000), in_pid(1876), pid(1876)
12-28 05:02:34.979   975   975 D Leopard : added applications list size(26)
12-28 05:02:34.979   975   975 E Leopard : forkApplicationByExec app[provisioning], add_list(1)
12-28 05:02:34.979  1642  1664 I IntelligentFactoryManagerService: initWithVSM : VSM Connected
12-28 05:02:34.980   975   975 I Leopard : addService[provisioning], id(1000), in_pid(1877), pid(1877)
12-28 05:02:34.980   975   975 D Leopard : added applications list size(27)
12-28 05:02:34.980   975   975 E Leopard : forkApplicationByExec app[rcd], add_list(1)
12-28 05:02:34.981  1689  1702 V INetworkManagerService: NM_REGISTER_RECEIVER
12-28 05:02:34.981  1637  1653 D IWiFiManagerService: OP_STA_REGISTER_RECEIVER
12-28 05:02:34.981   973  1527 I ConfigDbClient: ReadKv, Key:CORE_ASSEMBLY_NUM, token[71]
12-28 05:02:34.981   973  1527 I CSE_ConfigDb: received msg from teleVM:3 CORE_ASSEMBLY_NUM, token:71
12-28 05:02:34.981  1689  1702 E NetworkManagerService: NetworkManager receiver register 
12-28 05:02:34.981  1637  1653 E WIFI    : register WiFi Station Receiver(), type:1
12-28 05:02:34.981  1637  1653 E WIFI    : WiFi Station receiver register count = 1
12-28 05:02:34.981  1689  1702 E NetworkManagerService: NM rcvr rgstr cnt = 1
12-28 05:02:34.981   975   975 I Leopard : addService[rcd], id(1000), in_pid(1878), pid(1878)
12-28 05:02:34.981  1642  1664 I IntelligentFactoryManagerService: initWithPowerManager : Power Mgr & Keep power Connected
12-28 05:02:34.981   975   975 D Leopard : added applications list size(28)
12-28 05:02:34.981   975   975 E Leopard : forkApplicationByExec app[rvm], add_list(1)
12-28 05:02:34.981   973  1485 I CSE_ConfigDb: CONFIGDB_CB_CMD_READ_KV
12-28 05:02:34.981   984  1583 I DeadReckoning: registerSensor
12-28 05:02:34.981  1642  1664 I IntelligentFactoryManagerService: initWithCANManager : CAN Mgr Connected
12-28 05:02:34.981   975   975 I Leopard : addService[rvm], id(1000), in_pid(1879), pid(1879)
12-28 05:02:34.982   975   975 D Leopard : added applications list size(29)
12-28 05:02:34.982   975   975 E Leopard : forkApplicationByExec app[specialmode], add_list(1)
12-28 05:02:34.982  1625  1674 V ITeleVMStateNotifier: onTeleVMStateNotify : TeleVMState:0
12-28 05:02:34.982   986  1504 E CommunicationManagerService: onTeleVMStateNotify(): newState(TELEVM_STATE_WAKEUP), reason(0)
12-28 05:02:34.982   975   975 I Leopard : addService[specialmode], id(1000), in_pid(1880), pid(1880)
12-28 05:02:34.982   975   975 D Leopard : added applications list size(30)
12-28 05:02:34.982  1696  1700 V CANManagerService: handleMessage CAN_ON_BOOT_COMPLETED_PRE
12-28 05:02:34.983  1628  1663 I DiagHandler: handleMessage DIAG_ON_BOOT_COMPLETED_PRE, mBootCompletedPre(0)
12-28 05:02:34.983   986  1504 E CommunicationManagerService: registerTeleVMStateNotifier(): Completed
12-28 05:02:34.983   986  1504 E CommunicationManagerService: registerPSMStateNotifier()
12-28 05:02:34.983  1877  1877 E Leopard : child app [provisioning]
12-28 05:02:34.983  1625  1667 V PowerManagerImpl: processPowerManager : 28
12-28 05:02:34.983  1625  1667 V PowerManagerImpl: CMD_BOOT_COMPLETED_PRE
12-28 05:02:34.983  1625  1667 V ProtocolHandler: ProtocolHandler::sendMessage category:4, subCategory:0
12-28 05:02:34.983  1637  1652 E WIFI    : getBootCompletedStatus() started
12-28 05:02:34.983  1642  1664 I IntelligentFactoryManagerService: initWithOperationManager : Operation Mode mgr Connected
12-28 05:02:34.983  1642  1664 I IntelligentFactoryManagerService: initService is done
12-28 05:02:34.983   974  1579 V <VSM>VehicleStatusManagerService: Register Config Noti (SVC_ID_INTELFACTORY)
12-28 05:02:34.983   986  1524 V ProcessState: Spawning new pooled thread, name=Binder_2
12-28 05:02:34.984  1625  1667 V ProtocolHandler: ProtocolHandler::sendMessage error_val 0
12-28 05:02:34.984   986   986 I CM_SPI  : registerReceiver(category(0x11))
12-28 05:02:34.984   985  1513 I SensorManagerService: enableAccelerometer
12-28 05:02:34.984   971  1618 I SPIClient_can: notifyBootCompToCse
12-28 05:02:34.984   971  1618 E SPIClient_can: CL-cse_il_can_receive_from_televm called :4
12-28 05:02:34.984   984  1583 V ISensorManagerService: BP registerUpdateReceiver
12-28 05:02:34.984   986  1524 I CM_SPI  : registerReceiver(category(0x07))
12-28 05:02:34.984   985   985 V ISensorManagerReceiver: BpSensorManagerReceiver()
12-28 05:02:34.984   985   985 I SensorManagerService: registerSensorReceiver mask:0
12-28 05:02:34.985   973  1527 I ConfigDbClient: == wait for ReqKey:CORE_ASSEMBLY_NUM, Req token[71]
12-28 05:02:34.985   973  1527 I ConfigDbClient: ==> [Req:Resp] table[tele_manu_otp] key[CORE_ASSEMBLY_NUM:CORE_ASSEMBLY_NUM], value[Unknown], token[71:71]
12-28 05:02:34.985  1642  1664 I IntelligentFactoryManagerService: registerKvDBReceiver : VSM Receiver Connected
12-28 05:02:34.985   974  1580 I <VSM>VehicleStatusManagerService: Query kvDB (PART_NO_CORE_ASSY)[tele_manu_otp:CORE_ASSEMBLY_NUM] success. value(Unknown)
12-28 05:02:34.986  1632  1673 V NGTPManagerService: Core HW Assy : Unknown (2)
12-28 05:02:34.986  1696  1731 E CANManagerService: CANManagerService::ServiceStub::registerReceiver(131)
12-28 05:02:34.986  1696  1727 E CRH     : CAN_RX_HANDLER_REGISTER_RECEIVER 131
12-28 05:02:34.986  1696  1727 V CANManagerService: registerReceiver ---> ServiceID : 131
12-28 05:02:34.986   985   985 I SensorManagerService: reqBufferingData
12-28 05:02:34.986   984  1583 I DeadReckoning: startTimer:5
12-28 05:02:34.986   984  1583 I DeadReckoning: registerPower
12-28 05:02:34.986  1625  1674 V IPSMStateNotifier: onPSMStateNotify : PSMState:2
12-28 05:02:34.986   973  1527 I ConfigDbClient: ReadKv, Key:0x5072ba06, token[72]
12-28 05:02:34.986  1642  1664 I IntelligentFactoryManagerService: registerCANReceiver : CAN Mgr Receiver Connected
12-28 05:02:34.986  1642  1664 D IntelligentFactoryManagerService: registerCANReceiver : Ok -> addIndex
12-28 05:02:34.986   973  1527 I CSE_ConfigDb: received msg from teleVM:3 0x5072ba06, token:72
12-28 05:02:34.986  1696  1731 E CANManagerService: CANManagerService::ServiceStub::addIndex(131, 668)
12-28 05:02:34.986  1696  1727 E CRH     : CAN_RX_HANDLER_ADD_INDEX 131 668
12-28 05:02:34.986   986  1504 E CommunicationManagerService: onPSMStateNotify(): state: PSM_STATE_NORMAL
12-28 05:02:34.987   973  1485 I CSE_ConfigDb: read_data_db[tele_manu_otp] : key:CORE_ASSEMBLY_NUM value:Unknown status:0 CseEr_GetErrorCode:0 sql_status:0 token:71
12-28 05:02:34.987   973  1485 I CSE_ConfigDb: CONFIGDB_CB_CMD_READ_KV
12-28 05:02:34.987   986  1504 E CommunicationManagerService: registerPSMStateNotifier(): Completed
12-28 05:02:34.987   986  1504 I CommunicationManagerService: sendDataToFactory(CA, FE, 2D, EC, AF, 71, 0000, dataBuffer)
12-28 05:02:34.987   986  1504 E CM_UART : [MSM->UART] 17 bytes
12-28 05:02:34.987  1696  1731 E CANManagerService: CANManagerService::ServiceStub::addIndex(131, 139)
12-28 05:02:34.988  1696  1727 E CRH     : CAN_RX_HANDLER_ADD_INDEX 131 139
12-28 05:02:34.990   973  1527 I ConfigDbClient: == wait for ReqKey:0x5072ba06, Req token[72]
12-28 05:02:34.990   973  1527 I ConfigDbClient: ==> [Req:Resp] table[lcf_table_remote] key[0x5072ba06:0x5072ba06], value[0], token[72:72]
12-28 05:02:34.990   973  1485 I CSE_ConfigDb: read_data_db[lcf_table_remote] : key:0x5072ba06 value:0 status:0 CseEr_GetErrorCode:0 sql_status:0 token:72
12-28 05:02:34.990   974  1580 I <VSM>VehicleStatusManagerService: Query kvDB (EquipmentId)[lcf_table_remote:0x5072ba06] success. value(0)
12-28 05:02:34.990  1632  1673 V NGTPManagerService: EquipemntID :0
12-28 05:02:34.990   973  1527 I ConfigDbClient: ReadKv, Key:SERIAL_NUMBER, token[73]
12-28 05:02:34.991   973  1527 I CSE_ConfigDb: received msg from teleVM:3 SERIAL_NUMBER, token:73
12-28 05:02:34.991   973  1485 I CSE_ConfigDb: CONFIGDB_CB_CMD_READ_KV
12-28 05:02:34.991   985  1513 I SensorManagerService: registerLocationCSE
12-28 05:02:34.991   971  1536 E SPIClient_can: CL-OSC_SVCID_134_State_2
12-28 05:02:34.992   986  1524 E CommunicationManagerService: registerStatusReceiver()
12-28 05:02:34.992  1718  1721 I SystemManagerService: register power-service
12-28 05:02:34.992  1718  1721 E SystemAntSetting: NORMAL!! Before get CCF. So antenna is not fit(0)
12-28 05:02:34.992  1718  1721 D SystemAntSetting: after boot completed(1) read ccf and set value.. fit(0) 
12-28 05:02:34.992  1634  1645 D HMIManagerService: onBind: Succeeded CommunicationManager register ret: 0, 0, 0
12-28 05:02:34.996  1696  1731 E CANManagerService: CANManagerService::ServiceStub::addIndex(131, 258)
12-28 05:02:34.996   971  1650 E SPIClient_can: CL-SPIClient is Active!
12-28 05:02:34.996  1876  1876 E Leopard : child app [pc]
12-28 05:02:34.996   971  1650 E SPIClient_can: CL-IOCTL_NOTIFY_CSE_ACTIVATED
12-28 05:02:34.996   971  1613 I SPIClient_can: notifyCseActivated
12-28 05:02:34.997  1642  1664 I IntelligentFactoryManagerService: registerExternalPowerReceiver : Power Mgr Receiver Connected
12-28 05:02:34.997  1631  1680 V OperationModeManagerImpl: registerOperationModeReceiver
12-28 05:02:34.997  1631  1680 V OperationModeManagerImpl: registerOperationModeReceiver size:4
12-28 05:02:34.998  1642  1664 I IntelligentFactoryManagerService: registerOperationReceiver : OperationMode Receiver Connected
12-28 05:02:34.998   986  1605 E CM_SPI  : MSM->MCU Type[01] Cat[04, 00] Cmd[04, 00] PayloadLen[0000]
12-28 05:02:34.998  1637  1652 E WIFI    : Connected To Vehcle Status Mgr!
12-28 05:02:34.998   985  1513 I SensorManagerService: signal buffer not applied
12-28 05:02:34.998  1634  1645 D HMIManagerService: onBind: Succeeded ApplicationManager register
12-28 05:02:34.999  1634  1645 V HMIManagerService: onStatusChanged status : 0, reason : 0
12-28 05:02:34.999  1696  1731 I CANManagerService: setCseActivated flag 1
12-28 05:02:34.999  1878  1878 E Leopard : child app [rcd]
12-28 05:02:34.998  1880  1880 E Leopard : child app [specialmode]
12-28 05:02:35.001  1879  1879 E Leopard : child app [rvm]
12-28 05:02:35.001  1874  1874 E Leopard : child app [evt]
12-28 05:02:35.002   986  1882 E CM_UART : registerPcReceiver()
12-28 05:02:35.002  1628  1663 I DiagManagerService: registerServiceManagerInterfaces interface systemManager OK
12-28 05:02:35.002  1718  1726 I SystemManagerAnt: Register... AntReceiver size(1), caller id(0), pid(1628)
12-28 05:02:35.002  1718  1726 D SystemManagerAnt: Register... notify antenna info... cycle(1)
12-28 05:02:35.002  1718  1726 I SystemAntSetting: Show Main Antenna(0), Sub Antenna(0), Gnss Antenna(0), Wifi Antenna(0)
12-28 05:02:35.002  1718  1726 D SystemManagerAnt: (cycle)register fit(0) antenna(0) adc(9000000), dtc(254), dfc(0), cond(0), cycle receiver(1)
12-28 05:02:35.002  1718  1726 E SystemManagerAnt: Notify Power(1), fit(0), antenna_mode(0), antenna_dtc(254), fault_cnt(0), caller pid(1628), cycle_receiver(1)
12-28 05:02:35.002  1718  1726 E SystemManagerAnt: OK - onAntennaReceived caller pid(1628) who(1)
12-28 05:02:35.002  1718  1726 E DIAG    : OK - onAntennaReceived antenna_mode(0) caller pid(1628) who(1)
12-28 05:02:35.002  1718  1726 D SystemManagerAnt: (cycle)register fit(0) antenna(1) adc(9000000), dtc(254), dfc(0), cond(0), cycle receiver(1)
12-28 05:02:35.002  1718  1726 E SystemManagerAnt: Notify Power(1), fit(0), antenna_mode(1), antenna_dtc(254), fault_cnt(0), caller pid(1628), cycle_receiver(1)
12-28 05:02:35.002  1718  1726 E SystemManagerAnt: OK - onAntennaReceived caller pid(1628) who(1)
12-28 05:02:35.002  1718  1726 E DIAG    : OK - onAntennaReceived antenna_mode(1) caller pid(1628) who(1)
12-28 05:02:35.003  1718  1726 D SystemManagerAnt: (cycle)register fit(0) antenna(2) adc(9000000), dtc(254), dfc(0), cond(0), cycle receiver(1)
12-28 05:02:35.003  1718  1726 E SystemManagerAnt: Notify Power(1), fit(0), antenna_mode(2), antenna_dtc(254), fault_cnt(0), caller pid(1628), cycle_receiver(1)
12-28 05:02:35.003  1718  1726 E SystemManagerAnt: OK - onAntennaReceived caller pid(1628) who(1)
12-28 05:02:35.003  1718  1726 E DIAG    : OK - onAntennaReceived antenna_mode(2) caller pid(1628) who(1)
12-28 05:02:35.003  1718  1726 D SystemManagerAnt: (cycle)register fit(0) antenna(3) adc(9000000), dtc(254), dfc(0), cond(0), cycle receiver(1)
12-28 05:02:35.003  1718  1726 E SystemManagerAnt: Notify Power(1), fit(0), antenna_mode(3), antenna_dtc(254), fault_cnt(0), caller pid(1628), cycle_receiver(1)
12-28 05:02:35.003  1718  1726 E SystemManagerAnt: OK - onAntennaReceived caller pid(1628) who(1)
12-28 05:02:35.003  1718  1726 E DIAG    : OK - onAntennaReceived antenna_mode(3) caller pid(1628) who(1)
12-28 05:02:35.003  1628  1677 I DiagSystemReceiver: onAntennaReceived dtcItemIndex 0, faultType 254, faultCount 0
12-28 05:02:35.003  1628  1677 V ProcessState: Spawning new pooled thread, name=Binder_2
12-28 05:02:35.003  1628  1677 I DiagSystemReceiver: onAntennaReceived dtcItemIndex 1, faultType 254, faultCount 0
12-28 05:02:35.003  1628  1677 I DiagSystemReceiver: onAntennaReceived dtcItemIndex 2, faultType 254, faultCount 0
12-28 05:02:35.003  1628  1677 I DiagSystemReceiver: onAntennaReceived dtcItemIndex 3, faultType 254, faultCount 0
12-28 05:02:35.004  1628  1663 I DiagManagerService: registerServiceManagerInterfaces interface locationManager OK
12-28 05:02:35.004   986  1882 I CommunicationManagerService: registerFactoryReceiver()
12-28 05:02:35.004   986  1882 E CM_UART : registerFactoryReceiver()
12-28 05:02:35.006  1751  1760 V LocationAdapterImpl: default_location_native_set_position_mode.
12-28 05:02:35.006   984   984 V LocdQctImpl: LocdQctImpl - native_set_position_mode. mode 0, recurrence 0, min_interval 1000, preferred_accuracy 0, preferred_time 0
12-28 05:02:35.006  1628  1881 I DiagReceiverHandler: handleMessage dtcItemIndex 13, faultType 0xfe, faultCount 0
12-28 05:02:35.006  1628  1881 E DiagService: notifyDtcResult dtcItemIndex 13, dtcResult 0xfe, faultCount 0
12-28 05:02:35.006  1628  1881 I DiagReadDTCInfo: receiveDTCResult dtcItemIndex 13, dtcResult 0xfe, faultCount 0
12-28 05:02:35.006  1628  1881 I DiagReceiverHandler: handleMessage dtcItemIndex 14, faultType 0xfe, faultCount 0
12-28 05:02:35.008  1628  1881 E DiagService: notifyDtcResult dtcItemIndex 14, dtcResult 0xfe, faultCount 0
12-28 05:02:35.009  1628  1663 I DiagManagerService: registerServiceManagerInterfaces communicationManager OK
12-28 05:02:35.009  1751  1760 V LocationAdapterImpl: default_location_native_set_position_mode.
12-28 05:02:35.009   984   984 V LocdQctImpl: LocdQctImpl - native_set_position_mode. mode 0, recurrence 0, min_interval 1000, preferred_accuracy 0, preferred_time 0
12-28 05:02:35.010  1628  1881 I DiagReadDTCInfo: receiveDTCResult dtcItemIndex 14, dtcResult 0xfe, faultCount 0
12-28 05:02:35.012  1628  1881 I DiagReceiverHandler: handleMessage dtcItemIndex 15, faultType 0xfe, faultCount 0
12-28 05:02:35.012  1628  1881 E DiagService: notifyDtcResult dtcItemIndex 15, dtcResult 0xfe, faultCount 0
12-28 05:02:35.012  1628  1881 I DiagReadDTCInfo: receiveDTCResult dtcItemIndex 15, dtcResult 0xfe, faultCount 0
12-28 05:02:35.012  1628  1881 I DiagReceiverHandler: handleMessage dtcItemIndex 12, faultType 0xfe, faultCount 0
12-28 05:02:35.012  1628  1881 E DiagService: notifyDtcResult dtcItemIndex 12, dtcResult 0xfe, faultCount 0
12-28 05:02:35.012  1628  1881 I DiagReadDTCInfo: receiveDTCResult dtcItemIndex 12, dtcResult 0xfe, faultCount 0
12-28 05:02:35.012  1628  1881 E DiagDataManager: checkAndSetTcuStatusItem, Parameter error index[12], refResult[0xfe]
12-28 05:02:35.013   986  1882 I CM_SPI  : registerReceiver(category(0x05))
12-28 05:02:35.014  1628  1663 I DiagManagerService: registerServiceManagerInterfaces ngtpManager OK
12-28 05:02:35.016  1628  1663 I DiagManagerService: registerServiceManagerInterfaces telephonyListener OK
12-28 05:02:35.018  1628  1663 I DiagTelephonyReceiver: onServiceStateChanged serviceState 2
12-28 05:02:35.019  1628  1663 I DiagTelephonyReceiver: onDataConnectionStateChanged serviceState 0 apnType default
12-28 05:02:35.019  1628  1663 I DiagTelephonyReceiver: onSimStateChanged simState 5
12-28 05:02:35.019  1628  1663 I DiagTelephonyReceiver: onSimErrorChanged simError -1
12-28 05:02:35.020  1628  1663 I DiagManagerService: registerServiceManagerInterfaces register opMgr Receiver from OperationManager OK
12-28 05:02:35.021  1631  1680 V OperationModeManagerImpl: registerOperationModeReceiver
12-28 05:02:35.021  1631  1680 V OperationModeManagerImpl: registerOperationModeReceiver size:5
12-28 05:02:35.021  1696  1727 E CRH     : CAN_RX_HANDLER_ADD_INDEX 131 258
12-28 05:02:35.021  1689  1701 E NetworkManagerService: Succeed to get IOperationModeManagerService
12-28 05:02:35.021  1631  1631 V ProcessState: Spawning new pooled thread, name=Binder_2
12-28 05:02:35.021  1631  1631 V OperationModeManagerImpl: registerOperationModeReceiver
12-28 05:02:35.021  1631  1631 V OperationModeManagerImpl: registerOperationModeReceiver size:6
12-28 05:02:35.022  1631  1680 I OperationModeManagerImpl: getCurrentOperationMode: return current mode: :4
12-28 05:02:35.022  1628  1663 I DiagService: onChangedOperationalMode(4)
12-28 05:02:35.023   974   974 V ProcessState: Spawning new pooled thread, name=Binder_3
12-28 05:02:35.023   974   974 V <VSM>VehicleStatusManagerService: Register Config Noti (SVC_ID_WIFI)
12-28 05:02:35.023  1637  1652 D WiFiManagerService: getWiFiMACAddrFromKvdb()
12-28 05:02:35.025   986  1605 E CM_SPI  : MSM->MCU Type[01] Cat[0A, 00] Cmd[0A, 01] PayloadLen[0000]
12-28 05:02:35.025  1628  1663 I DiagRWDataByID: onChangedOperationalMode Opmode [3]
12-28 05:02:35.025   981  1518 I DiagClient: [0x03]
12-28 05:02:35.026  1628  1663 I DiagManagerService: registerServiceManagerInterfaces register Voltage Receiver from PowerManager OK
12-28 05:02:35.026  1625  1875 V ITeleVMStateNotifier: onTeleVMStateNotify : TeleVMState:0
12-28 05:02:35.029  1628  1663 I DiagPowerModeReceiver: onPowerModeChanged oldPM[ff], newPM[ 0]
12-28 05:02:35.042  1628  1663 I DiagManagerService: registerServiceManagerInterfaces register PowerMode Receiver from PowerManager OK
12-28 05:02:35.044   981  1481 V DiagClient: AppEvent[40b4] Size[1]
12-28 05:02:35.056  1628  1881 I DiagReceiverHandler: handleMessage networkRegiStatus is chaged 6
12-28 05:02:35.056  1628  1663 D IAudioManagerService: registerReceiver 12
12-28 05:02:35.056  1631  1884 I OperationModeManagerImpl: getCurrentOperationMode: return current mode: :4
12-28 05:02:35.056  1626  1626 D IAudioManagerService: AUDIO_REGISTER_RECEIVER 12
12-28 05:02:35.056  1626  1626 V AudioManagerService: registerReceiver mask:12
12-28 05:02:35.056  1626  1626 V AudioManagerService: registerReceiver size:1
12-28 05:02:35.056  1689  1701 E NetworkManagerService: Current OperationMode is 4
12-28 05:02:35.057   973  1527 I ConfigDbClient: == wait for ReqKey:SERIAL_NUMBER, Req token[73]
12-28 05:02:35.057   973  1527 I ConfigDbClient: ==> [Req:Resp] table[tele_manu_otp] key[SERIAL_NUMBER:SERIAL_NUMBER], value[Unknown], token[73:73]
12-28 05:02:35.057   974  1580 I <VSM>VehicleStatusManagerService: Query kvDB (SERIAL_NO)[tele_manu_otp:SERIAL_NUMBER] success. value(Unknown)
12-28 05:02:35.057  1628  1663 I DiagManagerService: registerServiceManagerInterfaces register Audio Receiver from AudioManager OK
12-28 05:02:35.057  1632  1673 V NGTPManagerService: SerialNumber( Unknown )
12-28 05:02:35.057   973  1527 I ConfigDbClient: ReadKv, Key:WIFI_MAC_ADDR, token[74]
12-28 05:02:35.057   973  1527 I CSE_ConfigDb: received msg from teleVM:3 WIFI_MAC_ADDR, token:74
12-28 05:02:35.057   973  1485 I CSE_ConfigDb: read_data_db[tele_manu_otp] : key:SERIAL_NUMBER value:Unknown status:0 CseEr_GetErrorCode:0 sql_status:0 token:73
12-28 05:02:35.057   973  1485 I CSE_ConfigDb: CONFIGDB_CB_CMD_READ_KV
12-28 05:02:35.061  1628  1881 I DiagRWDataByID: onChangedTelephonyItem, telephony did [a095]
12-28 05:02:35.061   986  1605 E CM_SPI  : MCU->MSM Type[02] Cat[04, 00] Cmd[04, 01] PayloadLen[0000]
12-28 05:02:35.062  1628  1881 E DiagRWDataByID: onChangedTelephonyItem getBootCompleted() is false
12-28 05:02:35.063  1625  1667 V ProtocolHandler: sendMessage : cmd 4, cmd2 1
12-28 05:02:35.063  1625  1667 D PowerManagerImpl: getWakeupReasonfromMCU - cmd1[4], cmd2[1]
12-28 05:02:35.063  1625  1667 E POWER   : performEventFromMCU - wakeup reason 1
12-28 05:02:35.063  1625  1667 I PowerManagerImpl: performEventFromMCU - wakeup reason 1
12-28 05:02:35.064  1625  1667 V PowerManagerImpl: white complete to WakeupReasonList.txt
12-28 05:02:35.064  1625  1667 I PowerManagerImpl: NotifyWakeup: reason type :1
12-28 05:02:35.064  1625  1667 V PowerManagerImpl: onNotifyWakeup : currentState:2 reason:1
12-28 05:02:35.066  1625  1667 V PowerManagerImpl: processPowerManager : 13
12-28 05:02:35.066  1625  1667 V PowerManagerImpl: processPowerManager:CMD_APP_STATUS_CHANGED arg[0x1], arg1[0xff]
12-28 05:02:35.066  1625  1667 V PowerManagerImpl: processPowerManager : 13
12-28 05:02:35.066  1625  1667 V PowerManagerImpl: processPowerManager:CMD_APP_STATUS_CHANGED arg[0x1], arg1[0xff]
12-28 05:02:35.066  1625  1667 V PowerManagerImpl: processPowerManager : 13
12-28 05:02:35.066  1625  1667 V PowerManagerImpl: processPowerManager:CMD_APP_STATUS_CHANGED arg[0x1], arg1[0xff]
12-28 05:02:35.066  1625  1667 V PowerManagerImpl: processPowerManager : 13
12-28 05:02:35.066  1625  1667 V PowerManagerImpl: processPowerManager:CMD_APP_STATUS_CHANGED arg[0x1], arg1[0xff]
12-28 05:02:35.066  1625  1667 V PowerManagerImpl: processPowerManager : 13
12-28 05:02:35.066  1625  1667 V PowerManagerImpl: processPowerManager:CMD_APP_STATUS_CHANGED arg[0x1], arg1[0xff]
12-28 05:02:35.066  1625  1667 V PowerManagerImpl: processPowerManager : 13
12-28 05:02:35.066  1625  1667 V PowerManagerImpl: processPowerManager:CMD_APP_STATUS_CHANGED arg[0x1], arg1[0xff]
12-28 05:02:35.067  1689  1701 V NetworkManagerService: Succeed to get IPowerManagerService
12-28 05:02:35.076   973  1527 I ConfigDbClient: == wait for ReqKey:WIFI_MAC_ADDR, Req token[74]
12-28 05:02:35.076   973  1527 I ConfigDbClient: ==> [Req:Resp] table[tele_manu_otp] key[WIFI_MAC_ADDR:WIFI_MAC_ADDR], value[Unknown], token[74:74]
12-28 05:02:35.076   974  1580 I <VSM>VehicleStatusManagerService: Query kvDB (WIFI_MAC_ADDR)[tele_manu_otp:WIFI_MAC_ADDR] success. value(Unknown)
12-28 05:02:35.076   973  1527 I ConfigDbClient: ReadKv, Key:0x00000050, token[75]
12-28 05:02:35.076   973  1527 I CSE_ConfigDb: received msg from teleVM:3 0x00000050, token:75
12-28 05:02:35.076   973  1485 I CSE_ConfigDb: read_data_db[tele_manu_otp] : key:WIFI_MAC_ADDR value:Unknown status:0 CseEr_GetErrorCode:0 sql_status:0 token:74
12-28 05:02:35.076   973  1485 I CSE_ConfigDb: CONFIGDB_CB_CMD_READ_KV
12-28 05:02:35.077  1637  1652 E WIFI    : getWiFiMACAddrFromKvdb() read value from VSM : Unknown
12-28 05:02:35.077  1637  1652 E WIFI    : checkIsValidMACAddress() !!!!! [ERROR] INVALID FORMAT MAC (Unknown) => SET TO VALID FORMAT MAC !!!!!
12-28 05:02:35.077  1637  1652 E WIFI    : getWiFiMACAddrFromKvdb() retVal=FALSE
12-28 05:02:35.077  1637  1652 E WIFI    : getMACAddrFromBackUpPart()
12-28 05:02:35.078  1637  1652 E WiFiClientHalUtils: copyFile() can't open /data/backup/wlan_mac.bin
12-28 05:02:35.078  1637  1652 E WIFI    : connectToVSMgr() get MAC address FAILED from getMACAddrFromBackUpPart
12-28 05:02:35.079  1628  1881 I DiagReceiverHandler: handleMessage mccmnc is chaged 20404
12-28 05:02:35.080  1628  1881 I DiagRWDataByID: onChangedTelephonyItem, telephony did [41b3]
12-28 05:02:35.080   981  1518 I DiagClient: [0x32][0x30][0x34][0x30][0x34]
12-28 05:02:35.080  1628  1881 I DiagReceiverHandler: handleMessage DIAG_ON_TELEPHONY_DATA_CONNECTION_CHANGE, arg1[0x0]
12-28 05:02:35.080  1628  1881 I DiagReceiverHandler: gprsStatus is [ 0]
12-28 05:02:35.081  1628  1881 I DiagRWDataByID: onChangedTelephonyItem, telephony did [41b0]
12-28 05:02:35.081   981  1518 I DiagClient: [0x00]
12-28 05:02:35.082  1628  1881 I DiagReceiverHandler: handleMessage simStatus 5, simError[0]
12-28 05:02:35.082  1628  1881 I DiagReceiverHandler: requestDTCResultSimCard simState 5, simError 0 simDtcStatus  0,faultCount -128
12-28 05:02:35.083   973  1527 I ConfigDbClient: == wait for ReqKey:0x00000050, Req token[75]
12-28 05:02:35.083   973  1527 I ConfigDbClient: ==> [Req:Resp] table[lcf_table_remote] key[0x00000050:0x00000050], value[5], token[75:75]
12-28 05:02:35.083   974  1580 I <VSM>VehicleStatusManagerService: Query kvDB (MRInitDelayCrit)[lcf_table_remote:0x00000050] success. value(5)
12-28 05:02:35.084   974  1580 V <VSM>VehicleStatusManagerService: Register Config Noti (SVC_ID_DIAG)
12-28 05:02:35.084  1628  1663 I DiagManagerService: registerServiceManagerInterfaces register Config Receiver from ConfigManager OK
12-28 05:02:35.084   973  1527 I ConfigDbClient: ReadKv, Key:0x00000105, token[76]
12-28 05:02:35.084   973  1527 I CSE_ConfigDb: received msg from teleVM:3 0x00000105, token:76
12-28 05:02:35.084   973  1485 I CSE_ConfigDb: read_data_db[lcf_table_remote] : key:0x00000050 value:5 status:0 CseEr_GetErrorCode:0 sql_status:0 token:75
12-28 05:02:35.084   973  1485 I CSE_ConfigDb: CONFIGDB_CB_CMD_READ_KV
12-28 05:02:35.085  1625  1625 V PowerManagerImpl: getCurrentPowerMode : 0
12-28 05:02:35.085  1628  1663 I DiagManagerService: registerServiceManagerInterfaces created CAN manager interface from CanManager OK
12-28 05:02:35.086  1628  1881 I DiagReceiverHandler: handleMessage imeiNo is chaged 359957090052646
12-28 05:02:35.087  1628  1656 I DiagReadDTCHandler: checkSimCardError simStatus 5, simError[0]
12-28 05:02:35.087  1628  1656 E DiagService: notifyDtcResult dtcItemIndex 16, dtcResult 0xfe, faultCount 0
12-28 05:02:35.087  1628  1656 I DiagReadDTCInfo: receiveDTCResult dtcItemIndex 16, dtcResult 0xfe, faultCount 0
12-28 05:02:35.087  1628  1881 I DiagRWDataByID: onChangedTelephonyItem, telephony did [a0a8]
12-28 05:02:35.087   981  1518 I DiagClient: [0x33][0x35][0x39][0x39][0x35][0x37][0x30][0x39]
12-28 05:02:35.087   981  1518 I DiagClient: [0x30][0x30][0x35][0x32][0x36][0x34][0x36]
12-28 05:02:35.087  1628  1881 I DiagReceiverHandler: handleMessage DIAG_ON_SIM_ERROR_CHANGE, arg1[0xffffffff]
12-28 05:02:35.087  1628  1881 I DiagReceiverHandler: handleMessage DIAG_ON_NOTIFY_POWER_MODE, Received PM[0]
12-28 05:02:35.087  1628  1881 E DIAG    : PM is updated previous[0], new[0]
12-28 05:02:35.087  1628  1881 I DiagReceiverHandler: handleMessage DIAG_ON_NOTIFY_POWER_MODE, Received PM[0]_end
12-28 05:02:35.088  1877  1877 E Leopard : launchApp(provisioning)
12-28 05:02:35.090   973  1527 I ConfigDbClient: == wait for ReqKey:0x00000105, Req token[76]
12-28 05:02:35.091   973  1527 I ConfigDbClient: ==> [Req:Resp] table[lcf_table_remote] key[0x00000105:0x00000105], value[true], token[76:76]
12-28 05:02:35.091   974  1580 I <VSM>VehicleStatusManagerService: Query kvDB (AllowWifiClient)[lcf_table_remote:0x00000105] success. value(true)
12-28 05:02:35.091  1637  1652 E WIFI    : getAllowWifiClientConfig() read value from VSM : true
12-28 05:02:35.091  1637  1652 E WIFI    : getAllowWifiClientConfig() AllowWifiClient=TRUE
12-28 05:02:35.091   973  1527 I ConfigDbClient: ReadKv, Key:0x00000052, token[77]
12-28 05:02:35.091   973  1527 I CSE_ConfigDb: received msg from teleVM:3 0x00000052, token:77
12-28 05:02:35.091   973  1485 I CSE_ConfigDb: read_data_db[lcf_table_remote] : key:0x00000105 value:true status:0 CseEr_GetErrorCode:0 sql_status:0 token:76
12-28 05:02:35.091   973  1485 I CSE_ConfigDb: CONFIGDB_CB_CMD_READ_KV
12-28 05:02:35.093   973  1527 I ConfigDbClient: == wait for ReqKey:0x00000052, Req token[77]
12-28 05:02:35.093   973  1527 I ConfigDbClient: ==> [Req:Resp] table[lcf_table_remote] key[0x00000052:0x00000052], value[6], token[77:77]
12-28 05:02:35.094   974  1580 I <VSM>VehicleStatusManagerService: Query kvDB (MRInitDelayRT)[lcf_table_remote:0x00000052] success. value(6)
12-28 05:02:35.094   981  1481 E CSE     : AppEvent[41b3] data not match sent[32] read[32] try Again AppEvent
12-28 05:02:35.094  1637  1652 E WIFI    : Connected To Power Mgr for Power State / PSM Receiver!
12-28 05:02:35.094   973  1527 I ConfigDbClient: ReadKv, Key:0x00000051, token[78]
12-28 05:02:35.094   973  1527 I CSE_ConfigDb: received msg from teleVM:3 0x00000051, token:78
12-28 05:02:35.094  1689  1701 V NetworkManagerService: Succeed to get ICANManagerService
12-28 05:02:35.094   973  1485 I CSE_ConfigDb: read_data_db[lcf_table_remote] : key:0x00000052 value:6 status:0 CseEr_GetErrorCode:0 sql_status:0 token:77
12-28 05:02:35.094   973  1485 I CSE_ConfigDb: CONFIGDB_CB_CMD_READ_KV
12-28 05:02:35.094  1696  1731 E CANManagerService: CANManagerService::ServiceStub::registerReceiver(115)
12-28 05:02:35.096  1696  1727 E CRH     : CAN_RX_HANDLER_REGISTER_RECEIVER 115
12-28 05:02:35.096  1696  1727 V CANManagerService: registerReceiver ---> ServiceID : 115
12-28 05:02:35.096  1689  1701 E NetworkManagerService: registerCANReceiver : Ok -> addIndex
12-28 05:02:35.097   973  1527 I ConfigDbClient: == wait for ReqKey:0x00000051, Req token[78]
12-28 05:02:35.097   973  1527 I ConfigDbClient: ==> [Req:Resp] table[lcf_table_remote] key[0x00000051:0x00000051], value[8], token[78:78]
12-28 05:02:35.097  1696  1731 E CANManagerService: CANManagerService::ServiceStub::addIndex(115, 704)
12-28 05:02:35.097   974  1580 I <VSM>VehicleStatusManagerService: Query kvDB (MRInitDelayDL)[lcf_table_remote:0x00000051] success. value(8)
12-28 05:02:35.097  1696  1727 E CRH     : CAN_RX_HANDLER_ADD_INDEX 115 704
12-28 05:02:35.097   981  1481 E CSE     : AppEvent[41b3] error confirmed
12-28 05:02:35.097   973  1527 I ConfigDbClient: ReadKv, Key:mdf_2477, token[79]
12-28 05:02:35.097   973  1527 I CSE_ConfigDb: received msg from teleVM:3 mdf_2477, token:79
12-28 05:02:35.099  1689  1701 E NetworkManagerService: registerCANReceiver : addIndex -> VS_CAN_REMOTESTARTSTATUSMS_IDX
12-28 05:02:35.100  1689  1701 E NetworkManagerService: detectCAN(0)
12-28 05:02:35.100   973  1485 I CSE_ConfigDb: read_data_db[lcf_table_remote] : key:0x00000051 value:8 status:0 CseEr_GetErrorCode:0 sql_status:0 token:78
12-28 05:02:35.100   973  1485 I CSE_ConfigDb: CONFIGDB_CB_CMD_READ_KV
12-28 05:02:35.103  1696  1731 V CANManagerService: getCANData() : index(704) / value(0)
12-28 05:02:35.104  1689  1701 E NetworkManagerService: RemoteStartStatus=0
12-28 05:02:35.105  1689  1701 V NetworkManagerService: Create_NetworkVehicleStatusManager
12-28 05:02:35.105  1689  1701 V NetworkManagerService: Create_NetworkConfigurationManager
12-28 05:02:35.105  1689  1701 E NetworkManagerService: EWS_config = -1
12-28 05:02:35.105   984  1886 I DeadReckoning: startTimer:6
12-28 05:02:35.105  1689  1701 E NetworkManagerService: kvDBRdCCF cfgName:EmergencyWarnSerEWS 
12-28 05:02:35.105   974  1885 V ProcessState: Spawning new pooled thread, name=Binder_4
12-28 05:02:35.107  1637  1652 E WIFI    : connectToPowerMgr() registerPowerStateReceiver(): Completed
12-28 05:02:35.108   981  1481 V DiagClient: AppEvent[41b0] Size[1]
