12-27 07:03:15.081   980 31465 I CSE_ConfigDb: received msg from teleVM:3 res_inhibit, token:774
12-27 07:03:15.081   980  1409 I CSE_ConfigDb: CONFIGDB_CB_CMD_READ_KV
12-27 07:03:15.094   977  1474 D PSMClient: CB_CMD_RERORT_KEEPPOWER_INFO: Results from reportKeepPowerInfoToCSE = 0
12-27 07:03:15.094   980  1409 I CSE_ConfigDb: read_data_db[telematics_common_table] : key:res_inhibit value:1 status:0 CseEr_GetErrorCode:0 sql_status:0 token:774
12-27 07:03:15.094   980 31465 I ConfigDbClient: == wait for ReqKey:res_inhibit, Req token[774]
12-27 07:03:15.094   980 31465 I ConfigDbClient: ==> [Req:Resp] table[telematics_common_table] key[res_inhibit:res_inhibit], value[1], token[774:774]
12-27 07:03:15.094   981  1919 I <VSM>VehicleStatusManagerService: Query kvDB (res_inhibit)[telematics_common_table:res_inhibit] success. value(1)
12-27 07:03:15.094 31361 31394 I RVC_kvdb: kvDBRx cfgName:res_inhibit 3 value:1(1) end 16283236 takes 14 ms
12-27 07:03:15.094 31361 31394 E APP     : RVC] kvDBRx cfgName:res_inhibit 3 value:1(1) end 16283236 takes 14 ms
12-27 07:03:15.094 31361 31394 D RVC     : setSLDDstatusProperty_CurrentOperationInProgress service:4
12-27 07:03:15.094 31361 31394 E RVC     : setRemoteserviceStateToSota 1 0x1 
12-27 07:03:15.094 31361 31394 E APP     : RVC] setRemoteserviceStateToSota 1 0x1 
12-27 07:03:15.094  1600  4259 E SOTA    : setRemoteState(0x       1,0x       1), old mRESstate = (0x       0)
12-27 07:03:15.094  1600  4259 E SOTA    : new mRESstate = (0x       1), (completed masking with        1)
12-27 07:03:15.094  1600  4259 E SOTA    : getRemoteState(       1), mRESstate = (0x       1)
12-27 07:03:15.094 31361 31394 I RVC_kvdb: kvDBRx cfgName:Additional Heater start 16283236
12-27 07:03:15.094 31361 31394 E APP     : RVC] kvDBRx cfgName:Additional Heater start 16283236
12-27 07:03:15.094   980 31465 I ConfigDbClient: ReadKv, Key:mdf_0427, token[775]
12-27 07:03:15.094   980 31465 I CSE_ConfigDb: received msg from teleVM:3 mdf_0427, token:775
12-27 07:03:15.094   980  1409 I CSE_ConfigDb: CONFIGDB_CB_CMD_READ_KV
12-27 07:03:15.111   980  1409 I CSE_ConfigDb: read_data_db[car_config_data] : key:mdf_0427 value:0 status:0 CseEr_GetErrorCode:0 sql_status:0 token:775
12-27 07:03:15.111   980 31465 I ConfigDbClient: == wait for ReqKey:mdf_0427, Req token[775]
12-27 07:03:15.111   980 31465 I ConfigDbClient: ==> [Req:Resp] table[car_config_data] key[mdf_0427:mdf_0427], value[0], token[775:775]
12-27 07:03:15.111   981  1919 I <VSM>VehicleStatusManagerService: Query kvDB (Additional Heater)[car_config_data:mdf_0427] success. value(0)
12-27 07:03:15.111 31361 31394 I RVC_kvdb: kvDBRx cfgName:Additional Heater 2 value:0(0) end 16283253 takes 17 ms
12-27 07:03:15.111 31361 31394 E APP     : RVC] kvDBRx cfgName:Additional Heater 2 value:0(0) end 16283253 takes 17 ms
12-27 07:03:15.111 31361 31394 I RVC     : setCurrState service:4 state:2 
12-27 07:03:15.111 31361 31394 E APP     : RVC] setCurrState service:4 state:2 
12-27 07:03:15.111 31361 31394 V RVC_RES : requestHandler() serviceType: 4
12-27 07:03:15.111 31361 31394 V RVC_RES : RemoteService_PrereqCheck() serviceType:4
12-27 07:03:15.111 31361 31394 I RVC_kvdb: kvDBRx cfgName:Additional Heater start 16283253
12-27 07:03:15.111 31361 31394 E APP     : RVC] kvDBRx cfgName:Additional Heater start 16283253
12-27 07:03:15.111   980 31465 I ConfigDbClient: ReadKv, Key:mdf_0427, token[776]
12-27 07:03:15.111   980 31465 I CSE_ConfigDb: received msg from teleVM:3 mdf_0427, token:776
12-27 07:03:15.111   980  1409 I CSE_ConfigDb: CONFIGDB_CB_CMD_READ_KV
12-27 07:03:15.113   980  1409 I CSE_ConfigDb: read_data_db[car_config_data] : key:mdf_0427 value:0 status:0 CseEr_GetErrorCode:0 sql_status:0 token:776
12-27 07:03:15.113   980 31465 I ConfigDbClient: == wait for ReqKey:mdf_0427, Req token[776]
12-27 07:03:15.113   980 31465 I ConfigDbClient: ==> [Req:Resp] table[car_config_data] key[mdf_0427:mdf_0427], value[0], token[776:776]
12-27 07:03:15.114   981  1919 I <VSM>VehicleStatusManagerService: Query kvDB (Additional Heater)[car_config_data:mdf_0427] success. value(0)
12-27 07:03:15.114 31361 31394 I RVC_kvdb: kvDBRx cfgName:Additional Heater 2 value:0(0) end 16283256 takes 3 ms
12-27 07:03:15.114 31361 31394 E APP     : RVC] kvDBRx cfgName:Additional Heater 2 value:0(0) end 16283256 takes 3 ms
12-27 07:03:15.115 31361 31394 D RVC     : save property:REONPreSVTstatus value:OK
12-27 07:03:15.115 31361 31394 I RVC_RES : RES_getSVTstatus SVT not active status
12-27 07:03:15.115 31361 31394 E APP     : RVC] RES_getSVTstatus SVT not active status
12-27 07:03:15.115  1624 31359 V PowerManagerImpl: getCurrentPowerMode : 0
12-27 07:03:15.115 31361 31394 D RVC     : RemoteService_getPowerMode():0
12-27 07:03:15.115 31361 31394 D RVC     : save property:REONPrePowermode value:OK
12-27 07:03:15.115 31361 31394 V RVC_RES : [RES Prerequisite Success] PowerMode 0 < 4(PM4_ACCESSORY_1)
12-27 07:03:15.115 31361 31394 D RVC     : save property:REONPreResStatus value:OK
12-27 07:03:15.115 31361 31394 V RVC_RES : [RES Prerequisite Success] Not performing the RES
12-27 07:03:15.115 31361 31394 D RVC     : save property:REONPreCrashStatus value:OK
12-27 07:03:15.115 31361 31394 I RVC     : getCrashStatus Crash status OFF
12-27 07:03:15.115 31361 31394 E APP     : RVC] getCrashStatus Crash status OFF
12-27 07:03:15.115 31361 31394 I RVC_kvdb: kvDBRx cfgName:ClimateControlResFuelLevelStartMin_dl start 16283257
12-27 07:03:15.115 31361 31394 E APP     : RVC] kvDBRx cfgName:ClimateControlResFuelLevelStartMin_dl start 16283257
12-27 07:03:15.118   980 31465 I ConfigDbClient: ReadKv, Key:0x538f2420, token[777]
12-27 07:03:15.118   980 31465 I CSE_ConfigDb: received msg from teleVM:3 0x538f2420, token:777
12-27 07:03:15.118   980  1409 I CSE_ConfigDb: CONFIGDB_CB_CMD_READ_KV
12-27 07:03:15.121   980  1409 I CSE_ConfigDb: read_data_db[lcf_table_remote] : key:0x538f2420 value:50 status:0 CseEr_GetErrorCode:0 sql_status:0 token:777
12-27 07:03:15.122   980 31465 I ConfigDbClient: == wait for ReqKey:0x538f2420, Req token[777]
12-27 07:03:15.122   980 31465 I ConfigDbClient: ==> [Req:Resp] table[lcf_table_remote] key[0x538f2420:0x538f2420], value[50], token[777:777]
12-27 07:03:15.122   981  1919 I <VSM>VehicleStatusManagerService: Query kvDB (ClimateControlResFuelLevelStartMin_dl)[lcf_table_remote:0x538f2420] success. value(50)
12-27 07:03:15.122 31361 31394 I RVC_kvdb: kvDBRx cfgName:ClimateControlResFuelLevelStartMin_dl 3 value:50(50) end 16283264 takes 7 ms
12-27 07:03:15.122 31361 31394 E APP     : RVC] kvDBRx cfgName:ClimateControlResFuelLevelStartMin_dl 3 value:50(50) end 16283264 takes 7 ms
12-27 07:03:15.122 31361 31394 V RVC_RES : RES_getFuelLevel  fuelLevelIndicated:0 ClimateControlResFuelLevelStartMin_dl:50 50
12-27 07:03:15.122 31361 31394 D RVC     : save property:REONPreFuellevel value:FAIL
12-27 07:03:15.122 31361 31394 E RVC_RES : [RES Prerequisite Fail] Fuel level failure  0 50
12-27 07:03:15.122 31361 31394 E APP     : RVC] [RES Prerequisite Fail] Fuel level failure  0 50
12-27 07:03:15.122 31361 31394 I RVC_ngtp: setNGTPerrorCode() errorCode:12
12-27 07:03:15.122 31361 31394 E APP     : RVC] setNGTPerrorCode() errorCode:12
12-27 07:03:15.122 31361 31394 I RVC     : getPropertyInt name : ResRunTimeCounter prop:1800 val:1800
12-27 07:03:15.122 31361 31394 E APP     : RVC] getPropertyInt name : ResRunTimeCounter prop:1800 val:1800
12-27 07:03:15.122 31361 31394 I RVC_kvdb: kvDBRx cfgName:ClimateControlResRunTimeMinLimit_s start 16283264
12-27 07:03:15.122 31361 31394 E APP     : RVC] kvDBRx cfgName:ClimateControlResRunTimeMinLimit_s start 16283264
12-27 07:03:15.123   980 31465 I ConfigDbClient: ReadKv, Key:0x522751b1, token[778]
12-27 07:03:15.123   980 31465 I CSE_ConfigDb: received msg from teleVM:3 0x522751b1, token:778
12-27 07:03:15.123   980  1409 I CSE_ConfigDb: CONFIGDB_CB_CMD_READ_KV
12-27 07:03:15.124   980  1409 I CSE_ConfigDb: read_data_db[lcf_table_remote] : key:0x522751b1 value:180 status:0 CseEr_GetErrorCode:0 sql_status:0 token:778
12-27 07:03:15.124   980 31465 I ConfigDbClient: == wait for ReqKey:0x522751b1, Req token[778]
12-27 07:03:15.125   980 31465 I ConfigDbClient: ==> [Req:Resp] table[lcf_table_remote] key[0x522751b1:0x522751b1], value[180], token[778:778]
12-27 07:03:15.125   981  1919 I <VSM>VehicleStatusManagerService: Query kvDB (ClimateControlResRunTimeMinLimit_s)[lcf_table_remote:0x522751b1] success. value(180)
12-27 07:03:15.125 31361 31394 I RVC_kvdb: kvDBRx cfgName:ClimateControlResRunTimeMinLimit_s 3 value:180(180) end 16283267 takes 3 ms
12-27 07:03:15.125 31361 31394 E APP     : RVC] kvDBRx cfgName:ClimateControlResRunTimeMinLimit_s 3 value:180(180) end 16283267 takes 3 ms
12-27 07:03:15.125 31361 31394 D RVC     : save property:REONPreResRuntime value:OK
12-27 07:03:15.125 31361 31394 V RVC_RES : [RES Prerequisite Success] RES remaining runtime OK
12-27 07:03:15.125 31361 31394 D RVC     : save property:REONSuccess value:FAIL
12-27 07:03:15.125 31361 31394 D RVC     : save property:REONFailReason value:Prerequisite Fail
12-27 07:03:15.125 31361 31394 I RVC     : setCurrState service:10 state:1 
12-27 07:03:15.125 31361 31394 E APP     : RVC] setCurrState service:10 state:1 
12-27 07:03:15.125 31361 31394 I RVC     : setCurrState service:4 state:1 
12-27 07:03:15.125 31361 31394 E APP     : RVC] setCurrState service:4 state:1 
12-27 07:03:15.125 31361 31394 I RVC_ngtp: sendNackMsgToTSP() remoteServiceType:4 
12-27 07:03:15.125 31361 31394 E APP     : RVC] sendNackMsgToTSP() remoteServiceType:4 
12-27 07:03:15.125 31361 31394 I RVC     : getPropertyInt name : ResRunTimeCounter prop:1800 val:1800
12-27 07:03:15.125 31361 31394 E APP     : RVC] getPropertyInt name : ResRunTimeCounter prop:1800 val:1800
12-27 07:03:15.125 31361 31394 D RVC_ngtp: getRESremainingMinute remainingTime second:1800 minute:30
12-27 07:03:15.125 31361 31394 I RVC     : getPropertyInt name : ffhRemainingRunTime prop:0 val:0
12-27 07:03:15.125 31361 31394 E APP     : RVC] getPropertyInt name : ffhRemainingRunTime prop:0 val:0
12-27 07:03:15.126  1624 31359 V PowerManagerImpl: getCurrentPowerMode : 0
12-27 07:03:15.126 31361 31394 D RVC     : RemoteService_getPowerMode():0
12-27 07:03:15.126 31361 31394 V RVC_ngtp: getNgtpVehicleState() PowerMode:0, RESstatus:0 result:5
12-27 07:03:15.126 31361 31394 I RVC_kvdb: kvDBRx cfgName:engine_block_staus start 16283268
12-27 07:03:15.126 31361 31394 E APP     : RVC] kvDBRx cfgName:engine_block_staus start 16283268
12-27 07:03:15.127   980 31465 I ConfigDbClient: ReadKv, Key:engine_block_staus, token[779]
12-27 07:03:15.127   980 31465 I CSE_ConfigDb: received msg from teleVM:3 engine_block_staus, token:779
12-27 07:03:15.127   980  1409 I CSE_ConfigDb: CONFIGDB_CB_CMD_READ_KV
12-27 07:03:15.128   980  1409 I CSE_ConfigDb: read_data_db[telematics_common_table] : key:engine_block_staus value:0 status:0 CseEr_GetErrorCode:0 sql_status:0 token:779
12-27 07:03:15.129   980 31465 I ConfigDbClient: == wait for ReqKey:engine_block_staus, Req token[779]
12-27 07:03:15.129   980 31465 I ConfigDbClient: ==> [Req:Resp] table[telematics_common_table] key[engine_block_staus:engine_block_staus], value[0], token[779:779]
12-27 07:03:15.129   981  1919 I <VSM>VehicleStatusManagerService: Query kvDB (engine_block_staus)[telematics_common_table:engine_block_staus] success. value(0)
12-27 07:03:15.129 31361 31394 I RVC_kvdb: kvDBRx cfgName:engine_block_staus 3 value:0(0) end 16283271 takes 3 ms
12-27 07:03:15.129 31361 31394 E APP     : RVC] kvDBRx cfgName:engine_block_staus 3 value:0(0) end 16283271 takes 3 ms
12-27 07:03:15.129 31361 31394 D RVC_ngtp: initNGTPerrorCode() END
12-27 07:03:15.129 31361 31394 I RVC_ngtp: [SEND NGTP MSG] type:4 second:0 millis:0
12-27 07:03:15.129 31361 31394 E APP     : RVC] [SEND NGTP MSG] type:4 second:0 millis:0
12-27 07:03:15.129 31361 31394 E RVC_ngtp: sendNackMsgToTSP SKIP due to SLDD!!
12-27 07:03:15.129 31361 31394 E APP     : RVC] sendNackMsgToTSP SKIP due to SLDD!!
12-27 07:03:15.129 31361 31394 D RVC     : setSLDDstatusProperty_CurrentOperationInProgress service:22
12-27 07:03:15.129 31361 31394 E RVC     : setRemoteserviceStateToSota 1 0x0 
12-27 07:03:15.129 31361 31394 E APP     : RVC] setRemoteserviceStateToSota 1 0x0 
12-27 07:03:15.129  1600  4259 E SOTA    : setRemoteState(0x       1,0x       0), old mRESstate = (0x       1)
12-27 07:03:15.129  1600  4259 E SOTA    : new mRESstate = (0x       0), (completed masking with        0)
12-27 07:03:15.129  1600  4259 E SOTA    : getRemoteState(       1), mRESstate = (0x       0)
12-27 07:03:15.130 31361 31394 D RVC_RES : requestHandler() serviceType: 4 Prerequisite fail
12-27 07:03:15.261   988  1613 E CM_SPI  : MCU->MSM Type[01] Cat[05, DD] Cmd[05, 00] PayloadLen[0006] Payload[00 FE 00 00 00 25]
12-27 07:03:16.530   988  1613 E CM_SPI  : MCU->MSM Type[01] Cat[05, 22] Cmd[02, 00] PayloadLen[000A] Payload[D9 9E 00 00 00 34 00 00 00 08]
12-27 07:03:16.660   988  1613 E CM_SPI  : MCU->MSM Type[03] Cat[01, 00] Cmd[D0, 00] PayloadLen[0012] Payload[0D 19 00 08 08 57 00 00 00 01 00 01 00 01 00 01 00 01]
12-27 07:03:16.729   976  1522 E SPIClient_can: CL-ISPI_CSPB_OSC
12-27 07:03:16.729   976  1522 E SPIClient_can: RCV CB Single(0), Group(0)
12-27 07:03:16.729   976  1727 E SPIClient_can: MSG_CAN_BUS_STATE
12-27 07:03:16.729   976  1727 E SPIClient_can: CB_2
12-27 07:03:17.666   988  1613 E CM_SPI  : MCU->MSM Type[02] Cat[04, 00] Cmd[D0, 00] PayloadLen[0000]
12-27 07:03:19.385   987  1509 I LocationServer: droutput:lat:0.000000,lon:0.000000,alt:0.000000
12-27 07:03:19.662   988  1613 E CM_SPI  : MCU->MSM Type[03] Cat[01, 00] Cmd[D0, 00] PayloadLen[0012] Payload[0D 19 00 07 08 56 00 00 00 01 00 01 00 01 00 01 00 01]
12-27 07:03:20.398   988  1584 E CommunicationManagerService: KICK DOG(1628)
12-27 07:03:21.223   991  1652 V CRH     : RX_TIME_TO_KICK_DOG
12-27 07:03:21.223   991  1653 V CTH     : TXhandleMessage TX_TIME_TO_KICK_DOG
12-27 07:03:21.224   991  1589 V CANManagerService: perform HeartBeat()
12-27 07:03:21.475  1621 28924 I DiagManagerService: onWatchDog Kick
12-27 07:03:21.609   988  1613 E CM_SPI  : MSM->MCU Type[01] Cat[01, 00] Cmd[11, 00] PayloadLen[0000]
12-27 07:03:21.616   988  1613 E CM_SPI  : MCU->MSM Type[02] Cat[01, 00] Cmd[11, 00] PayloadLen[0000]
12-27 07:03:21.616  1625 18448 V FactoryImpl: onReceive MCU type[x2], cate[x1], subcate[x0], cmd[17], cmd2[x0]
12-27 07:03:21.616  1625 18448 V FactoryUtil: onReceive MCU param[x02][x11][x00], buf is NULL
12-27 07:03:21.616  1625  1677 V FactoryUtil: handleMessage FACTORY_IMPL_RES_FR_MCU_EDU param[x01][x11][x00], buf is NULL
12-27 07:03:21.616  1625  1677 V FactoryEdu: procEduResCommand cate[x01], subCate[x00], cmd[x11], cmd2[x00]
12-27 07:03:21.616  1625  1677 V FactoryUtil: Res Buffer  buf is NULL
12-27 07:03:21.616  1625  1677 V FactoryEdu: procEduResCommand cmd not define cate[x01], subCate[x00], cmd[x11], cmd2[x00]
12-27 07:03:21.739   976  1522 E SPIClient_can: CL-ISPI_CSPB_OSC
12-27 07:03:21.739   976  1522 E SPIClient_can: RCV CB Single(0), Group(0)
12-27 07:03:21.739   976  1727 E SPIClient_can: MSG_CAN_BUS_STATE
12-27 07:03:21.739   976  1727 E SPIClient_can: CB_2
12-27 07:03:21.865   988  1613 E CM_SPI  : MCU->MSM Type[01] Cat[05, DD] Cmd[05, 00] PayloadLen[0006] Payload[00 FE 00 00 00 25]
12-27 07:03:22.065  1608 28998 V DebugManagerServiceImpl: DEBUG_IMPL_KICK_DOG
12-27 07:03:22.659   988  1613 E CM_SPI  : MCU->MSM Type[03] Cat[01, 00] Cmd[D0, 00] PayloadLen[0012] Payload[0D 18 00 08 08 56 00 00 00 01 00 01 00 01 00 01 00 02]
12-27 07:03:23.073  1621  1672 I DiagReadDTCHandler: checkFaultSettingCondition[false] PM[0] Vol[12.170000] bubTemp [37]
12-27 07:03:25.667   988  1613 E CM_SPI  : MCU->MSM Type[03] Cat[01, 00] Cmd[D0, 00] PayloadLen[0012] Payload[0D 18 00 0C 08 57 00 00 00 01 00 01 00 01 00 01 00 01]
12-27 07:03:26.529   988  1613 E CM_SPI  : MCU->MSM Type[01] Cat[05, 22] Cmd[02, 00] PayloadLen[000A] Payload[D9 9E 00 00 00 00 00 00 00 00]
12-27 07:03:26.749   976  1522 E SPIClient_can: CL-ISPI_CSPB_OSC
12-27 07:03:26.749   976  1522 E SPIClient_can: RCV CB Single(0), Group(0)
12-27 07:03:26.749   976  1727 E SPIClient_can: MSG_CAN_BUS_STATE
12-27 07:03:26.749   976  1727 E SPIClient_can: CB_2
12-27 07:03:26.956 29545 29545 V ProcessState: Spawning new pooled thread, name=Binder_1
12-27 07:03:26.958 29545 29567 V ProcessState: Spawning new pooled thread, name=Binder_2
12-27 07:03:26.958 29545 29545 I sldd    : command : argv:om
12-27 07:03:26.958  1601 30579 I JLROperationalModeImpl: changeMode :4
12-27 07:03:26.958  1601  1641 V StateMachine: transit to OPERATIONAL_MODE_ACTIVATED_PROVISIONED[4] from OPERATIONAL_MODE_ACTIVATED_PROVISIONED[4]
12-27 07:03:26.958  1601  1641 V ActProvisionedMode: exit. do nothihg
12-27 07:03:26.958  1601  1641 V ActProvisionedMode: entry. do
12-27 07:03:26.958  1601  1641 I JLROperationalModeImpl: stateMachine is changed to  OPERATIONAL_MODE_ACTIVATED_PROVISIONED
12-27 07:03:26.958  1601  1641 V OperationModeManagerImpl: onNotifyOperationModeChanged : op mode : 4 size:6
12-27 07:03:26.958 29545 29545 I sldd_cmd: om set 4 
12-27 07:03:26.969  1624  1666 V PowerManagerImpl: processPowerManager : 6
12-27 07:03:26.969  1624  1666 V PowerManagerImpl: onOperationModeChanged[4]
12-27 07:03:26.969  1624  1666 V PowerManagerImpl: changingBUB [1]
12-27 07:03:26.969  1624  1666 V ProtocolHandler: ProtocolHandler::sendMessage category:9, subCategory:0
12-27 07:03:26.969  1624  1666 V ProtocolHandler: ProtocolHandler::sendMessage error_val 0
12-27 07:03:26.969   988  1613 E CM_SPI  : MSM->MCU Type[01] Cat[09, 00] Cmd[03, 01] PayloadLen[0000]
12-27 07:03:26.970  1660  1693 E NetworkManagerService: NetworkManagerService_recvMsgFromOperation mode=4
12-27 07:03:26.970  1606 13507 I IntelligentFactoryManagerService: onOperationModeChanged : 4
12-27 07:03:26.971  1601 30579 I OperationModeManagerImpl: getCurrentOperationMode: return current mode: :4
12-27 07:03:26.971  1606  1633 I IntelligentFactoryManagerService: detectOperationMode(): Current OperationMode is 4
12-27 07:03:26.971  1621  1621 I DiagOpmodeReceiver: onOperationModeChanged old OpMode[4], new OpMode[4]
12-27 07:03:26.971  1601  1641 D ActProvisionedMode: Dump ActProvisionedMode : OPERATIONAL_MODE_ACTIVATED_PROVISIONED
12-27 07:03:26.972  1601  1641 V ActProvisionedMode: doing
12-27 07:03:26.972  1601  1638 V OperationModeManagerImpl: updateProvisionStatus : 1
12-27 07:03:26.973  1601  1638 I BootModeAPI: LGE read BootMode = factory
12-27 07:03:26.973  1601  1638 I BootModeAPI: LGE BootMode set value = 0x2000000
12-27 07:03:26.973  1601  1638 I OperationModeManagerImpl: Factory Mode is running.Provisioned Value change it to true always.
12-27 07:03:26.973  1601  1638 V OperationModeManagerImpl: set provisioning as [true]
12-27 07:03:26.973   980 31465 I ConfigDbClient: ModifyKv, Key:tcu_provisioned, token[780]
12-27 07:03:26.973   980 31465 I CSE_ConfigDb: received msg from teleVM:4 tcu_provisioned, token:780
12-27 07:03:26.974   980  1409 I CSE_ConfigDb: CONFIGDB_MSG_IKV_MODIFY
12-27 07:03:26.976   980  1409 I CSE_ConfigDb: Modify Value to Key:tcu_provisioned value:true token:780
12-27 07:03:26.976   980  1409 I CSE_ConfigDb: modify_data_db[general]: key:tcu_provisioned value:true status:0 CseEr_GetErrorCode:0 sql_status:0 token:780
12-27 07:03:26.977   988  1613 E CM_SPI  : MCU->MSM Type[01] Cat[35, 00] Cmd[02, 00] PayloadLen[000B] Payload[42 55 42 20 45 4E 41 42 4C 45 44]
12-27 07:03:26.977   980 31465 I ConfigDbClient: == wait for ReqKey:tcu_provisioned, Req token[780]
12-27 07:03:26.977   980 31465 I ConfigDbClient: ==> [Req:Resp] table[general] key[tcu_provisioned:tcu_provisioned], value[], token[780:780]
12-27 07:03:26.977  1599  1629 E MCU     : BUB ENABLED
12-27 07:03:26.977   981  1919 I <VSM>VehicleStatusManagerService: Modify kvDB (tcu_provisioned)[general:tcu_provisioned] success. value(true)
12-27 07:03:26.978  1601  1638 V OperationModeManagerImpl: sendOperationalData start : 4
12-27 07:03:26.983   988  1613 E CM_SPI  : MSM->MCU Type[01] Cat[04, 00] Cmd[B3, 03] PayloadLen[0000]
12-27 07:03:26.984  1601  1638 V OperationModeManagerImpl: changeBand : hw_variant is not HW_COUNTRY_NA. Do not anything
12-27 07:03:26.986   988  1613 E CM_SPI  : MCU->MSM Type[02] Cat[09, 00] Cmd[03, 01] PayloadLen[0000]
12-27 07:03:26.986  1625 18448 V FactoryImpl: onReceive MCU type[x2], cate[x9], subcate[x0], cmd[3], cmd2[x1]
12-27 07:03:26.986  1625 18448 V FactoryUtil: onReceive MCU param[x02][x03][x01], buf is NULL
12-27 07:03:26.986  1625  1677 V FactoryUtil: handleMessage FACTORY_IMPL_RES_FR_MCU_EDU param[x09][x03][x01], buf is NULL
12-27 07:03:26.986  1625  1677 V FactoryEdu: procEduResCommand cate[x09], subCate[x00], cmd[x03], cmd2[x01]
12-27 07:03:26.986  1625  1677 V FactoryUtil: Res Buffer  buf is NULL
12-27 07:03:26.986  1625  1677 V FactoryEdu: procEduResMcuBubChanging cmd[x03] cmd2[x01]
12-27 07:03:26.986  1625  1677 V FactoryEdu: procEduResMcuBubChanging BUB Changing Enable Response
12-27 07:03:26.986  1625  1677 V FactoryBase: sendBuffEduCommData cmd[x93], cmd2[x1]
12-27 07:03:26.986  1625  1677 D Buffer  : start dump length[0]
12-27 07:03:26.986  1625  1677 D Buffer  : NULL
12-27 07:03:26.986   988  1692 E CM_UART : [MSM->UART] 18 bytes
12-27 07:03:26.994   988  1613 E CM_SPI  : MCU->MSM Type[02] Cat[04, 00] Cmd[B3, 03] PayloadLen[0000]
12-27 07:03:26.994  1625 18448 V FactoryImpl: onReceive MCU type[x2], cate[x4], subcate[x0], cmd[179], cmd2[x3]
12-27 07:03:26.994  1625 18448 V FactoryUtil: onReceive MCU param[x02][xB3][x03], buf is NULL
12-27 07:03:26.994  1625  1677 V FactoryUtil: handleMessage FACTORY_IMPL_RES_FR_MCU_EDU param[x04][xB3][x03], buf is NULL
12-27 07:03:26.994  1625  1677 V FactoryEdu: procEduResCommand cate[x04], subCate[x00], cmd[xB3], cmd2[x03]
12-27 07:03:26.994  1625  1677 V FactoryUtil: Res Buffer  buf is NULL
12-27 07:03:26.994  1625  1677 V FactoryEdu: procEduResCommand cmd not define cate[x04], subCate[x00], cmd[xB3], cmd2[x03]
12-27 07:03:27.060   988  1613 E CM_SPI  : MCU->MSM Type[01] Cat[35, 00] Cmd[02, 00] PayloadLen[0021] Payload[42 55 42 20 44 54 43 33 3A 20 4F 50 45 4E 3A 31 20 53 79 73 48 57 3D 45 30 20 43 3A 32 39 20 31 0A]
12-27 07:03:27.064  1599  1629 E MCU     : BUB DTC3: OPEN:1 SysHW=E0 C:29 1
12-27 07:03:27.339 29597 29597 V ProcessState: Spawning new pooled thread, name=Binder_1
12-27 07:03:27.341 29597 29597 I sldd    : command : argv:remoteservice
12-27 07:03:27.342 29597 29597 V         : getInterface_ApplicationManager
12-27 07:03:27.342 29597 29617 V ProcessState: Spawning new pooled thread, name=Binder_2
12-27 07:03:27.342 29597 29597 V         : getInterface_ApplicationManager
12-27 07:03:27.343   989  1587 V AppManager: onSendPost, dest = remoteservice
12-27 07:03:27.343 29597 29597 I sldd_cmd: remoteservice requestREON 
12-27 07:03:27.343 31361 31394 V RVC     : onPostReceived what:62445 arg1:61700
12-27 07:03:27.343 31361 31394 V RVC     : onPostReceived_sldd what:62445 arg1:61700
12-27 07:03:27.343 31361 31394 I RVC     : postRequest:61700 serviceType: 4 0x4
12-27 07:03:27.343 31361 31394 E APP     : RVC] postRequest:61700 serviceType: 4 0x4
12-27 07:03:27.343 31361 31394 V RVC     : initSLDDstatusProperty serviceType: 4
12-27 07:03:27.343 31361 31394 D RVC     : setProperty(REONPrePowermode, PROP_NOT_AVAILABLE)
12-27 07:03:27.343 31361 31394 D RVC     : setProperty(REONPreResStatus, PROP_NOT_AVAILABLE)
12-27 07:03:27.343 31361 31394 D RVC     : setProperty(REONAuthStatus, PROP_NOT_AVAILABLE)
12-27 07:03:27.343 31361 31394 D RVC     : setProperty(REONSuccess, PROP_NOT_AVAILABLE)
12-27 07:03:27.343 31361 31394 D RVC     : setProperty(REONFailReason, PROP_NOT_AVAILABLE)
12-27 07:03:27.343 31361 31394 D RVC     : setProperty(REONPreSVTstatus, PROP_NOT_AVAILABLE)
12-27 07:03:27.343 31361 31394 D RVC     : setProperty(REONPreFuellevel, PROP_NOT_AVAILABLE)
12-27 07:03:27.343 31361 31394 D RVC     : setProperty(REONPreCrashStatus, PROP_NOT_AVAILABLE)
12-27 07:03:27.343 31361 31394 D RVC     : setProperty(REONPreResRuntime, PROP_NOT_AVAILABLE)
12-27 07:03:27.343 31361 31394 D RVC     : save property:resRelevant value:0xffffffff
12-27 07:03:27.343 31361 31394 I RVC_rcvMsg: receiveMessage_TSP(). serviceType: 4
12-27 07:03:27.343 31361 31394 E APP     : RVC] receiveMessage_TSP(). serviceType: 4
12-27 07:03:27.343 31361 31394 V KeepPower: KeepPower acquire module id: 4,keepPowerID:2, releaseTime 360
12-27 07:03:27.343  1624 31359 E PowerManagerImpl: acquireKeepPowerInternal id:2, mKeepPowerFlag 0x4, canstate 0
12-27 07:03:27.343  1624 31359 V PowerManagerImpl: startKeepPowerAutoRelTimer : minLife 360
12-27 07:03:27.344  1624 31359 I BootModeAPI: LGE read BootMode = factory
12-27 07:03:27.344  1624 31359 I BootModeAPI: LGE BootMode set value = 0x2000000
12-27 07:03:27.344  1624 31359 E PowerManagerImpl: KeepPowerList : REMOTESERVICE|
12-27 07:03:27.344  1624 31359 I PowerManagerImpl: sendKeepPowerInfo2SystemMonitor(0x8)
12-27 07:03:27.344   977  1595 I PSMClient: reportKeepPowerInfo : keeppowerinfo 8
12-27 07:03:27.345   977  1595 D PSMClient: cse_il_psmclient_receive_from_televm called :15
12-27 07:03:27.345   977  1595 D PSMClient: Packege Queued!
12-27 07:03:27.345 31361 31394 V KeepPower: KeepPower release module id: 4, keepPowerID:2
12-27 07:03:27.345   977  1474 D PSMClient: psmclientCond Signaled!
12-27 07:03:27.345   977  1474 D PSMClient: CB_CMD_RERORT_KEEPPOWER_INFO: Calling reportKeepPowerInfoToCSE(0x8)
12-27 07:03:27.345  1624 31359 E PowerManagerImpl: releaseKeepPowerInternal id:2, mKeepPowerFlag 0x4, canstate
12-27 07:03:27.345  1624 31359 E PowerManagerImpl: KeepPowerList : REMOTESERVICE|
12-27 07:03:27.345  1624 31359 I PowerManagerImpl: sendKeepPowerInfo2SystemMonitor(0x8)
12-27 07:03:27.346   977  1595 I PSMClient: reportKeepPowerInfo : keeppowerinfo 8
12-27 07:03:27.346   977  1595 D PSMClient: cse_il_psmclient_receive_from_televm called :15
12-27 07:03:27.346   977  1595 D PSMClient: Packege Queued!
12-27 07:03:27.347 31361 31394 I RVC     : KeepPower acquire count:1 1 
12-27 07:03:27.347 31361 31394 E APP     : RVC] KeepPower acquire count:1 1 
12-27 07:03:27.347 31361 31394 I RVC_timer: startTimerId timer 27 is running, stop and start again
12-27 07:03:27.347 31361 31394 E APP     : RVC] startTimerId timer 27 is running, stop and start again
12-27 07:03:27.347 31361 31394 I RVC_timer: stopTimerId  timerId:27 
12-27 07:03:27.347 31361 31394 E APP     : RVC] stopTimerId  timerId:27 
12-27 07:03:27.347 31361 31394 I RVC_timer: startTimerId  TIMER_KEEPPOWER_RELEASE(27) duration:360 bRestart:1 
12-27 07:03:27.347 31361 31394 E APP     : RVC] startTimerId  TIMER_KEEPPOWER_RELEASE(27) duration:360 bRestart:1 
12-27 07:03:27.347   977  1474 D PSMClient: CB_CMD_RERORT_KEEPPOWER_INFO: Results from reportKeepPowerInfoToCSE = 0
12-27 07:03:27.347   977  1474 D PSMClient: CB_CMD_RERORT_KEEPPOWER_INFO: Calling reportKeepPowerInfoToCSE(0x8)
12-27 07:03:27.347  1624 31359 V PowerManagerImpl: getCurrentPowerMode : 0
12-27 07:03:27.347 31361 31394 D RVC     : RemoteService_getPowerMode():0
12-27 07:03:27.347 31361 31394 I RVC_kvdb: kvDBRx cfgName:res_inhibit start 16295489
12-27 07:03:27.347 31361 31394 E APP     : RVC] kvDBRx cfgName:res_inhibit start 16295489
12-27 07:03:27.348   980 31465 I ConfigDbClient: ReadKv, Key:res_inhibit, token[781]
12-27 07:03:27.348   980 31465 I CSE_ConfigDb: received msg from teleVM:3 res_inhibit, token:781
12-27 07:03:27.348   980  1409 I CSE_ConfigDb: CONFIGDB_CB_CMD_READ_KV
12-27 07:03:27.348   977  1474 D PSMClient: CB_CMD_RERORT_KEEPPOWER_INFO: Results from reportKeepPowerInfoToCSE = 0
12-27 07:03:27.349   980  1409 I CSE_ConfigDb: read_data_db[telematics_common_table] : key:res_inhibit value:1 status:0 CseEr_GetErrorCode:0 sql_status:0 token:781
12-27 07:03:27.349   980 31465 I ConfigDbClient: == wait for ReqKey:res_inhibit, Req token[781]
12-27 07:03:27.349   980 31465 I ConfigDbClient: ==> [Req:Resp] table[telematics_common_table] key[res_inhibit:res_inhibit], value[1], token[781:781]
12-27 07:03:27.350   981  1919 I <VSM>VehicleStatusManagerService: Query kvDB (res_inhibit)[telematics_common_table:res_inhibit] success. value(1)
12-27 07:03:27.350 31361 31394 I RVC_kvdb: kvDBRx cfgName:res_inhibit 3 value:1(1) end 16295492 takes 3 ms
12-27 07:03:27.350 31361 31394 E APP     : RVC] kvDBRx cfgName:res_inhibit 3 value:1(1) end 16295492 takes 3 ms
12-27 07:03:27.350 31361 31394 D RVC     : setSLDDstatusProperty_CurrentOperationInProgress service:4
12-27 07:03:27.350 31361 31394 E RVC     : setRemoteserviceStateToSota 1 0x1 
12-27 07:03:27.350 31361 31394 E APP     : RVC] setRemoteserviceStateToSota 1 0x1 
12-27 07:03:27.350  1600  4259 E SOTA    : setRemoteState(0x       1,0x       1), old mRESstate = (0x       0)
12-27 07:03:27.350  1600  4259 E SOTA    : new mRESstate = (0x       1), (completed masking with        1)
12-27 07:03:27.350  1600  4259 E SOTA    : getRemoteState(       1), mRESstate = (0x       1)
12-27 07:03:27.350 31361 31394 I RVC_kvdb: kvDBRx cfgName:Additional Heater start 16295492
12-27 07:03:27.350 31361 31394 E APP     : RVC] kvDBRx cfgName:Additional Heater start 16295492
12-27 07:03:27.351   980 31465 I ConfigDbClient: ReadKv, Key:mdf_0427, token[782]
12-27 07:03:27.351   980 31465 I CSE_ConfigDb: received msg from teleVM:3 mdf_0427, token:782
12-27 07:03:27.351   980  1409 I CSE_ConfigDb: CONFIGDB_CB_CMD_READ_KV
12-27 07:03:27.353   980  1409 I CSE_ConfigDb: read_data_db[car_config_data] : key:mdf_0427 value:0 status:0 CseEr_GetErrorCode:0 sql_status:0 token:782
12-27 07:03:27.355   980 31465 I ConfigDbClient: == wait for ReqKey:mdf_0427, Req token[782]
12-27 07:03:27.355   980 31465 I ConfigDbClient: ==> [Req:Resp] table[car_config_data] key[mdf_0427:mdf_0427], value[0], token[782:782]
12-27 07:03:27.355   981  1919 I <VSM>VehicleStatusManagerService: Query kvDB (Additional Heater)[car_config_data:mdf_0427] success. value(0)
12-27 07:03:27.356 31361 31394 I RVC_kvdb: kvDBRx cfgName:Additional Heater 2 value:0(0) end 16295498 takes 6 ms
12-27 07:03:27.356 31361 31394 E APP     : RVC] kvDBRx cfgName:Additional Heater 2 value:0(0) end 16295498 takes 6 ms
12-27 07:03:27.356 31361 31394 I RVC     : setCurrState service:4 state:2 
12-27 07:03:27.356 31361 31394 E APP     : RVC] setCurrState service:4 state:2 
12-27 07:03:27.356 31361 31394 V RVC_RES : requestHandler() serviceType: 4
12-27 07:03:27.356 31361 31394 V RVC_RES : RemoteService_PrereqCheck() serviceType:4
12-27 07:03:27.356 31361 31394 I RVC_kvdb: kvDBRx cfgName:Additional Heater start 16295498
12-27 07:03:27.356 31361 31394 E APP     : RVC] kvDBRx cfgName:Additional Heater start 16295498
12-27 07:03:27.357   980 31465 I ConfigDbClient: ReadKv, Key:mdf_0427, token[783]
12-27 07:03:27.357   980 31465 I CSE_ConfigDb: received msg from teleVM:3 mdf_0427, token:783
12-27 07:03:27.357   980  1409 I CSE_ConfigDb: CONFIGDB_CB_CMD_READ_KV
12-27 07:03:27.360   980  1409 I CSE_ConfigDb: read_data_db[car_config_data] : key:mdf_0427 value:0 status:0 CseEr_GetErrorCode:0 sql_status:0 token:783
12-27 07:03:27.360   980 31465 I ConfigDbClient: == wait for ReqKey:mdf_0427, Req token[783]
12-27 07:03:27.360   980 31465 I ConfigDbClient: ==> [Req:Resp] table[car_config_data] key[mdf_0427:mdf_0427], value[0], token[783:783]
12-27 07:03:27.360   981  1919 I <VSM>VehicleStatusManagerService: Query kvDB (Additional Heater)[car_config_data:mdf_0427] success. value(0)
12-27 07:03:27.360 31361 31394 I RVC_kvdb: kvDBRx cfgName:Additional Heater 2 value:0(0) end 16295502 takes 4 ms
12-27 07:03:27.360 31361 31394 E APP     : RVC] kvDBRx cfgName:Additional Heater 2 value:0(0) end 16295502 takes 4 ms
12-27 07:03:27.361 31361 31394 D RVC     : save property:REONPreSVTstatus value:OK
12-27 07:03:27.361 31361 31394 I RVC_RES : RES_getSVTstatus SVT not active status
12-27 07:03:27.361 31361 31394 E APP     : RVC] RES_getSVTstatus SVT not active status
12-27 07:03:27.361  1624 31359 V PowerManagerImpl: getCurrentPowerMode : 0
12-27 07:03:27.361 31361 31394 D RVC     : RemoteService_getPowerMode():0
12-27 07:03:27.361 31361 31394 D RVC     : save property:REONPrePowermode value:OK
12-27 07:03:27.361 31361 31394 V RVC_RES : [RES Prerequisite Success] PowerMode 0 < 4(PM4_ACCESSORY_1)
12-27 07:03:27.361 31361 31394 D RVC     : save property:REONPreResStatus value:OK
12-27 07:03:27.361 31361 31394 V RVC_RES : [RES Prerequisite Success] Not performing the RES
12-27 07:03:27.361 31361 31394 D RVC     : save property:REONPreCrashStatus value:OK
12-27 07:03:27.361 31361 31394 I RVC     : getCrashStatus Crash status OFF
12-27 07:03:27.361 31361 31394 E APP     : RVC] getCrashStatus Crash status OFF
12-27 07:03:27.361 31361 31394 I RVC_kvdb: kvDBRx cfgName:ClimateControlResFuelLevelStartMin_dl start 16295503
12-27 07:03:27.361 31361 31394 E APP     : RVC] kvDBRx cfgName:ClimateControlResFuelLevelStartMin_dl start 16295503
12-27 07:03:27.362   980 31465 I ConfigDbClient: ReadKv, Key:0x538f2420, token[784]
12-27 07:03:27.362   980 31465 I CSE_ConfigDb: received msg from teleVM:3 0x538f2420, token:784
12-27 07:03:27.362   980  1409 I CSE_ConfigDb: CONFIGDB_CB_CMD_READ_KV
12-27 07:03:27.364   980  1409 I CSE_ConfigDb: read_data_db[lcf_table_remote] : key:0x538f2420 value:50 status:0 CseEr_GetErrorCode:0 sql_status:0 token:784
12-27 07:03:27.364   980 31465 I ConfigDbClient: == wait for ReqKey:0x538f2420, Req token[784]
12-27 07:03:27.364   980 31465 I ConfigDbClient: ==> [Req:Resp] table[lcf_table_remote] key[0x538f2420:0x538f2420], value[50], token[784:784]
12-27 07:03:27.364   981  1919 I <VSM>VehicleStatusManagerService: Query kvDB (ClimateControlResFuelLevelStartMin_dl)[lcf_table_remote:0x538f2420] success. value(50)
12-27 07:03:27.364 31361 31394 I RVC_kvdb: kvDBRx cfgName:ClimateControlResFuelLevelStartMin_dl 3 value:50(50) end 16295506 takes 3 ms
12-27 07:03:27.364 31361 31394 E APP     : RVC] kvDBRx cfgName:ClimateControlResFuelLevelStartMin_dl 3 value:50(50) end 16295506 takes 3 ms
12-27 07:03:27.364 31361 31394 V RVC_RES : RES_getFuelLevel  fuelLevelIndicated:0 ClimateControlResFuelLevelStartMin_dl:50 50
12-27 07:03:27.364 31361 31394 D RVC     : save property:REONPreFuellevel value:FAIL
12-27 07:03:27.364 31361 31394 E RVC_RES : [RES Prerequisite Fail] Fuel level failure  0 50
12-27 07:03:27.364 31361 31394 E APP     : RVC] [RES Prerequisite Fail] Fuel level failure  0 50
12-27 07:03:27.364 31361 31394 I RVC_ngtp: setNGTPerrorCode() errorCode:12
12-27 07:03:27.364 31361 31394 E APP     : RVC] setNGTPerrorCode() errorCode:12
12-27 07:03:27.364 31361 31394 I RVC     : getPropertyInt name : ResRunTimeCounter prop:1800 val:1800
12-27 07:03:27.364 31361 31394 E APP     : RVC] getPropertyInt name : ResRunTimeCounter prop:1800 val:1800
12-27 07:03:27.364 31361 31394 I RVC_kvdb: kvDBRx cfgName:ClimateControlResRunTimeMinLimit_s start 16295506
12-27 07:03:27.364 31361 31394 E APP     : RVC] kvDBRx cfgName:ClimateControlResRunTimeMinLimit_s start 16295506
12-27 07:03:27.365   980 31465 I ConfigDbClient: ReadKv, Key:0x522751b1, token[785]
12-27 07:03:27.365   980 31465 I CSE_ConfigDb: received msg from teleVM:3 0x522751b1, token:785
12-27 07:03:27.365   980  1409 I CSE_ConfigDb: CONFIGDB_CB_CMD_READ_KV
12-27 07:03:27.367   980  1409 I CSE_ConfigDb: read_data_db[lcf_table_remote] : key:0x522751b1 value:180 status:0 CseEr_GetErrorCode:0 sql_status:0 token:785
12-27 07:03:27.369   980 31465 I ConfigDbClient: == wait for ReqKey:0x522751b1, Req token[785]
12-27 07:03:27.369   980 31465 I ConfigDbClient: ==> [Req:Resp] table[lcf_table_remote] key[0x522751b1:0x522751b1], value[180], token[785:785]
12-27 07:03:27.370   981  1919 I <VSM>VehicleStatusManagerService: Query kvDB (ClimateControlResRunTimeMinLimit_s)[lcf_table_remote:0x522751b1] success. value(180)
12-27 07:03:27.371 31361 31394 I RVC_kvdb: kvDBRx cfgName:ClimateControlResRunTimeMinLimit_s 3 value:180(180) end 16295513 takes 7 ms
12-27 07:03:27.371 31361 31394 E APP     : RVC] kvDBRx cfgName:ClimateControlResRunTimeMinLimit_s 3 value:180(180) end 16295513 takes 7 ms
12-27 07:03:27.371 31361 31394 D RVC     : save property:REONPreResRuntime value:OK
12-27 07:03:27.371 31361 31394 V RVC_RES : [RES Prerequisite Success] RES remaining runtime OK
12-27 07:03:27.371 31361 31394 D RVC     : save property:REONSuccess value:FAIL
12-27 07:03:27.371 31361 31394 D RVC     : save property:REONFailReason value:Prerequisite Fail
12-27 07:03:27.371 31361 31394 I RVC     : setCurrState service:10 state:1 
12-27 07:03:27.371 31361 31394 E APP     : RVC] setCurrState service:10 state:1 
12-27 07:03:27.371 31361 31394 I RVC     : setCurrState service:4 state:1 
12-27 07:03:27.371 31361 31394 E APP     : RVC] setCurrState service:4 state:1 
12-27 07:03:27.371 31361 31394 I RVC_ngtp: sendNackMsgToTSP() remoteServiceType:4 
12-27 07:03:27.371 31361 31394 E APP     : RVC] sendNackMsgToTSP() remoteServiceType:4 
12-27 07:03:27.371 31361 31394 I RVC     : getPropertyInt name : ResRunTimeCounter prop:1800 val:1800
12-27 07:03:27.371 31361 31394 E APP     : RVC] getPropertyInt name : ResRunTimeCounter prop:1800 val:1800
12-27 07:03:27.371 31361 31394 D RVC_ngtp: getRESremainingMinute remainingTime second:1800 minute:30
12-27 07:03:27.371 31361 31394 I RVC     : getPropertyInt name : ffhRemainingRunTime prop:0 val:0
12-27 07:03:27.371 31361 31394 E APP     : RVC] getPropertyInt name : ffhRemainingRunTime prop:0 val:0
12-27 07:03:27.372  1624 31359 V PowerManagerImpl: getCurrentPowerMode : 0
12-27 07:03:27.372 31361 31394 D RVC     : RemoteService_getPowerMode():0
12-27 07:03:27.372 31361 31394 V RVC_ngtp: getNgtpVehicleState() PowerMode:0, RESstatus:0 result:5
12-27 07:03:27.372 31361 31394 I RVC_kvdb: kvDBRx cfgName:engine_block_staus start 16295514
12-27 07:03:27.372 31361 31394 E APP     : RVC] kvDBRx cfgName:engine_block_staus start 16295514
12-27 07:03:27.373   980 31465 I ConfigDbClient: ReadKv, Key:engine_block_staus, token[786]
12-27 07:03:27.373   980 31465 I CSE_ConfigDb: received msg from teleVM:3 engine_block_staus, token:786
12-27 07:03:27.374   980  1409 I CSE_ConfigDb: CONFIGDB_CB_CMD_READ_KV
12-27 07:03:27.376   980 31465 I ConfigDbClient: == wait for ReqKey:engine_block_staus, Req token[786]
12-27 07:03:27.376   980 31465 I ConfigDbClient: ==> [Req:Resp] table[telematics_common_table] key[engine_block_staus:engine_block_staus], value[0], token[786:786]
12-27 07:03:27.376   981  1919 I <VSM>VehicleStatusManagerService: Query kvDB (engine_block_staus)[telematics_common_table:engine_block_staus] success. value(0)
12-27 07:03:27.376 31361 31394 I RVC_kvdb: kvDBRx cfgName:engine_block_staus 3 value:0(0) end 16295518 takes 4 ms
12-27 07:03:27.376 31361 31394 E APP     : RVC] kvDBRx cfgName:engine_block_staus 3 value:0(0) end 16295518 takes 4 ms
12-27 07:03:27.376 31361 31394 D RVC_ngtp: initNGTPerrorCode() END
12-27 07:03:27.376   980  1409 I CSE_ConfigDb: read_data_db[telematics_common_table] : key:engine_block_staus value:0 status:0 CseEr_GetErrorCode:0 sql_status:0 token:786
12-27 07:03:27.376 31361 31394 I RVC_ngtp: [SEND NGTP MSG] type:4 second:0 millis:0
12-27 07:03:27.377 31361 31394 E APP     : RVC] [SEND NGTP MSG] type:4 second:0 millis:0
12-27 07:03:27.377 31361 31394 E RVC_ngtp: sendNackMsgToTSP SKIP due to SLDD!!
12-27 07:03:27.377 31361 31394 E APP     : RVC] sendNackMsgToTSP SKIP due to SLDD!!
12-27 07:03:27.377 31361 31394 D RVC     : setSLDDstatusProperty_CurrentOperationInProgress service:22
12-27 07:03:27.377 31361 31394 E RVC     : setRemoteserviceStateToSota 1 0x0 
12-27 07:03:27.377 31361 31394 E APP     : RVC] setRemoteserviceStateToSota 1 0x0 
12-27 07:03:27.377  1600  4259 E SOTA    : setRemoteState(0x       1,0x       0), old mRESstate = (0x       1)
12-27 07:03:27.377  1600  4259 E SOTA    : new mRESstate = (0x       0), (completed masking with        0)
12-27 07:03:27.377  1600  4259 E SOTA    : getRemoteState(       1), mRESstate = (0x       0)
12-27 07:03:27.377 31361 31394 D RVC_RES : requestHandler() serviceType: 4 Prerequisite fail
12-27 07:03:27.669   988  1613 E CM_SPI  : MCU->MSM Type[02] Cat[04, 00] Cmd[D0, 00] PayloadLen[0000]
12-27 07:03:28.456   988  1613 E CM_SPI  : MCU->MSM Type[01] Cat[05, DD] Cmd[05, 00] PayloadLen[0006] Payload[00 FE 00 00 00 25]
12-27 07:03:28.660   988  1613 E CM_SPI  : MCU->MSM Type[03] Cat[01, 00] Cmd[D0, 00] PayloadLen[0012] Payload[0D 18 00 04 08 55 00 00 00 01 00 01 00 01 00 01 00 01]
12-27 07:03:29.386   987  1509 I LocationServer: droutput:lat:0.000000,lon:0.000000,alt:0.000000
12-27 07:03:30.400   988  1584 E CommunicationManagerService: KICK DOG(1629)
12-27 07:03:31.224   991  1652 V CRH     : RX_TIME_TO_KICK_DOG
12-27 07:03:31.225   991  1653 V CTH     : TXhandleMessage TX_TIME_TO_KICK_DOG
12-27 07:03:31.226   991  1589 V CANManagerService: perform HeartBeat()
12-27 07:03:31.475  1621 30116 I DiagManagerService: onWatchDog Kick
12-27 07:03:31.613   988  1613 E CM_SPI  : MSM->MCU Type[01] Cat[01, 00] Cmd[11, 00] PayloadLen[0000]
12-27 07:03:31.624   988  1613 E CM_SPI  : MCU->MSM Type[02] Cat[01, 00] Cmd[11, 00] PayloadLen[0000]
12-27 07:03:31.625  1625 18448 V FactoryImpl: onReceive MCU type[x2], cate[x1], subcate[x0], cmd[17], cmd2[x0]
12-27 07:03:31.625  1625 18448 V FactoryUtil: onReceive MCU param[x02][x11][x00], buf is NULL
12-27 07:03:31.626  1625  1677 V FactoryUtil: handleMessage FACTORY_IMPL_RES_FR_MCU_EDU param[x01][x11][x00], buf is NULL
12-27 07:03:31.626  1625  1677 V FactoryEdu: procEduResCommand cate[x01], subCate[x00], cmd[x11], cmd2[x00]
12-27 07:03:31.626  1625  1677 V FactoryUtil: Res Buffer  buf is NULL
12-27 07:03:31.626  1625  1677 V FactoryEdu: procEduResCommand cmd not define cate[x01], subCate[x00], cmd[x11], cmd2[x00]
12-27 07:03:31.664   988  1613 E CM_SPI  : MCU->MSM Type[03] Cat[01, 00] Cmd[D0, 00] PayloadLen[0012] Payload[0D 19 00 09 08 55 00 00 00 01 00 01 00 01 00 01 00 01]
12-27 07:03:31.759   976  1522 E SPIClient_can: CL-ISPI_CSPB_OSC
12-27 07:03:31.759   976  1522 E SPIClient_can: RCV CB Single(0), Group(0)
12-27 07:03:31.760   976  1727 E SPIClient_can: MSG_CAN_BUS_STATE
12-27 07:03:31.760   976  1727 E SPIClient_can: CB_2
12-27 07:03:32.065  1608 30191 V DebugManagerServiceImpl: DEBUG_IMPL_KICK_DOG
12-27 07:03:33.074  1621  1672 I DiagReadDTCHandler: checkFaultSettingCondition[false] PM[0] Vol[12.130000] bubTemp [37]
12-27 07:03:34.660   988  1613 E CM_SPI  : MCU->MSM Type[03] Cat[01, 00] Cmd[D0, 00] PayloadLen[0012] Payload[0D 19 00 09 08 58 00 00 00 01 00 01 00 01 00 01 00 01]
12-27 07:03:35.056   988  1613 E CM_SPI  : MCU->MSM Type[01] Cat[05, DD] Cmd[05, 00] PayloadLen[0006] Payload[00 FE 00 00 00 25]
12-27 07:03:36.531   988  1613 E CM_SPI  : MCU->MSM Type[01] Cat[05, 22] Cmd[02, 00] PayloadLen[000A] Payload[D9 9E 00 00 00 08 00 00 00 34]
12-27 07:03:36.771   976  1522 E SPIClient_can: CL-ISPI_CSPB_OSC
12-27 07:03:36.771   976  1522 E SPIClient_can: RCV CB Single(0), Group(0)
12-27 07:03:36.772   976  1727 E SPIClient_can: MSG_CAN_BUS_STATE
12-27 07:03:36.772   976  1727 E SPIClient_can: CB_2
12-27 07:03:37.662   988  1613 E CM_SPI  : MCU->MSM Type[03] Cat[01, 00] Cmd[D0, 00] PayloadLen[0012] Payload[0D 19 00 09 08 56 00 01 00 01 00 01 00 01 00 01 00 01]
12-27 07:03:37.681   988  1613 E CM_SPI  : MCU->MSM Type[02] Cat[04, 00] Cmd[D0, 00] PayloadLen[0000]
12-27 07:03:39.388   987  1509 I LocationServer: droutput:lat:0.000000,lon:0.000000,alt:0.000000
12-27 07:03:40.401   988  1584 E CommunicationManagerService: KICK DOG(1630)
12-27 07:03:40.659   988  1613 E CM_SPI  : MCU->MSM Type[03] Cat[01, 00] Cmd[D0, 00] PayloadLen[0012] Payload[0D 18 00 09 08 57 00 01 00 01 00 01 00 01 00 01 00 01]
12-27 07:03:41.223   991  1652 V CRH     : RX_TIME_TO_KICK_DOG
12-27 07:03:41.224   991  1653 V CTH     : TXhandleMessage TX_TIME_TO_KICK_DOG
12-27 07:03:41.224   991  1589 V CANManagerService: perform HeartBeat()
12-27 07:03:41.475  1621 31294 I DiagManagerService: onWatchDog Kick
12-27 07:03:41.613   988  1613 E CM_SPI  : MSM->MCU Type[01] Cat[01, 00] Cmd[11, 00] PayloadLen[0000]
12-27 07:03:41.620   988  1613 E CM_SPI  : MCU->MSM Type[02] Cat[01, 00] Cmd[11, 00] PayloadLen[0000]
12-27 07:03:41.620  1625 18448 V FactoryImpl: onReceive MCU type[x2], cate[x1], subcate[x0], cmd[17], cmd2[x0]
12-27 07:03:41.620  1625 18448 V FactoryUtil: onReceive MCU param[x02][x11][x00], buf is NULL
12-27 07:03:41.620  1625  1677 V FactoryUtil: handleMessage FACTORY_IMPL_RES_FR_MCU_EDU param[x01][x11][x00], buf is NULL
12-27 07:03:41.620  1625  1677 V FactoryEdu: procEduResCommand cate[x01], subCate[x00], cmd[x11], cmd2[x00]
12-27 07:03:41.620  1625  1677 V FactoryUtil: Res Buffer  buf is NULL
12-27 07:03:41.620  1625  1677 V FactoryEdu: procEduResCommand cmd not define cate[x01], subCate[x00], cmd[x11], cmd2[x00]
12-27 07:03:41.656   988  1613 E CM_SPI  : MCU->MSM Type[01] Cat[05, DD] Cmd[05, 00] PayloadLen[0006] Payload[00 FE 00 00 00 25]
12-27 07:03:41.779   976  1522 E SPIClient_can: CL-ISPI_CSPB_OSC
12-27 07:03:41.779   976  1522 E SPIClient_can: RCV CB Single(0), Group(0)
12-27 07:03:41.779   976  1727 E SPIClient_can: MSG_CAN_BUS_STATE
12-27 07:03:41.779   976  1727 E SPIClient_can: CB_2
12-27 07:03:42.065  1608 31374 V DebugManagerServiceImpl: DEBUG_IMPL_KICK_DOG
12-27 07:03:43.075  1621  1672 I DiagReadDTCHandler: checkFaultSettingCondition[false] PM[0] Vol[12.150000] bubTemp [37]
12-27 07:03:43.662   988  1613 E CM_SPI  : MCU->MSM Type[03] Cat[01, 00] Cmd[D0, 00] PayloadLen[0012] Payload[0D 19 00 09 08 56 00 00 00 01 00 01 00 01 00 01 00 01]
12-27 07:03:46.530   988  1613 E CM_SPI  : MCU->MSM Type[01] Cat[05, 22] Cmd[02, 00] PayloadLen[000A] Payload[D9 9E 00 00 00 12 00 00 00 2A]
12-27 07:03:46.660   988  1613 E CM_SPI  : MCU->MSM Type[03] Cat[01, 00] Cmd[D0, 00] PayloadLen[0012] Payload[0D 18 00 08 08 55 00 00 00 01 00 01 00 01 00 01 00 01]
12-27 07:03:46.794   976  1522 E SPIClient_can: CL-ISPI_CSPB_OSC
12-27 07:03:46.794   976  1522 E SPIClient_can: RCV CB Single(0), Group(0)
12-27 07:03:46.794   976  1727 E SPIClient_can: MSG_CAN_BUS_STATE
12-27 07:03:46.794   976  1727 E SPIClient_can: CB_2
12-27 07:03:47.670   988  1613 E CM_SPI  : MCU->MSM Type[02] Cat[04, 00] Cmd[D0, 00] PayloadLen[0000]
12-27 07:03:48.258   988  1613 E CM_SPI  : MCU->MSM Type[01] Cat[05, DD] Cmd[05, 00] PayloadLen[0006] Payload[00 FE 00 00 00 25]
12-27 07:03:49.385   987  1509 I LocationServer: droutput:lat:0.000000,lon:0.000000,alt:0.000000
12-27 07:03:49.662   988  1613 E CM_SPI  : MCU->MSM Type[03] Cat[01, 00] Cmd[D0, 00] PayloadLen[0012] Payload[0D 1B 00 09 08 57 00 00 00 01 00 01 00 01 00 01 00 01]
12-27 07:03:50.402   988  1584 E CommunicationManagerService: KICK DOG(1631)
12-27 07:03:51.223   991  1652 V CRH     : RX_TIME_TO_KICK_DOG
12-27 07:03:51.224   991  1653 V CTH     : TXhandleMessage TX_TIME_TO_KICK_DOG
12-27 07:03:51.224   991  1589 V CANManagerService: perform HeartBeat()
12-27 07:03:51.475  1621 32495 I DiagManagerService: onWatchDog Kick
12-27 07:03:51.614   988  1613 E CM_SPI  : MSM->MCU Type[01] Cat[01, 00] Cmd[11, 00] PayloadLen[0000]
12-27 07:03:51.622   988  1613 E CM_SPI  : MCU->MSM Type[02] Cat[01, 00] Cmd[11, 00] PayloadLen[0000]
12-27 07:03:51.624  1625 18448 V FactoryImpl: onReceive MCU type[x2], cate[x1], subcate[x0], cmd[17], cmd2[x0]
12-27 07:03:51.624  1625 18448 V FactoryUtil: onReceive MCU param[x02][x11][x00], buf is NULL
12-27 07:03:51.625  1625  1677 V FactoryUtil: handleMessage FACTORY_IMPL_RES_FR_MCU_EDU param[x01][x11][x00], buf is NULL
12-27 07:03:51.625  1625  1677 V FactoryEdu: procEduResCommand cate[x01], subCate[x00], cmd[x11], cmd2[x00]
12-27 07:03:51.625  1625  1677 V FactoryUtil: Res Buffer  buf is NULL
12-27 07:03:51.625  1625  1677 V FactoryEdu: procEduResCommand cmd not define cate[x01], subCate[x00], cmd[x11], cmd2[x00]
12-27 07:03:51.800   976  1522 E SPIClient_can: CL-ISPI_CSPB_OSC
12-27 07:03:51.800   976  1522 E SPIClient_can: RCV CB Single(0), Group(0)
12-27 07:03:51.801   976  1727 E SPIClient_can: MSG_CAN_BUS_STATE
12-27 07:03:51.801   976  1727 E SPIClient_can: CB_2
12-27 07:03:52.065  1608 32569 V DebugManagerServiceImpl: DEBUG_IMPL_KICK_DOG
12-27 07:03:52.665   988  1613 E CM_SPI  : MCU->MSM Type[03] Cat[01, 00] Cmd[D0, 00] PayloadLen[0012] Payload[0D 18 00 09 08 57 00 00 00 01 00 01 00 01 00 01 00 01]
12-27 07:03:53.077  1621  1672 I DiagReadDTCHandler: checkFaultSettingCondition[false] PM[0] Vol[12.150000] bubTemp [37]
12-27 07:03:54.858   988  1613 E CM_SPI  : MCU->MSM Type[01] Cat[05, DD] Cmd[05, 00] PayloadLen[0006] Payload[00 FE 00 00 00 25]
12-27 07:03:55.661   988  1613 E CM_SPI  : MCU->MSM Type[03] Cat[01, 00] Cmd[D0, 00] PayloadLen[0012] Payload[0D 18 00 08 08 56 00 00 00 01 00 01 00 01 00 01 00 01]
12-27 07:03:56.530   988  1613 E CM_SPI  : MCU->MSM Type[01] Cat[05, 22] Cmd[02, 00] PayloadLen[000A] Payload[D9 9E 00 00 00 1C 00 00 00 20]
12-27 07:03:56.809   976  1522 E SPIClient_can: CL-ISPI_CSPB_OSC
12-27 07:03:56.809   976  1522 E SPIClient_can: RCV CB Single(0), Group(0)
12-27 07:03:56.810   976  1727 E SPIClient_can: MSG_CAN_BUS_STATE
12-27 07:03:56.810   976  1727 E SPIClient_can: CB_2
12-27 07:03:57.672   988  1613 E CM_SPI  : MCU->MSM Type[02] Cat[04, 00] Cmd[D0, 00] PayloadLen[0000]
12-27 07:03:58.660   988  1613 E CM_SPI  : MCU->MSM Type[03] Cat[01, 00] Cmd[D0, 00] PayloadLen[0012] Payload[0D 18 00 08 08 56 00 00 00 01 00 01 00 01 00 01 00 01]
12-27 07:03:59.386   987  1509 I LocationServer: droutput:lat:0.000000,lon:0.000000,alt:0.000000
