07-01 02:48:47.602  1896  1929 D RVM_Main: [onReceiveCanBusState:1074] onReceiveCanBusState prevCanState = 2, CurCanstate=1
07-01 02:48:47.602  1710  1754 E CRH     : Rx_13_0.000000
07-01 02:48:47.602  1626  1676 E NGTPManagerService: onStatusChanged() : 1 
07-01 02:48:47.603   975  1674 E SPIClient_can: CL-[CQ]14_0_0_0.000000
07-01 02:48:47.604  1710  1754 E CRH     : Rx_14_0.000000
07-01 02:48:47.604   975  1674 E SPIClient_can: CL-[CQ]15_0_0_0.000000
07-01 02:48:47.605  1710  1754 E CRH     : Rx_15_0.000000
07-01 02:48:47.605   975  1674 E SPIClient_can: CL-[CQ]16_0_0_0.000000
07-01 02:48:47.606   975  1674 E SPIClient_can: CL-[CQ]20_3_0_0.000000
07-01 02:48:47.608  1710  1754 E CRH     : Rx_20_3
07-01 02:48:47.612   975  1674 E SPIClient_can: CL-[CQ]33_3_0_-128.000000
07-01 02:48:47.612   977  1817 I ConfigDbClient: ReadKv, Key:0x52381427, token[784]
07-01 02:48:47.612   977  1817 I CSE_ConfigDb: received msg from teleVM:3 0x52381427, token:784
07-01 02:48:47.612   977  1452 I CSE_ConfigDb: CONFIGDB_CB_CMD_READ_KV
07-01 02:48:47.614   975  1674 E SPIClient_can: CL-[CQ]48_3_0_0.000000
07-01 02:48:47.614   977  1452 I CSE_ConfigDb: read_data_db[lcf_table_remote] : key:0x52381427 value:6000 status:0 CseEr_GetErrorCode:0 sql_status:0 token:784
07-01 02:48:47.614   977  1817 I ConfigDbClient: == wait for ReqKey:0x52381427, Req token[784]
07-01 02:48:47.614   977  1817 I ConfigDbClient: ==> [Req:Resp] table[lcf_table_remote] key[0x52381427:0x52381427], value[6000], token[784:784]
07-01 02:48:47.615   975  1674 E SPIClient_can: CL-[CQ]49_0_0_0.000000
07-01 02:48:47.615   978  1958 I <VSM>VehicleStatusManagerService: Query kvDB (ClimateControlCanReadDelay_ms)[lcf_table_remote:0x52381427] success. value(6000)
07-01 02:48:47.616  1891 17839 V provisioning: can bus on
07-01 02:48:47.616  1895  1933 I RVC_kvdb: kvDBRx cfgName:ClimateControlCanReadDelay_ms 3 value:6000(6000) end 708886 takes 16 ms
07-01 02:48:47.617  1895  1933 E APP     : RVC] kvDBRx cfgName:ClimateControlCanReadDelay_ms 3 value:6000(6000) end 708886 takes 16 ms
07-01 02:48:47.617  1895  1933 I RVC_timer: startTimerId  TIMER_PARK_CLIMATE_MIN_STATUS_WAIT(23) duration(ClimateControlCanReadDelay_ms):6000(ms) bRestart:1 
07-01 02:48:47.617  1895  1933 E APP     : RVC] startTimerId  TIMER_PARK_CLIMATE_MIN_STATUS_WAIT(23) duration(ClimateControlCanReadDelay_ms):6000(ms) bRestart:1 
07-01 02:48:47.617   977  1817 I ConfigDbClient: ReadKv, Key:0x00000053, token[785]
07-01 02:48:47.617   977  1817 I CSE_ConfigDb: received msg from teleVM:3 0x00000053, token:785
07-01 02:48:47.621   977  1452 I CSE_ConfigDb: CONFIGDB_CB_CMD_READ_KV
07-01 02:48:47.623   977  1452 I CSE_ConfigDb: read_data_db[lcf_table_remote] : key:0x00000053 value:50 status:0 CseEr_GetErrorCode:0 sql_status:0 token:785
07-01 02:48:47.623   977  1817 I ConfigDbClient: == wait for ReqKey:0x00000053, Req token[785]
07-01 02:48:47.623   977  1817 I ConfigDbClient: ==> [Req:Resp] table[lcf_table_remote] key[0x00000053:0x00000053], value[50], token[785:785]
07-01 02:48:47.623   975  1674 E SPIClient_can: CL-[CQ]50_0_0_0.000000
07-01 02:48:47.623   978  1958 I <VSM>VehicleStatusManagerService: Query kvDB (0x00000053)[lcf_table_remote:0x00000053] success. value(50)
07-01 02:48:47.624  1891  1920 V provisioning: maximum number of retry counts is now 50
07-01 02:48:47.624  1710  1754 E CRH     : Rx_50_0
07-01 02:48:47.624   977  1817 I ConfigDbClient: ReadKv, Key:0x00000055, token[786]
07-01 02:48:47.624   977  1817 I CSE_ConfigDb: received msg from teleVM:3 0x00000055, token:786
07-01 02:48:47.624   977  1452 I CSE_ConfigDb: CONFIGDB_CB_CMD_READ_KV
07-01 02:48:47.625   975  1674 E SPIClient_can: CL-[CQ]52_0_0_0.000000
07-01 02:48:47.626   975  1674 E SPIClient_can: CL-[CQ]53_0_0_0.000000
07-01 02:48:47.627   975  1674 E SPIClient_can: CL-[CQ]54_0_0_0.000000
07-01 02:48:47.628   977  1452 I CSE_ConfigDb: read_data_db[lcf_table_remote] : key:0x00000055 value:10 status:0 CseEr_GetErrorCode:0 sql_status:0 token:786
07-01 02:48:47.628   977  1817 I ConfigDbClient: == wait for ReqKey:0x00000055, Req token[786]
07-01 02:48:47.628   977  1817 I ConfigDbClient: ==> [Req:Resp] table[lcf_table_remote] key[0x00000055:0x00000055], value[10], token[786:786]
07-01 02:48:47.628   978  1958 I <VSM>VehicleStatusManagerService: Query kvDB (0x00000055)[lcf_table_remote:0x00000055] success. value(10)
07-01 02:48:47.629  1891  1920 V provisioning: maximum number of retry counts is now 10
07-01 02:48:47.632   975  1674 E SPIClient_can: CL-[CQ]55_0_0_0.000000
07-01 02:48:47.633   975  1674 E SPIClient_can: CL-[CQ]56_0_0_0.000000
07-01 02:48:47.637   975  1674 E SPIClient_can: CL-[CQ]57_0_0_0.000000
07-01 02:48:47.638   975  1674 E SPIClient_can: CL-[CQ]58_0_0_0.000000
07-01 02:48:47.640   975  1674 E SPIClient_can: CL-[CQ]60_1_0_0.000000
07-01 02:48:47.641   975  1674 E SPIClient_can: CL-[CQ]61_1_0_0.000000
07-01 02:48:47.642  1710  1754 E CRH     : Rx_61_1
07-01 02:48:47.649   975  1674 E SPIClient_can: CL-[CQ]62_0_0_0.000000
07-01 02:48:47.649  1710  1754 E CRH     : Rx_62_0
07-01 02:48:47.652   975  1674 E SPIClient_can: CL-[CQ]63_0_0_0.000000
07-01 02:48:47.653   975  1674 E SPIClient_can: CL-[CQ]65_0_0_0.000000
07-01 02:48:47.656   975  1674 E SPIClient_can: CL-[CQ]66_1_0_0.000000
07-01 02:48:47.657   975  1674 E SPIClient_can: CL-[CQ]67_1_75_0.000000
07-01 02:48:47.660   975  1674 E SPIClient_can: CL-[CQ]68_1_75_0.000000
07-01 02:48:47.660  1710  1754 E CRH     : Rx_67_75
07-01 02:48:47.661  1710  1754 E CRH     : Rx_68_1
07-01 02:48:47.664   975  1674 E SPIClient_can: CL-[CQ]69_1_75_0.000000
07-01 02:48:47.666   975  1674 E SPIClient_can: CL-[CQ]70_1_75_0.000000
07-01 02:48:47.669   975  1674 E SPIClient_can: CL-[CQ]72_1_75_0.000000
07-01 02:48:47.672   975  1674 E SPIClient_can: CL-[CQ]73_0_75_0.000000
07-01 02:48:47.675  1710  1754 E CRH     : Rx_73_0
07-01 02:48:47.676   975  1674 E SPIClient_can: CL-[CQ]74_0_75_0.000000
07-01 02:48:47.677   975  1674 E SPIClient_can: CL-[CQ]75_0_75_0.000000
07-01 02:48:47.679   975  1674 E SPIClient_can: CL-[CQ]76_0_75_0.000000
07-01 02:48:47.683   975  1674 E SPIClient_can: CL-[CQ]80_0_75_0.000000
07-01 02:48:47.692   975  1674 E SPIClient_can: CL-[CQ]81_0_75_0.000000
07-01 02:48:47.694   975  1674 E SPIClient_can: CL-[CQ]82_0_75_0.000000
07-01 02:48:47.695   975  1674 E SPIClient_can: CL-[CQ]83_0_75_0.000000
07-01 02:48:47.697  1710  1754 E CRH     : Rx_83_0
07-01 02:48:47.697   975  1674 E SPIClient_can: CL-[CQ]84_0_75_0.000000
07-01 02:48:47.699  1710  1754 E CRH     : Rx_84_0
07-01 02:48:47.700   975  1674 E SPIClient_can: CL-[CQ]85_0_75_0.000000
07-01 02:48:47.705   975  1674 E SPIClient_can: CL-[CQ]88_0_75_0.000000
07-01 02:48:47.706   975  1674 E SPIClient_can: CL-[CQ]99_0_75_0.000000
07-01 02:48:47.708   987  1604 E CM_SPI  : MCU->MSM Type[01] Cat[05, 22] Cmd[02, 00] PayloadLen[0007] Payload[D1 0E 20 27 26 25 24]
07-01 02:48:47.709  1621  1889 I DiagReceiverHandler: Received did [0xd10e] size 5 from MCU
07-01 02:48:47.711   975  1674 E SPIClient_can: CL-[CQ]100_0_75_0.000000
07-01 02:48:47.711   980  1507 I DiagClient: [0x20][0x27][0x26][0x25][0x24]
07-01 02:48:47.717   975  1674 E SPIClient_can: CL-[CQ]101_0_75_0.000000
07-01 02:48:47.726   975  1674 E SPIClient_can: CL-[CQ]104_0_75_0.000000
07-01 02:48:47.733   975  1674 E SPIClient_can: CL-[CQ]115_0_0_0.000000
07-01 02:48:47.733   980  1454 V DiagClient: AppEvent[d10e] Size[5]
07-01 02:48:47.734   975  1674 E SPIClient_can: CL-[CQ]116_0_0_0.000000
07-01 02:48:47.736   975  1674 E SPIClient_can: CL-[CQ]117_0_0_0.000000
07-01 02:48:47.738   975  1674 E SPIClient_can: CL-[CQ]118_0_0_0.000000
07-01 02:48:47.743   975  1674 E SPIClient_can: CL-[CQ]119_0_0_0.000000
07-01 02:48:47.744  1710  1754 E CRH     : Rx_119_0
07-01 02:48:47.745   975  1674 E SPIClient_can: CL-[CQ]120_0_0_0.000000
07-01 02:48:47.746   975  1674 E SPIClient_can: CL-[CQ]126_0_0_0.000000
07-01 02:48:47.748   975  1674 E SPIClient_can: CL-[CQ]127_0_0_0.000000
07-01 02:48:47.748  1710  1754 E CRH     : Rx_127_0
07-01 02:48:47.749   975  1674 E SPIClient_can: CL-[CQ]128_0_0_0.000000
07-01 02:48:47.750   975  1674 E SPIClient_can: CL-[CQ]129_0_0_0.000000
07-01 02:48:47.751   975  1674 E SPIClient_can: CL-[CQ]130_0_0_0.000000
07-01 02:48:47.755   975  1674 E SPIClient_can: CL-[CQ]131_0_0_0.000000
07-01 02:48:47.759   975  1674 E SPIClient_can: CL-[CQ]139_6_0_0.000000
07-01 02:48:47.761   975  1674 E SPIClient_can: CL-[CQ]142_0_0_0.000000
07-01 02:48:47.763   975  1674 E SPIClient_can: CL-[CQ]157_0_1023_0.000000
07-01 02:48:47.763  1710  1754 E CRH     : Rx_157_1023
07-01 02:48:47.765   975  1674 E SPIClient_can: CL-[CQ]159_0_0_0.000000
07-01 02:48:47.767  1710  1754 E CRH     : Rx_159_0
