07-01 02:53:08.677  1895 18070 D RVC     : setProperty(REONAuthStatus, PROP_NOT_AVAILABLE)
07-01 02:53:08.677  1895 18070 D RVC     : setProperty(REONSuccess, PROP_NOT_AVAILABLE)
07-01 02:53:08.677  1895 18070 D RVC     : setProperty(REONFailReason, PROP_NOT_AVAILABLE)
07-01 02:53:08.677  1895 18070 D RVC     : setProperty(REONPreSVTstatus, PROP_NOT_AVAILABLE)
07-01 02:53:08.677  1895 18070 D RVC     : setProperty(REONPreFuellevel, PROP_NOT_AVAILABLE)
07-01 02:53:08.677  1895 18070 D RVC     : setProperty(REONPreCrashStatus, PROP_NOT_AVAILABLE)
07-01 02:53:08.677  1895 18070 D RVC     : setProperty(REONPreResRuntime, PROP_NOT_AVAILABLE)
07-01 02:53:08.677  1895 18070 D RVC     : save property:resRelevant value:0xffffffff
07-01 02:53:08.677  1895 18070 I RVC_rcvMsg: receiveMessage_TSP(). serviceType: 4
07-01 02:53:08.677  1895 18070 E APP     : RVC] receiveMessage_TSP(). serviceType: 4
07-01 02:53:08.677  1895 18070 V KeepPower: KeepPower acquire module id: 4,keepPowerID:1, releaseTime 360
07-01 02:53:08.677 19079 19079 I sldd_cmd: remoteservice requestREON 
07-01 02:53:08.677  1620  1620 E PowerManagerImpl: acquireKeepPowerInternal id:1, mKeepPowerFlag 0x80000006, canstate 1
07-01 02:53:08.677  1620  1620 V PowerManagerImpl: startKeepPowerAutoRelTimer : minLife 360
07-01 02:53:08.676   977  1452 I CSE_ConfigDb: read_data_db[lcf_table_remote] : key:0x4ffc6b45 value:86400 status:0 CseEr_GetErrorCode:0 sql_status:0 token:999
07-01 02:53:08.678   977  1452 I CSE_ConfigDb: CONFIGDB_CB_CMD_READ_KV
07-01 02:53:08.679 19079 19101 V ProcessState: Spawning new pooled thread, name=Binder_2
07-01 02:53:08.681   977  1513 I ConfigDbClient: == wait for ReqKey:0x0000019a, Req token[1000]
07-01 02:53:08.681   977  1513 I ConfigDbClient: ==> [Req:Resp] table[lcf_table_remote] key[0x0000019a:0x0000019a], value[5], token[1000:1000]
07-01 02:53:08.682   978  1958 I <VSM>VehicleStatusManagerService: Query kvDB (MRRetryMaxLimitedNr)[lcf_table_remote:0x0000019a] success. value(5)
07-01 02:53:08.682  1896 19066 E APP     : [StartAdditionalDelayForUnsentMsgTx] StartAdditionalDelayForUnsentMsgTx(X): AppAck_RetryCount[0], u32MRRetryMax[5], u32DelayRemainingTimeMS[0]
07-01 02:53:08.682  1896 19066 D RVM_NS  : [StartAdditionalDelayForUnsentMsgTx:1179] StartAdditionalDelayForUnsentMsgTx(X): AppAck_RetryCount[0], u32MRRetryMax[5], u32DelayRemainingTimeMS[0]
07-01 02:53:08.682  1896 19066 V RVM_NS  : [StartAdditionalDelayForUnsentMsgTx:1180] StartAdditionalDelayForUnsentMsgTx(X): AppAck_RetryCount==0 or MSG TX disabled(AppAck_RetryCount>=u32MRRetryMax) or ongoing
07-01 02:53:08.682  1896 19066 E APP     : [SendMessageInQueue] ActualSendMessageInQueue called IMMEDIATELY without Retry Delay
07-01 02:53:08.682  1896 19066 D RVM_NS  : [SendMessageInQueue:1377] ActualSendMessageInQueue called IMMEDIATELY without Retry Delay
07-01 02:53:08.682  1896 19066 V RVM_NS  : [ActualSendMessageInQueue:786] ActualSendMessageInQueue
07-01 02:53:08.682   977  1452 I CSE_ConfigDb: read_data_db[lcf_table_remote] : key:0x0000019a value:5 status:0 CseEr_GetErrorCode:0 sql_status:0 token:1000
07-01 02:53:08.683  1620  1620 I BootModeAPI: LGE read BootMode = normal
07-01 02:53:08.683  1620  1620 I BootModeAPI: LGE BootMode set value = 0x1000000
07-01 02:53:08.683  1896 19066 V RVM_Can : [getCANBusStatus:84] CANBusStatus = 2
07-01 02:53:08.683  1896 19066 V RVM_App : [getMRRetryMaxNr:868] canState : [2]
07-01 02:53:08.685  1895 18070 V KeepPower: KeepPower release module id: 4, keepPowerID:1
07-01 02:53:08.685  1620  1620 E PowerManagerImpl: releaseKeepPowerInternal id:1, mKeepPowerFlag 0x80000006, canstate
07-01 02:53:08.685   977  1513 I ConfigDbClient: ReadKv, Key:0x52f363cd, token[1001]
07-01 02:53:08.685   977  1513 I CSE_ConfigDb: received msg from teleVM:3 0x52f363cd, token:1001
07-01 02:53:08.686  1895 18070 I RVC     : KeepPower acquire count:1 1 
07-01 02:53:08.686   977  1452 I CSE_ConfigDb: CONFIGDB_CB_CMD_READ_KV
07-01 02:53:08.686  1895 18070 E APP     : RVC] KeepPower acquire count:1 1 
07-01 02:53:08.686  1895 18070 I RVC_timer: startTimerId timer 27 is running, stop and start again
07-01 02:53:08.686  1895 18070 E APP     : RVC] startTimerId timer 27 is running, stop and start again
07-01 02:53:08.686  1895 18070 I RVC_timer: stopTimerId  timerId:27 
07-01 02:53:08.686  1895 18070 E APP     : RVC] stopTimerId  timerId:27 
07-01 02:53:08.686  1895 18070 I RVC_timer: startTimerId  TIMER_KEEPPOWER_RELEASE(27) duration:360 bRestart:1 
07-01 02:53:08.686  1895 18070 E APP     : RVC] startTimerId  TIMER_KEEPPOWER_RELEASE(27) duration:360 bRestart:1 
07-01 02:53:08.686  1620  1620 V PowerManagerImpl: getCurrentPowerMode : 0
07-01 02:53:08.686  1895 18070 D RVC     : RemoteService_getPowerMode():0
07-01 02:53:08.686  1895 18070 I RVC_kvdb: kvDBRx cfgName:res_inhibit start 969956
07-01 02:53:08.686  1895 18070 E APP     : RVC] kvDBRx cfgName:res_inhibit start 969956
07-01 02:53:08.689   977  1452 I CSE_ConfigDb: read_data_db[lcf_table_remote] : key:0x52f363cd value:86280 status:0 CseEr_GetErrorCode:0 sql_status:0 token:1001
07-01 02:53:08.689   977  1513 I ConfigDbClient: == wait for ReqKey:0x52f363cd, Req token[1001]
07-01 02:53:08.689   977  1513 I ConfigDbClient: ==> [Req:Resp] table[lcf_table_remote] key[0x52f363cd:0x52f363cd], value[86280], token[1001:1001]
07-01 02:53:08.689   978  1958 I <VSM>VehicleStatusManagerService: Query kvDB (PwmSleepTimeSecondCycleHolidayMode)[lcf_table_remote:0x52f363cd] success. value(86280)
07-01 02:53:08.689  1620  1653 I PowerModeTimer: readPowerTimerConfigValue : item PwmSleepTimeSecondCycleHolidayMode, val : 86280
07-01 02:53:08.690  1620  1653 V PowerModeTimer: resetTimerValue :id - 19, timer - 86280
07-01 02:53:08.690  1620  1653 V PowerModeTimer: resetTimerValue :PwmSleepTimeSecondCycleHolidayMode - 86280000
07-01 02:53:08.690   977  1513 I ConfigDbClient: ReadKv, Key:0x0000019a, token[1002]
07-01 02:53:08.690   977  1513 I CSE_ConfigDb: received msg from teleVM:3 0x0000019a, token:1002
07-01 02:53:08.690   977  1452 I CSE_ConfigDb: CONFIGDB_CB_CMD_READ_KV
07-01 02:53:08.692   977  1452 I CSE_ConfigDb: read_data_db[lcf_table_remote] : key:0x0000019a value:5 status:0 CseEr_GetErrorCode:0 sql_status:0 token:1002
07-01 02:53:08.692   977  1513 I ConfigDbClient: == wait for ReqKey:0x0000019a, Req token[1002]
07-01 02:53:08.692   977  1513 I ConfigDbClient: ==> [Req:Resp] table[lcf_table_remote] key[0x0000019a:0x0000019a], value[5], token[1002:1002]
07-01 02:53:08.693   978  1609 I <VSM>VehicleStatusManagerService: Query kvDB (MRRetryMaxLimitedNr)[lcf_table_remote:0x0000019a] success. value(5)
07-01 02:53:08.693  1896 19066 E APP     : [ActualSendMessageInQueue] NGTP commnunications is not available : Availability - RD_SERVER = 0,JL_SERVER = 0
07-01 02:53:08.693  1896 19066 D RVM_NS  : [ActualSendMessageInQueue:860] NGTP commnunications is not available : Availability - RD_SERVER = 0,JL_SERVER = 0
07-01 02:53:08.693  1896 19066 E APP     : [ActualSendMessageInQueue] internalNGTPData Service Type = 11
07-01 02:53:08.693  1896 19066 D RVM_NS  : [ActualSendMessageInQueue:863] internalNGTPData Service Type = 11
07-01 02:53:08.693  1896 19066 V RVM_NS  : [startSaveMsgTimer:1001] start SaveMsgTimer()
07-01 02:53:08.693   977  1513 I ConfigDbClient: ReadKv, Key:res_inhibit, token[1003]
07-01 02:53:08.693   977  1513 I CSE_ConfigDb: received msg from teleVM:3 res_inhibit, token:1003
07-01 02:53:08.693   977  1452 I CSE_ConfigDb: CONFIGDB_CB_CMD_READ_KV
07-01 02:53:08.696   977  1452 I CSE_ConfigDb: read_data_db[telematics_common_table] : key:res_inhibit value:1 status:0 CseEr_GetErrorCode:0 sql_status:0 token:1003
07-01 02:53:08.696   977  1513 I ConfigDbClient: == wait for ReqKey:res_inhibit, Req token[1003]
07-01 02:53:08.696   977  1513 I ConfigDbClient: ==> [Req:Resp] table[telematics_common_table] key[res_inhibit:res_inhibit], value[1], token[1003:1003]
07-01 02:53:08.696   978  1608 I <VSM>VehicleStatusManagerService: Query kvDB (res_inhibit)[telematics_common_table:res_inhibit] success. value(1)
07-01 02:53:08.696  1895 18070 I RVC_kvdb: kvDBRx cfgName:res_inhibit 3 value:1(1) end 969966 takes 10 ms
07-01 02:53:08.696  1895 18070 E APP     : RVC] kvDBRx cfgName:res_inhibit 3 value:1(1) end 969966 takes 10 ms
07-01 02:53:08.696  1895 18070 D RVC     : setSLDDstatusProperty_CurrentOperationInProgress service:4
07-01 02:53:08.696  1895 18070 E RVC     : setRemoteserviceStateToSota 1 0x1 
07-01 02:53:08.696  1895 18070 E APP     : RVC] setRemoteserviceStateToSota 1 0x1 
07-01 02:53:08.696   977  1513 I ConfigDbClient: ReadKv, Key:0x505c7046, token[1004]
07-01 02:53:08.696   977  1513 I CSE_ConfigDb: received msg from teleVM:3 0x505c7046, token:1004
07-01 02:53:08.696   977  1452 I CSE_ConfigDb: CONFIGDB_CB_CMD_READ_KV
07-01 02:53:08.696  1622  1668 E SOTA    : setRemoteState(0x       1,0x       1), old mRESstate = (0x       0)
07-01 02:53:08.696  1622  1668 E SOTA    : new mRESstate = (0x       1), (completed masking with        1)
07-01 02:53:08.696  1622  1668 E SOTA    : getRemoteState(       1), mRESstate = (0x       1)
07-01 02:53:08.697  1895 18070 I RVC_kvdb: kvDBRx cfgName:Additional Heater start 969966
07-01 02:53:08.697  1895 18070 E APP     : RVC] kvDBRx cfgName:Additional Heater start 969966
07-01 02:53:08.698   977  1452 I CSE_ConfigDb: read_data_db[lcf_table_remote] : key:0x505c7046 value:0 status:0 CseEr_GetErrorCode:0 sql_status:0 token:1004
07-01 02:53:08.698   977  1513 I ConfigDbClient: == wait for ReqKey:0x505c7046, Req token[1004]
07-01 02:53:08.698   977  1513 I ConfigDbClient: ==> [Req:Resp] table[lcf_table_remote] key[0x505c7046:0x505c7046], value[0], token[1004:1004]
07-01 02:53:08.698   978  1958 I <VSM>VehicleStatusManagerService: Query kvDB (PwmSleepTimeSecondCycleUnprovisioned)[lcf_table_remote:0x505c7046] success. value(0)
07-01 02:53:08.698   977  1513 I ConfigDbClient: ReadKv, Key:mdf_0427, token[1005]
07-01 02:53:08.698   977  1513 I CSE_ConfigDb: received msg from teleVM:3 mdf_0427, token:1005
07-01 02:53:08.699  1620  1653 I PowerModeTimer: readPowerTimerConfigValue : item PwmSleepTimeSecondCycleUnprovisioned, val : 0
07-01 02:53:08.699  1620  1653 V PowerModeTimer: resetTimerValue :id - 20, timer - 0
07-01 02:53:08.699  1620  1653 V PowerModeTimer: resetTimerValue :PwmSleepTimeSecondCycleUnprovisioned - 0
07-01 02:53:08.699   977  1452 I CSE_ConfigDb: CONFIGDB_CB_CMD_READ_KV
07-01 02:53:08.700   977  1452 I CSE_ConfigDb: read_data_db[car_config_data] : key:mdf_0427 value:0 status:0 CseEr_GetErrorCode:0 sql_status:0 token:1005
07-01 02:53:08.700   977  1513 I ConfigDbClient: == wait for ReqKey:mdf_0427, Req token[1005]
07-01 02:53:08.700   977  1513 I ConfigDbClient: ==> [Req:Resp] table[car_config_data] key[mdf_0427:mdf_0427], value[0], token[1005:1005]
07-01 02:53:08.700   978  1608 I <VSM>VehicleStatusManagerService: Query kvDB (Additional Heater)[car_config_data:mdf_0427] success. value(0)
07-01 02:53:08.701   977  1513 I ConfigDbClient: ReadKv, Key:0x4ffc6a2a, token[1006]
07-01 02:53:08.701   977  1513 I CSE_ConfigDb: received msg from teleVM:3 0x4ffc6a2a, token:1006
07-01 02:53:08.701   977  1452 I CSE_ConfigDb: CONFIGDB_CB_CMD_READ_KV
07-01 02:53:08.701  1895 18070 I RVC_kvdb: kvDBRx cfgName:Additional Heater 2 value:0(0) end 969971 takes 5 ms
07-01 02:53:08.701  1895 18070 E APP     : RVC] kvDBRx cfgName:Additional Heater 2 value:0(0) end 969971 takes 5 ms
07-01 02:53:08.701  1895 18070 I RVC     : setCurrState service:4 state:2 
07-01 02:53:08.701  1895 18070 E APP     : RVC] setCurrState service:4 state:2 
07-01 02:53:08.701  1895 18070 V RVC_RES : requestHandler() serviceType: 4
07-01 02:53:08.701  1895 18070 V RVC_RES : RemoteService_PrereqCheck() serviceType:4
07-01 02:53:08.701  1895 18070 I RVC_kvdb: kvDBRx cfgName:Additional Heater start 969971
07-01 02:53:08.701  1895 18070 E APP     : RVC] kvDBRx cfgName:Additional Heater start 969971
07-01 02:53:08.703   977  1452 I CSE_ConfigDb: read_data_db[lcf_table_remote] : key:0x4ffc6a2a value:120 status:0 CseEr_GetErrorCode:0 sql_status:0 token:1006
07-01 02:53:08.703   977  1513 I ConfigDbClient: == wait for ReqKey:0x4ffc6a2a, Req token[1006]
07-01 02:53:08.703   977  1513 I ConfigDbClient: ==> [Req:Resp] table[lcf_table_remote] key[0x4ffc6a2a:0x4ffc6a2a], value[120], token[1006:1006]
07-01 02:53:08.703   978  1958 I <VSM>VehicleStatusManagerService: Query kvDB (PwmReceiveTimeSecondCycle)[lcf_table_remote:0x4ffc6a2a] success. value(120)
07-01 02:53:08.703  1620  1653 I PowerModeTimer: readPowerTimerConfigValue : item PwmReceiveTimeSecondCycle, val : 120
07-01 02:53:08.703  1620  1653 V PowerModeTimer: resetTimerValue :id - 21, timer - 120
07-01 02:53:08.703  1620  1653 V PowerModeTimer: resetTimerValue :PwmReceiveTimeSecondCycle - 120000
07-01 02:53:08.704   977  1513 I ConfigDbClient: ReadKv, Key:mdf_0427, token[1007]
07-01 02:53:08.704   977  1513 I CSE_ConfigDb: received msg from teleVM:3 mdf_0427, token:1007
07-01 02:53:08.704   987  1604 E CM_SPI  : MCU->MSM Type[01] Cat[05, DD] Cmd[05, 00] PayloadLen[0006] Payload[00 FE 00 00 00 23]
07-01 02:53:08.704   977  1452 I CSE_ConfigDb: CONFIGDB_CB_CMD_READ_KV
07-01 02:53:08.706   977  1452 I CSE_ConfigDb: read_data_db[car_config_data] : key:mdf_0427 value:0 status:0 CseEr_GetErrorCode:0 sql_status:0 token:1007
07-01 02:53:08.706   977  1513 I ConfigDbClient: == wait for ReqKey:mdf_0427, Req token[1007]
07-01 02:53:08.706   977  1513 I ConfigDbClient: ==> [Req:Resp] table[car_config_data] key[mdf_0427:mdf_0427], value[0], token[1007:1007]
07-01 02:53:08.706   978  1608 I <VSM>VehicleStatusManagerService: Query kvDB (Additional Heater)[car_config_data:mdf_0427] success. value(0)
07-01 02:53:08.706  1895 18070 I RVC_kvdb: kvDBRx cfgName:Additional Heater 2 value:0(0) end 969976 takes 5 ms
07-01 02:53:08.706  1895 18070 E APP     : RVC] kvDBRx cfgName:Additional Heater 2 value:0(0) end 969976 takes 5 ms
07-01 02:53:08.707  1895 18070 D RVC     : save property:REONPreSVTstatus value:OK
07-01 02:53:08.707  1895 18070 I RVC_RES : RES_getSVTstatus SVT not active status
07-01 02:53:08.707  1895 18070 E APP     : RVC] RES_getSVTstatus SVT not active status
07-01 02:53:08.707  1620  1620 V PowerManagerImpl: getCurrentPowerMode : 0
07-01 02:53:08.707   977  1513 I ConfigDbClient: ReadKv, Key:0x52f363c6, token[1008]
07-01 02:53:08.707   977  1513 I CSE_ConfigDb: received msg from teleVM:3 0x52f363c6, token:1008
07-01 02:53:08.707  1895 18070 D RVC     : RemoteService_getPowerMode():0
07-01 02:53:08.707  1895 18070 D RVC     : save property:REONPrePowermode value:OK
07-01 02:53:08.707  1895 18070 V RVC_RES : [RES Prerequisite Success] PowerMode 0 < 4(PM4_ACCESSORY_1)
07-01 02:53:08.707  1895 18070 D RVC     : save property:REONPreResStatus value:OK
07-01 02:53:08.707  1895 18070 V RVC_RES : [RES Prerequisite Success] Not performing the RES
07-01 02:53:08.707  1895 18070 D RVC     : save property:REONPreCrashStatus value:OK
07-01 02:53:08.707  1895 18070 I RVC     : getCrashStatus Crash status OFF
07-01 02:53:08.707  1895 18070 E APP     : RVC] getCrashStatus Crash status OFF
07-01 02:53:08.707  1895 18070 I RVC_kvdb: kvDBRx cfgName:ClimateControlResFuelLevelStartMin_dl start 969977
07-01 02:53:08.707  1895 18070 E APP     : RVC] kvDBRx cfgName:ClimateControlResFuelLevelStartMin_dl start 969977
07-01 02:53:08.708   977  1452 I CSE_ConfigDb: CONFIGDB_CB_CMD_READ_KV
07-01 02:53:08.711   977  1513 I ConfigDbClient: == wait for ReqKey:0x52f363c6, Req token[1008]
07-01 02:53:08.711   977  1513 I ConfigDbClient: ==> [Req:Resp] table[lcf_table_remote] key[0x52f363c6:0x52f363c6], value[120], token[1008:1008]
07-01 02:53:08.711   977  1452 I CSE_ConfigDb: read_data_db[lcf_table_remote] : key:0x52f363c6 value:120 status:0 CseEr_GetErrorCode:0 sql_status:0 token:1008
07-01 02:53:08.711   978  1958 I <VSM>VehicleStatusManagerService: Query kvDB (PwmReceiveTimeSecondCycleHolidayMode)[lcf_table_remote:0x52f363c6] success. value(120)
07-01 02:53:08.711  1620  1653 I PowerModeTimer: readPowerTimerConfigValue : item PwmReceiveTimeSecondCycleHolidayMode, val : 120
07-01 02:53:08.711  1620  1653 V PowerModeTimer: resetTimerValue :id - 22, timer - 120
07-01 02:53:08.711  1620  1653 V PowerModeTimer: resetTimerValue :PwmReceiveTimeSecondCycleHolidayMode - 120000
07-01 02:53:08.712   977  1513 I ConfigDbClient: ReadKv, Key:0x538f2420, token[1009]
07-01 02:53:08.712   977  1513 I CSE_ConfigDb: received msg from teleVM:3 0x538f2420, token:1009
07-01 02:53:08.712   977  1452 I CSE_ConfigDb: CONFIGDB_CB_CMD_READ_KV
07-01 02:53:08.714   977  1513 I ConfigDbClient: == wait for ReqKey:0x538f2420, Req token[1009]
07-01 02:53:08.714   977  1513 I ConfigDbClient: ==> [Req:Resp] table[lcf_table_remote] key[0x538f2420:0x538f2420], value[50], token[1009:1009]
07-01 02:53:08.714   977  1452 I CSE_ConfigDb: read_data_db[lcf_table_remote] : key:0x538f2420 value:50 status:0 CseEr_GetErrorCode:0 sql_status:0 token:1009
07-01 02:53:08.714   978  1608 I <VSM>VehicleStatusManagerService: Query kvDB (ClimateControlResFuelLevelStartMin_dl)[lcf_table_remote:0x538f2420] success. value(50)
07-01 02:53:08.714  1895 18070 I RVC_kvdb: kvDBRx cfgName:ClimateControlResFuelLevelStartMin_dl 3 value:50(50) end 969984 takes 7 ms
07-01 02:53:08.714  1895 18070 E APP     : RVC] kvDBRx cfgName:ClimateControlResFuelLevelStartMin_dl 3 value:50(50) end 969984 takes 7 ms
07-01 02:53:08.714  1895 18070 V RVC_RES : RES_getFuelLevel  fuelLevelIndicated:800 ClimateControlResFuelLevelStartMin_dl:50 50
07-01 02:53:08.714  1895 18070 D RVC     : save property:REONPreFuellevel value:OK
07-01 02:53:08.714  1895 18070 V RVC_RES : [RES Prerequisite Success] Fuel level OK
07-01 02:53:08.714  1895 18070 I RVC     : getPropertyInt name : ResRunTimeCounter prop:1800 val:1800
07-01 02:53:08.714  1895 18070 E APP     : RVC] getPropertyInt name : ResRunTimeCounter prop:1800 val:1800
07-01 02:53:08.714  1895 18070 I RVC_kvdb: kvDBRx cfgName:ClimateControlResRunTimeMinLimit_s start 969984
07-01 02:53:08.714  1895 18070 E APP     : RVC] kvDBRx cfgName:ClimateControlResRunTimeMinLimit_s start 969984
07-01 02:53:08.715   977  1513 I ConfigDbClient: ReadKv, Key:0x505c6fc8, token[1010]
07-01 02:53:08.715   977  1513 I CSE_ConfigDb: received msg from teleVM:3 0x505c6fc8, token:1010
07-01 02:53:08.715   977  1452 I CSE_ConfigDb: CONFIGDB_CB_CMD_READ_KV
07-01 02:53:08.720   977  1452 I CSE_ConfigDb: read_data_db[lcf_table_remote] : key:0x505c6fc8 value:0 status:0 CseEr_GetErrorCode:0 sql_status:0 token:1010
07-01 02:53:08.720   977  1513 I ConfigDbClient: == wait for ReqKey:0x505c6fc8, Req token[1010]
07-01 02:53:08.720   977  1513 I ConfigDbClient: ==> [Req:Resp] table[lcf_table_remote] key[0x505c6fc8:0x505c6fc8], value[0], token[1010:1010]
07-01 02:53:08.720   978  1958 I <VSM>VehicleStatusManagerService: Query kvDB (PwmReceiveTimeSecondCycleUnprovisioned)[lcf_table_remote:0x505c6fc8] success. value(0)
07-01 02:53:08.720  1620  1653 I PowerModeTimer: readPowerTimerConfigValue : item PwmReceiveTimeSecondCycleUnprovisioned, val : 0
07-01 02:53:08.720  1620  1653 V PowerModeTimer: resetTimerValue :id - 23, timer - 0
07-01 02:53:08.720  1620  1653 V PowerModeTimer: resetTimerValue :PwmReceiveTimeSecondCycleUnprovisioned - 0
07-01 02:53:08.721   977  1513 I ConfigDbClient: ReadKv, Key:0x522751b1, token[1011]
07-01 02:53:08.721   977  1513 I CSE_ConfigDb: received msg from teleVM:3 0x522751b1, token:1011
07-01 02:53:08.721   977  1452 I CSE_ConfigDb: CONFIGDB_CB_CMD_READ_KV
07-01 02:53:08.725   977  1452 I CSE_ConfigDb: read_data_db[lcf_table_remote] : key:0x522751b1 value:180 status:0 CseEr_GetErrorCode:0 sql_status:0 token:1011
07-01 02:53:08.725   977  1513 I ConfigDbClient: == wait for ReqKey:0x522751b1, Req token[1011]
07-01 02:53:08.725   977  1513 I ConfigDbClient: ==> [Req:Resp] table[lcf_table_remote] key[0x522751b1:0x522751b1], value[180], token[1011:1011]
07-01 02:53:08.725   978  1608 I <VSM>VehicleStatusManagerService: Query kvDB (ClimateControlResRunTimeMinLimit_s)[lcf_table_remote:0x522751b1] success. value(180)
07-01 02:53:08.725  1895 18070 I RVC_kvdb: kvDBRx cfgName:ClimateControlResRunTimeMinLimit_s 3 value:180(180) end 969995 takes 11 ms
07-01 02:53:08.725  1895 18070 E APP     : RVC] kvDBRx cfgName:ClimateControlResRunTimeMinLimit_s 3 value:180(180) end 969995 takes 11 ms
07-01 02:53:08.725  1895 18070 D RVC     : save property:REONPreResRuntime value:OK
07-01 02:53:08.725   977  1513 I ConfigDbClient: ReadKv, Key:0x52f8f46e, token[1012]
07-01 02:53:08.725  1895 18070 V RVC_RES : [RES Prerequisite Success] RES remaining runtime OK
07-01 02:53:08.725   977  1513 I CSE_ConfigDb: received msg from teleVM:3 0x52f8f46e, token:1012
07-01 02:53:08.725  1895 18070 D RVC     : setLogTransistionFromREStoNormal 0 
07-01 02:53:08.725  1895 18070 I RVC_RES : RES_reqEngineStart()
07-01 02:53:08.725  1895 18070 E APP     : RVC] RES_reqEngineStart()
07-01 02:53:08.725   977  1452 I CSE_ConfigDb: CONFIGDB_CB_CMD_READ_KV
07-01 02:53:08.725   975  1640 I SPIClient_can: [notifyTx]UINT64_T_1562_2_96264442035044352
07-01 02:53:08.725   975  1640 E SPIClient_can: CL-cse_il_can_receive_from_televm called :2
07-01 02:53:08.726  1710  1755 E CTH     : CMTx_TCUDataControl_96264442035044352
07-01 02:53:08.726  1895 18070 E RVC_can : cmsCanTx TCUDataControl : 96264442035044352 ret:0 
07-01 02:53:08.726   975  1674 E SPIClient_can: CL-[RXTask]1562_2_547557480272_96264442035044352 -preCS TxFRes[0.000]
07-01 02:53:08.726  1895 18070 E APP     : RVC] cmsCanTx TCUDataControl : 96264442035044352 ret:0 
07-01 02:53:08.726  1895 18070 V RVC     : reqBCMauthentication() 4 
07-01 02:53:08.726  1625  1694 V IAlarmManagerService: Ialarm:bn:code=3, ref=1
07-01 02:53:08.726  1625  1694 V AlarmManagerImpl: setAlarm: time 1656644023000, app_id 4, listener 0x7f70000e00
07-01 02:53:08.726  1625  1694 I AlarmQueue: enqueueAlarm[0x99e83fe0] called :0x70000de0 whenMs:1656644023000, app_id: 4, binder: 0x7f70000e00
07-01 02:53:08.726  1625  1694 I AlarmQueue: enqueueAlarm : target wake ms : 1656644023000  current is NULL
07-01 02:53:08.726  1625  1694 I AlarmHalImpl: mdm_alarmSetAlarm
07-01 02:53:08.726  1625  1694 V AlarmHalImpl: mdm_alarmSetAlarm cur:1656643988, alarm:1656644023, alarm_interval:35
07-01 02:53:08.726  1625  1694 I AlarmQueue: enqueueAlarm do alarmSetAlarm[whenMs : 1656644023000], app_id = 4
07-01 02:53:08.726  1895 18070 I RVC_timer: startTimerId  TIMER_TCU_AUTH_SEQ(10) duration:35  bRestart:1 
07-01 02:53:08.726  1895 18070 E APP     : RVC] startTimerId  TIMER_TCU_AUTH_SEQ(10) duration:35  bRestart:1 
07-01 02:53:08.727   975  1674 E SPIClient_can: CL-[RXTask]1562_2_547557480272_96264442035044352
07-01 02:53:08.728   977  1452 I CSE_ConfigDb: read_data_db[lcf_table_remote] : key:0x52f8f46e value:86400 status:0 CseEr_GetErrorCode:0 sql_status:0 token:1012
07-01 02:53:08.729   977  1513 I ConfigDbClient: == wait for ReqKey:0x52f8f46e, Req token[1012]
07-01 02:53:08.729   977  1513 I ConfigDbClient: ==> [Req:Resp] table[lcf_table_remote] key[0x52f8f46e:0x52f8f46e], value[86400], token[1012:1012]
07-01 02:53:08.729   978  1958 I <VSM>VehicleStatusManagerService: Query kvDB (HmWakeupDuration_s)[lcf_table_remote:0x52f8f46e] success. value(86400)
07-01 02:53:08.729  1620  1653 I PowerModeTimer: readPowerTimerConfigValue : item HmWakeupDuration_s, val : 86400
07-01 02:53:08.729  1620  1653 V PowerModeTimer: resetTimerValue :id - 24, timer - 86400
07-01 02:53:08.729  1620  1653 V PowerModeTimer: resetTimerValue :HmWakeupDuration_s - 86400000
07-01 02:53:08.729   598   598 I         : [SYSTEMPROPERTY] failed to get (sys.scheduled.set)'s value[-1]
07-01 02:53:08.729  1620  1653 D PowerModeTimer: get [sys.scheduled.set] property is error!!
07-01 02:53:08.731  1628  1658 I OperationModeManagerImpl: getCurrentOperationMode: return current mode: :4
07-01 02:53:08.732  1620  1653 I PowerModeTimer: adjustTimerID : original:6  adjusted id: 6 OperationalMode:4
07-01 02:53:08.732  1620  1653 V PowerModeTimer: getTimerValue :PwmFirstPeriodicCycle - 518400000
07-01 02:53:08.732   598   598 I         : [SYSTEMPROPERTY] failed to get (sys.scheduled.set)'s value[-1]
07-01 02:53:08.733  1620  1653 D PowerModeTimer: get [sys.scheduled.set] property is error!!
07-01 02:53:08.734  1628  1658 I OperationModeManagerImpl: getCurrentOperationMode: return current mode: :4
07-01 02:53:08.734  1620  1653 I PowerModeTimer: adjustTimerID : original:9  adjusted id: 9 OperationalMode:4
07-01 02:53:08.734  1620  1653 V PowerModeTimer: getTimerValue :PwmSleepTime - 14400000
07-01 02:53:08.734   598   598 I         : [SYSTEMPROPERTY] failed to get (sys.scheduled.set)'s value[-1]
07-01 02:53:08.734  1620  1653 D PowerModeTimer: get [sys.scheduled.set] property is error!!
07-01 02:53:08.737  1628  1658 I OperationModeManagerImpl: getCurrentOperationMode: return current mode: :4
07-01 02:53:08.738  1620  1653 I PowerModeTimer: adjustTimerID : original:12  adjusted id: 12 OperationalMode:4
07-01 02:53:08.738  1620  1653 V PowerModeTimer: getTimerValue :PwmReceiveTime - 120000
07-01 02:53:08.738  1620  1653 V PowerTimerManager: getPollCnt 1: total 518400000 sleep:14400000 recv:120000 count:35
07-01 02:53:08.739   598   598 I         : [SYSTEMPROPERTY] failed to get (sys.scheduled.set)'s value[-1]
07-01 02:53:08.739  1620  1653 D PowerModeTimer: get [sys.scheduled.set] property is error!!
07-01 02:53:08.739   987  1604 E CM_SPI  : MCU->MSM Type[01] Cat[35, 00] Cmd[02, 00] PayloadLen[0028] Payload[5B 4D 43 55 5D 5B 42 43 4D 5D 54 43 55 44 41 54 41 43 4F 4E 54 52 4F 4C 20 52 45 51 28 30 78 30 31 29 28 30 78 35 36 29]
07-01 02:53:08.740  1628  1658 I OperationModeManagerImpl: getCurrentOperationMode: return current mode: :4
07-01 02:53:08.740  1619  1632 E MCU     : [MCU][BCM]TCUDATACONTROL REQ(0x01)(0x56)
07-01 02:53:08.740  1620  1653 I PowerModeTimer: adjustTimerID : original:15  adjusted id: 15 OperationalMode:4
07-01 02:53:08.740  1620  1653 V PowerModeTimer: getTimerValue :PwmSecondPeriodicCycle - 1814400000
07-01 02:53:08.740   598   598 I         : [SYSTEMPROPERTY] failed to get (sys.scheduled.set)'s value[-1]
07-01 02:53:08.740  1620  1653 D PowerModeTimer: get [sys.scheduled.set] property is error!!
07-01 02:53:08.742  1628  1658 I OperationModeManagerImpl: getCurrentOperationMode: return current mode: :4
07-01 02:53:08.742  1620  1653 I PowerModeTimer: adjustTimerID : original:18  adjusted id: 18 OperationalMode:4
07-01 02:53:08.742  1620  1653 V PowerModeTimer: getTimerValue :PwmSleepTimeSecondCycle - 86400000
07-01 02:53:08.742   598   598 I         : [SYSTEMPROPERTY] failed to get (sys.scheduled.set)'s value[-1]
07-01 02:53:08.742  1620  1653 D PowerModeTimer: get [sys.scheduled.set] property is error!!
07-01 02:53:08.744  1628  1658 I OperationModeManagerImpl: getCurrentOperationMode: return current mode: :4
07-01 02:53:08.744  1620  1653 I PowerModeTimer: adjustTimerID : original:21  adjusted id: 21 OperationalMode:4
07-01 02:53:08.744  1620  1653 V PowerModeTimer: getTimerValue :PwmReceiveTimeSecondCycle - 120000
07-01 02:53:08.744  1620  1653 V PowerTimerManager: getPollCnt 2: total 1814400000 sleep:86400000 recv:120000 count:20
07-01 02:53:08.746   598   598 I         : [SYSTEMPROPERTY] failed to get (sys.scheduled.set)'s value[-1]
07-01 02:53:08.746  1620  1653 D PowerModeTimer: get [sys.scheduled.set] property is error!!
07-01 02:53:08.747  1628  1658 I OperationModeManagerImpl: getCurrentOperationMode: return current mode: :4
07-01 02:53:08.748   975  1524 E SPIClient_can: CL-ISPI_CSPB_OSC
07-01 02:53:08.748   975  1524 E SPIClient_can: RCV CB Single(0), Group(0)
07-01 02:53:08.748  1620  1653 I PowerModeTimer: adjustTimerID : original:0  adjusted id: 0 OperationalMode:4
07-01 02:53:08.748  1620  1653 V PowerModeTimer: getTimerValue :PwmInitialReceiveTime - 86400000
07-01 02:53:08.748  1620  1653 I PowerTimerManager: initTiming : id:0 's duration is 86400000. next is STATE_LISTEN_1 
07-01 02:53:08.748   975  1638 E SPIClient_can: MSG_CAN_BUS_STATE
07-01 02:53:08.748   975  1638 E SPIClient_can: CB_1
07-01 02:53:08.749  1710  1769 V CANManagerService: onReceivedCANBus() : 1
07-01 02:53:08.749  1710  1712 E CANManagerService: syncUpCanData() : BUS(1) / syncResult(0)
07-01 02:53:08.749  1710  1712 I CANManagerService: syncUpCanSignalWithCSE()
07-01 02:53:08.749   975  4648 E SPIClient_can: notifyCanQueryToCSE
07-01 02:53:08.749   975  4648 E SPIClient_can: CL-cse_il_can_receive_from_televm called :5
07-01 02:53:08.749   975  1674 E SPIClient_can: CL-[CQ] rxSigListSize[393]
07-01 02:53:08.749  1710  1712 V CANManagerService: handleMessage ON_CHANGED_CAN_BUS
07-01 02:53:08.750  1620  1620 E PowerManagerImpl: onCanBusStatusChanged, CANBUS state=1
07-01 02:53:08.752  1630  2001 E WIFI    : onStatusChanged() CAN BUS State:1
07-01 02:53:08.752   975  1674 E SPIClient_can: CL-[CQ]9_0_0_0.000000
07-01 02:53:08.752  1630  1661 E WIFI    : receiveCANBusState() CAN BUS State: ON(ACTIVE)
07-01 02:53:08.752  1630  1661 E WIFI    : checkWiFiClientPCR094ConditionState : current PCR094 condition:YES(7)
07-01 02:53:08.752  1630  1661 D hal_wifi: Found /var/run/wpa_supplicant/wlan0 
07-01 02:53:08.752  1630  1661 D WiFiClientStatus: setWiFiClientEnableStatus():1
07-01 02:53:08.752  1630  1661 E WIFI    : checkWiFiClientPCR094ConditionState : WiFi Client already enabled
07-01 02:53:08.753  1895  1933 D RVC_rcvMsg: receiveMessage_canBusState :1 (0:unknown, 1:active, 2:sleep, 3:off)
07-01 02:53:08.753  1895  1933 I RVC_kvdb: kvDBRx cfgName:ClimateControlCanReadDelay_ms start 970022
07-01 02:53:08.753  1895  1933 E APP     : RVC] kvDBRx cfgName:ClimateControlCanReadDelay_ms start 970022
07-01 02:53:08.753   977  1513 I ConfigDbClient: ReadKv, Key:0x52381427, token[1013]
07-01 02:53:08.753   977  1513 I CSE_ConfigDb: received msg from teleVM:3 0x52381427, token:1013
07-01 02:53:08.753   977  1452 I CSE_ConfigDb: CONFIGDB_CB_CMD_READ_KV
07-01 02:53:08.754   975  1674 E SPIClient_can: CL-[CQ]12_0_0_0.000000
07-01 02:53:08.755   977  1452 I CSE_ConfigDb: read_data_db[lcf_table_remote] : key:0x52381427 value:6000 status:0 CseEr_GetErrorCode:0 sql_status:0 token:1013
07-01 02:53:08.755   977  1513 I ConfigDbClient: == wait for ReqKey:0x52381427, Req token[1013]
07-01 02:53:08.755   977  1513 I ConfigDbClient: ==> [Req:Resp] table[lcf_table_remote] key[0x52381427:0x52381427], value[6000], token[1013:1013]
07-01 02:53:08.755   978  1958 I <VSM>VehicleStatusManagerService: Query kvDB (ClimateControlCanReadDelay_ms)[lcf_table_remote:0x52381427] success. value(6000)
07-01 02:53:08.756  1895  1933 I RVC_kvdb: kvDBRx cfgName:ClimateControlCanReadDelay_ms 3 value:6000(6000) end 970025 takes 3 ms
07-01 02:53:08.756  1895  1933 E APP     : RVC] kvDBRx cfgName:ClimateControlCanReadDelay_ms 3 value:6000(6000) end 970025 takes 3 ms
07-01 02:53:08.756  1895  1933 I RVC_timer: startTimerId  TIMER_PARK_CLIMATE_MIN_STATUS_WAIT(23) duration(ClimateControlCanReadDelay_ms):6000(ms) bRestart:1 
07-01 02:53:08.756  1895  1933 E APP     : RVC] startTimerId  TIMER_PARK_CLIMATE_MIN_STATUS_WAIT(23) duration(ClimateControlCanReadDelay_ms):6000(ms) bRestart:1 
07-01 02:53:08.756   975  1674 E SPIClient_can: CL-[CQ]13_0_0_0.000000
07-01 02:53:08.756  1710  1754 E CRH     : Rx_12_0.000000
07-01 02:53:08.757  1710  1754 E CRH     : Rx_13_0.000000
07-01 02:53:08.757  1896  1896 I RVM_Can : [onCANBusStateChanged:532] onCANBusStateChanged() state = 1
07-01 02:53:08.757  1896  1896 I RVM_App : [onCANBusStateChanged:754] onCANBusStateChanged
07-01 02:53:08.757  1896  1929 D RVM_Main: [onReceiveCanBusState:1074] onReceiveCanBusState prevCanState = 2, CurCanstate=1
07-01 02:53:08.758   975  1674 E SPIClient_can: CL-[CQ]14_0_0_0.000000
07-01 02:53:08.758  1626  1676 E NGTPManagerService: onStatusChanged() : 1 
07-01 02:53:08.759  1710  1754 E CRH     : Rx_14_0.000000
07-01 02:53:08.759   975  1674 E SPIClient_can: CL-[CQ]15_0_0_0.000000
07-01 02:53:08.760  1710  1754 E CRH     : Rx_15_0.000000
07-01 02:53:08.762   975  1674 E SPIClient_can: CL-[CQ]16_0_0_0.000000
07-01 02:53:08.767   975  1674 E SPIClient_can: CL-[CQ]20_3_0_0.000000
07-01 02:53:08.767  1710  1754 E CRH     : Rx_20_3
07-01 02:53:08.768   975  1674 E SPIClient_can: CL-[CQ]33_3_0_-128.000000
07-01 02:53:08.770   975  1674 E SPIClient_can: CL-[CQ]48_3_0_0.000000
07-01 02:53:08.771   598   598 I         : [SYSTEMPROPERTY] failed to get (sys.scheduled.set)'s value[-1]
07-01 02:53:08.771  1620  1653 D PowerTimerManager: get [sys.scheduled.set] property is error!!
07-01 02:53:08.772  1620  1653 V PowerTimerManager: setTimerForTimingInternal : timing:1
07-01 02:53:08.772  1620  1653 I PowerTimerManager: overrideSetScheduledWakeup - mScheduledWakeupTimerStarted:0,timer_id:0
07-01 02:53:08.772   598   598 I         : [SYSTEMPROPERTY] failed to get (sys.scheduled.set)'s value[-1]
07-01 02:53:08.772  1620  1653 D PowerTimerManager: get [sys.scheduled.set] property is error!!
07-01 02:53:08.773   598   598 I         : [SYSTEMPROPERTY] failed to get (sys.scheduled.set)'s value[-1]
07-01 02:53:08.773  1620  1653 D PowerTimerManager: get [sys.scheduled.set] property is error!!
07-01 02:53:08.773   598   598 I         : [SYSTEMPROPERTY] failed to get (sys.scheduled.set)'s value[-1]
07-01 02:53:08.773  1620  1653 D PowerModeTimer: get [sys.scheduled.set] property is error!!
07-01 02:53:08.778  1628  1658 I OperationModeManagerImpl: getCurrentOperationMode: return current mode: :4
07-01 02:53:08.778  1620  1653 I PowerModeTimer: adjustTimerID : original:0  adjusted id: 0 OperationalMode:4
07-01 02:53:08.778  1625  1694 V IAlarmManagerService: Ialarm:bn:code=10, ref=1
07-01 02:53:08.778  1625  1694 I AlarmHalImpl: mdm_alarmGetRTCTime
07-01 02:53:08.778  1620  1653 I PowerModeTimer: PowerMDMTimer::saveStartMs mStartMs:1656643988000
07-01 02:53:08.778  1620  1653 V PowerModeTimer: PowerMDMTimer::start : 1656730388000, duration:86400000, id:0
07-01 02:53:08.779   975  1674 E SPIClient_can: CL-[CQ]49_0_0_0.000000
07-01 02:53:08.784   975  1674 E SPIClient_can: CL-[CQ]50_0_0_0.000000
07-01 02:53:08.786  1710  1754 E CRH     : Rx_50_0
07-01 02:53:08.790   975  1674 E SPIClient_can: CL-[CQ]52_0_0_0.000000
07-01 02:53:08.792   975  1674 E SPIClient_can: CL-[CQ]53_0_0_0.000000
07-01 02:53:08.794  1625  1694 V IAlarmManagerService: Ialarm:bn:code=3, ref=1
07-01 02:53:08.794  1625  1694 V AlarmManagerImpl: setAlarm: time 1656730388000, app_id 118, listener 0x7f70000d80
07-01 02:53:08.794  1625  1694 I AlarmQueue: enqueueAlarm[0x99e83fe0] called :0x70000d60 whenMs:1656730388000, app_id: 118, binder: 0x7f70000d80
07-01 02:53:08.794  1625  1694 I AlarmQueue: enqueueAlarm : target wake ms : 1656730388000  current:1656644023000
07-01 02:53:08.794   975  1674 E SPIClient_can: CL-[CQ]54_0_0_0.000000
07-01 02:53:08.794  1620  1653 V PowerModeTimer: getTimerValue :PwmInitialReceiveTime - 86400000
07-01 02:53:08.794  1620  1653 V PowerTimerManager: setTimerForTimingInternal : startTimer:0 duration ms:86400000
07-01 02:53:08.794  1620  1653 I PowerTimerManager: updateTimerStatus: time id 0 status:1
07-01 02:53:08.794  1620  1653 V PowerModeTimer: getTimerValue :PwmInitialReceiveTime - 86400000
07-01 02:53:08.794  1620  1653 E POWER   : Power Timer is updated :PwmInitialReceiveTime status:TM_STATUS_STARTED (86400s)
07-01 02:53:08.794  1620  1653 I JLRPowerModeImpl: Power Timer is updated :PwmInitialReceiveTime status:TM_STATUS_STARTED (86400s)
07-01 02:53:08.795   975  1674 E SPIClient_can: CL-[CQ]55_0_0_0.000000
07-01 02:53:08.797   975  1674 E SPIClient_can: CL-[CQ]56_0_0_0.000000
07-01 02:53:08.800   975  1674 E SPIClient_can: CL-[CQ]57_0_0_0.000000
07-01 02:53:08.805   975  1674 E SPIClient_can: CL-[CQ]58_0_0_0.000000
07-01 02:53:08.809   975  1674 E SPIClient_can: CL-[CQ]60_1_0_0.000000
07-01 02:53:08.812   975  1674 E SPIClient_can: CL-[CQ]61_1_0_0.000000
07-01 02:53:08.813  1710  1754 E CRH     : Rx_61_1
07-01 02:53:08.814   975  1674 E SPIClient_can: CL-[CQ]62_0_0_0.000000
07-01 02:53:08.816   975  1674 E SPIClient_can: CL-[CQ]63_0_0_0.000000
07-01 02:53:08.818  1710  1754 E CRH     : Rx_62_0
07-01 02:53:08.819  1620  1653 V PowerManagerImpl: processPowerManager : 20
07-01 02:53:08.819   975  1674 E SPIClient_can: CL-[CQ]65_0_0_0.000000
07-01 02:53:08.819  1620  1653 V PowerManagerImpl: processPowerManager: CMD_POWER_CANBUS_STATUS_CHANGED 1
07-01 02:53:08.819  1620  1653 E PowerManagerImpl: acquireKeepPowerInternal id:31, mKeepPowerFlag 0x80000006, canstate 1
07-01 02:53:08.822  1620  1653 I BootModeAPI: LGE read BootMode = normal
07-01 02:53:08.822  1620  1653 I BootModeAPI: LGE BootMode set value = 0x1000000
07-01 02:53:08.822  1620  1653 I PowerManagerImpl: notifyCANBusState: newCANBusState 1 mCurrentCANBusState :0
07-01 02:53:08.823  1891  1921 V provisioning: can bus on
07-01 02:53:08.824   977  1513 I ConfigDbClient: ReadKv, Key:0x00000053, token[1014]
07-01 02:53:08.824   977  1513 I CSE_ConfigDb: received msg from teleVM:3 0x00000053, token:1014
07-01 02:53:08.824   977  1452 I CSE_ConfigDb: CONFIGDB_CB_CMD_READ_KV
07-01 02:53:08.826   975  1674 E SPIClient_can: CL-[CQ]66_1_0_0.000000
07-01 02:53:08.826   977  1452 I CSE_ConfigDb: read_data_db[lcf_table_remote] : key:0x00000053 value:50 status:0 CseEr_GetErrorCode:0 sql_status:0 token:1014
07-01 02:53:08.826   977  1513 I ConfigDbClient: == wait for ReqKey:0x00000053, Req token[1014]
07-01 02:53:08.826   977  1513 I ConfigDbClient: ==> [Req:Resp] table[lcf_table_remote] key[0x00000053:0x00000053], value[50], token[1014:1014]
07-01 02:53:08.826   978  1958 I <VSM>VehicleStatusManagerService: Query kvDB (0x00000053)[lcf_table_remote:0x00000053] success. value(50)
07-01 02:53:08.826  1891  1920 V provisioning: maximum number of retry counts is now 50
07-01 02:53:08.827   977  1513 I ConfigDbClient: ReadKv, Key:0x00000055, token[1015]
07-01 02:53:08.827   977  1513 I CSE_ConfigDb: received msg from teleVM:3 0x00000055, token:1015
07-01 02:53:08.827   977  1452 I CSE_ConfigDb: CONFIGDB_CB_CMD_READ_KV
07-01 02:53:08.827   975  1674 E SPIClient_can: CL-[CQ]67_1_75_0.000000
07-01 02:53:08.829  1710  1754 E CRH     : Rx_67_75
07-01 02:53:08.829   975  1674 E SPIClient_can: CL-[CQ]68_1_75_0.000000
07-01 02:53:08.829   977  1452 I CSE_ConfigDb: read_data_db[lcf_table_remote] : key:0x00000055 value:10 status:0 CseEr_GetErrorCode:0 sql_status:0 token:1015
07-01 02:53:08.830   977  1513 I ConfigDbClient: == wait for ReqKey:0x00000055, Req token[1015]
07-01 02:53:08.830   977  1513 I ConfigDbClient: ==> [Req:Resp] table[lcf_table_remote] key[0x00000055:0x00000055], value[10], token[1015:1015]
07-01 02:53:08.830   978  1958 I <VSM>VehicleStatusManagerService: Query kvDB (0x00000055)[lcf_table_remote:0x00000055] success. value(10)
07-01 02:53:08.830  1891  1920 V provisioning: maximum number of retry counts is now 10
07-01 02:53:08.830  1710  1754 E CRH     : Rx_68_1
07-01 02:53:08.832   975  1674 E SPIClient_can: CL-[CQ]69_1_75_0.000000
07-01 02:53:08.835   975  1674 E SPIClient_can: CL-[CQ]70_1_75_0.000000
07-01 02:53:08.837   975  1674 E SPIClient_can: CL-[CQ]72_1_75_0.000000
07-01 02:53:08.844   975  1674 E SPIClient_can: CL-[CQ]73_0_75_0.000000
07-01 02:53:08.845  1710  1754 E CRH     : Rx_73_0
07-01 02:53:08.845   975  1674 E SPIClient_can: CL-[CQ]74_0_75_0.000000
07-01 02:53:08.851   975  1674 E SPIClient_can: CL-[CQ]75_0_75_0.000000
07-01 02:53:08.854   975  1674 E SPIClient_can: CL-[CQ]76_0_75_0.000000
07-01 02:53:08.855   975  1674 E SPIClient_can: CL-[CQ]80_0_75_0.000000
07-01 02:53:08.858   975  1674 E SPIClient_can: CL-[CQ]81_0_75_0.000000
07-01 02:53:08.860   975  1674 E SPIClient_can: CL-[CQ]82_0_75_0.000000
07-01 02:53:08.862   975  1674 E SPIClient_can: CL-[CQ]83_0_75_0.000000
07-01 02:53:08.862  1710  1754 E CRH     : Rx_83_0
07-01 02:53:08.864   975  1674 E SPIClient_can: CL-[CQ]84_0_75_0.000000
07-01 02:53:08.864  1710  1754 E CRH     : Rx_84_0
07-01 02:53:08.868   975  1674 E SPIClient_can: CL-[CQ]85_0_75_0.000000
07-01 02:53:08.869   975  1674 E SPIClient_can: CL-[CQ]88_0_75_0.000000
07-01 02:53:08.871   975  1674 E SPIClient_can: CL-[CQ]99_0_75_0.000000
07-01 02:53:08.887   975  1674 E SPIClient_can: CL-[CQ]100_0_75_0.000000
07-01 02:53:08.893   975  1674 E SPIClient_can: CL-[CQ]101_0_75_0.000000
07-01 02:53:08.900   987  1604 E CM_SPI  : MCU->MSM Type[01] Cat[05, 22] Cmd[02, 00] PayloadLen[0007] Payload[D1 0E 20 2B 29 27 26]
07-01 02:53:08.901  1621  1889 I DiagReceiverHandler: Received did [0xd10e] size 5 from MCU
07-01 02:53:08.901   975  1674 E SPIClient_can: CL-[CQ]104_0_75_0.000000
07-01 02:53:08.902   980  1507 I DiagClient: [0x20][0x2b][0x29][0x27][0x26]
07-01 02:53:08.905   975  1674 E SPIClient_can: CL-[CQ]115_0_0_0.000000
07-01 02:53:08.907   975  1674 E SPIClient_can: CL-[CQ]116_0_0_0.000000
07-01 02:53:08.909   980  1454 V DiagClient: AppEvent[d10e] Size[5]
07-01 02:53:08.909   975  1674 E SPIClient_can: CL-[CQ]117_0_0_0.000000
07-01 02:53:08.914   975  1674 E SPIClient_can: CL-[CQ]118_0_0_0.000000
07-01 02:53:08.917   975  1674 E SPIClient_can: CL-[CQ]119_0_0_0.000000
07-01 02:53:08.917  1710  1754 E CRH     : Rx_119_0
07-01 02:53:08.922   975  1674 E SPIClient_can: CL-[CQ]120_0_0_0.000000
07-01 02:53:08.926   975  1674 E SPIClient_can: CL-[CQ]126_0_0_0.000000
07-01 02:53:08.931   975  1674 E SPIClient_can: CL-[CQ]127_0_0_0.000000
07-01 02:53:08.931  1710  1754 E CRH     : Rx_127_0
07-01 02:53:08.945   975  1674 E SPIClient_can: CL-[CQ]128_0_0_0.000000
07-01 02:53:08.948   975  1674 E SPIClient_can: CL-[CQ]129_0_0_0.000000
07-01 02:53:08.950   975  1674 E SPIClient_can: CL-[CQ]130_0_0_0.000000
07-01 02:53:08.951   975  1674 E SPIClient_can: CL-[CQ]131_0_0_0.000000
07-01 02:53:08.953   975  1674 E SPIClient_can: CL-[CQ]139_6_0_0.000000
07-01 02:53:08.956   975  1674 E SPIClient_can: CL-[CQ]142_0_0_0.000000
07-01 02:53:08.959   975  1674 E SPIClient_can: CL-[CQ]157_0_1023_0.000000
07-01 02:53:08.960  1710  1754 E CRH     : Rx_157_1023
07-01 02:53:08.972   975  1674 E SPIClient_can: CL-[CQ]159_0_0_0.000000
07-01 02:53:08.976  1710  1754 E CRH     : Rx_159_0
07-01 02:53:08.977   975  1674 E SPIClient_can: CL-[CQ]161_0_0_0.000000
07-01 02:53:08.978  1710  1754 E CRH     : Rx_161_0
07-01 02:53:08.978   975  1674 E SPIClient_can: CL-[CQ]162_0_63_0.000000
07-01 02:53:08.979  1710  1754 E CRH     : Rx_162_63
07-01 02:53:08.980   975  1674 E SPIClient_can: CL-[CQ]168_0_63_0.000000
07-01 02:53:08.981   975  1674 E SPIClient_can: CL-[CQ]171_0_63_0.000000
07-01 02:53:08.982   975  1674 E SPIClient_can: CL-[CQ]172_0_63_0.000000
07-01 02:53:08.984   975  1674 E SPIClient_can: CL-[CQ]173_0_63_0.000000
07-01 02:53:08.985   975  1674 E SPIClient_can: CL-[CQ]195_0_0_0.000000
07-01 02:53:08.988   975  1674 E SPIClient_can: CL-[CQ]202_0_0_0.000000
07-01 02:53:08.989  1710  1754 E CRH     : Rx_202_0
07-01 02:53:08.995   975  1674 E SPIClient_can: CL-[CQ]205_0_0_0.000000
07-01 02:53:09.002   975  1674 E SPIClient_can: CL-[CQ]206_0_0_0.000000
07-01 02:53:09.005   975  1674 E SPIClient_can: CL-[CQ]211_14_0_0.000000
07-01 02:53:09.012   975  1674 E SPIClient_can: CL-[CQ]212_14_0_0.000000
07-01 02:53:09.015   975  1674 E SPIClient_can: CL-[CQ]217_16384_0_0.000000
07-01 02:53:09.016   975  1674 E SPIClient_can: CL-[CQ]218_16384_0_0.000000
07-01 02:53:09.018   975  1674 E SPIClient_can: CL-[CQ]219_-40_0_0.000000
07-01 02:53:09.021   975  1674 E SPIClient_can: CL-[CQ]220_470_0_0.000000
07-01 02:53:09.025   975  1674 E SPIClient_can: CL-[CQ]221_470_0_0.000000
07-01 02:53:09.026   975  1674 E SPIClient_can: CL-[CQ]222_470_0_0.000000
07-01 02:53:09.028   975  1674 E SPIClient_can: CL-[CQ]225_470_0_0.000000
07-01 02:53:09.029   975  1674 E SPIClient_can: CL-[CQ]226_470_0_0.000000
07-01 02:53:09.031   975  1674 E SPIClient_can: CL-[CQ]228_-60_0_0.000000
07-01 02:53:09.034   975  1674 E SPIClient_can: CL-[CQ]230_0_0_0.000000
07-01 02:53:09.035  1710  1754 E CRH     : Rx_230_0
07-01 02:53:09.036   975  1674 E SPIClient_can: CL-[CQ]231_0_0_0.000000
07-01 02:53:09.037   975  1674 E SPIClient_can: CL-[CQ]232_0_0_0.000000
07-01 02:53:09.038  1710  1754 E CRH     : Rx_232_0
07-01 02:53:09.038   975  1674 E SPIClient_can: CL-[CQ]237_0_0_0.000000
07-01 02:53:09.040   975  1674 E SPIClient_can: CL-[CQ]243_0_0_0.000000
07-01 02:53:09.041   975  1674 E SPIClient_can: CL-[CQ]244_1022_0_0.000000
07-01 02:53:09.043   975  1674 E SPIClient_can: CL-[CQ]245_1022_0_0.000000
07-01 02:53:09.045   975  1674 E SPIClient_can: CL-[CQ]246_1022_0_0.000000
07-01 02:53:09.047   975  1674 E SPIClient_can: CL-[CQ]247_1022_0_0.000000
07-01 02:53:09.049   975  1674 E SPIClient_can: CL-[CQ]248_1022_0_0.000000
07-01 02:53:09.051   975  1674 E SPIClient_can: CL-[CQ]251_1022_0_0.000000
07-01 02:53:09.052   975  1674 E SPIClient_can: CL-[CQ]252_1022_0_0.000000
07-01 02:53:09.054   975  1674 E SPIClient_can: CL-[CQ]254_0_0_0.000000
07-01 02:53:09.056   975  1674 E SPIClient_can: CL-[CQ]255_0_0_0.000000
07-01 02:53:09.058   975  1674 E SPIClient_can: CL-[CQ]260_0_0_0.000000
07-01 02:53:09.058  1710  1754 E CRH     : Rx_260_0
07-01 02:53:09.059   975  1674 E SPIClient_can: CL-[CQ]261_0_0_0.000000
07-01 02:53:09.061   975  1674 E SPIClient_can: CL-[CQ]262_0_0_0.000000
07-01 02:53:09.062   975  1674 E SPIClient_can: CL-[CQ]266_0_0_0.000000
07-01 02:53:09.063  1710  1754 E CRH     : Rx_266_0
07-01 02:53:09.064   975  1674 E SPIClient_can: CL-[CQ]269_0_31_0.000000
07-01 02:53:09.065   975  1674 E SPIClient_can: CL-[CQ