12-28 05:02:35.839   974  1885 I <VSM>VehicleStatusManagerService: Query kvDB (MRRetryMaxNrDL)[lcf_table_remote:0x00000054] success. value(24)
12-28 05:02:35.848   974  1888 I <VSM>VehicleStatusManagerService: Query kvDB (ServerAPNNumberRVC)[lcf_table_remote:0x00000098] success. value(0)
12-28 05:02:35.850   974  1885 I <VSM>VehicleStatusManagerService: Query kvDB (MRRetryMaxLimitedNr)[lcf_table_remote:0x0000019a] success. value(5)
12-28 05:02:35.853   974  1888 I <VSM>VehicleStatusManagerService: Query kvDB (ServerAPNNumberEVT)[lcf_table_remote:0x00000099] success. value(0)
12-28 05:02:35.865   974  1885 I <VSM>VehicleStatusManagerService: Query kvDB (MRInitDelayDL)[lcf_table_remote:0x00000051] success. value(8)
12-28 05:02:35.868  1751  1762 V ProcessState: Spawning new pooled thread, name=Binder_2
12-28 05:02:35.869  1628  1881 I DiagReceiverHandler: handleMessage dtcResult 254
12-28 05:02:35.869  1628  1881 E DiagService: notifyDtcResult dtcItemIndex 22, dtcResult 0xfe, faultCount 0
12-28 05:02:35.869  1628  1881 I DiagReadDTCInfo: receiveDTCResult dtcItemIndex 22, dtcResult 0xfe, faultCount 0
12-28 05:02:35.869  1751  1762 V Location:ServiceStub: getLoastLocationData
12-28 05:02:35.874   974  1888 I <VSM>VehicleStatusManagerService: Query kvDB (ServerAPNNumberHBD)[lcf_table_remote:0x0000013e] success. value(0)
12-28 05:02:35.889   973  1485 I CSE_ConfigDb: read_data_db[lcf_table_remote] : key:0x00000047 value:3000 status:0 CseEr_GetErrorCode:0 sql_status:0 token:186
12-28 05:02:35.889   973  1527 I ConfigDbClient: == wait for ReqKey:0x00000047, Req token[186]
12-28 05:02:35.889   973  1527 I ConfigDbClient: ==> [Req:Resp] table[lcf_table_remote] key[0x00000047:0x00000047], value[3000], token[186:186]
12-28 05:02:35.892   974  1885 I <VSM>VehicleStatusManagerService: Query kvDB (MRAppAckGPRSTimeoutMs)[lcf_table_remote:0x00000047] success. value(3000)
12-28 05:02:35.898   974  1888 I <VSM>VehicleStatusManagerService: Query kvDB (ServerAPNNumberADTS)[lcf_table_remote:0x0000013c] success. value(0)
12-28 05:02:35.898  1632  1673 V NGTPManagerService: mTOESTrialSeconds: 70000 
12-28 05:02:35.898  1632  1673 V NGTPManagerService: mTOPSUDPFallbackSeconds: 120000 
12-28 05:02:35.898  1632  1673 V NGTPManagerService: mTopsFlag:1 
12-28 05:02:35.898  1632  1673 V NGTPManagerService: ifOption:1 
12-28 05:02:35.898  1632  1673 V NGTPManagerService: delay high:5 mid:6 low:8 
12-28 05:02:35.898  1632  1673 V NGTPManagerService: number high:50 mid:10 low:24 limit:5 
12-28 05:02:35.905   974  1888 V <VSM>VehicleStatusManagerService: Register Config Noti (SVC_ID_NGTP)
12-28 05:02:35.905   974  1885 I <VSM>VehicleStatusManagerService: Query kvDB (MRBackoffResetDL)[lcf_table_remote:0x0000004a] success. value(12)
12-28 05:02:35.909  1632  1673 V ISecurityManagerService: Interface CheckNGTPEncPass
12-28 05:02:35.911  1633  1773 V ISecurityManagerService: Interface OP_SECURITY_CHECK_NGTP_PASS
12-28 05:02:35.911  1633  1773 V SecurityManagerService: ServiceStub CheckNGTPEncPass
12-28 05:02:35.911  1633  1773 V SecurityManagerService: Service CheckNGTPEncPass
12-28 05:02:35.911  1633  1773 V SecurityCrypto: Check NGTP Encryption Pass
12-28 05:02:35.912   974  1888 I <VSM>VehicleStatusManagerService: Query kvDB (MRConstVariationDL)[lcf_table_remote:0x0000004d] success. value(10)
12-28 05:02:35.915  1633  1773 V SecurityCrypto: set Key_id_From_Sysproperty
12-28 05:02:35.917  1633  1773 V SecurityCrypto: [CheckNGTPEncPass][Set]store cached Key_id Read From Sysproperty
12-28 05:02:35.917  1633  1773 E SecurityCrypto: [CheckNGTPEncPass]key_id get ( security.ngtp.pass_id = 0 ) is impossible
12-28 05:02:35.917  1633  1773 V SecurityCrypto: get NgtpEncryptionKeyIdFromPersist
12-28 05:02:35.918  1633  1773 E SecurityCrypto: [get NgtpEncryptionKeyIdFromPersist]File Open Fail [errno:No such file or directory]
12-28 05:02:35.918  1633  1773 E SecurityCrypto: [Check NGTPEncPass]key_id get getNgtpEncryptionKeyId FromPersist Error
12-28 05:02:35.918  1633  1773 V SecurityCrypto: get NgtpEncryptionKeyIdFromTelevm_crit
12-28 05:02:35.919  1633  1633 V ProcessState: Spawning new pooled thread, name=Binder_2
12-28 05:02:35.928   973  1527 I ConfigDbClient: ReadKv, Key:0x521f112e, token[190]
12-28 05:02:35.928   973  1527 I CSE_ConfigDb: received msg from teleVM:3 0x521f112e, token:190
12-28 05:02:35.928   973  1485 I CSE_ConfigDb: CONFIGDB_CB_CMD_READ_KV
12-28 05:02:35.930   973  1485 I CSE_ConfigDb: read_data_db[lcf_table_remote] : key:0x521f112e value:1800 status:0 CseEr_GetErrorCode:0 sql_status:0 token:190
12-28 05:02:35.930   973  1527 I ConfigDbClient: == wait for ReqKey:0x521f112e, Req token[190]
12-28 05:02:35.930   973  1527 I ConfigDbClient: ==> [Req:Resp] table[lcf_table_remote] key[0x521f112e:0x521f112e], value[1800], token[190:190]
12-28 05:02:35.931   974  1888 I <VSM>VehicleStatusManagerService: Query kvDB (ClimateControlResRunTime_s)[lcf_table_remote:0x521f112e] success. value(1800)
12-28 05:02:35.943   974  1885 I <VSM>VehicleStatusManagerService: Query kvDB (config_version)[telematics_common_table:config_version] success. value(0)
12-28 05:02:35.955   974  1885 I <VSM>VehicleStatusManagerService: Query kvDB (AppModeTPMS)[lcf_table_remote:0x000001a4] success. value(0)
12-28 05:02:35.958   974  1885 I <VSM>VehicleStatusManagerService: Query kvDB (RdIgnitionTimer)[lcf_table_remote:0x000001a5] success. value(3)
12-28 05:02:35.958  1879  1941 E APP     : [initConfig] AppModeTPMS(0), RdIgnitionTimer(3)
12-28 05:02:35.958  1879  1941 D RVM_Cfg : [initConfig:85] AppModeTPMS(0), RdIgnitionTimer(3)
12-28 05:02:35.958  1879  1941 E APP     : [initConfig] AppModeSVT(0), AppModeJL(0), AppModeRD(1), AppModeEVR(0), AppModeEVC(1), AppModeECC(0)
12-28 05:02:35.958  1879  1941 D RVM_Cfg : [initConfig:88] AppModeSVT(0), AppModeJL(0), AppModeRD(1), AppModeEVR(0), AppModeEVC(1), AppModeECC(0)
12-28 05:02:35.958  1879  1941 E APP     : [initConfig] CarLoggerSampleTimeS(15), CarLoggerDistanceM(0), CarLoggerHeadingDeviationDeg(30), CarLoggerMinSpeedKmh(10)
12-28 05:02:35.958  1879  1941 D RVM_Cfg : [initConfig:90] CarLoggerSampleTimeS(15), CarLoggerDistanceM(0), CarLoggerHeadingDeviationDeg(30), CarLoggerMinSpeedKmh(10)
12-28 05:02:35.958  1879  1941 E APP     : [initConfig] JlEcoDataEnable(1), JlLoggerEnabled(1), RdDelayedStatusTimer(60), RdEngineOffTimer(0), RdServiceWarning(3200), RtServiceWarning(30)
12-28 05:02:35.958  1879  1941 D RVM_Cfg : [initConfig:92] JlEcoDataEnable(1), JlLoggerEnabled(1), RdDelayedStatusTimer(60), RdEngineOffTimer(0), RdServiceWarning(3200), RtServiceWarning(30)
12-28 05:02:35.958  1879  1941 E APP     : [initConfig] JlPmTripEnd(6), JlTripEndDelayS(0), JlOdometerStartConditionM(20), JlMaxSnapshotSize(8), RdVehicleAlertPM(7), PrivacyEnabled(0)
12-28 05:02:35.958  1879  1941 D RVM_Cfg : [initConfig:94] JlPmTripEnd(6), JlTripEndDelayS(0), JlOdometerStartConditionM(20), JlMaxSnapshotSize(8), RdVehicleAlertPM(7), PrivacyEnabled(0)
12-28 05:02:35.958  1879  1941 E APP     : [initConfig] EngOBDMilFilteringTimer(10), RdAlertDelayMs(10000), EngineBlock(0), MRRetryMaxNrDL(24), MRRetryMaxLimitedNr(5), MRInitDelayDL(8)
12-28 05:02:35.958  1879  1941 D RVM_Cfg : [initConfig:96] EngOBDMilFilteringTimer(10), RdAlertDelayMs(10000), EngineBlock(0), MRRetryMaxNrDL(24), MRRetryMaxLimitedNr(5), MRInitDelayDL(8)
12-28 05:02:35.958  1879  1941 E APP     : [initConfig] MRAppAckGPRSTimeoutMs(3000), MRBackoffResetDL(12), MRConstVariationDL(10), ClimateControlResRunTime_s(1800), ConfigVersion(0
12-28 05:02:35.958  1879  1941 D RVM_Cfg : [initConfig:98] MRAppAckGPRSTimeoutMs(3000), MRBackoffResetDL(12), MRConstVariationDL(10), ClimateControlResRunTime_s(1800), ConfigVersion(0
12-28 05:02:35.962   974  1885 I <VSM>VehicleStatusManagerService: Query kvDB (AppModeCC)[lcf_table_remote:0x000001d7] success. value(0)
12-28 05:02:35.978   971  1536 E SPIClient_can: CL-ISPI_CSPB_OSC
12-28 05:02:35.978   971  1536 E SPIClient_can: RCV CB Single(0), Group(0)
12-28 05:02:35.978   974  1885 I <VSM>VehicleStatusManagerService: Query kvDB (CabinCleaning)[car_config_data:mdf_7D57] success. value(0)
12-28 05:02:35.978   971  1613 E SPIClient_can: MSG_CAN_BUS_STATE
12-28 05:02:35.978   971  1613 E SPIClient_can: CB_2
12-28 05:02:35.978   973  1527 I ConfigDbClient: ReadKv, Key:mdf_6C45, token[196]
12-28 05:02:35.980   974  1885 I <VSM>VehicleStatusManagerService: Query kvDB (EnhancedFiltration)[car_config_data:mdf_6C45] success. value(0)
12-28 05:02:35.986  1696  1700 V CANManagerService: handleMessage CAN_SEND_BOOTCOMPL_TO_CSE
12-28 05:02:35.986  1696  1700 I CANManagerService: sendBootComplToCse Confirmed CSE Service activated
12-28 05:02:35.987   973  1527 I ConfigDbClient: == wait for ReqKey:mdf_7E57, Req token[197]
12-28 05:02:35.987   973  1527 I ConfigDbClient: ==> [Req:Resp] table[car_config_data] key[mdf_7E57:mdf_7E57], value[0], token[197:197]
12-28 05:02:35.987   974  1885 I <VSM>VehicleStatusManagerService: Query kvDB (CabinCleanCyclTime)[car_config_data:mdf_7E57] success. value(0)
12-28 05:02:35.987   973  1485 I CSE_ConfigDb: read_data_db[car_config_data] : key:mdf_7E57 value:0 status:0 CseEr_GetErrorCode:0 sql_status:0 token:197
12-28 05:02:35.987  1879  1941 E APP     : [getCabinCleanCyclTime] Config CabinCleanCyclTime : 0
12-28 05:02:35.987  1879  1941 D RVM_Cfg : [getCabinCleanCyclTime:1218] Config CabinCleanCyclTime : 0
12-28 05:02:35.987  1879  1941 E APP     : [initConfig] AppModeCC(0), CabinCleaning(0), EnhancedFiltration(0), CabinCleanCycleTime(0)
12-28 05:02:35.987  1879  1941 D RVM_Cfg : [initConfig:104] AppModeCC(0), CabinCleaning(0), EnhancedFiltration(0), CabinCleanCycleTime(0)
12-28 05:02:35.990   973  1485 I CSE_ConfigDb: read_data_db[car_config_data] : key:mdf_5B57 value:0 status:0 CseEr_GetErrorCode:0 sql_status:0 token:198
12-28 05:02:35.990   973  1527 I ConfigDbClient: == wait for ReqKey:mdf_5B57, Req token[198]
12-28 05:02:35.990   974  1885 I <VSM>VehicleStatusManagerService: Query kvDB (MovingWindows)[car_config_data:mdf_5B57] success. value(0)
12-28 05:02:35.993   974  1885 I <VSM>VehicleStatusManagerService: Query kvDB (Doors)[car_config_data:mdf_0137] success. value(0)
12-28 05:02:35.993  1879  1941 V RVM_Cfg : [getDoors:1393] RVM_Config::getDoors Doors = 0 
12-28 05:02:35.996   974  1885 I <VSM>VehicleStatusManagerService: Query kvDB (ConvenienceFold)[car_config_data:mdf_5247] success. value(0)
12-28 05:02:36.000   974  1885 I <VSM>VehicleStatusManagerService: Query kvDB (Fuel)[car_config_data:mdf_0177] success. value(0)
12-28 05:02:36.001  1601  2065 V DebugManagerServiceImpl: DEBUG_IMPL_KICK_DOG
12-28 05:02:36.003   974  1885 I <VSM>VehicleStatusManagerService: Query kvDB (VehicleType)[car_config_data:mdf_0127] success. value(0)
12-28 05:02:36.003   973  1527 I ConfigDbClient: ReadKv, Key:mdf_6037, token[203]
12-28 05:02:36.011   974  1885 I <VSM>VehicleStatusManagerService: Query kvDB (IntelligentSeatFold)[car_config_data:mdf_6037] success. value(0)
12-28 05:02:36.015   974  1885 I <VSM>VehicleStatusManagerService: Query kvDB (HybridType)[car_config_data:mdf_5687] success. value(7)
12-28 05:02:36.019   973  1485 I CSE_ConfigDb: read_data_db[car_config_data] : key:mdf_6C31 value:0 status:0 CseEr_GetErrorCode:0 sql_status:0 token:205
12-28 05:02:36.019   973  1527 I ConfigDbClient: == wait for ReqKey:mdf_6C31, Req token[205]
12-28 05:02:36.019   973  1527 I ConfigDbClient: ==> [Req:Resp] table[car_config_data] key[mdf_6C31:mdf_6C31], value[0], token[205:205]
12-28 05:02:36.019   974  1885 I <VSM>VehicleStatusManagerService: Query kvDB (SplitServiceMessaging)[car_config_data:mdf_6C31] success. value(0)
12-28 05:02:36.019  1879  1941 D RVM_Cfg : [getSplitServiceMessaging:1572] RVM_Config::getSplitServiceMessaging = 0 
12-28 05:02:36.021   973  1527 I ConfigDbClient: ReadKv, Key:mdf_6E74, token[206]
12-28 05:02:36.021   973  1527 I CSE_ConfigDb: received msg from teleVM:3 mdf_6E74, token:206
12-28 05:02:36.024   973  1485 I CSE_ConfigDb: CONFIGDB_CB_CMD_READ_KV
12-28 05:02:36.026   973  1527 I ConfigDbClient: == wait for ReqKey:mdf_6E74, Req token[206]
12-28 05:02:36.026   973  1485 I CSE_ConfigDb: read_data_db[car_config_data] : key:mdf_6E74 value:0 status:0 CseEr_GetErrorCode:0 sql_status:0 token:206
12-28 05:02:36.032   973  1527 I ConfigDbClient: ==> [Req:Resp] table[car_config_data] key[mdf_6E74:mdf_6E74], value[0], token[206:206]
12-28 05:02:36.032   974  1885 I <VSM>VehicleStatusManagerService: Query kvDB (Battery1Type)[car_config_data:mdf_6E74] success. value(0)
12-28 05:02:36.033  1879  1941 E APP     : [initConfig] MovingWindows(0), Doors(0), ConvenienceFold(0), Fuel(0), VehicleType(0), IntelligentSeatFold(0), HybridType(7), SplitServiceMessaging(0), Battery1Type(0)
12-28 05:02:36.033  1879  1941 D RVM_Cfg : [initConfig:118] MovingWindows(0), Doors(0), ConvenienceFold(0), Fuel(0), VehicleType(0), IntelligentSeatFold(0), HybridType(7), SplitServiceMessaging(0), Battery1Type(0)
12-28 05:02:36.033  1879  1941 V RVM_Cfg : [getCurConfigValue:263] getCurConfigValue : AppModeSVT -> 0
12-28 05:02:36.033  1879  1941 E APP     : [registerSVTStatusReceiver] AppModeSVT is Disabled, isSVTRegistered(0)
12-28 05:02:36.033  1879  1941 D RVM_Main: [registerSVTStatusReceiver:1035] AppModeSVT is Disabled, isSVTRegistered(0)
12-28 05:02:36.033  1879  1941 V RVM_App : [registerCANService:421] Retry : 0
12-28 05:02:36.033  1879  1941 V RVM_Can : [registerReceiver:31] RVM_CanManager
12-28 05:02:36.034  1696  1731 E CANManagerService: CANManagerService::ServiceStub::registerReceiver(3)
12-28 05:02:36.036  1696  1727 E CRH     : CAN_RX_HANDLER_REGISTER_RECEIVER 3
12-28 05:02:36.036  1696  1727 V CANManagerService: registerReceiver ---> ServiceID : 3
12-28 05:02:36.037  1879  1941 V RVM_Can : [addCanList:384] RVM_CanManager::addCanList() Start
12-28 05:02:36.038  1696  1731 E CANManagerService: CANManagerService::ServiceStub::addIndex(3, 20)
12-28 05:02:36.038  1696  1731 E CANManagerService: CANManagerService::ServiceStub::addIndex(3, 161)
12-28 05:02:36.039  1696  1727 E CRH     : CAN_RX_HANDLER_ADD_INDEX 3 20
12-28 05:02:36.039  1696  1727 E CRH     : CAN_RX_HANDLER_ADD_INDEX 3 161
12-28 05:02:36.039  1696  1731 E CANManagerService: CANManagerService::ServiceStub::addIndex(3, 162)
12-28 05:02:36.039  1696  1727 E CRH     : CAN_RX_HANDLER_ADD_INDEX 3 162
12-28 05:02:36.042  1696  1731 E CANManagerService: CANManagerService::ServiceStub::addIndex(3, 171)
12-28 05:02:36.043  1696  1727 E CRH     : CAN_RX_HANDLER_ADD_INDEX 3 171
12-28 05:02:36.047  1696  1731 E CANManagerService: CANManagerService::ServiceStub::addIndex(3, 646)
12-28 05:02:36.047  1696  1731 E CANManagerService: CANManagerService::ServiceStub::addIndex(3, 168)
12-28 05:02:36.047  1696  1731 E CANManagerService: CANManagerService::ServiceStub::addIndex(3, 621)
12-28 05:02:36.047  1696  1731 E CANManagerService: CANManagerService::ServiceStub::addIndex(3, 827)
12-28 05:02:36.048  1696  1731 E CANManagerService: CANManagerService::ServiceStub::addIndex(3, 771)
12-28 05:02:36.048  1696  1731 E CANManagerService: CANManagerService::ServiceStub::addIndex(3, 119)
12-28 05:02:36.048  1696  1731 E CANManagerService: CANManagerService::ServiceStub::addIndex(3, 411)
12-28 05:02:36.048  1696  1731 E CANManagerService: CANManagerService::ServiceStub::addIndex(3, 1000)
12-28 05:02:36.048  1696  1731 E CANManagerService: CANManagerService::ServiceStub::addIndex(3, 61)
12-28 05:02:36.048  1696  1731 E CANManagerService: CANManagerService::ServiceStub::addIndex(3, 62)
12-28 05:02:36.049  1696  1731 E CANManagerService: CANManagerService::ServiceStub::addIndex(3, 964)
12-28 05:02:36.049  1696  1731 E CANManagerService: CANManagerService::ServiceStub::addIndex(3, 232)
12-28 05:02:36.049  1696  1731 E CANManagerService: CANManagerService::ServiceStub::addIndex(3, 230)
12-28 05:02:36.049  1696  1731 E CANManagerService: CANManagerService::ServiceStub::addIndex(3, 158)
12-28 05:02:36.049  1696  1731 E CANManagerService: CANManagerService::ServiceStub::addIndex(3, 160)
12-28 05:02:36.050  1696  1731 E CANManagerService: CANManagerService::ServiceStub::addIndex(3, 932)
12-28 05:02:36.050  1696  1731 E CANManagerService: CANManagerService::ServiceStub::addIndex(3, 935)
12-28 05:02:36.050  1696  1731 E CANManagerService: CANManagerService::ServiceStub::addIndex(3, 269)
12-28 05:02:36.050  1696  1731 E CANManagerService: CANManagerService::ServiceStub::addIndex(3, 610)
12-28 05:02:36.050  1696  1731 E CANManagerService: CANManagerService::ServiceStub::addIndex(3, 609)
12-28 05:02:36.050  1696  1731 E CANManagerService: CANManagerService::ServiceStub::addIndex(3, 157)
12-28 05:02:36.050  1696  1731 E CANManagerService: CANManagerService::ServiceStub::addIndex(3, 195)
12-28 05:02:36.050  1696  1731 E CANManagerService: CANManagerService::ServiceStub::addIndex(3, 611)
12-28 05:02:36.051  1696  1727 E CRH     : CAN_RX_HANDLER_ADD_INDEX 3 646
12-28 05:02:36.058  1696  1733 E CANManagerService: CANManagerService::ServiceStub::addIndex(3, 202)
12-28 05:02:36.058  1696  1727 E CRH     : CAN_RX_HANDLER_ADD_INDEX 3 168
12-28 05:02:36.058  1696  1727 E CRH     : CAN_RX_HANDLER_ADD_INDEX 3 621
12-28 05:02:36.058  1696  1727 E CRH     : CAN_RX_HANDLER_ADD_INDEX 3 827
12-28 05:02:36.058  1696  1727 E CRH     : CAN_RX_HANDLER_ADD_INDEX 3 771
12-28 05:02:36.058  1696  1727 E CRH     : CAN_RX_HANDLER_ADD_INDEX 3 119
12-28 05:02:36.058  1696  1727 E CRH     : CAN_RX_HANDLER_ADD_INDEX 3 411
12-28 05:02:36.058  1696  1727 E CRH     : CAN_RX_HANDLER_ADD_INDEX 3 1000
12-28 05:02:36.058  1696  1727 E CRH     : CAN_RX_HANDLER_ADD_INDEX 3 61
12-28 05:02:36.058  1696  1727 E CRH     : CAN_RX_HANDLER_ADD_INDEX 3 62
12-28 05:02:36.058  1696  1727 E CRH     : CAN_RX_HANDLER_ADD_INDEX 3 964
12-28 05:02:36.058  1696  1727 E CRH     : CAN_RX_HANDLER_ADD_INDEX 3 232
12-28 05:02:36.058  1696  1727 E CRH     : CAN_RX_HANDLER_ADD_INDEX 3 230
12-28 05:02:36.058  1696  1727 E CRH     : CAN_RX_HANDLER_ADD_INDEX 3 158
12-28 05:02:36.058  1696  1727 E CRH     : CAN_RX_HANDLER_ADD_INDEX 3 160
12-28 05:02:36.058  1696  1727 E CRH     : CAN_RX_HANDLER_ADD_INDEX 3 932
12-28 05:02:36.058  1696  1727 E CRH     : CAN_RX_HANDLER_ADD_INDEX 3 935
12-28 05:02:36.058  1696  1727 E CRH     : CAN_RX_HANDLER_ADD_INDEX 3 269
12-28 05:02:36.058  1696  1727 E CRH     : CAN_RX_HANDLER_ADD_INDEX 3 610
12-28 05:02:36.058  1696  1727 E CRH     : CAN_RX_HANDLER_ADD_INDEX 3 609
12-28 05:02:36.058  1696  1727 E CRH     : CAN_RX_HANDLER_ADD_INDEX 3 157
12-28 05:02:36.058  1696  1727 E CRH     : CAN_RX_HANDLER_ADD_INDEX 3 195
12-28 05:02:36.058  1696  1727 E CRH     : CAN_RX_HANDLER_ADD_INDEX 3 611
12-28 05:02:36.058  1696  1727 E CRH     : CAN_RX_HANDLER_ADD_INDEX 3 202
12-28 05:02:36.060  1696  1733 E CANManagerService: CANManagerService::ServiceStub::addIndex(3, 67)
12-28 05:02:36.060  1696  1727 E CRH     : CAN_RX_HANDLER_ADD_INDEX 3 67
12-28 05:02:36.061  1696  1733 E CANManagerService: CANManagerService::ServiceStub::addIndex(3, 68)
12-28 05:02:36.065  1696  1727 E CRH     : CAN_RX_HANDLER_ADD_INDEX 3 68
12-28 05:02:36.103  1696  1733 E CANManagerService: CANManagerService::ServiceStub::addIndex(3, 50)
12-28 05:02:36.104  1696  1727 E CRH     : CAN_RX_HANDLER_ADD_INDEX 3 50
12-28 05:02:36.104  1696  1733 E CANManagerService: CANManagerService::ServiceStub::addIndex(3, 798)
12-28 05:02:36.104  1696  1727 E CRH     : CAN_RX_HANDLER_ADD_INDEX 3 798
12-28 05:02:36.104  1696  1733 E CANManagerService: CANManagerService::ServiceStub::addIndex(3, 12)
12-28 05:02:36.104  1696  1727 E CRH     : CAN_RX_HANDLER_ADD_INDEX 3 12
12-28 05:02:36.105  1696  1733 E CANManagerService: CANManagerService::ServiceStub::addIndex(3, 13)
12-28 05:02:36.105  1696  1727 E CRH     : CAN_RX_HANDLER_ADD_INDEX 3 13
12-28 05:02:36.109  1718  1721 D SystemAntSetting: handleMessage() MESSAGE_ANTSET_GET_ACTIVE_ANTENNA
12-28 05:02:36.114  1696  1733 E CANManagerService: CANManagerService::ServiceStub::addIndex(3, 14)
12-28 05:02:36.114  1696  1727 E CRH     : CAN_RX_HANDLER_ADD_INDEX 3 14
12-28 05:02:36.114  1696  1733 E CANManagerService: CANManagerService::ServiceStub::addIndex(3, 15)
12-28 05:02:36.115  1696  1727 E CRH     : CAN_RX_HANDLER_ADD_INDEX 3 15
12-28 05:02:36.115  1696  1733 E CANManagerService: CANManagerService::ServiceStub::addIndex(3, 973)
12-28 05:02:36.115  1696  1727 E CRH     : CAN_RX_HANDLER_ADD_INDEX 3 973
12-28 05:02:36.115  1696  1733 E CANManagerService: CANManagerService::ServiceStub::addIndex(3, 228)
12-28 05:02:36.115  1696  1733 E CANManagerService: CANManagerService::ServiceStub::addIndex(3, 127)
12-28 05:02:36.116  1696  1727 E CRH     : CAN_RX_HANDLER_ADD_INDEX 3 228
12-28 05:02:36.116  1696  1727 E CRH     : CAN_RX_HANDLER_ADD_INDEX 3 127
12-28 05:02:36.117  1696  1733 E CANManagerService: CANManagerService::ServiceStub::addIndex(3, 651)
12-28 05:02:36.119  1633  1773 E SecurityCrypto: [get NgtpEncryptionKeyIdFromTelevm_crit]File Open Fail [errno:No such file or directory]
12-28 05:02:36.119  1633  1773 E SecurityCrypto: [Check NGTPEncPass]key_id get NgtpEncryptionKeyId FromTelevm_crit Error
12-28 05:02:36.119   973  1527 I ConfigDbClient: ReadKv, Key:mdf_2477, token[207]
12-28 05:02:36.119   973  1527 I CSE_ConfigDb: received msg from teleVM:3 mdf_2477, token:207
12-28 05:02:36.120  1696  1727 E CRH     : CAN_RX_HANDLER_ADD_INDEX 3 651
12-28 05:02:36.120  1696  1733 E CANManagerService: CANManagerService::ServiceStub::addIndex(3, 159)
12-28 05:02:36.120  1696  1727 E CRH     : CAN_RX_HANDLER_ADD_INDEX 3 159
12-28 05:02:36.120  1696  1733 E CANManagerService: CANManagerService::ServiceStub::addIndex(3, 978)
12-28 05:02:36.120   973  1485 I CSE_ConfigDb: CONFIGDB_CB_CMD_READ_KV
12-28 05:02:36.121  1696  1727 E CRH     : CAN_RX_HANDLER_ADD_INDEX 3 978
12-28 05:02:36.122  1696  1733 E CANManagerService: CANManagerService::ServiceStub::addIndex(3, 649)
12-28 05:02:36.122  1696  1727 E CRH     : CAN_RX_HANDLER_ADD_INDEX 3 649
12-28 05:02:36.124  1696  1733 E CANManagerService: CANManagerService::ServiceStub::addIndex(3, 929)
12-28 05:02:36.124  1696  1727 E CRH     : CAN_RX_HANDLER_ADD_INDEX 3 929
12-28 05:02:36.124  1696  1733 E CANManagerService: CANManagerService::ServiceStub::addIndex(3, 927)
12-28 05:02:36.124  1696  1727 E CRH     : CAN_RX_HANDLER_ADD_INDEX 3 927
12-28 05:02:36.125  1696  1733 E CANManagerService: CANManagerService::ServiceStub::addIndex(3, 928)
12-28 05:02:36.125  1696  1727 E CRH     : CAN_RX_HANDLER_ADD_INDEX 3 928
12-28 05:02:36.127  1696  1733 E CANManagerService: CANManagerService::ServiceStub::addIndex(3, 613)
12-28 05:02:36.127  1696  1727 E CRH     : CAN_RX_HANDLER_ADD_INDEX 3 613
12-28 05:02:36.129  1696  1733 E CANManagerService: CANManagerService::ServiceStub::addIndex(3, 260)
12-28 05:02:36.129  1696  1727 E CRH     : CAN_RX_HANDLER_ADD_INDEX 3 260
12-28 05:02:36.130  1696  1733 E CANManagerService: CANManagerService::ServiceStub::addIndex(3, 614)
12-28 05:02:36.130  1696  1727 E CRH     : CAN_RX_HANDLER_ADD_INDEX 3 614
12-28 05:02:36.130  1696  1733 E CANManagerService: CANManagerService::ServiceStub::addIndex(3, 266)
12-28 05:02:36.131  1696  1727 E CRH     : CAN_RX_HANDLER_ADD_INDEX 3 266
12-28 05:02:36.131  1696  1733 E CANManagerService: CANManagerService::ServiceStub::addIndex(3, 704)
12-28 05:02:36.131  1696  1727 E CRH     : CAN_RX_HANDLER_ADD_INDEX 3 704
12-28 05:02:36.131  1696  1733 E CANManagerService: CANManagerService::ServiceStub::addIndex(3, 1686)
12-28 05:02:36.133   973  1485 I CSE_ConfigDb: read_data_db[car_config_data] : key:mdf_2477 value:0 status:0 CseEr_GetErrorCode:0 sql_status:0 token:207
12-28 05:02:36.133  1696  1727 E CRH     : CAN_RX_HANDLER_ADD_INDEX 3 1686
12-28 05:02:36.134   973  1527 I ConfigDbClient: == wait for ReqKey:mdf_2477, Req token[207]
12-28 05:02:36.134   973  1527 I ConfigDbClient: ==> [Req:Resp] table[car_config_data] key[mdf_2477:mdf_2477], value[0], token[207:207]
12-28 05:02:36.135   974  1885 I <VSM>VehicleStatusManagerService: Query kvDB (Telematics2)[car_config_data:mdf_2477] success. value(0)
12-28 05:02:36.136  1718  1721 E SystemAntSetting: (zero) get a telematic2_ccf[0]
12-28 05:02:36.136  1718  1721 E SystemAntSetting: exception(40) Can not get active antenna, retry-service(0), retry-ccf(1)
12-28 05:02:36.136   973  1527 I ConfigDbClient: ReadKv, Key:Enc_NGTP_KEY, token[208]
12-28 05:02:36.136   973  1527 I CSE_ConfigDb: received msg from teleVM:3 Enc_NGTP_KEY, token:208
12-28 05:02:36.136   973  1485 I CSE_ConfigDb: CONFIGDB_CB_CMD_READ_KV
12-28 05:02:36.136  1696  1733 E CANManagerService: CANManagerService::ServiceStub::addIndex(3, 1684)
12-28 05:02:36.136  1696  1727 E CRH     : CAN_RX_HANDLER_ADD_INDEX 3 1684
12-28 05:02:36.137  1696  1733 E CANManagerService: CANManagerService::ServiceStub::addIndex(3, 1692)
12-28 05:02:36.137  1696  1727 E CRH     : CAN_RX_HANDLER_ADD_INDEX 3 1692
12-28 05:02:36.137  1696  1733 E CANManagerService: CANManagerService::ServiceStub::addIndex(3, 1689)
12-28 05:02:36.137  1696  1727 E CRH     : CAN_RX_HANDLER_ADD_INDEX 3 1689
12-28 05:02:36.138  1696  1733 E CANManagerService: CANManagerService::ServiceStub::addIndex(3, 1687)
12-28 05:02:36.138  1696  1727 E CRH     : CAN_RX_HANDLER_ADD_INDEX 3 1687
12-28 05:02:36.138  1696  1733 E CANManagerService: CANManagerService::ServiceStub::addIndex(3, 1685)
12-28 05:02:36.139  1696  1727 E CRH     : CAN_RX_HANDLER_ADD_INDEX 3 1685
12-28 05:02:36.139   973  1485 I CSE_ConfigDb: read_data_db[tele_manu_otp] : key:Enc_NGTP_KEY value:0 status:0 CseEr_GetErrorCode:0 sql_status:0 token:208
12-28 05:02:36.139   973  1527 I ConfigDbClient: == wait for ReqKey:Enc_NGTP_KEY, Req token[208]
12-28 05:02:36.139   973  1527 I ConfigDbClient: ==> [Req:Resp] table[tele_manu_otp] key[Enc_NGTP_KEY:Enc_NGTP_KEY], value[0], token[208:208]
12-28 05:02:36.139   974  1888 I <VSM>VehicleStatusManagerService: Query kvDB (Enc_NGTP_KEY)[tele_manu_otp:Enc_NGTP_KEY] success. value(0)
12-28 05:02:36.139  1633  1773 V SecurityCrypto: [get NgtpKeyEncryptionKeyIdFromKvdb]key_id_size : 1
12-28 05:02:36.139  1633  1773 E SecurityCrypto: [Check NGTPEncPass]key_id get NgtpKeyEncryptionKeyId FromKvdb Error
12-28 05:02:36.140  1637  1653 D IWiFiManagerService: OP_STA_REGISTER_RECEIVER
12-28 05:02:36.140  1637  1653 E WIFI    : register WiFi Station Receiver(), type:1
12-28 05:02:36.140  1637  1653 E WIFI    : WiFi Station receiver register count = 3
12-28 05:02:36.141   986  1605 E CM_SPI  : MCU->MSM Type[01] Cat[05, DD] Cmd[05, 00] PayloadLen[0006] Payload[00 FE 00 00 00 13]
12-28 05:02:36.141  1689  1984 V INetworkManagerService: NM_REGISTER_INTERAVAIL_RECEIVER
12-28 05:02:36.141  1689  1984 E NetworkManagerService: NetworkManager InterAvail receiver register 
12-28 05:02:36.141  1689  1984 E NetworkManagerService: NM IntAvail rcvr rgstr cnt = 2
12-28 05:02:36.142  1628  1881 I DiagDataManager: Received new bub celsius 19
12-28 05:02:36.142  1628  1881 D Buffer  : start dump length[4]
12-28 05:02:36.142  1628  1881 D Buffer  : [0x00][0x00][0x00][0x13]
12-28 05:02:36.142  1628  1881 I DiagDataManager: notifyCelsiusToRegiedServices notified to receiver index[0]
12-28 05:02:36.142  1628  1881 I BpDiagManagerReceiver: BP_onReceive
12-28 05:02:36.142  1628  1881 I DiagDataManager: notifyCelsiusToRegiedServices notified to receiver index[1]
12-28 05:02:36.142  1628  1881 I BpDiagManagerReceiver: BP_onReceive
12-28 05:02:36.142  1628  1881 I DiagDataManager: notifyCelsiusToRegiedServices notified to receiver index[2]
12-28 05:02:36.142  1628  1881 I BpDiagManagerReceiver: BP_onReceive
12-28 05:02:36.142  1628  1881 I DiagDataManager: notifyCelsiusToRegiedServices notified to receiver index[3]
12-28 05:02:36.142  1628  1881 I BpDiagManagerReceiver: BP_onReceive
12-28 05:02:36.142  1877  1904 I BpDiagManagerReceiver: TRANSACT_DIAG_ONRECEIVE cmd[221] cmd2[5]
12-28 05:02:36.142  1626  1626 D AudioManagerService: bub_cel updated from Diag : payload = 0x13 bub_celsius(19)
12-28 05:02:36.142  1626  1626 I BpDiagManagerReceiver: TRANSACT_DIAG_ONRECEIVE cmd[221] cmd2[5]
12-28 05:02:36.142  1718  1726 I BpDiagManagerReceiver: TRANSACT_DIAG_ONRECEIVE cmd[221] cmd2[5]
12-28 05:02:36.143  1880  1909 V SpecialModeApplication: Diagnostics command[id = 0,type = 0, cmd1 = 221, cmd2 = 5]
12-28 05:02:36.143  1880  1909 I BpDiagManagerReceiver: TRANSACT_DIAG_ONRECEIVE cmd[221] cmd2[5]
12-28 05:02:36.143  1696  1733 E CANManagerService: CANManagerService::ServiceStub::addIndex(3, 1693)
12-28 05:02:36.143  1696  1727 E CRH     : CAN_RX_HANDLER_ADD_INDEX 3 1693
12-28 05:02:36.143  1632  1673 V NGTPManagerService: onDataConnectionStateChanged
12-28 05:02:36.143  1696  1731 E CANManagerService: CANManagerService::ServiceStub::addIndex(3, 1690)
12-28 05:02:36.143  1632  1673 V NGTPManagerService: apn0, state :0 
12-28 05:02:36.143  1632  1673 E NGTPLOG : data disconnected apn: 0
12-28 05:02:36.143  1696  1727 E CRH     : CAN_RX_HANDLER_ADD_INDEX 3 1690
12-28 05:02:36.144  1696  1731 E CANManagerService: CANManagerService::ServiceStub::addIndex(3, 724)
12-28 05:02:36.144  1696  1727 E CRH     : CAN_RX_HANDLER_ADD_INDEX 3 724
12-28 05:02:36.145  1696  1731 E CANManagerService: CANManagerService::ServiceStub::addIndex(3, 717)
12-28 05:02:36.146  1696  1727 E CRH     : CAN_RX_HANDLER_ADD_INDEX 3 717
12-28 05:02:36.150  1632  1673 V NGTPManagerService: onDataConnectionStateChanged
12-28 05:02:36.150  1632  1673 V NGTPManagerService: apn1 state :0 
12-28 05:02:36.150  1632  1673 E NGTPLOG : data disconnected apn: 1
12-28 05:02:36.154  1632  1673 V NGTPManagerService: onDataConnectionStateChanged
12-28 05:02:36.154  1632  1673 V NGTPManagerService: apn2 state :0 
12-28 05:02:36.154  1632  1673 E NGTPLOG : data disconnected apn: 2
12-28 05:02:36.155  1696  1731 E CANManagerService: CANManagerService::ServiceStub::addIndex(3, 696)
12-28 05:02:36.155  1696  1727 E CRH     : CAN_RX_HANDLER_ADD_INDEX 3 696
12-28 05:02:36.155  1696  1731 E CANManagerService: CANManagerService::ServiceStub::addIndex(3, 769)
12-28 05:02:36.155  1696  1727 E CRH     : CAN_RX_HANDLER_ADD_INDEX 3 769
12-28 05:02:36.155  1632  1673 V NGTPManagerService: onDataConnectionStateChanged
12-28 05:02:36.155  1632  1673 V NGTPManagerService: not apn0~2 APN! state:0
12-28 05:02:36.155  1696  1731 E CANManagerService: CANManagerService::ServiceStub::addIndex(3, 780)
12-28 05:02:36.155  1632  1673 V NGTPManagerService: onDataConnectionStateChanged
12-28 05:02:36.155  1632  1673 V NGTPManagerService: not apn0~2 APN! state:0
12-28 05:02:36.155  1696  1731 E CANManagerService: CANManagerService::ServiceStub::addIndex(3, 773)
12-28 05:02:36.155  1696  1727 E CRH     : CAN_RX_HANDLER_ADD_INDEX 3 780
12-28 05:02:36.155  1696  1727 E CRH     : CAN_RX_HANDLER_ADD_INDEX 3 773
12-28 05:02:36.155  1696  1731 E CANManagerService: CANManagerService::ServiceStub::addIndex(3, 799)
12-28 05:02:36.155  1696  1727 E CRH     : CAN_RX_HANDLER_ADD_INDEX 3 799
12-28 05:02:36.155  1696  1731 E CANManagerService: CANManagerService::ServiceStub::addIndex(3, 282)
12-28 05:02:36.156  1696  1731 E CANManagerService: CANManagerService::ServiceStub::addIndex(3, 284)
12-28 05:02:36.156  1696  1731 E CANManagerService: CANManagerService::ServiceStub::addIndex(3, 594)
12-28 05:02:36.156  1696  1731 E CANManagerService: CANManagerService::ServiceStub::addIndex(3, 283)
12-28 05:02:36.156  1696  1727 E CRH     : CAN_RX_HANDLER_ADD_INDEX 3 282
12-28 05:02:36.156  1696  1727 E CRH     : CAN_RX_HANDLER_ADD_INDEX 3 284
12-28 05:02:36.156  1696  1727 E CRH     : CAN_RX_HANDLER_ADD_INDEX 3 594
12-28 05:02:36.156  1696  1727 E CRH     : CAN_RX_HANDLER_ADD_INDEX 3 283
12-28 05:02:36.156  1696  1731 E CANManagerService: CANManagerService::ServiceStub::addIndex(3, 285)
12-28 05:02:36.156  1696  1731 E CANManagerService: CANManagerService::ServiceStub::addIndex(3, 595)
12-28 05:02:36.156  1696  1727 E CRH     : CAN_RX_HANDLER_ADD_INDEX 3 285
12-28 05:02:36.156  1696  1727 E CRH     : CAN_RX_HANDLER_ADD_INDEX 3 595
12-28 05:02:36.156  1696  1731 E CANManagerService: CANManagerService::ServiceStub::addIndex(3, 938)
12-28 05:02:36.156  1696  1727 E CRH     : CAN_RX_HANDLER_ADD_INDEX 3 938
12-28 05:02:36.157   986  1882 E CommunicationManagerService: registerStatusReceiver()
12-28 05:02:36.157  1696  1731 E CANManagerService: CANManagerService::ServiceStub::addIndex(3, 830)
12-28 05:02:36.157  1696  1731 E CANManagerService: CANManagerService::ServiceStub::addIndex(3, 831)
12-28 05:02:36.157  1696  1727 E CRH     : CAN_RX_HANDLER_ADD_INDEX 3 830
12-28 05:02:36.157  1696  1727 E CRH     : CAN_RX_HANDLER_ADD_INDEX 3 831
12-28 05:02:36.157  1696  1731 E CANManagerService: CANManagerService::ServiceStub::addIndex(3, 832)
12-28 05:02:36.157  1696  1727 E CRH     : CAN_RX_HANDLER_ADD_INDEX 3 832
12-28 05:02:36.157  1632  1673 V NGTPManagerService: (COMManager)onStatusChanged: status 0
12-28 05:02:36.157  1696  1731 E CANManagerService: CANManagerService::ServiceStub::addIndex(3, 833)
12-28 05:02:36.157  1696  1727 E CRH     : CAN_RX_HANDLER_ADD_INDEX 3 833
12-28 05:02:36.169  1879  1941 V RVM_App : CAN updated [ActualTyrePressureFR] [0.000000]
12-28 05:02:36.172  1879  1941 V RVM_App : CAN updated [CoolantLevel] [0]
12-28 05:02:36.177  1879  1941 V RVM_App : CAN updated [EngineOilLevelWarning] [0]
12-28 05:02:36.179   973  1485 I CSE_ConfigDb: read_data_db[car_config_data] : key:mdf_6C31 value:0 status:0 CseEr_GetErrorCode:0 sql_status:0 token:209
12-28 05:02:36.180   973  1527 I ConfigDbClient: == wait for ReqKey:mdf_6C31, Req token[209]
12-28 05:02:36.180   973  1527 I ConfigDbClient: ==> [Req:Resp] table[car_config_data] key[mdf_6C31:mdf_6C31], value[0], token[209:209]
12-28 05:02:36.180   974  1888 I <VSM>VehicleStatusManagerService: Query kvDB (SplitServiceMessaging)[car_config_data:mdf_6C31] success. value(0)
12-28 05:02:36.180  1879  1941 D RVM_Cfg : [getSplitServiceMessaging:1572] RVM_Config::getSplitServiceMessaging = 0 
12-28 05:02:36.187  1879  1941 V RVM_App : CAN updated [CrashStatusRCM] [0]
12-28 05:02:36.187   973  1527 I ConfigDbClient: ReadKv, Key:mdf_0177, token[211]
12-28 05:02:36.187   973  1527 I CSE_ConfigDb: received msg from teleVM:3 mdf_0177, token:211
12-28 05:02:36.190  1879  1941 V RVM_App : CAN updated [TimerActivationStatus] [0]
12-28 05:02:36.194  1879  1941 V RVM_App : CAN updated [FFHOperatingStatus] [0]
12-28 05:02:36.203  1879  1941 E APP     : [onNGTPReceive] onNGTPReceive
12-28 05:02:36.203  1879  1941 D RVM_App : [onNGTPReceive:692] onNGTPReceive
12-28 05:02:36.213  1686  1708 V FactoryImpl: checkMarket Market[2][VDC-EU]
12-28 05:02:36.226   973  1527 I ConfigDbClient: == wait for ReqKey:0x00000088, Req token[217]
12-28 05:02:36.226   973  1527 I ConfigDbClient: ==> [Req:Resp] table[lcf_table_remote] key[0x00000088:0x00000088], value[7], token[217:217]
12-28 05:02:36.227   973  1527 I ConfigDbClient: ReadKv, Key:0x00000088, token[218]
12-28 05:02:36.227   973  1527 I CSE_ConfigDb: received msg from teleVM:3 0x00000088, token:218
12-28 05:02:36.232  1696  1731 E CANManagerService: CANManagerService::ServiceStub::registerReceiver(129)
12-28 05:02:36.233  1696  1731 E CANManagerService: CANManagerService::ServiceStub::addIndex(129, 853)
12-28 05:02:36.233  1696  1727 E CRH     : CAN_RX_HANDLER_REGISTER_RECEIVER 129
12-28 05:02:36.233  1696  1727 V CANManagerService: registerReceiver ---> ServiceID : 129
12-28 05:02:36.233  1696  1731 E CANManagerService: CANManagerService::ServiceStub::addIndex(129, 611)
12-28 05:02:36.233  1696  1727 E CRH     : CAN_RX_HANDLER_ADD_INDEX 129 853
12-28 05:02:36.233  1696  1727 E CRH     : CAN_RX_HANDLER_ADD_INDEX 129 611
12-28 05:02:36.249   986  1605 E CM_SPI  : MSM->MCU Type[01] Cat[01, 00] Cmd[01, 00] PayloadLen[0000]
12-28 05:02:36.250   981  1481 V DiagClient: IOCTL_NOTIFY_CSE_ACTIVATED
12-28 05:02:36.280   974  1885 I <VSM>VehicleStatusManagerService: Query kvDB (AppModeECC)[lcf_table_remote:0x00000035] success. value(0)
12-28 05:02:36.356   973  1527 I ConfigDbClient: == wait for ReqKey:mdf_1D57, Req token[224]
12-28 05:02:36.356   973  1527 I ConfigDbClient: ==> [Req:Resp] table[car_config_data] key[mdf_1D57:mdf_1D57], value[0], token[224:224]
12-28 05:02:36.357   974  1579 I <VSM>VehicleStatusManagerService: Query kvDB (Telematics1)[car_config_data:mdf_1D57] success. value(0)
12-28 05:02:36.394   973  1485 I CSE_ConfigDb: read_data_db[lcf_table_remote] : key:0x00000088 value:7 status:0 CseEr_GetErrorCode:0 sql_status:0 token:228
12-28 05:02:36.407   973  1485 I CSE_ConfigDb: read_data_db[lcf_table_remote] : key:0x506ece40 value:0 status:0 CseEr_GetErrorCode:0 sql_status:0 token:230
12-28 05:02:36.407   973  1527 I ConfigDbClient: == wait for ReqKey:0x506ece40, Req token[230]
12-28 05:02:36.408   973  1527 I ConfigDbClient: ==> [Req:Resp] table[lcf_table_remote] key[0x506ece40:0x506ece40], value[0], token[230:230]
12-28 05:02:36.410   974  1885 I <VSM>VehicleStatusManagerService: Query kvDB (AppModeSVT)[lcf_table_remote:0x506ece40] success. value(0)
12-28 05:02:36.410   974  1885 E <VSM>VehicleStatusManagerService: Send cfg param(AppModeSVT:0) to MCU
12-28 05:02:36.410   973  1527 I ConfigDbClient: ReadKv, Key:0x00000088, token[231]
12-28 05:02:36.410   973  1527 I CSE_ConfigDb: received msg from teleVM:3 0x00000088, token:231
12-28 05:02:36.411   973  1485 I CSE_ConfigDb: CONFIGDB_CB_CMD_READ_KV
12-28 05:02:36.411   986  1605 E CM_SPI  : MSM->MCU Type[01] Cat[12, 00] Cmd[01, 00] PayloadLen[0006] Payload[09 00 00 00 00 00]
12-28 05:02:36.412   973  1527 I ConfigDbClient: == wait for ReqKey:0x00000088, Req token[231]
12-28 05:02:36.412   973  1527 I ConfigDbClient: ==> [Req:Resp] table[lcf_table_remote] key[0x00000088:0x00000088], value[7], token[231:231]
12-28 05:02:36.412   973  1485 I CSE_ConfigDb: read_data_db[lcf_table_remote] : key:0x00000088 value:7 status:0 CseEr_GetErrorCode:0 sql_status:0 token:231
12-28 05:02:36.412   974  1960 I <VSM>VehicleStatusManagerService: Query kvDB (RdVehicleAlertPM)[lcf_table_remote:0x00000088] success. value(7)
12-28 05:02:36.412   973  1527 I ConfigDbClient: ReadKv, Key:0x5199da30, token[232]
12-28 05:02:36.412  1879  1941 V RVM_Event: [updateStatus:916] DriverWindowPosition saved[0]
12-28 05:02:36.412   973  1527 I CSE_ConfigDb: received msg from teleVM:3 0x5199da30, token:232
12-28 05:02:36.413   973  1485 I CSE_ConfigDb: CONFIGDB_CB_CMD_READ_KV
12-28 05:02:36.414   973  1527 I ConfigDbClient: == wait for ReqKey:0x5199da30, Req token[232]
12-28 05:02:36.414   973  1527 I ConfigDbClient: ==> [Req:Resp] table[lcf_table_remote] key[0x5199da30:0x5199da30], value[0], token[232:232]
12-28 05:02:36.415   973  1485 I CSE_ConfigDb: read_data_db[lcf_table_remote] : key:0x5199da30 value:0 status:0 CseEr_GetErrorCode:0 sql_status:0 token:232
12-28 05:02:36.415   974  1888 I <VSM>VehicleStatusManagerService: Query kvDB (AppModeRVC)[lcf_table_remote:0x5199da30] success. value(0)
12-28 05:02:36.415   973  1527 I ConfigDbClient: ReadKv, Key:0x4fd83cac, token[233]
12-28 05:02:36.415   973  1527 I CSE_ConfigDb: received msg from teleVM:3 0x4fd83cac, token:233
12-28 05:02:36.415   973  1485 I CSE_ConfigDb: CONFIGDB_CB_CMD_READ_KV
12-28 05:02:36.416   973  1527 I ConfigDbClient: == wait for ReqKey:0x4fd83cac, Req token[233]
12-28 05:02:36.416   973  1527 I ConfigDbClient: ==> [Req:Resp] table[lcf_table_remote] key[0x4fd83cac:0x4fd83cac], value[2000], token[233:233]
12-28 05:02:36.417   974  1885 I <VSM>VehicleStatusManagerService: Query kvDB (eCallButtonPressDurationMs)[lcf_table_remote:0x4fd83cac] success. value(2000)
12-28 05:02:36.417   974  1885 E <VSM>VehicleStatusManagerService: Send cfg param(eCallButtonPressDurationMs:2000) to MCU
12-28 05:02:36.417   973  1527 I ConfigDbClient: ReadKv, Key:mdf_5B57, token[234]
12-28 05:02:36.417   973  1527 I CSE_ConfigDb: received msg from teleVM:3 mdf_5B57, token:234
12-28 05:02:36.417   986  1605 E CM_SPI  : MSM->MCU Type[01] Cat[12, 00] Cmd[01, 00] PayloadLen[0006] Payload[01 00 D0 07 00 00]
12-28 05:02:36.417   973  1485 I CSE_ConfigDb: read_data_db[lcf_table_remote] : key:0x4fd83cac value:2000 status:0 CseEr_GetErrorCode:0 sql_status:0 token:233
12-28 05:02:36.418   973  1485 I CSE_ConfigDb: CONFIGDB_CB_CMD_READ_KV
12-28 05:02:36.420   973  1485 I CSE_ConfigDb: read_data_db[car_config_data] : key:mdf_5B57 value:0 status:0 CseEr_GetErrorCode:0 sql_status:0 token:234
12-28 05:02:36.425   973  1485 I CSE_ConfigDb: read_data_db[lcf_table_remote] : key:0x4fec4c76 value:25 status:0 CseEr_GetErrorCode:0 sql_status:0 token:236
12-28 05:02:36.430   973  1485 I CSE_ConfigDb: read_data_db[lcf_table_remote] : key:0x00000088 value:7 status:0 CseEr_GetErrorCode:0 sql_status:0 token:238
12-28 05:02:36.447   973  1485 I CSE_ConfigDb: CONFIGDB_CB_CMD_READ_KV
12-28 05:02:36.457   986  1605 E CM_SPI  : MCU->MSM Type[02] Cat[12, 00] Cmd[01, 00] PayloadLen[0000]
12-28 05:02:36.462   974  1885 I <VSM>VehicleStatusManagerService: Query kvDB (StatusPwmHigh)[lcf_table_remote:0x4fec4fb7] success. value(25)
12-28 05:02:36.468   973  1527 I ConfigDbClient: == wait for ReqKey:0x522751b1, Req token[243]
12-28 05:02:36.468   973  1527 I ConfigDbClient: ==> [Req:Resp] table[lcf_table_remote] key[0x522751b1:0x522751b1], value[180], token[243:243]
12-28 05:02:36.469   974  1888 I <VSM>VehicleStatusManagerService: Query kvDB (ClimateControlResRunTimeMinLimit_s)[lcf_table_remote:0x522751b1] success. value(180)
12-28 05:02:36.471   973  1527 I ConfigDbClient: ReadKv, Key:0x00000083, token[244]
12-28 05:02:36.471   973  1527 I CSE_ConfigDb: received msg from teleVM:3 0x00000083, token:244
12-28 05:02:36.471   973  1485 I CSE_ConfigDb: CONFIGDB_CB_CMD_READ_KV
12-28 05:02:36.482   973  1485 I CSE_ConfigDb: read_data_db[lcf_table_remote] : key:0x00000083 value:500 status:0 CseEr_GetErrorCode:0 sql_status:0 token:244
12-28 05:02:36.482   973  1527 I ConfigDbClient: == wait for ReqKey:0x00000083, Req token[244]
12-28 05:02:36.486   974  1885 I <VSM>VehicleStatusManagerService: Query kvDB (StatusPwmLow)[lcf_table_remote:0x4fec4ff6] success. value(25)
12-28 05:02:36.486   974  1885 E <VSM>VehicleStatusManagerService: Send cfg param(StatusPwmLow:25) to MCU
12-28 05:02:36.489   974  1960 I <VSM>VehicleStatusManagerService: Query kvDB (MovingWindows)[car_config_data:mdf_5B57] success. value(0)
12-28 05:02:36.491   973  1527 I ConfigDbClient: == wait for ReqKey:0x000000ac, Req token[247]
12-28 05:02:36.499   973  1527 I ConfigDbClient: == wait for ReqKey:0x00000084, Req token[250]
12-28 05:02:36.502   986  1605 E CM_SPI  : MSM->MCU Type[01] Cat[12, 00] Cmd[01, 00] PayloadLen[0006] Payload[08 00 D0 07 00 00]
12-28 05:02:36.504   973  1527 I ConfigDbClient: == wait for ReqKey:mdf_5B57, Req token[252]
12-28 05:02:36.522   973  1485 I CSE_ConfigDb: read_data_db[lcf_table_remote] : key:0x00000080 value:1500 status:0 CseEr_GetErrorCode:0 sql_status:0 token:256
12-28 05:02:36.523   974  1888 I <VSM>VehicleStatusManagerService: Query kvDB (ECC_DIRECT_PRECOND_LIMIT_NO_RES)[lcf_table_remote:0x00000080] success. value(1500)
12-28 05:02:36.524   973  1527 I ConfigDbClient: ReadKv, Key:0x4fec4f5f, token[257]
12-28 05:02:36.526   974  1885 I <VSM>VehicleStatusManagerService: Query kvDB (BCallBacklightPwmLow)[lcf_table_remote:0x4fec4f5f] success. value(15)
12-28 05:02:36.527   973  1527 I ConfigDbClient: ReadKv, Key:0x520e4d38, token[258]
12-28 05:02:36.527   973  1527 I CSE_ConfigDb: received msg from teleVM:3 0x520e4d38, token:258
12-28 05:02:36.528   973  1485 I CSE_ConfigDb: CONFIGDB_CB_CMD_READ_KV
12-28 05:02:36.550   973  1867 I CSE_ConfigDb: received msg from teleVM:3 0x00000085, token:265
12-28 05:02:36.554   973  1485 I CSE_ConfigDb: CONFIGDB_CB_CMD_READ_KV
12-28 05:02:36.563   973  1485 I CSE_ConfigDb: read_data_db[car_config_data] : key:mdf_5B57 value:0 status:0 CseEr_GetErrorCode:0 sql_status:0 token:266
12-28 05:02:36.577   973  1485 I CSE_ConfigDb: CONFIGDB_CB_CMD_READ_KV
12-28 05:02:36.593   986  1605 E CM_SPI  : MCU->MSM Type[02] Cat[12, 00] Cmd[01, 00] PayloadLen[0000]
12-28 05:02:36.594   976  1635 I CriticalAppStatus: getTelephonyMgrStatus READY
12-28 05:02:36.597   976  1094 I CSE_CriticalAppStatus: connectionStatusGET : connection_status = [1] connection_type =[0]
12-28 05:02:36.610   973  1867 I ConfigDbClient: == wait for ReqKey:mdf_5B57, Req token[271]
12-28 05:02:36.610   973  1867 I ConfigDbClient: ==> [Req:Resp] table[car_config_data] key[mdf_5B57:mdf_5B57], value[0], token[271:271]
12-28 05:02:36.610   973  1485 I CSE_ConfigDb: read_data_db[car_config_data] : key:mdf_5B57 value:0 status:0 CseEr_GetErrorCode:0 sql_status:0 token:271
12-28 05:02:36.610   974  1580 I <VSM>VehicleStatusManagerService: Query kvDB (MovingWindows)[car_config_data:mdf_5B57] success. value(0)
12-28 05:02:36.619   973  1867 I ConfigDbClient: ReadKv, Key:sw_update_flag, token[272]
12-28 05:02:36.619   973  1867 I CSE_ConfigDb: received msg from teleVM:3 sw_update_flag, token:272
12-28 05:02:36.633   976  1094 I CSE_CriticalAppStatus: startInhibitSET Called! from SOTA
12-28 05:02:36.633   976  1094 I CSE_CriticalAppStatus: startInhibitSET : _engineStatus = [1]
12-28 05:02:36.634   976  1094 I CSE_CriticalAppStatus: startInhibitSET called : [1]
12-28 05:02:36.634   976  1094 I CriticalAppStatus: cse_ioctl : cmd : 6
12-28 05:02:36.638   974  1888 I <VSM>VehicleStatusManagerService: Query kvDB (EVC_CHRG_PLUG_RMND_TIME)[lcf_table_remote:0x00000075] success. value(600)
12-28 05:02:36.641  1685  1695 D SOTAManagerService: get [sota.block_pending] property is error!!
12-28 05:02:36.641  1685  1695 E SOTA    : ++SOTAManagerService::req_startInhibitSET() startInhibitStateRequest : 1
12-28 05:02:36.653   973  1867 I ConfigDbClient: == wait for ReqKey:0x00000088, Req token[275]
12-28 05:02:36.674   973  1485 I CSE_ConfigDb: read_data_db[lcf_table_remote] : key:0x00000088 value:7 status:0 CseEr_GetErrorCode:0 sql_status:0 token:278
12-28 05:02:36.685   973  1485 I CSE_ConfigDb: read_data_db[car_config_data] : key:mdf_5B57 value:0 status:0 CseEr_GetErrorCode:0 sql_status:0 token:282
12-28 05:02:36.685   973  1527 I ConfigDbClient: == wait for ReqKey:mdf_5B57, Req token[282]
12-28 05:02:36.685   973  1527 I ConfigDbClient: ==> [Req:Resp] table[car_config_data] key[mdf_5B57:mdf_5B57], value[0], token[282:282]
12-28 05:02:36.690   973  1527 I ConfigDbClient: == wait for ReqKey:0x00000088, Req token[284]
12-28 05:02:36.694   973  1527 I ConfigDbClient: == wait for ReqKey:mdf_5B57, Req token[286]
12-28 05:02:36.694   974  1885 I <VSM>VehicleStatusManagerService: Query kvDB (MovingWindows)[car_config_data:mdf_5B57] success. value(0)
12-28 05:02:36.695   973  1527 I ConfigDbClient: ReadKv, Key:0x00000073, token[287]
12-28 05:02:36.698   973  1485 I CSE_ConfigDb: CONFIGDB_CB_CMD_READ_KV
12-28 05:02:36.700   973  1527 I ConfigDbClient: == wait for ReqKey:mdf_5B57, Req token[288]
12-28 05:02:36.705   973  1485 I CSE_ConfigDb: read_data_db[lcf_table_remote] : key:0x00000088 value:7 status:0 CseEr_GetErrorCode:0 sql_status:0 token:290
12-28 05:02:36.710   973  1485 I CSE_ConfigDb: read_data_db[lcf_table_remote] : key:0x00000088 value:7 status:0 CseEr_GetErrorCode:0 sql_status:0 token:292
12-28 05:02:36.718   973  1527 I ConfigDbClient: == wait for ReqKey:0x0000007b, Req token[295]
12-28 05:02:36.718   973  1527 I ConfigDbClient: ==> [Req:Resp] table[lcf_table_remote] key[0x0000007b:0x0000007b], value[0], token[295:295]
12-28 05:02:36.719   973  1485 I CSE_ConfigDb: CONFIGDB_CB_CMD_READ_KV
12-28 05:02:36.722   974  1888 I <VSM>VehicleStatusManagerService: Query kvDB (HBD_BECM_SOFT_VER_STR)[lcf_table_remote:0x0000014b] success. value(-1.00)
12-28 05:02:36.723   973  1527 I ConfigDbClient: ReadKv, Key:0x000000b3, token[297]
12-28 05:02:36.723   973  1527 I CSE_ConfigDb: received msg from teleVM:3 0x000000b3, token:297
12-28 05:02:36.725   974  1888 I <VSM>VehicleStatusManagerService: Query kvDB (HBD_BUFFER_MAX_TIME)[lcf_table_remote:0x000000b3] success. value(7)
12-28 05:02:36.727   973  1485 I CSE_ConfigDb: read_data_db[lcf_table_remote] : key:0x000000b2 value:300 status:0 CseEr_GetErrorCode:0 sql_status:0 token:298
12-28 05:02:36.728   973  1527 I ConfigDbClient: == wait for ReqKey:0x000000b2, Req token[298]
12-28 05:02:36.730   973  1485 I CSE_ConfigDb: read_data_db[lcf_table_remote] : key:0x000000b1 value:30 status:0 CseEr_GetErrorCode:0 sql_status:0 token:299
12-28 05:02:36.732   973  1485 I CSE_ConfigDb: read_data_db[lcf_table_remote] : key:0x000000b5 value:15 status:0 CseEr_GetErrorCode:0 sql_status:0 token:300
12-28 05:02:36.736   973  1527 I ConfigDbClient: ==> [Req:Resp] table[lcf_table_remote] key[0x000000b7:0x000000b7], value[300], token[301:301]
12-28 05:02:36.740   973  1527 I ConfigDbClient: ReadKv, Key:0x00000086, token[302]
12-28 05:02:36.742   973  1485 I CSE_ConfigDb: read_data_db[lcf_table_remote] : key:0x00000086 value:50 status:0 CseEr_GetErrorCode:0 sql_status:0 token:302
12-28 05:02:36.743   973  1527 I ConfigDbClient: == wait for ReqKey:0x00000086, Req token[302]
12-28 05:02:36.743   973  1527 I ConfigDbClient: ==> [Req:Resp] table[lcf_table_remote] key[0x00000086:0x00000086], value[50], token[302:302]
12-28 05:02:36.747   974  1888 I <VSM>VehicleStatusManagerService: Query kvDB (MAX_NUMBER_DEPT_TIMERS)[lcf_table_remote:0x00000086] success. value(50)
12-28 05:02:36.752   973  1527 I ConfigDbClient: ReadKv, Key:0x0000004b, token[303]
12-28 05:02:36.753   973  1527 I CSE_ConfigDb: received msg from teleVM:3 0x0000004b, token:303
12-28 05:02:36.756   973  1485 I CSE_ConfigDb: CONFIGDB_CB_CMD_READ_KV
12-28 05:02:36.759   973  1527 I CSE_ConfigDb: received msg from teleVM:3 0x0000004e, token:304
