--------- beginning of system
12-27 03:19:26.834 31361 31394 E APP     : RVC] postRequest:61700 serviceType: 4 0x4
12-27 03:19:26.835 31361 31394 E APP     : RVC] receiveMessage_TSP(). serviceType: 4
12-27 03:19:26.836 31361 31394 E APP     : RVC] KeepPower acquire count:1 1 
12-27 03:19:26.836 31361 31394 E APP     : RVC] startTimerId  TIMER_KEEPPOWER_RELEASE(27) duration:360 bRestart:1 
12-27 03:19:26.838 31361 31394 E APP     : RVC] kvDBRx cfgName:res_inhibit start 2854979
12-27 03:19:26.840 31361 31394 E APP     : RVC] kvDBRx cfgName:res_inhibit 3 value:1(1) end 2854982 takes 3 ms
12-27 03:19:26.840 31361 31394 E APP     : RVC] setRemoteserviceStateToSota 1 0x1 
12-27 03:19:26.840  1600  1683 E SOTA    : setRemoteState(0x       1,0x       1), old mRESstate = (0x       0)
12-27 03:19:26.840  1600  1683 E SOTA    : new mRESstate = (0x       1), (completed masking with        1)
12-27 03:19:26.840  1600  1683 E SOTA    : getRemoteState(       1), mRESstate = (0x       1)
12-27 03:19:26.841 31361 31394 E APP     : RVC] kvDBRx cfgName:Additional Heater start 2854982
12-27 03:19:26.843 31361 31394 E APP     : RVC] kvDBRx cfgName:Additional Heater 2 value:0(0) end 2854985 takes 3 ms
12-27 03:19:26.843 31361 31394 E APP     : RVC] setCurrState service:4 state:2 
12-27 03:19:26.843 31361 31394 E APP     : RVC] kvDBRx cfgName:Additional Heater start 2854985
12-27 03:19:26.845 31361 31394 E APP     : RVC] kvDBRx cfgName:Additional Heater 2 value:0(0) end 2854987 takes 2 ms
12-27 03:19:26.846 31361 31394 E APP     : RVC] RES_getSVTstatus SVT not active status
12-27 03:19:26.847 31361 31394 E APP     : RVC] getCrashStatus Crash status OFF
12-27 03:19:26.847 31361 31394 E APP     : RVC] kvDBRx cfgName:ClimateControlResFuelLevelStartMin_dl start 2854988
12-27 03:19:26.849 31361 31394 E APP     : RVC] kvDBRx cfgName:ClimateControlResFuelLevelStartMin_dl 3 value:50(50) end 2854991 takes 3 ms
12-27 03:19:26.849 31361 31394 E APP     : RVC] [RES Prerequisite Fail] Fuel level failure  0 50
12-27 03:19:26.849 31361 31394 E APP     : RVC] setNGTPerrorCode() errorCode:12
12-27 03:19:26.849 31361 31394 E APP     : RVC] getPropertyInt name : ResRunTimeCounter prop:1800 val:1800
12-27 03:19:26.849 31361 31394 E APP     : RVC] kvDBRx cfgName:ClimateControlResRunTimeMinLimit_s start 2854991
12-27 03:19:26.853 31361 31394 E APP     : RVC] kvDBRx cfgName:ClimateControlResRunTimeMinLimit_s 3 value:180(180) end 2854995 takes 4 ms
12-27 03:19:26.853 31361 31394 E APP     : RVC] setCurrState service:10 state:1 
12-27 03:19:26.853 31361 31394 E APP     : RVC] setCurrState service:4 state:1 
12-27 03:19:26.853 31361 31394 E APP     : RVC] sendNackMsgToTSP() remoteServiceType:4 
12-27 03:19:26.853 31361 31394 E APP     : RVC] getPropertyInt name : ResRunTimeCounter prop:1800 val:1800
12-27 03:19:26.853 31361 31394 E APP     : RVC] getPropertyInt name : ffhRemainingRunTime prop:0 val:0
12-27 03:19:26.854 31361 31394 E APP     : RVC] kvDBRx cfgName:engine_block_staus start 2854996
12-27 03:19:26.858 31361 31394 E APP     : RVC] kvDBRx cfgName:engine_block_staus 3 value:0(0) end 2854999 takes 3 ms
12-27 03:19:26.858 31361 31394 E APP     : RVC] [SEND NGTP MSG] type:4 second:0 millis:0
12-27 03:19:26.858 31361 31394 E APP     : RVC] sendNackMsgToTSP SKIP due to SLDD!!
12-27 03:19:26.859 31361 31394 E APP     : RVC] setRemoteserviceStateToSota 1 0x0 
12-27 03:19:26.859  1600  1683 E SOTA    : setRemoteState(0x       1,0x       0), old mRESstate = (0x       1)
12-27 03:19:26.859  1600  1683 E SOTA    : new mRESstate = (0x       0), (completed masking with        0)
12-27 03:19:26.859  1600  1683 E SOTA    : getRemoteState(       1), mRESstate = (0x       0)
12-27 03:19:58.974  1719  1737 E TELE    : UNSOL_NETWORK_REJECT_CAUSE {17}
12-27 03:20:15.806  1719  1737 E TELE    : UNSOL_NETWORK_REJECT_CAUSE {17}
12-27 03:20:32.827  1719  1737 E TELE    : UNSOL_NETWORK_REJECT_CAUSE {17}
12-27 03:20:46.524  1621  1621 E DIAG    : onNotifyVoltage BUB Vol[0.000000]
12-27 03:20:49.739  1719  1737 E TELE    : UNSOL_NETWORK_REJECT_CAUSE {17}
12-27 03:21:07.963  1719  1737 E TELE    : UNSOL_NETWORK_REJECT_CAUSE {17}
12-27 03:21:07.966  1719  1737 E TELE    : UNSOL_NETWORK_REJECT_CAUSE {17}
12-27 03:22:19.522  1621  1621 E DIAG    : onNotifyVoltage Main Vol[12.150000]
12-27 03:22:26.525  1621  1621 E DIAG    : onNotifyVoltage BUB Vol[0.000000]
12-27 03:24:06.522  1621  1621 E DIAG    : onNotifyVoltage BUB Vol[0.000000]
12-27 03:24:26.838  1624  1666 E POWER   : ### [ DUMP KeepPower ] flag:0x4
12-27 03:24:26.838  1624  1666 E POWER   :    [ KeepPower id:2 ] module:4 ref:1 token:0x5c002c10 age:300 remain:60, release:360
12-27 03:25:26.835  1624  1666 E POWER   : KeepPower id:2 is auto-released module:4 ref:1 token:0x5c002c10
12-27 03:25:26.840 31361 30631 E APP     : RVC] [TIMER_KEEPPOWER_RELEASE] 27 timer expired.
12-27 03:25:26.840 31361 30631 E APP     : RVC] KeepPower release all count:1 
12-27 03:25:46.524  1621  1621 E DIAG    : onNotifyVoltage BUB Vol[0.000000]
12-27 03:27:19.524  1621  1864 E DIAG    : onNotifyVoltage Main Vol[12.150000]
12-27 03:27:26.526  1621  1864 E DIAG    : onNotifyVoltage BUB Vol[0.000000]
12-27 03:29:06.525  1621  1864 E DIAG    : onNotifyVoltage BUB Vol[0.000000]
12-27 03:30:46.527  1621  1864 E DIAG    : onNotifyVoltage BUB Vol[0.000000]
12-27 03:32:19.522  1621  1864 E DIAG    : onNotifyVoltage Main Vol[12.150000]
12-27 03:32:26.525  1621  1864 E DIAG    : onNotifyVoltage BUB Vol[0.000000]
12-27 03:34:06.525  1621  1621 E DIAG    : onNotifyVoltage BUB Vol[0.000000]
12-27 03:34:19.635  1719  1737 E TELE    : UNSOL_NETWORK_REJECT_CAUSE {17}
12-27 03:34:36.563  1719  1737 E TELE    : UNSOL_NETWORK_REJECT_CAUSE {17}
12-27 03:34:54.138  1719  1737 E TELE    : UNSOL_NETWORK_REJECT_CAUSE {17}
12-27 03:34:54.139  1719  1737 E TELE    : UNSOL_NETWORK_REJECT_CAUSE {17}
12-27 03:35:46.529  1621  1621 E DIAG    : onNotifyVoltage BUB Vol[0.000000]
12-27 03:37:19.523  1621  1621 E DIAG    : onNotifyVoltage Main Vol[12.150000]
12-27 03:37:26.526  1621  1621 E DIAG    : onNotifyVoltage BUB Vol[0.000000]
12-27 03:39:06.527  1621  1621 E DIAG    : onNotifyVoltage BUB Vol[0.000000]
12-27 03:40:46.529  1621  1621 E DIAG    : onNotifyVoltage BUB Vol[0.000000]
12-27 03:42:19.522  1621  1864 E DIAG    : onNotifyVoltage Main Vol[12.150000]
12-27 03:42:26.525  1621  1864 E DIAG    : onNotifyVoltage BUB Vol[0.000000]
12-27 03:44:06.526  1621  1621 E DIAG    : onNotifyVoltage BUB Vol[0.000000]
12-27 03:45:46.525  1621  1621 E DIAG    : onNotifyVoltage BUB Vol[0.000000]
12-27 03:46:55.914  1719  1737 E TELE    : UNSOL_NETWORK_REJECT_CAUSE {17}
12-27 03:47:12.728  1719  1737 E TELE    : UNSOL_NETWORK_REJECT_CAUSE {17}
12-27 03:47:19.523  1621  1621 E DIAG    : onNotifyVoltage Main Vol[12.150000]
12-27 03:47:26.532  1621  1621 E DIAG    : onNotifyVoltage BUB Vol[0.000000]
12-27 03:47:29.602  1719  1737 E TELE    : UNSOL_NETWORK_REJECT_CAUSE {17}
12-27 03:49:06.530  1621  1621 E DIAG    : onNotifyVoltage BUB Vol[0.000000]
12-27 03:50:46.537  1621  1621 E DIAG    : onNotifyVoltage BUB Vol[0.000000]
12-27 03:51:37.041  1719  1737 E TELE    : UNSOL_NETWORK_REJECT_CAUSE {17}
12-27 03:52:19.525  1621  1864 E DIAG    : onNotifyVoltage Main Vol[12.150000]
12-27 03:52:26.527  1621  1864 E DIAG    : onNotifyVoltage BUB Vol[0.000000]
12-27 03:54:06.525  1621  1621 E DIAG    : onNotifyVoltage BUB Vol[0.000000]
12-27 03:55:46.527  1621  1864 E DIAG    : onNotifyVoltage BUB Vol[0.000000]
12-27 03:57:19.523  1621  1621 E DIAG    : onNotifyVoltage Main Vol[12.150000]
12-27 03:57:26.526  1621  1621 E DIAG    : onNotifyVoltage BUB Vol[0.000000]
12-27 03:59:06.528  1621  1864 E DIAG    : onNotifyVoltage BUB Vol[0.000000]
12-27 04:00:46.527  1621  1864 E DIAG    : onNotifyVoltage BUB Vol[0.000000]
12-27 04:02:19.523  1621  1864 E DIAG    : onNotifyVoltage Main Vol[12.150000]
12-27 04:02:26.526  1621  1864 E DIAG    : onNotifyVoltage BUB Vol[0.000000]
12-27 04:04:06.531  1621  1621 E DIAG    : onNotifyVoltage BUB Vol[0.000000]
12-27 04:04:14.426  1719  1737 E TELE    : UNSOL_NETWORK_REJECT_CAUSE {17}
12-27 04:04:31.653  1719  1737 E TELE    : UNSOL_NETWORK_REJECT_CAUSE {17}
12-27 04:05:25.006  1719  1737 E TELE    : UNSOL_NETWORK_REJECT_CAUSE {17}
12-27 04:05:25.006  1719  1737 E TELE    : UNSOL_NETWORK_REJECT_CAUSE {17}
12-27 04:05:46.527  1621  1621 E DIAG    : onNotifyVoltage BUB Vol[0.000000]
12-27 04:07:19.532  1621  1621 E DIAG    : onNotifyVoltage Main Vol[12.160000]
12-27 04:07:26.527  1621  1621 E DIAG    : onNotifyVoltage BUB Vol[0.000000]
12-27 04:09:06.525  1621  1621 E DIAG    : onNotifyVoltage BUB Vol[0.000000]
12-27 04:10:46.527  1621  1621 E DIAG    : onNotifyVoltage BUB Vol[0.000000]
12-27 04:12:19.523  1621  1621 E DIAG    : onNotifyVoltage Main Vol[12.170000]
12-27 04:12:26.528  1621  1621 E DIAG    : onNotifyVoltage BUB Vol[0.000000]
12-27 04:14:06.528  1621  1621 E DIAG    : onNotifyVoltage BUB Vol[0.000000]
12-27 04:15:46.527  1621  1621 E DIAG    : onNotifyVoltage BUB Vol[0.000000]
12-27 04:17:19.524  1621  1621 E DIAG    : onNotifyVoltage Main Vol[12.150000]
12-27 04:17:26.525  1621  1621 E DIAG    : onNotifyVoltage BUB Vol[0.000000]
12-27 04:17:31.171  1719  1737 E TELE    : UNSOL_NETWORK_REJECT_CAUSE {17}
12-27 04:18:23.175  1719  1737 E TELE    : UNSOL_NETWORK_REJECT_CAUSE {17}
12-27 04:18:40.401  1719  1737 E TELE    : UNSOL_NETWORK_REJECT_CAUSE {17}
12-27 04:19:06.526  1621  1621 E DIAG    : onNotifyVoltage BUB Vol[0.000000]
12-27 04:20:29.963  1719  1737 E TELE    : UNSOL_NETWORK_REJECT_CAUSE {17}
12-27 04:20:46.528  1621  1621 E DIAG    : onNotifyVoltage BUB Vol[0.000000]
12-27 04:22:19.523  1621  1864 E DIAG    : onNotifyVoltage Main Vol[12.160000]
12-27 04:22:26.526  1621  1864 E DIAG    : onNotifyVoltage BUB Vol[0.000000]
12-27 04:24:06.530  1621  1621 E DIAG    : onNotifyVoltage BUB Vol[0.000000]
12-27 04:25:46.528  1621  1621 E DIAG    : onNotifyVoltage BUB Vol[0.000000]
12-27 04:27:19.524  1621  1621 E DIAG    : onNotifyVoltage Main Vol[12.150000]
12-27 04:27:26.527  1621  1621 E DIAG    : onNotifyVoltage BUB Vol[0.000000]
12-27 04:28:58.387  1719  1733 E TELE    : SST(RAW)[CS:6->6][PS:2->6]
12-27 04:29:06.530  1621  1864 E DIAG    : onNotifyVoltage BUB Vol[0.000000]
12-27 04:30:06.834  1719  1733 E TELE    : SST(RAW)[CS:6->6][PS:6->2]
12-27 04:30:46.527  1621  1864 E DIAG    : onNotifyVoltage BUB Vol[0.000000]
12-27 04:32:19.526  1621  1864 E DIAG    : onNotifyVoltage Main Vol[12.150000]
12-27 04:32:26.528  1621  1864 E DIAG    : onNotifyVoltage BUB Vol[0.000000]
12-27 04:33:06.821  1719  1737 E TELE    : UNSOL_NETWORK_REJECT_CAUSE {17}
12-27 04:33:58.512  1719  1737 E TELE    : UNSOL_NETWORK_REJECT_CAUSE {17}
12-27 04:34:06.527  1621  1621 E DIAG    : onNotifyVoltage BUB Vol[0.000000]
12-27 04:34:15.349  1719  1737 E TELE    : UNSOL_NETWORK_REJECT_CAUSE {17}
12-27 04:34:15.349  1719  1737 E TELE    : UNSOL_NETWORK_REJECT_CAUSE {17}
12-27 04:35:46.531  1621  1621 E DIAG    : onNotifyVoltage BUB Vol[0.000000]
12-27 04:37:08.690  1719  1737 E TELE    : UNSOL_NETWORK_REJECT_CAUSE {0}
12-27 04:37:19.523  1621  1621 E DIAG    : onNotifyVoltage Main Vol[12.150000]
12-27 04:37:26.534  1621  1621 E DIAG    : onNotifyVoltage BUB Vol[0.000000]
12-27 04:37:32.919  1719  1733 E TELE    : SST(RAW)[CS:6->6][PS:2->6]
12-27 04:38:15.316  1719  1733 E TELE    : SST(RAW)[CS:6->6][PS:6->2]
12-27 04:38:16.958  1719  1737 E TELE    : UNSOL_NETWORK_REJECT_CAUSE {17}
12-27 04:38:16.959  1719  1737 E TELE    : UNSOL_NETWORK_REJECT_CAUSE {17}
12-27 04:39:06.527  1621  1621 E DIAG    : onNotifyVoltage BUB Vol[0.000000]
12-27 04:40:01.475  1719  1737 E TELE    : UNSOL_NETWORK_REJECT_CAUSE {0}
12-27 04:40:46.527  1621  1621 E DIAG    : onNotifyVoltage BUB Vol[0.000000]
12-27 04:42:19.524  1621  1621 E DIAG    : onNotifyVoltage Main Vol[12.160000]
12-27 04:42:26.527  1621  1621 E DIAG    : onNotifyVoltage BUB Vol[0.000000]
12-27 04:44:06.527  1621  1621 E DIAG    : onNotifyVoltage BUB Vol[0.000000]
12-27 04:45:46.526  1621  1621 E DIAG    : onNotifyVoltage BUB Vol[0.000000]
12-27 04:47:19.524  1621  1621 E DIAG    : onNotifyVoltage Main Vol[12.150000]
12-27 04:47:26.535  1621  1621 E DIAG    : onNotifyVoltage BUB Vol[0.000000]
12-27 04:49:06.528  1621  1621 E DIAG    : onNotifyVoltage BUB Vol[0.000000]
12-27 04:50:18.878  1719  1737 E TELE    : UNSOL_NETWORK_REJECT_CAUSE {17}
12-27 04:50:46.526  1621  1621 E DIAG    : onNotifyVoltage BUB Vol[0.000000]
12-27 04:51:45.592  1719  1737 E TELE    : UNSOL_NETWORK_REJECT_CAUSE {17}
12-27 04:52:19.523  1621  1621 E DIAG    : onNotifyVoltage Main Vol[12.110000]
12-27 04:52:26.526  1621  1621 E DIAG    : onNotifyVoltage BUB Vol[0.000000]
12-27 04:54:06.526  1621  1621 E DIAG    : onNotifyVoltage BUB Vol[0.000000]
12-27 04:55:46.529  1621  1621 E DIAG    : onNotifyVoltage BUB Vol[0.000000]
12-27 04:57:19.524  1621  1864 E DIAG    : onNotifyVoltage Main Vol[12.150000]
12-27 04:57:26.527  1621  1864 E DIAG    : onNotifyVoltage BUB Vol[0.000000]
12-27 04:59:06.526  1621  1864 E DIAG    : onNotifyVoltage BUB Vol[0.000000]
12-27 05:00:13.582  1719  1733 E TELE    : SST(RAW)[CS:6->6][PS:2->6]
12-27 05:00:46.527  1621  1864 E DIAG    : onNotifyVoltage BUB Vol[0.000000]
12-27 05:01:30.851  1719  1733 E TELE    : SST(RAW)[CS:6->2][PS:6->0]
12-27 05:01:58.075  1719  1737 E TELE    : UNSOL_NETWORK_REJECT_CAUSE {19}
12-27 05:01:58.555  1719  1733 E TELE    : SST(RAW)[CS:2->6][PS:0->2]
12-27 05:02:19.526  1621  1864 E DIAG    : onNotifyVoltage Main Vol[12.150000]
12-27 05:02:26.529  1621  1864 E DIAG    : onNotifyVoltage BUB Vol[0.000000]
12-27 05:04:06.527  1621  1864 E DIAG    : onNotifyVoltage BUB Vol[0.000000]
12-27 05:04:22.310  1719  1737 E TELE    : UNSOL_NETWORK_REJECT_CAUSE {17}
12-27 05:04:39.125  1719  1737 E TELE    : UNSOL_NETWORK_REJECT_CAUSE {17}
12-27 05:05:30.679  1719  1737 E TELE    : UNSOL_NETWORK_REJECT_CAUSE {17}
12-27 05:05:46.527  1621  1864 E DIAG    : onNotifyVoltage BUB Vol[0.000000]
12-27 05:05:47.510  1719  1737 E TELE    : UNSOL_NETWORK_REJECT_CAUSE {17}
12-27 05:05:47.517  1719  1737 E TELE    : UNSOL_NETWORK_REJECT_CAUSE {17}
12-27 05:07:19.524  1621  1864 E DIAG    : onNotifyVoltage Main Vol[12.150000]
12-27 05:07:26.527  1621  1864 E DIAG    : onNotifyVoltage BUB Vol[0.000000]
12-27 05:09:06.526  1621  1621 E DIAG    : onNotifyVoltage BUB Vol[0.000000]
12-27 05:10:46.527  1621  1621 E DIAG    : onNotifyVoltage BUB Vol[0.000000]
12-27 05:12:19.524  1621  1621 E DIAG    : onNotifyVoltage Main Vol[12.150000]
12-27 05:12:26.529  1621  1621 E DIAG    : onNotifyVoltage BUB Vol[0.000000]
12-27 05:14:06.529  1621  1621 E DIAG    : onNotifyVoltage BUB Vol[0.000000]
12-27 05:15:46.529  1621  1621 E DIAG    : onNotifyVoltage BUB Vol[0.000000]
12-27 05:17:19.529  1621  1621 E DIAG    : onNotifyVoltage Main Vol[12.150000]
12-27 05:17:26.527  1621  1621 E DIAG    : onNotifyVoltage BUB Vol[0.000000]
12-27 05:18:59.235  1719  1737 E TELE    : UNSOL_NETWORK_REJECT_CAUSE {17}
12-27 05:19:06.532  1621  1621 E DIAG    : onNotifyVoltage BUB Vol[0.000000]
12-27 05:19:16.108  1719  1737 E TELE    : UNSOL_NETWORK_REJECT_CAUSE {17}
12-27 05:19:54.386  1719  1737 E TELE    : UNSOL_NETWORK_REJECT_CAUSE {17}
12-27 05:20:46.526  1621  1621 E DIAG    : onNotifyVoltage BUB Vol[0.000000]
12-27 05:22:19.525  1621  1621 E DIAG    : onNotifyVoltage Main Vol[12.150000]
12-27 05:22:26.529  1621  1621 E DIAG    : onNotifyVoltage BUB Vol[0.000000]
12-27 05:24:06.527  1621  1621 E DIAG    : onNotifyVoltage BUB Vol[0.000000]
12-27 05:25:46.527  1621  1621 E DIAG    : onNotifyVoltage BUB Vol[0.000000]
12-27 05:27:19.524  1621  1621 E DIAG    : onNotifyVoltage Main Vol[12.160000]
12-27 05:27:26.530  1621  1621 E DIAG    : onNotifyVoltage BUB Vol[0.000000]
12-27 05:29:06.527  1621  1864 E DIAG    : onNotifyVoltage BUB Vol[0.000000]
12-27 05:30:46.535  1621  1621 E DIAG    : onNotifyVoltage BUB Vol[0.000000]
12-27 05:32:19.525  1621  1621 E DIAG    : onNotifyVoltage Main Vol[12.160000]
12-27 05:32:26.527  1621  1621 E DIAG    : onNotifyVoltage BUB Vol[0.000000]
12-27 05:33:40.859  1719  1737 E TELE    : UNSOL_NETWORK_REJECT_CAUSE {17}
12-27 05:34:06.530  1621  1621 E DIAG    : onNotifyVoltage BUB Vol[0.000000]
12-27 05:35:46.536  1621  1621 E DIAG    : onNotifyVoltage BUB Vol[0.000000]
12-27 05:37:19.525  1621  1621 E DIAG    : onNotifyVoltage Main Vol[12.160000]
12-27 05:37:26.534  1621  1621 E DIAG    : onNotifyVoltage BUB Vol[0.000000]
12-27 05:39:06.532  1621  1621 E DIAG    : onNotifyVoltage BUB Vol[0.000000]
12-27 05:40:46.537  1621  1621 E DIAG    : onNotifyVoltage BUB Vol[0.000000]
12-27 05:42:19.535  1621  1621 E DIAG    : onNotifyVoltage Main Vol[12.160000]
12-27 05:42:26.537  1621  1621 E DIAG    : onNotifyVoltage BUB Vol[0.000000]
12-27 05:44:06.531  1621  1864 E DIAG    : onNotifyVoltage BUB Vol[0.000000]
12-27 05:45:46.528  1621  1864 E DIAG    : onNotifyVoltage BUB Vol[0.000000]
12-27 05:46:17.511  1719  1737 E TELE    : UNSOL_NETWORK_REJECT_CAUSE {17}
12-27 05:46:34.316  1719  1737 E TELE    : UNSOL_NETWORK_REJECT_CAUSE {17}
12-27 05:46:51.280  1719  1737 E TELE    : UNSOL_NETWORK_REJECT_CAUSE {17}
12-27 05:47:19.524  1621  1864 E DIAG    : onNotifyVoltage Main Vol[12.120000]
12-27 05:47:26.528  1621  1864 E DIAG    : onNotifyVoltage BUB Vol[0.000000]
12-27 05:49:06.528  1621  1864 E DIAG    : onNotifyVoltage BUB Vol[0.000000]
12-27 05:50:46.527  1621  1621 E DIAG    : onNotifyVoltage BUB Vol[0.000000]
12-27 05:52:19.529  1621  1864 E DIAG    : onNotifyVoltage Main Vol[12.160000]
12-27 05:52:26.527  1621  1864 E DIAG    : onNotifyVoltage BUB Vol[0.000000]
12-27 05:54:06.529  1621  1864 E DIAG    : onNotifyVoltage BUB Vol[0.000000]
12-27 05:55:46.529  1621  1864 E DIAG    : onNotifyVoltage BUB Vol[0.000000]
12-27 05:57:19.532  1621  1864 E DIAG    : onNotifyVoltage Main Vol[12.150000]
12-27 05:57:26.530  1621  1864 E DIAG    : onNotifyVoltage BUB Vol[0.000000]
12-27 05:58:32.222 31361 31394 E APP     : RVC] postRequest:61700 serviceType: 4 0x4
12-27 05:58:32.222 31361 31394 E APP     : RVC] receiveMessage_TSP(). serviceType: 4
12-27 05:58:32.225 31361 31394 E APP     : RVC] KeepPower acquire count:1 1 
12-27 05:58:32.225 31361 31394 E APP     : RVC] startTimerId  TIMER_KEEPPOWER_RELEASE(27) duration:360 bRestart:1 
12-27 05:58:32.226 31361 31394 E APP     : RVC] kvDBRx cfgName:res_inhibit start 12400368
12-27 05:58:32.230 31361 31394 E APP     : RVC] kvDBRx cfgName:res_inhibit 3 value:1(1) end 12400372 takes 4 ms
12-27 05:58:32.230 31361 31394 E APP     : RVC] setRemoteserviceStateToSota 1 0x1 
12-27 05:58:32.231  1600  4259 E SOTA    : setRemoteState(0x       1,0x       1), old mRESstate = (0x       0)
12-27 05:58:32.231  1600  4259 E SOTA    : new mRESstate = (0x       1), (completed masking with        1)
12-27 05:58:32.231  1600  4259 E SOTA    : getRemoteState(       1), mRESstate = (0x       1)
12-27 05:58:32.231 31361 31394 E APP     : RVC] kvDBRx cfgName:Additional Heater start 12400373
12-27 05:58:32.235 31361 31394 E APP     : RVC] kvDBRx cfgName:Additional Heater 2 value:0(0) end 12400377 takes 4 ms
12-27 05:58:32.235 31361 31394 E APP     : RVC] setCurrState service:4 state:2 
12-27 05:58:32.235 31361 31394 E APP     : RVC] kvDBRx cfgName:Additional Heater start 12400377
12-27 05:58:32.242 31361 31394 E APP     : RVC] kvDBRx cfgName:Additional Heater 2 value:0(0) end 12400384 takes 7 ms
12-27 05:58:32.242 31361 31394 E APP     : RVC] RES_getSVTstatus SVT not active status
12-27 05:58:32.243 31361 31394 E APP     : RVC] getCrashStatus Crash status OFF
12-27 05:58:32.243 31361 31394 E APP     : RVC] kvDBRx cfgName:ClimateControlResFuelLevelStartMin_dl start 12400385
12-27 05:58:32.247 31361 31394 E APP     : RVC] kvDBRx cfgName:ClimateControlResFuelLevelStartMin_dl 3 value:50(50) end 12400389 takes 4 ms
12-27 05:58:32.247 31361 31394 E APP     : RVC] [RES Prerequisite Fail] Fuel level failure  0 50
12-27 05:58:32.247 31361 31394 E APP     : RVC] setNGTPerrorCode() errorCode:12
12-27 05:58:32.248 31361 31394 E APP     : RVC] getPropertyInt name : ResRunTimeCounter prop:1800 val:1800
12-27 05:58:32.248 31361 31394 E APP     : RVC] kvDBRx cfgName:ClimateControlResRunTimeMinLimit_s start 12400389
12-27 05:58:32.255 31361 31394 E APP     : RVC] kvDBRx cfgName:ClimateControlResRunTimeMinLimit_s 3 value:180(180) end 12400396 takes 7 ms
12-27 05:58:32.255 31361 31394 E APP     : RVC] setCurrState service:10 state:1 
12-27 05:58:32.255 31361 31394 E APP     : RVC] setCurrState service:4 state:1 
12-27 05:58:32.255 31361 31394 E APP     : RVC] sendNackMsgToTSP() remoteServiceType:4 
12-27 05:58:32.255 31361 31394 E APP     : RVC] getPropertyInt name : ResRunTimeCounter prop:1800 val:1800
12-27 05:58:32.255 31361 31394 E APP     : RVC] getPropertyInt name : ffhRemainingRunTime prop:0 val:0
12-27 05:58:32.255 31361 31394 E APP     : RVC] kvDBRx cfgName:engine_block_staus start 12400397
12-27 05:58:32.261 31361 31394 E APP     : RVC] kvDBRx cfgName:engine_block_staus 3 value:0(0) end 12400403 takes 6 ms
12-27 05:58:32.261 31361 31394 E APP     : RVC] [SEND NGTP MSG] type:4 second:0 millis:0
12-27 05:58:32.261 31361 31394 E APP     : RVC] sendNackMsgToTSP SKIP due to SLDD!!
12-27 05:58:32.261 31361 31394 E APP     : RVC] setRemoteserviceStateToSota 1 0x0 
12-27 05:58:32.261  1600  4259 E SOTA    : setRemoteState(0x       1,0x       0), old mRESstate = (0x       1)
12-27 05:58:32.261  1600  4259 E SOTA    : new mRESstate = (0x       0), (completed masking with        0)
12-27 05:58:32.261  1600  4259 E SOTA    : getRemoteState(       1), mRESstate = (0x       0)
12-27 05:58:54.539 31361 31394 E APP     : RVC] postRequest:61700 serviceType: 4 0x4
12-27 05:58:54.539 31361 31394 E APP     : RVC] receiveMessage_TSP(). serviceType: 4
12-27 05:58:54.543 31361 31394 E APP     : RVC] KeepPower acquire count:1 1 
12-27 05:58:54.543 31361 31394 E APP     : RVC] startTimerId timer 27 is running, stop and start again
12-27 05:58:54.543 31361 31394 E APP     : RVC] stopTimerId  timerId:27 
12-27 05:58:54.543 31361 31394 E APP     : RVC] startTimerId  TIMER_KEEPPOWER_RELEASE(27) duration:360 bRestart:1 
12-27 05:58:54.544 31361 31394 E APP     : RVC] kvDBRx cfgName:res_inhibit start 12422686
12-27 05:58:54.546 31361 31394 E APP     : RVC] kvDBRx cfgName:res_inhibit 3 value:1(1) end 12422688 takes 2 ms
12-27 05:58:54.546 31361 31394 E APP     : RVC] setRemoteserviceStateToSota 1 0x1 
12-27 05:58:54.546  1600  4259 E SOTA    : setRemoteState(0x       1,0x       1), old mRESstate = (0x       0)
12-27 05:58:54.546  1600  4259 E SOTA    : new mRESstate = (0x       1), (completed masking with        1)
12-27 05:58:54.546  1600  4259 E SOTA    : getRemoteState(       1), mRESstate = (0x       1)
12-27 05:58:54.546 31361 31394 E APP     : RVC] kvDBRx cfgName:Additional Heater start 12422688
12-27 05:58:54.549 31361 31394 E APP     : RVC] kvDBRx cfgName:Additional Heater 2 value:0(0) end 12422690 takes 2 ms
12-27 05:58:54.549 31361 31394 E APP     : RVC] setCurrState service:4 state:2 
12-27 05:58:54.549 31361 31394 E APP     : RVC] kvDBRx cfgName:Additional Heater start 12422690
12-27 05:58:54.551 31361 31394 E APP     : RVC] kvDBRx cfgName:Additional Heater 2 value:0(0) end 12422693 takes 3 ms
12-27 05:58:54.552 31361 31394 E APP     : RVC] RES_getSVTstatus SVT not active status
12-27 05:58:54.552 31361 31394 E APP     : RVC] getCrashStatus Crash status OFF
12-27 05:58:54.552 31361 31394 E APP     : RVC] kvDBRx cfgName:ClimateControlResFuelLevelStartMin_dl start 12422694
12-27 05:58:54.556 31361 31394 E APP     : RVC] kvDBRx cfgName:ClimateControlResFuelLevelStartMin_dl 3 value:50(50) end 12422698 takes 4 ms
12-27 05:58:54.556 31361 31394 E APP     : RVC] [RES Prerequisite Fail] Fuel level failure  0 50
12-27 05:58:54.556 31361 31394 E APP     : RVC] setNGTPerrorCode() errorCode:12
12-27 05:58:54.556 31361 31394 E APP     : RVC] getPropertyInt name : ResRunTimeCounter prop:1800 val:1800
12-27 05:58:54.556 31361 31394 E APP     : RVC] kvDBRx cfgName:ClimateControlResRunTimeMinLimit_s start 12422698
12-27 05:58:54.562 31361 31394 E APP     : RVC] kvDBRx cfgName:ClimateControlResRunTimeMinLimit_s 3 value:180(180) end 12422704 takes 6 ms
12-27 05:58:54.562 31361 31394 E APP     : RVC] setCurrState service:10 state:1 
12-27 05:58:54.562 31361 31394 E APP     : RVC] setCurrState service:4 state:1 
12-27 05:58:54.562 31361 31394 E APP     : RVC] sendNackMsgToTSP() remoteServiceType:4 
12-27 05:58:54.562 31361 31394 E APP     : RVC] getPropertyInt name : ResRunTimeCounter prop:1800 val:1800
12-27 05:58:54.562 31361 31394 E APP     : RVC] getPropertyInt name : ffhRemainingRunTime prop:0 val:0
12-27 05:58:54.563 31361 31394 E APP     : RVC] kvDBRx cfgName:engine_block_staus start 12422705
12-27 05:58:54.567 31361 31394 E APP     : RVC] kvDBRx cfgName:engine_block_staus 3 value:0(0) end 12422709 takes 4 ms
12-27 05:58:54.567 31361 31394 E APP     : RVC] [SEND NGTP MSG] type:4 second:0 millis:0
12-27 05:58:54.567 31361 31394 E APP     : RVC] sendNackMsgToTSP SKIP due to SLDD!!
12-27 05:58:54.567 31361 31394 E APP     : RVC] setRemoteserviceStateToSota 1 0x0 
12-27 05:58:54.567  1600  4259 E SOTA    : setRemoteState(0x       1,0x       0), old mRESstate = (0x       1)
12-27 05:58:54.567  1600  4259 E SOTA    : new mRESstate = (0x       0), (completed masking with        0)
12-27 05:58:54.567  1600  4259 E SOTA    : getRemoteState(       1), mRESstate = (0x       0)
12-27 05:59:06.528  1621  1864 E DIAG    : onNotifyVoltage BUB Vol[0.000000]
12-27 06:00:07.436 31361 31394 E APP     : RVC] postRequest:61700 serviceType: 4 0x4
12-27 06:00:07.436 31361 31394 E APP     : RVC] receiveMessage_TSP(). serviceType: 4
12-27 06:00:07.442 31361 31394 E APP     : RVC] KeepPower acquire count:1 1 
12-27 06:00:07.442 31361 31394 E APP     : RVC] startTimerId timer 27 is running, stop and start again
12-27 06:00:07.442 31361 31394 E APP     : RVC] stopTimerId  timerId:27 
12-27 06:00:07.442 31361 31394 E APP     : RVC] startTimerId  TIMER_KEEPPOWER_RELEASE(27) duration:360 bRestart:1 
12-27 06:00:07.443 31361 31394 E APP     : RVC] kvDBRx cfgName:res_inhibit start 12495585
12-27 06:00:07.445 31361 31394 E APP     : RVC] kvDBRx cfgName:res_inhibit 3 value:1(1) end 12495587 takes 2 ms
12-27 06:00:07.445 31361 31394 E APP     : RVC] setRemoteserviceStateToSota 1 0x1 
12-27 06:00:07.445  1600  4259 E SOTA    : setRemoteState(0x       1,0x       1), old mRESstate = (0x       0)
12-27 06:00:07.445  1600  4259 E SOTA    : new mRESstate = (0x       1), (completed masking with        1)
12-27 06:00:07.445  1600  4259 E SOTA    : getRemoteState(       1), mRESstate = (0x       1)
12-27 06:00:07.445 31361 31394 E APP     : RVC] kvDBRx cfgName:Additional Heater start 12495587
12-27 06:00:07.448 31361 31394 E APP     : RVC] kvDBRx cfgName:Additional Heater 2 value:0(0) end 12495590 takes 3 ms
12-27 06:00:07.448 31361 31394 E APP     : RVC] setCurrState service:4 state:2 
12-27 06:00:07.448 31361 31394 E APP     : RVC] kvDBRx cfgName:Additional Heater start 12495590
12-27 06:00:07.451 31361 31394 E APP     : RVC] kvDBRx cfgName:Additional Heater 2 value:0(0) end 12495592 takes 2 ms
12-27 06:00:07.451 31361 31394 E APP     : RVC] RES_getSVTstatus SVT not active status
12-27 06:00:07.453 31361 31394 E APP     : RVC] getCrashStatus Crash status OFF
12-27 06:00:07.453 31361 31394 E APP     : RVC] kvDBRx cfgName:ClimateControlResFuelLevelStartMin_dl start 12495595
12-27 06:00:07.457 31361 31394 E APP     : RVC] kvDBRx cfgName:ClimateControlResFuelLevelStartMin_dl 3 value:50(50) end 12495599 takes 4 ms
12-27 06:00:07.458 31361 31394 E APP     : RVC] [RES Prerequisite Fail] Fuel level failure  0 50
12-27 06:00:07.458 31361 31394 E APP     : RVC] setNGTPerrorCode() errorCode:12
12-27 06:00:07.458 31361 31394 E APP     : RVC] getPropertyInt name : ResRunTimeCounter prop:1800 val:1800
12-27 06:00:07.458 31361 31394 E APP     : RVC] kvDBRx cfgName:ClimateControlResRunTimeMinLimit_s start 12495600
12-27 06:00:07.462 31361 31394 E APP     : RVC] kvDBRx cfgName:ClimateControlResRunTimeMinLimit_s 3 value:180(180) end 12495604 takes 4 ms
12-27 06:00:07.462 31361 31394 E APP     : RVC] setCurrState service:10 state:1 
12-27 06:00:07.462 31361 31394 E APP     : RVC] setCurrState service:4 state:1 
12-27 06:00:07.462 31361 31394 E APP     : RVC] sendNackMsgToTSP() remoteServiceType:4 
12-27 06:00:07.462 31361 31394 E APP     : RVC] getPropertyInt name : ResRunTimeCounter prop:1800 val:1800
12-27 06:00:07.462 31361 31394 E APP     : RVC] getPropertyInt name : ffhRemainingRunTime prop:0 val:0
12-27 06:00:07.463 31361 31394 E APP     : RVC] kvDBRx cfgName:engine_block_staus start 12495605
12-27 06:00:07.466 31361 31394 E APP     : RVC] kvDBRx cfgName:engine_block_staus 3 value:0(0) end 12495608 takes 3 ms
12-27 06:00:07.466 31361 31394 E APP     : RVC] [SEND NGTP MSG] type:4 second:0 millis:0
12-27 06:00:07.466 31361 31394 E APP     : RVC] sendNackMsgToTSP SKIP due to SLDD!!
12-27 06:00:07.467 31361 31394 E APP     : RVC] setRemoteserviceStateToSota 1 0x0 
12-27 06:00:07.467  1600  4259 E SOTA    : setRemoteState(0x       1,0x       0), old mRESstate = (0x       1)
12-27 06:00:07.467  1600  4259 E SOTA    : new mRESstate = (0x       0), (completed masking with        0)
12-27 06:00:07.467  1600  4259 E SOTA    : getRemoteState(       1), mRESstate = (0x       0)
12-27 06:00:37.720  1719  1737 E TELE    : UNSOL_NETWORK_REJECT_CAUSE {17}
12-27 06:00:46.530  1621  1864 E DIAG    : onNotifyVoltage BUB Vol[0.000000]
12-27 06:00:54.469  1719  1737 E TELE    : UNSOL_NETWORK_REJECT_CAUSE {17}
12-27 06:00:59.522  1719  1733 E TELE    : SST(RAW)[CS:6->2][PS:2->2]
12-27 06:01:17.833  1719  1733 E TELE    : SST(RAW)[CS:2->6][PS:2->2]
12-27 06:01:54.454  1719  1737 E TELE    : UNSOL_NETWORK_REJECT_CAUSE {17}
12-27 06:01:54.455  1719  1737 E TELE    : UNSOL_NETWORK_REJECT_CAUSE {17}
12-27 06:02:00.642 31361 31394 E APP     : RVC] postRequest:61700 serviceType: 4 0x4
12-27 06:02:00.642 31361 31394 E APP     : RVC] receiveMessage_TSP(). serviceType: 4
12-27 06:02:00.649 31361 31394 E APP     : RVC] KeepPower acquire count:1 1 
12-27 06:02:00.649 31361 31394 E APP     : RVC] startTimerId timer 27 is running, stop and start again
12-27 06:02:00.649 31361 31394 E APP     : RVC] stopTimerId  timerId:27 
12-27 06:02:00.650 31361 31394 E APP     : RVC] startTimerId  TIMER_KEEPPOWER_RELEASE(27) duration:360 bRestart:1 
12-27 06:02:00.650 31361 31394 E APP     : RVC] kvDBRx cfgName:res_inhibit start 12608792
12-27 06:02:00.654 31361 31394 E APP     : RVC] kvDBRx cfgName:res_inhibit 3 value:1(1) end 12608796 takes 4 ms
12-27 06:02:00.654 31361 31394 E APP     : RVC] setRemoteserviceStateToSota 1 0x1 
12-27 06:02:00.655  1600  4259 E SOTA    : setRemoteState(0x       1,0x       1), old mRESstate = (0x       0)
12-27 06:02:00.655  1600  4259 E SOTA    : new mRESstate = (0x       1), (completed masking with        1)
12-27 06:02:00.655  1600  4259 E SOTA    : getRemoteState(       1), mRESstate = (0x       1)
12-27 06:02:00.655 31361 31394 E APP     : RVC] kvDBRx cfgName:Additional Heater start 12608797
12-27 06:02:00.660 31361 31394 E APP     : RVC] kvDBRx cfgName:Additional Heater 2 value:0(0) end 12608802 takes 5 ms
12-27 06:02:00.660 31361 31394 E APP     : RVC] setCurrState service:4 state:2 
12-27 06:02:00.661 31361 31394 E APP     : RVC] kvDBRx cfgName:Additional Heater start 12608802
12-27 06:02:00.666 31361 31394 E APP     : RVC] kvDBRx cfgName:Additional Heater 2 value:0(0) end 12608808 takes 6 ms
12-27 06:02:00.667 31361 31394 E APP     : RVC] RES_getSVTstatus SVT not active status
12-27 06:02:00.667 31361 31394 E APP     : RVC] getCrashStatus Crash status OFF
12-27 06:02:00.667 31361 31394 E APP     : RVC] kvDBRx cfgName:ClimateControlResFuelLevelStartMin_dl start 12608809
12-27 06:02:00.671 31361 31394 E APP     : RVC] kvDBRx cfgName:ClimateControlResFuelLevelStartMin_dl 3 value:50(50) end 12608812 takes 3 ms
12-27 06:02:00.671 31361 31394 E APP     : RVC] [RES Prerequisite Fail] Fuel level failure  0 50
12-27 06:02:00.671 31361 31394 E APP     : RVC] setNGTPerrorCode() errorCode:12
12-27 06:02:00.671 31361 31394 E APP     : RVC] getPropertyInt name : ResRunTimeCounter prop:1800 val:1800
12-27 06:02:00.671 31361 31394 E APP     : RVC] kvDBRx cfgName:ClimateControlResRunTimeMinLimit_s start 12608812
12-27 06:02:00.673 31361 31394 E APP     : RVC] kvDBRx cfgName:ClimateControlResRunTimeMinLimit_s 3 value:180(180) end 12608815 takes 3 ms
12-27 06:02:00.673 31361 31394 E APP     : RVC] setCurrState service:10 state:1 
12-27 06:02:00.673 31361 31394 E APP     : RVC] setCurrState service:4 state:1 
12-27 06:02:00.673 31361 31394 E APP     : RVC] sendNackMsgToTSP() remoteServiceType:4 
12-27 06:02:00.673 31361 31394 E APP     : RVC] getPropertyInt name : ResRunTimeCounter prop:1800 val:1800
12-27 06:02:00.673 31361 31394 E APP     : RVC] getPropertyInt name : ffhRemainingRunTime prop:0 val:0
12-27 06:02:00.674 31361 31394 E APP     : RVC] kvDBRx cfgName:engine_block_staus start 12608816
12-27 06:02:00.677 31361 31394 E APP     : RVC] kvDBRx cfgName:engine_block_staus 3 value:0(0) end 12608819 takes 3 ms
12-27 06:02:00.677 31361 31394 E APP     : RVC] [SEND NGTP MSG] type:4 second:0 millis:0
12-27 06:02:00.677 31361 31394 E APP     : RVC] sendNackMsgToTSP SKIP due to SLDD!!
12-27 06:02:00.677 31361 31394 E APP     : RVC] setRemoteserviceStateToSota 1 0x0 
12-27 06:02:00.678  1600  4259 E SOTA    : setRemoteState(0x       1,0x       0), old mRESstate = (0x       1)
12-27 06:02:00.678  1600  4259 E SOTA    : new mRESstate = (0x       0), (completed masking with        0)
12-27 06:02:00.678  1600  4259 E SOTA    : getRemoteState(       1), mRESstate = (0x       0)
12-27 06:02:19.525  1621  1864 E DIAG    : onNotifyVoltage Main Vol[12.110000]
12-27 06:02:26.531  1621  1864 E DIAG    : onNotifyVoltage BUB Vol[0.000000]
12-27 06:03:15.499 31361 31394 E APP     : RVC] postRequest:61700 serviceType: 4 0x4
12-27 06:03:15.499 31361 31394 E APP     : RVC] receiveMessage_TSP(). serviceType: 4
12-27 06:03:15.512 31361 31394 E APP     : RVC] KeepPower acquire count:1 1 
12-27 06:03:15.512 31361 31394 E APP     : RVC] startTimerId timer 27 is running, stop and start again
12-27 06:03:15.512 31361 31394 E APP     : RVC] stopTimerId  timerId:27 
12-27 06:03:15.512 31361 31394 E APP     : RVC] startTimerId  TIMER_KEEPPOWER_RELEASE(27) duration:360 bRestart:1 
12-27 06:03:15.512 31361 31394 E APP     : RVC] kvDBRx cfgName:res_inhibit start 12683654
12-27 06:03:15.516 31361 31394 E APP     : RVC] kvDBRx cfgName:res_inhibit 3 value:1(1) end 12683658 takes 4 ms
12-27 06:03:15.516 31361 31394 E APP     : RVC] setRemoteserviceStateToSota 1 0x1 
12-27 06:03:15.517  1600  4259 E SOTA    : setRemoteState(0x       1,0x       1), old mRESstate = (0x       0)
12-27 06:03:15.517  1600  4259 E SOTA    : new mRESstate = (0x       1), (completed masking with        1)
12-27 06:03:15.517  1600  4259 E SOTA    : getRemoteState(       1), mRESstate = (0x       1)
12-27 06:03:15.518 31361 31394 E APP     : RVC] kvDBRx cfgName:Additional Heater start 12683660
12-27 06:03:15.520 31361 31394 E APP     : RVC] kvDBRx cfgName:Additional Heater 2 value:0(0) end 12683662 takes 2 ms
12-27 06:03:15.520 31361 31394 E APP     : RVC] setCurrState service:4 state:2 
12-27 06:03:15.520 31361 31394 E APP     : RVC] kvDBRx cfgName:Additional Heater start 12683662
12-27 06:03:15.524 31361 31394 E APP     : RVC] kvDBRx cfgName:Additional Heater 2 value:0(0) end 12683665 takes 3 ms
12-27 06:03:15.524 31361 31394 E APP     : RVC] RES_getSVTstatus SVT not active status
12-27 06:03:15.525 31361 31394 E APP     : RVC] getCrashStatus Crash status OFF
12-27 06:03:15.525 31361 31394 E APP     : RVC] kvDBRx cfgName:ClimateControlResFuelLevelStartMin_dl start 12683667
12-27 06:03:15.528 31361 31394 E APP     : RVC] kvDBRx cfgName:ClimateControlResFuelLevelStartMin_dl 3 value:50(50) end 12683670 takes 3 ms
12-27 06:03:15.528 31361 31394 E APP     : RVC] [RES Prerequisite Fail] Fuel level failure  0 50
12-27 06:03:15.528 31361 31394 E APP     : RVC] setNGTPerrorCode() errorCode:12
12-27 06:03:15.528 31361 31394 E APP     : RVC] getPropertyInt name : ResRunTimeCounter prop:1800 val:1800
12-27 06:03:15.528 31361 31394 E APP     : RVC] kvDBRx cfgName:ClimateControlResRunTimeMinLimit_s start 12683670
12-27 06:03:15.535 31361 31394 E APP     : RVC] kvDBRx cfgName:ClimateControlResRunTimeMinLimit_s 3 value:180(180) end 12683677 takes 7 ms
12-27 06:03:15.535 31361 31394 E APP     : RVC] setCurrState service:10 state:1 
12-27 06:03:15.535 31361 31394 E APP     : RVC] setCurrState service:4 state:1 
12-27 06:03:15.535 31361 31394 E APP     : RVC] sendNackMsgToTSP() remoteServiceType:4 
12-27 06:03:15.535 31361 31394 E APP     : RVC] getPropertyInt name : ResRunTimeCounter prop:1800 val:1800
12-27 06:03:15.535 31361 31394 E APP     : RVC] getPropertyInt name : ffhRemainingRunTime prop:0 val:0
12-27 06:03:15.536 31361 31394 E APP     : RVC] kvDBRx cfgName:engine_block_staus start 12683678
12-27 06:03:15.539 31361 31394 E APP     : RVC] kvDBRx cfgName:engine_block_staus 3 value:0(0) end 12683680 takes 2 ms
12-27 06:03:15.539 31361 31394 E APP     : RVC] [SEND NGTP MSG] type:4 second:0 millis:0
12-27 06:03:15.539 31361 31394 E APP     : RVC] sendNackMsgToTSP SKIP due to SLDD!!
12-27 06:03:15.539 31361 31394 E APP     : RVC] setRemoteserviceStateToSota 1 0x0 
12-27 06:03:15.539  1600  4259 E SOTA    : setRemoteState(0x       1,0x       0), old mRESstate = (0x       1)
12-27 06:03:15.539  1600  4259 E SOTA    : new mRESstate = (0x       0), (completed masking with        0)
12-27 06:03:15.539  1600  4259 E SOTA    : getRemoteState(       1), mRESstate = (0x       0)
12-27 06:03:39.260  1719  1737 E TELE    : UNSOL_NETWORK_REJECT_CAUSE {0}
12-27 06:04:06.528  1621  1864 E DIAG    : onNotifyVoltage BUB Vol[0.000000]
12-27 06:05:46.530  1621  1864 E DIAG    : onNotifyVoltage BUB Vol[0.000000]
12-27 06:07:19.526  1621  1864 E DIAG    : onNotifyVoltage Main Vol[12.170000]
12-27 06:07:26.529  1621  1864 E DIAG    : onNotifyVoltage BUB Vol[0.000000]
12-27 06:08:51.882 31361 31394 E APP     : RVC] postRequest:61700 serviceType: 4 0x4
12-27 06:08:51.882 31361 31394 E APP     : RVC] receiveMessage_TSP(). serviceType: 4
12-27 06:08:51.890 31361 31394 E APP     : RVC] KeepPower acquire count:1 1 
12-27 06:08:51.890 31361 31394 E APP     : RVC] startTimerId timer 27 is running, stop and start again
12-27 06:08:51.890 31361 31394 E APP     : RVC] stopTimerId  timerId:27 
12-27 06:08:51.890 31361 31394 E APP     : RVC] startTimerId  TIMER_KEEPPOWER_RELEASE(27) duration:360 bRestart:1 
12-27 06:08:51.891 31361 31394 E APP     : RVC] kvDBRx cfgName:res_inhibit start 13020033
12-27 06:08:51.894 31361 31394 E APP     : RVC] kvDBRx cfgName:res_inhibit 3 value:1(1) end 13020036 takes 3 ms
12-27 06:08:51.894 31361 31394 E APP     : RVC] setRemoteserviceStateToSota 1 0x1 
12-27 06:08:51.894  1600  4259 E SOTA    : setRemoteState(0x       1,0x       1), old mRESstate = (0x       0)
12-27 06:08:51.894  1600  4259 E SOTA    : new mRESstate = (0x       1), (completed masking with        1)
12-27 06:08:51.894  1600  4259 E SOTA    : getRemoteState(       1), mRESstate = (0x       1)
12-27 06:08:51.894 31361 31394 E APP     : RVC] kvDBRx cfgName:Additional Heater start 13020036
12-27 06:08:51.901 31361 31394 E APP     : RVC] kvDBRx cfgName:Additional Heater 2 value:0(0) end 13020043 takes 7 ms
12-27 06:08:51.902 31361 31394 E APP     : RVC] setCurrState service:4 state:2 
12-27 06:08:51.902 31361 31394 E APP     : RVC] kvDBRx cfgName:Additional Heater start 13020043
12-27 06:08:51.905 31361 31394 E APP     : RVC] kvDBRx cfgName:Additional Heater 2 value:0(0) end 13020046 takes 3 ms
12-27 06:08:51.905 31361 31394 E APP     : RVC] RES_getSVTstatus SVT not active status
12-27 06:08:51.906 31361 31394 E APP     : RVC] getCrashStatus Crash status OFF
12-27 06:08:51.906 31361 31394 E APP     : RVC] kvDBRx cfgName:ClimateControlResFuelLevelStartMin_dl start 13020047
12-27 06:08:51.909 31361 31394 E APP     : RVC] kvDBRx cfgName:ClimateControlResFuelLevelStartMin_dl 3 value:50(50) end 13020051 takes 4 ms
12-27 06:08:51.909 31361 31394 E APP     : RVC] [RES Prerequisite Fail] Fuel level failure  0 50
12-27 06:08:51.909 31361 31394 E APP     : RVC] setNGTPerrorCode() errorCode:12
12-27 06:08:51.909 31361 31394 E APP     : RVC] getPropertyInt name : ResRunTimeCounter prop:1800 val:1800
12-27 06:08:51.909 31361 31394 E APP     : RVC] kvDBRx cfgName:ClimateControlResRunTimeMinLimit_s start 13020051
12-27 06:08:51.913 31361 31394 E APP     : RVC] kvDBRx cfgName:ClimateControlResRunTimeMinLimit_s 3 value:180(180) end 13020054 takes 3 ms
12-27 06:08:51.913 31361 31394 E APP     : RVC] setCurrState service:10 state:1 
12-27 06:08:51.913 31361 31394 E APP     : RVC] setCurrState service:4 state:1 
12-27 06:08:51.913 31361 31394 E APP     : RVC] sendNackMsgToTSP() remoteServiceType:4 
12-27 06:08:51.913 31361 31394 E APP     : RVC] getPropertyInt name : ResRunTimeCounter prop:1800 val:1800
12-27 06:08:51.913 31361 31394 E APP     : RVC] getPropertyInt name : ffhRemainingRunTime prop:0 val:0
12-27 06:08:51.913 31361 31394 E APP     : RVC] kvDBRx cfgName:engine_block_staus start 13020055
12-27 06:08:51.916 31361 31394 E APP     : RVC] kvDBRx cfgName:engine_block_staus 3 value:0(0) end 13020058 takes 3 ms
12-27 06:08:51.916 31361 31394 E APP     : RVC] [SEND NGTP MSG] type:4 second:0 millis:0
12-27 06:08:51.916 31361 31394 E APP     : RVC] sendNackMsgToTSP SKIP due to SLDD!!
12-27 06:08:51.916 31361 31394 E APP     : RVC] setRemoteserviceStateToSota 1 0x0 
12-27 06:08:51.916  1600  4259 E SOTA    : setRemoteState(0x       1,0x       0), old mRESstate = (0x       1)
12-27 06:08:51.916  1600  4259 E SOTA    : new mRESstate = (0x       0), (completed masking with        0)
12-27 06:08:51.916  1600  4259 E SOTA    : getRemoteState(       1), mRESstate = (0x       0)
12-27 06:09:06.532  1621  1864 E DIAG    : onNotifyVoltage BUB Vol[0.000000]
12-27 06:09:08.211 31361 31394 E APP     : RVC] postRequest:61700 serviceType: 4 0x4
12-27 06:09:08.211 31361 31394 E APP     : RVC] receiveMessage_TSP(). serviceType: 4
12-27 06:09:08.227 31361 31394 E APP     : RVC] KeepPower acquire count:1 1 
12-27 06:09:08.227 31361 31394 E APP     : RVC] startTimerId timer 27 is running, stop and start again
12-27 06:09:08.227 31361 31394 E APP     : RVC] stopTimerId  timerId:27 
12-27 06:09:08.227 31361 31394 E APP     : RVC] startTimerId  TIMER_KEEPPOWER_RELEASE(27) duration:360 bRestart:1 
12-27 06:09:08.229 31361 31394 E APP     : RVC] kvDBRx cfgName:res_inhibit start 13036370
12-27 06:09:08.231 31361 31394 E APP     : RVC] kvDBRx cfgName:res_inhibit 3 value:1(1) end 13036373 takes 3 ms
12-27 06:09:08.231 31361 31394 E APP     : RVC] setRemoteserviceStateToSota 1 0x1 
12-27 06:09:08.231  1600  4259 E SOTA    : setRemoteState(0x       1,0x       1), old mRESstate = (0x       0)
12-27 06:09:08.231  1600  4259 E SOTA    : new mRESstate = (0x       1), (completed masking with        1)
12-27 06:09:08.232  1600  4259 E SOTA    : getRemoteState(       1), mRESstate = (0x       1)
12-27 06:09:08.232 31361 31394 E APP     : RVC] kvDBRx cfgName:Additional Heater start 13036374
12-27 06:09:08.235 31361 31394 E APP     : RVC] kvDBRx cfgName:Additional Heater 2 value:0(0) end 13036377 takes 3 ms
12-27 06:09:08.235 31361 31394 E APP     : RVC] setCurrState service:4 state:2 
12-27 06:09:08.235 31361 31394 E APP     : RVC] kvDBRx cfgName:Additional Heater start 13036377
12-27 06:09:08.238 31361 31394 E APP     : RVC] kvDBRx cfgName:Additional Heater 2 value:0(0) end 13036380 takes 3 ms
12-27 06:09:08.239 31361 31394 E APP     : RVC] RES_getSVTstatus SVT not active status
12-27 06:09:08.240 31361 31394 E APP     : RVC] getCrashStatus Crash status OFF
12-27 06:09:08.240 31361 31394 E APP     : RVC] kvDBRx cfgName:ClimateControlResFuelLevelStartMin_dl start 13036382
12-27 06:09:08.244 31361 31394 E APP     : RVC] kvDBRx cfgName:ClimateControlResFuelLevelStartMin_dl 3 value:50(50) end 13036386 takes 4 ms
12-27 06:09:08.244 31361 31394 E APP     : RVC] [RES Prerequisite Fail] Fuel level failure  0 50
12-27 06:09:08.244 31361 31394 E APP     : RVC] setNGTPerrorCode() errorCode:12
12-27 06:09:08.244 31361 31394 E APP     : RVC] getPropertyInt name : ResRunTimeCounter prop:1800 val:1800
12-27 06:09:08.244 31361 31394 E APP     : RVC] kvDBRx cfgName:ClimateControlResRunTimeMinLimit_s start 13036386
12-27 06:09:08.248 31361 31394 E APP     : RVC] kvDBRx cfgName:ClimateControlResRunTimeMinLimit_s 3 value:180(180) end 13036389 takes 3 ms
12-27 06:09:08.248 31361 31394 E APP     : RVC] setCurrState service:10 state:1 
12-27 06:09:08.248 31361 31394 E APP     : RVC] setCurrState service:4 state:1 
12-27 06:09:08.248 31361 31394 E APP     : RVC] sendNackMsgToTSP() remoteServiceType:4 
12-27 06:09:08.248 31361 31394 E APP     : RVC] getPropertyInt name : ResRunTimeCounter prop:1800 val:1800
12-27 06:09:08.248 31361 31394 E APP     : RVC] getPropertyInt name : ffhRemainingRunTime prop:0 val:0
12-27 06:09:08.248 31361 31394 E APP     : RVC] kvDBRx cfgName:engine_block_staus start 13036390
12-27 06:09:08.254 31361 31394 E APP     : RVC] kvDBRx cfgName:engine_block_staus 3 value:0(0) end 13036395 takes 5 ms
12-27 06:09:08.255 31361 31394 E APP     : RVC] [SEND NGTP MSG] type:4 second:0 millis:0
12-27 06:09:08.255 31361 31394 E APP     : RVC] sendNackMsgToTSP SKIP due to SLDD!!
12-27 06:09:08.255 31361 31394 E APP     : RVC] setRemoteserviceStateToSota 1 0x0 
12-27 06:09:08.255  1600  4259 E SOTA    : setRemoteState(0x       1,0x       0), old mRESstate = (0x       1)
12-27 06:09:08.255  1600  4259 E SOTA    : new mRESstate = (0x       0), (completed masking with        0)
12-27 06:09:08.255  1600  4259 E SOTA    : getRemoteState(       1), mRESstate = (0x       0)
12-27 06:09:54.212 31361 31394 E APP     : RVC] postRequest:61700 serviceType: 4 0x4
12-27 06:09:54.213 31361 31394 E APP     : RVC] receiveMessage_TSP(). serviceType: 4
12-27 06:09:54.219 31361 31394 E APP     : RVC] KeepPower acquire count:1 1 
12-27 06:09:54.219 31361 31394 E APP     : RVC] startTimerId timer 27 is running, stop and start again
12-27 06:09:54.219 31361 31394 E APP     : RVC] stopTimerId  timerId:27 
12-27 06:09:54.219 31361 31394 E APP     : RVC] startTimerId  TIMER_KEEPPOWER_RELEASE(27) duration:360 bRestart:1 
12-27 06:09:54.219 31361 31394 E APP     : RVC] kvDBRx cfgName:res_inhibit start 13082361
12-27 06:09:54.222 31361 31394 E APP     : RVC] kvDBRx cfgName:res_inhibit 3 value:1(1) end 13082364 takes 3 ms
12-27 06:09:54.223 31361 31394 E APP     : RVC] setRemoteserviceStateToSota 1 0x1 
12-27 06:09:54.223  1600  4259 E SOTA    : setRemoteState(0x       1,0x       1), old mRESstate = (0x       0)
12-27 06:09:54.223  1600  4259 E SOTA    : new mRESstate = (0x       1), (completed masking with        1)
12-27 06:09:54.223  1600  4259 E SOTA    : getRemoteState(       1), mRESstate = (0x       1)
12-27 06:09:54.225 31361 31394 E APP     : RVC] kvDBRx cfgName:Additional Heater start 13082366
12-27 06:09:54.232 31361 31394 E APP     : RVC] kvDBRx cfgName:Additional Heater 2 value:0(0) end 13082373 takes 7 ms
12-27 06:09:54.232 31361 31394 E APP     : RVC] setCurrState service:4 state:2 
12-27 06:09:54.232 31361 31394 E APP     : RVC] kvDBRx cfgName:Additional Heater start 13082374
12-27 06:09:54.235 31361 31394 E APP     : RVC] kvDBRx cfgName:Additional Heater 2 value:0(0) end 13082377 takes 3 ms
12-27 06:09:54.236 31361 31394 E APP     : RVC] RES_getSVTstatus SVT not active status
12-27 06:09:54.237 31361 31394 E APP     : RVC] getCrashStatus Crash status OFF
12-27 06:09:54.237 31361 31394 E APP     : RVC] kvDBRx cfgName:ClimateControlResFuelLevelStartMin_dl start 13082379
12-27 06:09:54.241 31361 31394 E APP     : RVC] kvDBRx cfgName:ClimateControlResFuelLevelStartMin_dl 3 value:50(50) end 13082383 takes 4 ms
12-27 06:09:54.241 31361 31394 E APP     : RVC] [RES Prerequisite Fail] Fuel level failure  0 50
12-27 06:09:54.241 31361 31394 E APP     : RVC] setNGTPerrorCode() errorCode:12
12-27 06:09:54.241 31361 31394 E APP     : RVC] getPropertyInt name : ResRunTimeCounter prop:1800 val:1800
12-27 06:09:54.241 31361 31394 E APP     : RVC] kvDBRx cfgName:ClimateControlResRunTimeMinLimit_s start 13082383
12-27 06:09:54.244 31361 31394 E APP     : RVC] kvDBRx cfgName:ClimateControlResRunTimeMinLimit_s 3 value:180(180) end 13082385 takes 2 ms
12-27 06:09:54.244 31361 31394 E APP     : RVC] setCurrState service:10 state:1 
12-27 06:09:54.244 31361 31394 E APP     : RVC] setCurrState service:4 state:1 
12-27 06:09:54.244 31361 31394 E APP     : RVC] sendNackMsgToTSP() remoteServiceType:4 
12-27 06:09:54.244 31361 31394 E APP     : RVC] getPropertyInt name : ResRunTimeCounter prop:1800 val:1800
12-27 06:09:54.244 31361 31394 E APP     : RVC] getPropertyInt name : ffhRemainingRunTime prop:0 val:0
12-27 06:09:54.244 31361 31394 E APP     : RVC] kvDBRx cfgName:engine_block_staus start 13082386
12-27 06:09:54.253 31361 31394 E APP     : RVC] kvDBRx cfgName:engine_block_staus 3 value:0(0) end 13082395 takes 9 ms
12-27 06:09:54.253 31361 31394 E APP     : RVC] [SEND NGTP MSG] type:4 second:0 millis:0
12-27 06:09:54.253 31361 31394 E APP     : RVC] sendNackMsgToTSP SKIP due to SLDD!!
12-27 06:09:54.253 31361 31394 E APP     : RVC] setRemoteserviceStateToSota 1 0x0 
