07-01 02:48:35.227   977  1452 I CSE_ConfigDb: read_data_db[lcf_table_remote] : key:0x52f363a5 value:120 status:0 CseEr_GetErrorCode:0 sql_status:0 token:683
07-01 02:48:35.227   977  1513 I ConfigDbClient: == wait for ReqKey:0x52f363a5, Req token[683]
07-01 02:48:35.227   977  1513 I ConfigDbClient: ==> [Req:Resp] table[lcf_table_remote] key[0x52f363a5:0x52f363a5], value[120], token[683:683]
07-01 02:48:35.227   978  1609 I <VSM>VehicleStatusManagerService: Query kvDB (PwmReceiveTimeHolidayMode)[lcf_table_remote:0x52f363a5] success. value(120)
07-01 02:48:35.227  1620  1653 I PowerModeTimer: readPowerTimerConfigValue : item PwmReceiveTimeHolidayMode, val : 120
07-01 02:48:35.227  1620  1653 V PowerModeTimer: resetTimerValue :id - 13, timer - 120
07-01 02:48:35.227  1620  1653 V PowerModeTimer: resetTimerValue :PwmReceiveTimeHolidayMode - 120000
07-01 02:48:35.231   977  1513 I ConfigDbClient: ReadKv, Key:0x505c6df3, token[684]
07-01 02:48:35.231   977  1513 I CSE_ConfigDb: received msg from teleVM:3 0x505c6df3, token:684
07-01 02:48:35.231   977  1452 I CSE_ConfigDb: CONFIGDB_CB_CMD_READ_KV
07-01 02:48:35.234   977  1452 I CSE_ConfigDb: read_data_db[lcf_table_remote] : key:0x505c6df3 value:0 status:0 CseEr_GetErrorCode:0 sql_status:0 token:684
07-01 02:48:35.234   977  1513 I ConfigDbClient: == wait for ReqKey:0x505c6df3, Req token[684]
07-01 02:48:35.234   977  1513 I ConfigDbClient: ==> [Req:Resp] table[lcf_table_remote] key[0x505c6df3:0x505c6df3], value[0], token[684:684]
07-01 02:48:35.234   978  1609 I <VSM>VehicleStatusManagerService: Query kvDB (PwmReceiveTimeUnprovisioned)[lcf_table_remote:0x505c6df3] success. value(0)
07-01 02:48:35.234  1620  1653 I PowerModeTimer: readPowerTimerConfigValue : item PwmReceiveTimeUnprovisioned, val : 0
07-01 02:48:35.235  1620  1653 V PowerModeTimer: resetTimerValue :id - 14, timer - 0
07-01 02:48:35.235  1620  1653 V PowerModeTimer: resetTimerValue :PwmReceiveTimeUnprovisioned - 0
07-01 02:48:35.236   977  1513 I ConfigDbClient: ReadKv, Key:0x504b6691, token[685]
07-01 02:48:35.236   977  1513 I CSE_ConfigDb: received msg from teleVM:3 0x504b6691, token:685
07-01 02:48:35.236   977  1452 I CSE_ConfigDb: CONFIGDB_CB_CMD_READ_KV
07-01 02:48:35.237   977  1452 I CSE_ConfigDb: read_data_db[lcf_table_remote] : key:0x504b6691 value:1814400 status:0 CseEr_GetErrorCode:0 sql_status:0 token:685
07-01 02:48:35.237   977  1513 I ConfigDbClient: == wait for ReqKey:0x504b6691, Req token[685]
07-01 02:48:35.237   977  1513 I ConfigDbClient: ==> [Req:Resp] table[lcf_table_remote] key[0x504b6691:0x504b6691], value[1814400], token[685:685]
07-01 02:48:35.237   978  1609 I <VSM>VehicleStatusManagerService: Query kvDB (PwmSecondPeriodicCycle)[lcf_table_remote:0x504b6691] success. value(1814400)
07-01 02:48:35.238  1620  1653 I PowerModeTimer: readPowerTimerConfigValue : item PwmSecondPeriodicCycle, val : 1814400
07-01 02:48:35.238  1620  1653 V PowerModeTimer: resetTimerValue :id - 15, timer - 1814400
07-01 02:48:35.238  1620  1653 V PowerModeTimer: resetTimerValue :PwmSecondPeriodicCycle - 1814400000
07-01 02:48:35.243   977  1513 I ConfigDbClient: ReadKv, Key:0x52f363d5, token[686]
07-01 02:48:35.243   977  1513 I CSE_ConfigDb: received msg from teleVM:3 0x52f363d5, token:686
07-01 02:48:35.243   987  1604 E CM_SPI  : MCU->MSM Type[01] Cat[05, 19] Cmd[01, 00] PayloadLen[0004] Payload[90 A2 FE 00]
07-01 02:48:35.244   977  1452 I CSE_ConfigDb: CONFIGDB_CB_CMD_READ_KV
07-01 02:48:35.244  1621  1889 E DiagService: notifyDtcResult dtcItemIndex 6, dtcResult 0xfe, faultCount 0
07-01 02:48:35.244  1621  1889 I DiagReadDTCInfo: receiveDTCResult dtcItemIndex 6, dtcResult 0xfe, faultCount 0
07-01 02:48:35.246   977  1452 I CSE_ConfigDb: read_data_db[lcf_table_remote] : key:0x52f363d5 value:1814400 status:0 CseEr_GetErrorCode:0 sql_status:0 token:686
07-01 02:48:35.246   977  1513 I ConfigDbClient: == wait for ReqKey:0x52f363d5, Req token[686]
07-01 02:48:35.247   977  1513 I ConfigDbClient: ==> [Req:Resp] table[lcf_table_remote] key[0x52f363d5:0x52f363d5], value[1814400], token[686:686]
07-01 02:48:35.247   978  1609 I <VSM>VehicleStatusManagerService: Query kvDB (PwmSecondPeriodicCycleHolidayMode)[lcf_table_remote:0x52f363d5] success. value(1814400)
07-01 02:48:35.247  1620  1653 I PowerModeTimer: readPowerTimerConfigValue : item PwmSecondPeriodicCycleHolidayMode, val : 1814400
07-01 02:48:35.247  1620  1653 V PowerModeTimer: resetTimerValue :id - 16, timer - 1814400
07-01 02:48:35.247  1620  1653 V PowerModeTimer: resetTimerValue :PwmSecondPeriodicCycleHolidayMode - 1814400000
07-01 02:48:35.249   977  1513 I ConfigDbClient: ReadKv, Key:0x505c70a2, token[687]
07-01 02:48:35.249   977  1513 I CSE_ConfigDb: received msg from teleVM:3 0x505c70a2, token:687
07-01 02:48:35.249   977  1452 I CSE_ConfigDb: CONFIGDB_CB_CMD_READ_KV
07-01 02:48:35.250   977  1452 I CSE_ConfigDb: read_data_db[lcf_table_remote] : key:0x505c70a2 value:0 status:0 CseEr_GetErrorCode:0 sql_status:0 token:687
07-01 02:48:35.250   977  1513 I ConfigDbClient: == wait for ReqKey:0x505c70a2, Req token[687]
07-01 02:48:35.250   977  1513 I ConfigDbClient: ==> [Req:Resp] table[lcf_table_remote] key[0x505c70a2:0x505c70a2], value[0], token[687:687]
07-01 02:48:35.251   978  1609 I <VSM>VehicleStatusManagerService: Query kvDB (PwmSecondPeriodicCycleUnprovisioned)[lcf_table_remote:0x505c70a2] success. value(0)
07-01 02:48:35.251  1620  1653 I PowerModeTimer: readPowerTimerConfigValue : item PwmSecondPeriodicCycleUnprovisioned, val : 0
07-01 02:48:35.251  1620  1653 V PowerModeTimer: resetTimerValue :id - 17, timer - 0
07-01 02:48:35.251  1620  1653 V PowerModeTimer: resetTimerValue :PwmSecondPeriodicCycleUnprovisioned - 0
07-01 02:48:35.254   977  1513 I ConfigDbClient: ReadKv, Key:0x4ffc6b45, token[688]
07-01 02:48:35.254   977  1513 I CSE_ConfigDb: received msg from teleVM:3 0x4ffc6b45, token:688
07-01 02:48:35.255   977  1452 I CSE_ConfigDb: CONFIGDB_CB_CMD_READ_KV
07-01 02:48:35.257   977  1452 I CSE_ConfigDb: read_data_db[lcf_table_remote] : key:0x4ffc6b45 value:86400 status:0 CseEr_GetErrorCode:0 sql_status:0 token:688
07-01 02:48:35.257   977  1513 I ConfigDbClient: == wait for ReqKey:0x4ffc6b45, Req token[688]
07-01 02:48:35.257   977  1513 I ConfigDbClient: ==> [Req:Resp] table[lcf_table_remote] key[0x4ffc6b45:0x4ffc6b45], value[86400], token[688:688]
07-01 02:48:35.257   978  1609 I <VSM>VehicleStatusManagerService: Query kvDB (PwmSleepTimeSecondCycle)[lcf_table_remote:0x4ffc6b45] success. value(86400)
07-01 02:48:35.257  1620  1653 I PowerModeTimer: readPowerTimerConfigValue : item PwmSleepTimeSecondCycle, val : 86400
07-01 02:48:35.257  1620  1653 V PowerModeTimer: resetTimerValue :id - 18, timer - 86400
07-01 02:48:35.257  1620  1653 V PowerModeTimer: resetTimerValue :PwmSleepTimeSecondCycle - 86400000
07-01 02:48:35.258   977  1513 I ConfigDbClient: ReadKv, Key:0x52f363cd, token[689]
07-01 02:48:35.258   977  1513 I CSE_ConfigDb: received msg from teleVM:3 0x52f363cd, token:689
07-01 02:48:35.259   977  1452 I CSE_ConfigDb: CONFIGDB_CB_CMD_READ_KV
07-01 02:48:35.260   977  1452 I CSE_ConfigDb: read_data_db[lcf_table_remote] : key:0x52f363cd value:86280 status:0 CseEr_GetErrorCode:0 sql_status:0 token:689
07-01 02:48:35.261   977  1513 I ConfigDbClient: == wait for ReqKey:0x52f363cd, Req token[689]
07-01 02:48:35.261   977  1513 I ConfigDbClient: ==> [Req:Resp] table[lcf_table_remote] key[0x52f363cd:0x52f363cd], value[86280], token[689:689]
07-01 02:48:35.261   978  1609 I <VSM>VehicleStatusManagerService: Query kvDB (PwmSleepTimeSecondCycleHolidayMode)[lcf_table_remote:0x52f363cd] success. value(86280)
07-01 02:48:35.261  1620  1653 I PowerModeTimer: readPowerTimerConfigValue : item PwmSleepTimeSecondCycleHolidayMode, val : 86280
07-01 02:48:35.261  1620  1653 V PowerModeTimer: resetTimerValue :id - 19, timer - 86280
07-01 02:48:35.261  1620  1653 V PowerModeTimer: resetTimerValue :PwmSleepTimeSecondCycleHolidayMode - 86280000
07-01 02:48:35.262   977  1513 I ConfigDbClient: ReadKv, Key:0x505c7046, token[690]
07-01 02:48:35.262   977  1513 I CSE_ConfigDb: received msg from teleVM:3 0x505c7046, token:690
07-01 02:48:35.263   977  1452 I CSE_ConfigDb: CONFIGDB_CB_CMD_READ_KV
07-01 02:48:35.265   977  1452 I CSE_ConfigDb: read_data_db[lcf_table_remote] : key:0x505c7046 value:0 status:0 CseEr_GetErrorCode:0 sql_status:0 token:690
07-01 02:48:35.265   977  1513 I ConfigDbClient: == wait for ReqKey:0x505c7046, Req token[690]
07-01 02:48:35.265   977  1513 I ConfigDbClient: ==> [Req:Resp] table[lcf_table_remote] key[0x505c7046:0x505c7046], value[0], token[690:690]
07-01 02:48:35.265   978  1609 I <VSM>VehicleStatusManagerService: Query kvDB (PwmSleepTimeSecondCycleUnprovisioned)[lcf_table_remote:0x505c7046] success. value(0)
07-01 02:48:35.266  1620  1653 I PowerModeTimer: readPowerTimerConfigValue : item PwmSleepTimeSecondCycleUnprovisioned, val : 0
07-01 02:48:35.267  1620  1653 V PowerModeTimer: resetTimerValue :id - 20, timer - 0
07-01 02:48:35.267  1620  1653 V PowerModeTimer: resetTimerValue :PwmSleepTimeSecondCycleUnprovisioned - 0
07-01 02:48:35.270   977  1513 I ConfigDbClient: ReadKv, Key:0x4ffc6a2a, token[691]
07-01 02:48:35.270   977  1513 I CSE_ConfigDb: received msg from teleVM:3 0x4ffc6a2a, token:691
07-01 02:48:35.271   977  1452 I CSE_ConfigDb: CONFIGDB_CB_CMD_READ_KV
07-01 02:48:35.275   977  1452 I CSE_ConfigDb: read_data_db[lcf_table_remote] : key:0x4ffc6a2a value:120 status:0 CseEr_GetErrorCode:0 sql_status:0 token:691
07-01 02:48:35.276   977  1513 I ConfigDbClient: == wait for ReqKey:0x4ffc6a2a, Req token[691]
07-01 02:48:35.276   977  1513 I ConfigDbClient: ==> [Req:Resp] table[lcf_table_remote] key[0x4ffc6a2a:0x4ffc6a2a], value[120], token[691:691]
07-01 02:48:35.277   978  1609 I <VSM>VehicleStatusManagerService: Query kvDB (PwmReceiveTimeSecondCycle)[lcf_table_remote:0x4ffc6a2a] success. value(120)
07-01 02:48:35.277  1620  1653 I PowerModeTimer: readPowerTimerConfigValue : item PwmReceiveTimeSecondCycle, val : 120
07-01 02:48:35.277  1620  1653 V PowerModeTimer: resetTimerValue :id - 21, timer - 120
07-01 02:48:35.277  1620  1653 V PowerModeTimer: resetTimerValue :PwmReceiveTimeSecondCycle - 120000
07-01 02:48:35.278   977  1513 I ConfigDbClient: ReadKv, Key:0x52f363c6, token[692]
07-01 02:48:35.278   977  1513 I CSE_ConfigDb: received msg from teleVM:3 0x52f363c6, token:692
07-01 02:48:35.279   977  1452 I CSE_ConfigDb: CONFIGDB_CB_CMD_READ_KV
07-01 02:48:35.281   977  1452 I CSE_ConfigDb: read_data_db[lcf_table_remote] : key:0x52f363c6 value:120 status:0 CseEr_GetErrorCode:0 sql_status:0 token:692
07-01 02:48:35.281   977  1513 I ConfigDbClient: == wait for ReqKey:0x52f363c6, Req token[692]
07-01 02:48:35.281   977  1513 I ConfigDbClient: ==> [Req:Resp] table[lcf_table_remote] key[0x52f363c6:0x52f363c6], value[120], token[692:692]
07-01 02:48:35.281   978  1609 I <VSM>VehicleStatusManagerService: Query kvDB (PwmReceiveTimeSecondCycleHolidayMode)[lcf_table_remote:0x52f363c6] success. value(120)
07-01 02:48:35.281  1620  1653 I PowerModeTimer: readPowerTimerConfigValue : item PwmReceiveTimeSecondCycleHolidayMode, val : 120
07-01 02:48:35.281  1620  1653 V PowerModeTimer: resetTimerValue :id - 22, timer - 120
07-01 02:48:35.281  1620  1653 V PowerModeTimer: resetTimerValue :PwmReceiveTimeSecondCycleHolidayMode - 120000
07-01 02:48:35.283   977  1513 I ConfigDbClient: ReadKv, Key:0x505c6fc8, token[693]
07-01 02:48:35.283   977  1513 I CSE_ConfigDb: received msg from teleVM:3 0x505c6fc8, token:693
07-01 02:48:35.283   977  1452 I CSE_ConfigDb: CONFIGDB_CB_CMD_READ_KV
07-01 02:48:35.285   977  1452 I CSE_ConfigDb: read_data_db[lcf_table_remote] : key:0x505c6fc8 value:0 status:0 CseEr_GetErrorCode:0 sql_status:0 token:693
07-01 02:48:35.285   977  1513 I ConfigDbClient: == wait for ReqKey:0x505c6fc8, Req token[693]
07-01 02:48:35.285   977  1513 I ConfigDbClient: ==> [Req:Resp] table[lcf_table_remote] key[0x505c6fc8:0x505c6fc8], value[0], token[693:693]
07-01 02:48:35.285   978  1609 I <VSM>VehicleStatusManagerService: Query kvDB (PwmReceiveTimeSecondCycleUnprovisioned)[lcf_table_remote:0x505c6fc8] success. value(0)
07-01 02:48:35.286  1620  1653 I PowerModeTimer: readPowerTimerConfigValue : item PwmReceiveTimeSecondCycleUnprovisioned, val : 0
07-01 02:48:35.286  1620  1653 V PowerModeTimer: resetTimerValue :id - 23, timer - 0
07-01 02:48:35.286  1620  1653 V PowerModeTimer: resetTimerValue :PwmReceiveTimeSecondCycleUnprovisioned - 0
07-01 02:48:35.287   977  1513 I ConfigDbClient: ReadKv, Key:0x52f8f46e, token[694]
07-01 02:48:35.287   977  1513 I CSE_ConfigDb: received msg from teleVM:3 0x52f8f46e, token:694
07-01 02:48:35.291   977  1452 I CSE_ConfigDb: CONFIGDB_CB_CMD_READ_KV
07-01 02:48:35.303   977  1452 I CSE_ConfigDb: read_data_db[lcf_table_remote] : key:0x52f8f46e value:86400 status:0 CseEr_GetErrorCode:0 sql_status:0 token:694
07-01 02:48:35.304   977  1513 I ConfigDbClient: == wait for ReqKey:0x52f8f46e, Req token[694]
07-01 02:48:35.304   977  1513 I ConfigDbClient: ==> [Req:Resp] table[lcf_table_remote] key[0x52f8f46e:0x52f8f46e], value[86400], token[694:694]
07-01 02:48:35.304   978  1609 I <VSM>VehicleStatusManagerService: Query kvDB (HmWakeupDuration_s)[lcf_table_remote:0x52f8f46e] success. value(86400)
07-01 02:48:35.304  1620  1653 I PowerModeTimer: readPowerTimerConfigValue : item HmWakeupDuration_s, val : 86400
07-01 02:48:35.304  1620  1653 V PowerModeTimer: resetTimerValue :id - 24, timer - 86400
07-01 02:48:35.304  1620  1653 V PowerModeTimer: resetTimerValue :HmWakeupDuration_s - 86400000
07-01 02:48:35.305   598   598 I         : [SYSTEMPROPERTY] failed to get (sys.scheduled.set)'s value[-1]
07-01 02:48:35.305  1620  1653 D PowerModeTimer: get [sys.scheduled.set] property is error!!
07-01 02:48:35.305  1628  1658 I OperationModeManagerImpl: getCurrentOperationMode: return current mode: :4
07-01 02:48:35.305  1620  1653 I PowerModeTimer: adjustTimerID : original:6  adjusted id: 6 OperationalMode:4
07-01 02:48:35.305  1620  1653 V PowerModeTimer: getTimerValue :PwmFirstPeriodicCycle - 518400000
07-01 02:48:35.305   598   598 I         : [SYSTEMPROPERTY] failed to get (sys.scheduled.set)'s value[-1]
07-01 02:48:35.306  1620  1653 D PowerModeTimer: get [sys.scheduled.set] property is error!!
07-01 02:48:35.306  1628  1658 I OperationModeManagerImpl: getCurrentOperationMode: return current mode: :4
07-01 02:48:35.306  1620  1653 I PowerModeTimer: adjustTimerID : original:9  adjusted id: 9 OperationalMode:4
07-01 02:48:35.306  1620  1653 V PowerModeTimer: getTimerValue :PwmSleepTime - 14400000
07-01 02:48:35.306   598   598 I         : [SYSTEMPROPERTY] failed to get (sys.scheduled.set)'s value[-1]
07-01 02:48:35.306  1620  1653 D PowerModeTimer: get [sys.scheduled.set] property is error!!
07-01 02:48:35.307  1628  1658 I OperationModeManagerImpl: getCurrentOperationMode: return current mode: :4
07-01 02:48:35.308  1620  1653 I PowerModeTimer: adjustTimerID : original:12  adjusted id: 12 OperationalMode:4
07-01 02:48:35.308  1620  1653 V PowerModeTimer: getTimerValue :PwmReceiveTime - 120000
07-01 02:48:35.308  1620  1653 V PowerTimerManager: getPollCnt 1: total 518400000 sleep:14400000 recv:120000 count:35
07-01 02:48:35.309   598   598 I         : [SYSTEMPROPERTY] failed to get (sys.scheduled.set)'s value[-1]
07-01 02:48:35.309  1620  1653 D PowerModeTimer: get [sys.scheduled.set] property is error!!
07-01 02:48:35.309  1628  1658 I OperationModeManagerImpl: getCurrentOperationMode: return current mode: :4
07-01 02:48:35.310  1620  1653 I PowerModeTimer: adjustTimerID : original:15  adjusted id: 15 OperationalMode:4
07-01 02:48:35.310  1620  1653 V PowerModeTimer: getTimerValue :PwmSecondPeriodicCycle - 1814400000
07-01 02:48:35.310   598   598 I         : [SYSTEMPROPERTY] failed to get (sys.scheduled.set)'s value[-1]
07-01 02:48:35.311  1620  1653 D PowerModeTimer: get [sys.scheduled.set] property is error!!
07-01 02:48:35.314  1628  1658 I OperationModeManagerImpl: getCurrentOperationMode: return current mode: :4
07-01 02:48:35.315  1620  1653 I PowerModeTimer: adjustTimerID : original:18  adjusted id: 18 OperationalMode:4
07-01 02:48:35.315  1620  1653 V PowerModeTimer: getTimerValue :PwmSleepTimeSecondCycle - 86400000
07-01 02:48:35.316   598   598 I         : [SYSTEMPROPERTY] failed to get (sys.scheduled.set)'s value[-1]
07-01 02:48:35.317  1620  1653 D PowerModeTimer: get [sys.scheduled.set] property is error!!
07-01 02:48:35.317  1628  1658 I OperationModeManagerImpl: getCurrentOperationMode: return current mode: :4
07-01 02:48:35.317  1620  1653 I PowerModeTimer: adjustTimerID : original:21  adjusted id: 21 OperationalMode:4
07-01 02:48:35.317  1620  1653 V PowerModeTimer: getTimerValue :PwmReceiveTimeSecondCycle - 120000
07-01 02:48:35.317  1620  1653 V PowerTimerManager: getPollCnt 2: total 1814400000 sleep:86400000 recv:120000 count:20
07-01 02:48:35.322   598   598 I         : [SYSTEMPROPERTY] failed to get (sys.scheduled.set)'s value[-1]
07-01 02:48:35.322  1620  1653 D PowerModeTimer: get [sys.scheduled.set] property is error!!
07-01 02:48:35.323  1628  1658 I OperationModeManagerImpl: getCurrentOperationMode: return current mode: :4
07-01 02:48:35.323  1620  1653 I PowerModeTimer: adjustTimerID : original:0  adjusted id: 0 OperationalMode:4
07-01 02:48:35.323  1620  1653 V PowerModeTimer: getTimerValue :PwmInitialReceiveTime - 86400000
07-01 02:48:35.323  1620  1653 I PowerTimerManager: initTiming : id:0 's duration is 86400000. next is STATE_LISTEN_1 
07-01 02:48:35.354   987  1604 E CM_SPI  : MCU->MSM Type[01] Cat[05, 19] Cmd[01, 00] PayloadLen[0004] Payload[05 60 00 F8]
07-01 02:48:35.355  1621  1889 E DiagService: notifyDtcResult dtcItemIndex 2, dtcResult 0x0, faultCount -8
07-01 02:48:35.355  1621  1889 I DiagReadDTCInfo: receiveDTCResult dtcItemIndex 2, dtcResult 0x0, faultCount -8
07-01 02:48:35.708  1731  1737 V KeepPower: KeepPower acquire module id: 122,keepPowerID:0, releaseTime 180
07-01 02:48:35.709  1620  1620 E PowerManagerImpl: acquireKeepPowerInternal id:0, mKeepPowerFlag 0x80000004, canstate 1
07-01 02:48:35.709  1620  1620 V PowerManagerImpl: startKeepPowerAutoRelTimer : minLife 180
07-01 02:48:35.711  1620  1620 I BootModeAPI: LGE read BootMode = normal
07-01 02:48:35.711  1620  1620 I BootModeAPI: LGE BootMode set value = 0x1000000
07-01 02:48:35.717  1710  1712 E SQLiteDatabase: executeSql : BEGIN TRANSACTION;
07-01 02:48:35.717  1710  1712 E SQLiteDatabase: executeSql : UPDATE can set value = '7' , update_time = '2022-7-1 2:48:35' where rowid = 668;
07-01 02:48:35.718  1710  1712 E SQLiteDatabase: executeSql : COMMIT;
07-01 02:48:35.727  1731  1750 E TELE    : UNSOL_SIM_REFRESH {2, , 0}
07-01 02:48:35.728  1731  1750 E TELE    : SET_SIM_CARD_POWER_UP < [297] {void}
07-01 02:48:35.728  1731  1750 V KeepPower: KeepPower release module id: 122, keepPowerID:0
07-01 02:48:35.728  1620  1620 E PowerManagerImpl: releaseKeepPowerInternal id:0, mKeepPowerFlag 0x80000005, canstate
07-01 02:48:36.126  1753  9286 V Location:ServiceStub: getLoastLocationData
07-01 02:48:36.667   987  1595 E CommunicationManagerService: KICK DOG(69)
07-01 02:48:36.786   976  1481 I LocationServer: droutput:lat:1.570796,lon:3.141593,alt:0.000000
07-01 02:48:37.110  1621  1707 I DiagReadDTCHandler: checkSimCardError simStatus 8, simError[2]
07-01 02:48:37.110  1621  1707 I DiagReadDTCHandler: checkSimCardError retry checking SimdCard currentDtc[fe], retryCheckingCnt[0]
07-01 02:48:37.110  1621  1707 I DiagReadDTCHandler: checkSimCardError SimCard DTC uncertain, currentDtc[fe]
07-01 02:48:37.110  1621  1707 E DiagService: notifyDtcResult dtcItemIndex 16, dtcResult 0xfe, faultCount 0
07-01 02:48:37.110  1621  1707 I DiagReadDTCInfo: receiveDTCResult dtcItemIndex 16, dtcResult 0xfe, faultCount 0
07-01 02:48:37.133  1753  9286 V Location:ServiceStub: getLoastLocationData
07-01 02:48:37.587  1731  1737 E TELE    : GET_SIM_STATUS > [303]
07-01 02:48:37.592  1731  1750 E TELE    : GET_SIM_STATUS < [303] CARDSTATE_PRESENT 0
07-01 02:48:37.598  1621  1621 I DiagTelephonyReceiver: onSimStateChanged simState 6
07-01 02:48:37.599  1621  1889 I DiagReceiverHandler: handleMessage simStatus 6, simError[0]
07-01 02:48:37.599  1621  1889 I DiagReceiverHandler: requestDTCResultSimCard simState 6, simError 0 simDtcStatus fe,faultCount 0
07-01 02:48:37.599  1621  1621 I DiagTelephonyReceiver: onSimErrorChanged simError 0
07-01 02:48:37.600  1621  1889 I DiagReceiverHandler: handleMessage DIAG_ON_SIM_ERROR_CHANGE, arg1[0x0]
07-01 02:48:37.603  1621  1707 I DiagReadDTCHandler: checkSimCardError simStatus 6, simError[0]
07-01 02:48:37.603  1621  1707 I DiagReadDTCHandler: checkSimCardError retry checking SimdCard currentDtc[fe], retryCheckingCnt[0]
07-01 02:48:37.603  1621  1707 I DiagReadDTCHandler: checkSimCardError SimCard DTC uncertain, currentDtc[fe]
07-01 02:48:37.603  1621  1707 E DiagService: notifyDtcResult dtcItemIndex 16, dtcResult 0xfe, faultCount 0
07-01 02:48:37.603  1621  1707 I DiagReadDTCInfo: receiveDTCResult dtcItemIndex 16, dtcResult 0xfe, faultCount 0
07-01 02:48:37.637  1731  1737 E TELE    : GET_SIM_STATUS > [304]
07-01 02:48:37.645  1731  1750 E TELE    : GET_SIM_STATUS < [304] CARDSTATE_PRESENT 0
07-01 02:48:37.655   975  1524 E SPIClient_can: CL-ISPI_CSPB_OSC
07-01 02:48:37.655   975  1524 E SPIClient_can: RCV CB Single(0), Group(0)
07-01 02:48:37.657   975  1638 E SPIClient_can: MSG_CAN_BUS_STATE
07-01 02:48:37.657   975  1638 E SPIClient_can: CB_1
07-01 02:48:37.748  1896 18386 V RVM_NS  : [handlerFunction:1106] TIMER_SAVE_FILE_QUEUED_MESSAGE is expired -> SaveQueueToFile()
07-01 02:48:37.748  1896 18386 V RVM_NS  : [SaveQueueToFile:325] RVM_NGTPMessageQueue:SaveQueueToFile !
07-01 02:48:37.748  1896 18386 V RVM_NS  : [saveQueueData:249] RVM_NGTPMessageQueue:saveQueueData_Start
07-01 02:48:37.748  1896 18386 V         : FileStore delete_file
07-01 02:48:37.774  1896 18386 V         : FileStore delete_file [/data/apps/rvm/RVM_NGTP_Messsage_Queue.dat][0/500]
07-01 02:48:37.774  1896 18386 E APP     : [GetQueueCount] GetQueueCount : message type = [5], count = [70], total count = [70]
07-01 02:48:37.775  1896 18386 D RVM_NS  : [GetQueueCount:405] GetQueueCount : message type = [5], count = [70], total count = [70]
07-01 02:48:37.775  1896 18386 V         : FileStore write_seq_begin Count[70], MaxCount[500]
07-01 02:48:37.775  1896 18386 V         : FileStore write_seq_item idx[0], PreCount[70], BufCount[1]
07-01 02:48:37.775  1896 18386 V         : FileStore write_seq_item idx[50], PreCount[70], BufCount[51]
07-01 02:48:37.775  1896 18386 V         : FileStore write_seq_item idx[69], PreCount[70], BufCount[70]
07-01 02:48:37.775  1896 18386 V         : FileStore write_seq_done PreCount[70], DoneCount[0], MaxCount[500]
07-01 02:48:37.781  1896 18386 V RVM_NS  : [saveQueueData:310] saved count in FileStore = 70
07-01 02:48:37.781  1896 18386 V RVM_NS  : [saveQueueData:312] RVM_NGTPMessageQueue:saveQueueData_END
07-01 02:48:37.847  1731  1737 E TELE    : GET_SIM_STATUS > [305]
07-01 02:48:37.847  1731  1737 E TELE    : GET_SIM_STATUS > [306]
07-01 02:48:37.850  1731  1750 E TELE    : GET_SIM_STATUS < [305] CARDSTATE_PRESENT 0
07-01 02:48:37.851  1731  1750 E TELE    : GET_SIM_STATUS < [306] CARDSTATE_PRESENT 0
07-01 02:48:38.015   987  1604 E CM_SPI  : MCU->MSM Type[02] Cat[04, 00] Cmd[D1, 00] PayloadLen[0006] Payload[16 07 01 02 30 25]
07-01 02:48:38.015  1627  6614 V FactoryImpl: onReceive MCU type[x2], cate[x4], subcate[x0], cmd[209], cmd2[x0]
07-01 02:48:38.015  1627  6614 V FactoryUtil: onReceive MCU param[x02][xD1][x00], bufSize[6:6]:[x16][x07][x01][x02][x30][x25]...
07-01 02:48:38.016  1627  1677 V FactoryUtil: handleMessage FACTORY_IMPL_RES_FR_MCU_EDU param[x04][xD1][x00], bufSize[6:6]:[x16][x07][x01][x02][x30][x25]...
07-01 02:48:38.016  1627  1677 V FactoryEdu: procEduResCommand cate[x04], subCate[x00], cmd[xD1], cmd2[x00]
07-01 02:48:38.016  1627  1677 V FactoryUtil: Res Buffer  bufSize[6]
07-01 02:48:38.016  1627  1677 V FactoryUtil: [x16][x07][x01][x02][x30][x25]
07-01 02:48:38.016  1627  1677 V FactoryEdu: procEduResCommand cmd not define cate[x04], subCate[x00], cmd[xD1], cmd2[x00]
07-01 02:48:38.095  1731  1737 E TELE    : SST(RAW)[CS:3->6][PS:3->2]
07-01 02:48:38.102  1621  1621 I DiagTelephonyReceiver: onServiceStateChanged serviceState 1
07-01 02:48:38.103  1665  1665 E NetworkManagerService: ### onServiceStatesChanged: serviceState = 1,1,home,home,,,,,,,auto,Unknown,Unknown,EmergOnly=false
07-01 02:48:38.105  1665  1665 E NetworkManagerService: ### onServiceStateChanged: state = 1
07-01 02:48:38.105  1621  1889 I DiagReceiverHandler: handleMessage networkRegiStatus is chaged 6
07-01 02:48:38.106  1621  1889 I DiagRWDataByID: onChangedTelephonyItem, telephony did [a095]
07-01 02:48:38.107   980  1507 I DiagClient: [0x06]
07-01 02:48:38.108  1665  1680 E NetworkManagerService: RECV TELEPHONY_SERVICE_STATES_MESSAGE : reg=0, carrier='', Mode=0, data=0
07-01 02:48:38.108  1665  1680 E NetworkManagerService: SendImportantNetworkRelatedEvents : registrate=0, conn=0, carrier=
07-01 02:48:38.109  1665  1680 I NetworkManagerService: Notification [ cellularConnectionModeNoti ] L=(1) count=(716) err=(17): 00 00 00 00
07-01 02:48:38.111  1665  1680 I NetworkManagerService: Notification [ cellularConnectivityStatusNoti ] L=(1) count=(717) err=(17): 00 00 00 00
07-01 02:48:38.112   980  1454 V DiagClient: AppEvent[a095] Size[1]
07-01 02:48:38.114  1621  1889 I DiagReceiverHandler: handleMessage mccmnc is chaged 
07-01 02:48:38.115  1621  1889 I DiagRWDataByID: onChangedTelephonyItem, telephony did [41b3]
07-01 02:48:38.116   980  1454 V DiagClient: appEvent [41b3] Payload Size = 0
07-01 02:48:38.135  1753  9286 V Location:ServiceStub: getLoastLocationData
07-01 02:48:38.144  1731  1737 E TELE    : GET_SIM_STATUS > [319]
07-01 02:48:38.151  1731  1750 E TELE    : GET_SIM_STATUS < [319] CARDSTATE_PRESENT 0
07-01 02:48:38.154  1621  1621 I DiagTelephonyReceiver: onSimStateChanged simState 0
07-01 02:48:38.157  1621  1889 I DiagReceiverHandler: handleMessage simStatus 0, simError[0]
07-01 02:48:38.157  1621  1889 I DiagReceiverHandler: requestDTCResultSimCard simState 0, simError 0 simDtcStatus fe,faultCount 0
07-01 02:48:38.173  1621  1707 I DiagReadDTCHandler: checkSimCardError simStatus 0, simError[0]
07-01 02:48:38.173  1621  1707 I DiagReadDTCHandler: checkSimCardError retry checking SimdCard currentDtc[fe], retryCheckingCnt[0]
07-01 02:48:38.173  1621  1707 I DiagReadDTCHandler: checkSimCardError SimCard DTC uncertain, currentDtc[fe]
07-01 02:48:38.173  1621  1707 E DiagService: notifyDtcResult dtcItemIndex 16, dtcResult 0xfe, faultCount 0
07-01 02:48:38.173  1621  1707 I DiagReadDTCInfo: receiveDTCResult dtcItemIndex 16, dtcResult 0xfe, faultCount 0
07-01 02:48:38.241  1621  1707 I DiagReadDTCHandler: checkGsmGprsUnit send PrePASS
07-01 02:48:38.241  1621  1707 I DiagReadDTCHandler: checkGsmGprsUnit dtcId[9179] dtcName[GSM_GPRS_UNIT] currentlDtcResult[0] faultCount[-100]
07-01 02:48:38.242  1621  1889 I DiagReceiverHandler: handleMessage GSM_GPRS_DTC faultType 0x0, faultCount -100
07-01 02:48:38.242  1621  1889 E DiagService: notifyDtcResult dtcItemIndex 21, dtcResult 0x0, faultCount -100
07-01 02:48:38.242  1621  1889 I DiagReadDTCInfo: receiveDTCResult dtcItemIndex 21, dtcResult 0x0, faultCount -100
07-01 02:48:38.242  1621  1889 I DiagReadDTCInfo: notifyChangedPreviousDtcResult, itemIndex[21], dtcId[9179], previousResult[ff],currentResult[ 0], previousCount[ 0],faultCount[ffffff9c]..
07-01 02:48:38.242   980  1507 I DiagClient: appDTC dtcId 0x9179 faultType 0x0 faultCnt -100
07-01 02:48:38.242   980  1507 I DiagClient: appDTC y[2022] m[7] d[1] h[2] m[48] s[38] timeData 0x31c22c26
07-01 02:48:38.242   980  1454 V DiagClient: Send DTC Data!
07-01 02:48:38.242   980  1454 V DiagClient: appDTC function dtc_id 0x917900 status 0x0000 faultCnt 0x009C timeStamp 31c22c26
07-01 02:48:38.242  1621  1889 I DiagReadDTCInfo: notifyDtcResultToDiagServer send to IdiagClient dtcId 0x9179 faultType 0x0 faultCount [-100]
07-01 02:48:38.246  1710  1712 E SQLiteDatabase: executeSql : BEGIN TRANSACTION;
07-01 02:48:38.246  1710  1712 E SQLiteDatabase: executeSql : UPDATE can set value = '0.000000' , update_time = '2022-7-1 2:48:38' where rowid = 270;
07-01 02:48:38.247  1710  1712 E SQLiteDatabase: executeSql : UPDATE can set value = '1' , update_time = '2022-7-1 2:48:38' where rowid = 271;
07-01 02:48:38.247  1710  1712 E SQLiteDatabase: executeSql : UPDATE can set value = '0' , update_time = '2022-7-1 2:48:38' where rowid = 704;
07-01 02:48:38.247  1710  1712 E SQLiteDatabase: executeSql : COMMIT;
07-01 02:48:38.355   987  1604 E CM_SPI  : MCU->MSM Type[01] Cat[05, 19] Cmd[01, 00] PayloadLen[0004] Payload[05 60 00 80]
07-01 02:48:38.355  1621  1889 E DiagService: notifyDtcResult dtcItemIndex 2, dtcResult 0x0, faultCount -128
07-01 02:48:38.355  1621  1889 I DiagReadDTCInfo: receiveDTCResult dtcItemIndex 2, dtcResult 0x0, faultCount -128
07-01 02:48:38.355  1621  1889 I DiagReadDTCInfo: notifyDtcResultToRegiedApp notify changed DTC status
07-01 02:48:38.356  1621  1889 I BpDiagManagerReceiver: BP_onDtcChanged
07-01 02:48:38.356  1621  1889 I DiagReadDTCInfo: notifyDtcResultToRegiedApp notify changed DTC status
07-01 02:48:38.356  1621  1889 I BpDiagManagerReceiver: BP_onDtcChanged
07-01 02:48:38.356  1895  1934 I BpDiagManagerReceiver: TRANSACT_DIAG_ONDTCCHANGED dtcItemIndex[2] dtcResult[0]
07-01 02:48:38.356  1621  1889 I DiagReadDTCInfo: notifyDtcResultToRegiedApp notify changed DTC status
07-01 02:48:38.356  1621  1889 I BpDiagManagerReceiver: BP_onDtcChanged
07-01 02:48:38.356  1621  1889 I DiagReadDTCInfo: notifyDtcResultToRegiedApp notify changed DTC status
07-01 02:48:38.356  1621  1889 I BpDiagManagerReceiver: BP_onDtcChanged
07-01 02:48:38.356  1891 17839 I BpDiagManagerReceiver: TRANSACT_DIAG_ONDTCCHANGED dtcItemIndex[2] dtcResult[0]
07-01 02:48:38.356  1623  1878 I BpDiagManagerReceiver: TRANSACT_DIAG_ONDTCCHANGED dtcItemIndex[2] dtcResult[0]
07-01 02:48:38.356  1621  1889 I DiagReadDTCInfo: notifyDtcResultToRegiedApp notify changed DTC status
07-01 02:48:38.356  1621  1889 I BpDiagManagerReceiver: BP_onDtcChanged
07-01 02:48:38.356  1714 18073 I BpDiagManagerReceiver: TRANSACT_DIAG_ONDTCCHANGED dtcItemIndex[2] dtcResult[0]
07-01 02:48:38.356  1897 18071 I BpDiagManagerReceiver: TRANSACT_DIAG_ONDTCCHANGED dtcItemIndex[2] dtcResult[0]
07-01 02:48:38.391  1621 18482 I DiagManagerService: onWatchDog Kick
07-01 02:48:38.701  1895 18519 I RVC_timer: [TIMER_PARK_CLIMATE_MIN_STATUS_WAIT] 23 timer expired. currState auto:1 stop:1 vent:1 heat:1
07-01 02:48:38.701  1895 18519 E APP     : RVC] [TIMER_PARK_CLIMATE_MIN_STATUS_WAIT] 23 timer expired. currState auto:1 stop:1 vent:1 heat:1
07-01 02:48:38.702  1710  1769 V CANManagerService: getCANData() : index(260) / value(0)
07-01 02:48:38.703  1895 18519 I RVC_can : cmsCanRx FFHOperatingStatus : 0
07-01 02:48:38.703  1895 18519 E APP     : RVC] cmsCanRx FFHOperatingStatus : 0
07-01 02:48:38.703  1710  1769 V CANManagerService: getCANData() : index(613) / value(0)
07-01 02:48:38.704  1895 18519 I RVC_can : cmsCanRx ParkClimateMode : 0
07-01 02:48:38.704  1895 18519 E APP     : RVC] cmsCanRx ParkClimateMode : 0
07-01 02:48:38.705  1710  1769 V CANManagerService: getCANData() : index(614) / value(9)
07-01 02:48:38.706  1895 18519 I RVC_can : cmsCanRx ParkHeatVentTime : 9
07-01 02:48:38.706  1895 18519 E APP     : RVC] cmsCanRx ParkHeatVentTime : 9
07-01 02:48:38.707  1710  1769 V CANManagerService: getCANData() : index(929) / value(0)
07-01 02:48:38.707  1895 18519 I RVC_can : cmsCanRx TimerActivationStatus : 0
07-01 02:48:38.709  1895 18519 E APP     : RVC] cmsCanRx TimerActivationStatus : 0
07-01 02:48:38.709  1710  1769 V CANManagerService: getCANData() : index(927) / value(0)
07-01 02:48:38.710  1895 18519 I RVC_can : cmsCanRx Timer1Time : 0
07-01 02:48:38.711  1895 18519 E APP     : RVC] cmsCanRx Timer1Time : 0
07-01 02:48:38.711  1710  1769 V CANManagerService: getCANData() : index(928) / value(0)
07-01 02:48:38.712  1895 18519 I RVC_can : cmsCanRx Timer2Time : 0
07-01 02:48:38.712  1895 18519 E APP     : RVC] cmsCanRx Timer2Time : 0
07-01 02:48:38.713  1895 18519 D RVC     : updateParkClimateStatusSampling 0, 0(0), 9, 0
07-01 02:48:38.742  1731  1737 E TELE    : GET_SIM_STATUS > [321]
07-01 02:48:38.748  1731  1750 E TELE    : GET_SIM_STATUS < [321] CARDSTATE_PRESENT 0
07-01 02:48:38.748  1731  1737 E TELE    : GET_SIM_ACTIVE_PROFILE > [324]
07-01 02:48:38.751  1621  1621 I DiagTelephonyReceiver: onSimStateChanged simState 5
07-01 02:48:38.752  1621  1889 I DiagReceiverHandler: handleMessage simStatus 5, simError[0]
07-01 02:48:38.752  1621  1889 I DiagReceiverHandler: requestDTCResultSimCard simState 5, simError 0 simDtcStatus  0,faultCount -128
07-01 02:48:38.755  1621  1707 I DiagReadDTCHandler: checkSimCardError simStatus 5, simError[0]
07-01 02:48:38.755  1621  1707 I DiagReadDTCHandler: checkSimCardError retry checking SimdCard currentDtc[0], retryCheckingCnt[0]
07-01 02:48:38.755  1621  1707 I DiagReadDTCHandler: checkSimCardError SimCard DTC Normal
07-01 02:48:38.755  1621  1707 E DiagService: notifyDtcResult dtcItemIndex 16, dtcResult 0x0, faultCount -128
07-01 02:48:38.755  1621  1707 I DiagReadDTCInfo: receiveDTCResult dtcItemIndex 16, dtcResult 0x0, faultCount -128
07-01 02:48:38.755  1621  1707 I DiagReadDTCInfo: notifyChangedPreviousDtcResult, itemIndex[16], dtcId[916f], previousResult[ff],currentResult[ 0], previousCount[ 0],faultCount[ffffff80]..
07-01 02:48:38.755   980  1507 E DIAG    : appDTC dtcId 0x916f faultType 0x0 faultCnt -128
07-01 02:48:38.755   980  1507 I DiagClient: appDTC y[2022] m[7] d[1] h[2] m[48] s[38] timeData 0x31c22c26
07-01 02:48:38.755  1621  1707 I DiagReadDTCInfo: notifyDtcResultToDiagServer send to IdiagClient dtcId 0x916f faultType 0x0 faultCount [-128]
07-01 02:48:38.755  1621  1707 I DiagReadDTCInfo: notifyDtcResultToRegiedApp notify changed DTC status
07-01 02:48:38.755  1621  1707 I BpDiagManagerReceiver: BP_onDtcChanged
07-01 02:48:38.755  1621  1707 I DiagReadDTCInfo: notifyDtcResultToRegiedApp notify changed DTC status
07-01 02:48:38.755  1621  1707 I BpDiagManagerReceiver: BP_onDtcChanged
07-01 02:48:38.755  1621  1707 I DiagReadDTCInfo: notifyDtcResultToRegiedApp notify changed DTC status
07-01 02:48:38.755  1621  1707 I BpDiagManagerReceiver: BP_onDtcChanged
07-01 02:48:38.755  1895  1934 I BpDiagManagerReceiver: TRANSACT_DIAG_ONDTCCHANGED dtcItemIndex[16] dtcResult[0]
07-01 02:48:38.755  1621  1707 I DiagReadDTCInfo: notifyDtcResultToRegiedApp notify changed DTC status
07-01 02:48:38.755  1621  1707 I BpDiagManagerReceiver: BP_onDtcChanged
07-01 02:48:38.755  1891 17839 I BpDiagManagerReceiver: TRANSACT_DIAG_ONDTCCHANGED dtcItemIndex[16] dtcResult[0]
07-01 02:48:38.756  1621  1707 I DiagReadDTCInfo: notifyDtcResultToRegiedApp notify changed DTC status
07-01 02:48:38.756  1621  1707 I BpDiagManagerReceiver: BP_onDtcChanged
07-01 02:48:38.756  1623  1878 I BpDiagManagerReceiver: TRANSACT_DIAG_ONDTCCHANGED dtcItemIndex[16] dtcResult[0]
07-01 02:48:38.756  1897 18071 I BpDiagManagerReceiver: TRANSACT_DIAG_ONDTCCHANGED dtcItemIndex[16] dtcResult[0]
07-01 02:48:38.756   980  1454 V DiagClient: Send DTC Data!
07-01 02:48:38.756   980  1454 V DiagClient: appDTC function dtc_id 0x916F00 status 0x0000 faultCnt 0x0080 timeStamp 31c22c26
07-01 02:48:38.756  1714 18073 I BpDiagManagerReceiver: TRANSACT_DIAG_ONDTCCHANGED dtcItemIndex[16] dtcResult[0]
07-01 02:48:38.756  1731  1750 E TELE    : GET_SIM_ACTIVE_PROFILE < [324] {1}
07-01 02:48:38.780  1731  1737 E TELE    : IMSI[1]: 204080932744980
07-01 02:48:38.782  1627  6614 I         : onSimRecordUpdated type=1 vlaue=204080932744980 id=1
07-01 02:48:38.882   987  1604 E CM_SPI  : MCU->MSM Type[01] Cat[05, DD] Cmd[05, 00] PayloadLen[0006] Payload[00 FE 00 00 00 23]
07-01 02:48:38.947   977  1513 I ConfigDbClient: ReadKv, Key:0x00000070, token[695]
07-01 02:48:38.948   977  1513 I CSE_ConfigDb: received msg from teleVM:3 0x00000070, token:695
07-01 02:48:38.948   977  1452 I CSE_ConfigDb: CONFIGDB_CB_CMD_READ_KV
07-01 02:48:38.949   977  1452 I CSE_ConfigDb: read_data_db[lcf_table_remote] : key:0x00000070 value:4 status:0 CseEr_GetErrorCode:0 sql_status:0 token:695
07-01 02:48:38.949   977  1513 I ConfigDbClient: == wait for ReqKey:0x00000070, Req token[695]
07-01 02:48:38.950   977  1513 I ConfigDbClient: ==> [Req:Resp] table[lcf_table_remote] key[0x00000070:0x00000070], value[4], token[695:695]
07-01 02:48:38.950   978  1609 I <VSM>VehicleStatusManagerService: Query kvDB (TSimApnUserId)[lcf_table_remote:0x00000070] success. value(4)
07-01 02:48:38.951   977  1513 I ConfigDbClient: ReadKv, Key:0x506d70cb, token[696]
07-01 02:48:38.951   977  1513 I CSE_ConfigDb: received msg from teleVM:3 0x506d70cb, token:696
07-01 02:48:38.951   977  1452 I CSE_ConfigDb: CONFIGDB_CB_CMD_READ_KV
07-01 02:48:38.953   977  1452 I CSE_ConfigDb: read_data_db[lcf_table_remote] : key:0x506d70cb value:ccar-test.jlrext.com status:0 CseEr_GetErrorCode:0 sql_status:0 token:696
07-01 02:48:38.957   977  1513 I ConfigDbClient: == wait for ReqKey:0x506d70cb, Req token[696]
07-01 02:48:38.957   977  1513 I ConfigDbClient: ==> [Req:Resp] table[lcf_table_remote] key[0x506d70cb:0x506d70cb], value[ccar-test.jlrext.com], token[696:696]
07-01 02:48:38.957   978  1609 I <VSM>VehicleStatusManagerService: Query kvDB (TSimApnAddress)[lcf_table_remote:0x506d70cb] success. value(ccar-test.jlrext.com)
07-01 02:48:38.958   977  1513 I ConfigDbClient: ReadKv, Key:0x0000008a, token[697]
07-01 02:48:38.958   977  1513 I CSE_ConfigDb: received msg from teleVM:3 0x0000008a, token:697
07-01 02:48:38.958   977  1452 I CSE_ConfigDb: CONFIGDB_CB_CMD_READ_KV
07-01 02:48:38.960   977  1452 I CSE_ConfigDb: read_data_db[lcf_table_remote] : key:0x0000008a value:TCU4LGEDEV002 status:0 CseEr_GetErrorCode:0 sql_status:0 token:697
07-01 02:48:38.960   977  1513 I ConfigDbClient: == wait for ReqKey:0x0000008a, Req token[697]
07-01 02:48:38.960   977  1513 I ConfigDbClient: ==> [Req:Resp] table[lcf_table_remote] key[0x0000008a:0x0000008a], value[TCU4LGEDEV002], token[697:697]
07-01 02:48:38.960   978  1609 I <VSM>VehicleStatusManagerService: Query kvDB (TSimApnUsername)[lcf_table_remote:0x0000008a] success. value(TCU4LGEDEV002)
07-01 02:48:38.961   977  1513 I ConfigDbClient: ReadKv, Key:0x0000008b, token[698]
07-01 02:48:38.961   977  1513 I CSE_ConfigDb: received msg from teleVM:3 0x0000008b, token:698
07-01 02:48:38.962   977  1452 I CSE_ConfigDb: CONFIGDB_CB_CMD_READ_KV
07-01 02:48:38.965   977  1452 I CSE_ConfigDb: read_data_db[lcf_table_remote] : key:0x0000008b value:TCU4LGEDEV002 status:0 CseEr_GetErrorCode:0 sql_status:0 token:698
07-01 02:48:38.965   977  1513 I ConfigDbClient: == wait for ReqKey:0x0000008b, Req token[698]
07-01 02:48:38.965   977  1513 I ConfigDbClient: ==> [Req:Resp] table[lcf_table_remote] key[0x0000008b:0x0000008b], value[TCU4LGEDEV002], token[698:698]
07-01 02:48:38.965   978  1609 I <VSM>VehicleStatusManagerService: Query kvDB (TSimApnPassword)[lcf_table_remote:0x0000008b] success. value(TCU4LGEDEV002)
07-01 02:48:38.966   977  1513 I ConfigDbClient: ReadKv, Key:0x0000008c, token[699]
07-01 02:48:38.967   977  1513 I CSE_ConfigDb: received msg from teleVM:3 0x0000008c, token:699
07-01 02:48:38.967   977  1452 I CSE_ConfigDb: CONFIGDB_CB_CMD_READ_KV
07-01 02:48:38.969   977  1452 I CSE_ConfigDb: read_data_db[lcf_table_remote] : key:0x0000008c value:sota.jlrext.com status:0 CseEr_GetErrorCode:0 sql_status:0 token:699
07-01 02:48:38.969   977  1513 I ConfigDbClient: == wait for ReqKey:0x0000008c, Req token[699]
07-01 02:48:38.969   977  1513 I ConfigDbClient: ==> [Req:Resp] table[lcf_table_remote] key[0x0000008c:0x0000008c], value[sota.jlrext.com], token[699:699]
07-01 02:48:38.970   978  1609 I <VSM>VehicleStatusManagerService: Query kvDB (TSimApn1Address)[lcf_table_remote:0x0000008c] success. value(sota.jlrext.com)
07-01 02:48:38.971   977  1513 I ConfigDbClient: ReadKv, Key:0x0000008d, token[700]
07-01 02:48:38.971   977  1513 I CSE_ConfigDb: received msg from teleVM:3 0x0000008d, token:700
07-01 02:48:38.972   977  1452 I CSE_ConfigDb: CONFIGDB_CB_CMD_READ_KV
07-01 02:48:38.975   977  1452 I CSE_ConfigDb: read_data_db[lcf_table_remote] : key:0x0000008d value:jlr status:0 CseEr_GetErrorCode:0 sql_status:0 token:700
07-01 02:48:38.975   977  1513 I ConfigDbClient: == wait for ReqKey:0x0000008d, Req token[700]
07-01 02:48:38.975   977  1513 I ConfigDbClient: ==> [Req:Resp] table[lcf_table_remote] key[0x0000008d:0x0000008d], value[jlr], token[700:700]
07-01 02:48:38.976   978  1609 I <VSM>VehicleStatusManagerService: Query kvDB (TSimApn1Username)[lcf_table_remote:0x0000008d] success. value(jlr)
07-01 02:48:38.978   977  1513 I ConfigDbClient: ReadKv, Key:0x0000008e, token[701]
07-01 02:48:38.978   977  1513 I CSE_ConfigDb: received msg from teleVM:3 0x0000008e, token:701
07-01 02:48:38.978   977  1452 I CSE_ConfigDb: CONFIGDB_CB_CMD_READ_KV
07-01 02:48:38.979   977  1452 I CSE_ConfigDb: read_data_db[lcf_table_remote] : key:0x0000008e value:jlr status:0 CseEr_GetErrorCode:0 sql_status:0 token:701
07-01 02:48:38.980   977  1513 I ConfigDbClient: == wait for ReqKey:0x0000008e, Req token[701]
07-01 02:48:38.980   977  1513 I ConfigDbClient: ==> [Req:Resp] table[lcf_table_remote] key[0x0000008e:0x0000008e], value[jlr], token[701:701]
07-01 02:48:38.980   978  1609 I <VSM>VehicleStatusManagerService: Query kvDB (TSimApn1Password)[lcf_table_remote:0x0000008e] success. value(jlr)
07-01 02:48:38.982   977  1513 I ConfigDbClient: ReadKv, Key:0x0000008f, token[702]
07-01 02:48:38.982   977  1513 I CSE_ConfigDb: received msg from teleVM:3 0x0000008f, token:702
07-01 02:48:38.982   977  1452 I CSE_ConfigDb: CONFIGDB_CB_CMD_READ_KV
07-01 02:48:38.987   977  1452 I CSE_ConfigDb: read_data_db[lcf_table_remote] : key:0x0000008f value:0 status:0 CseEr_GetErrorCode:0 sql_status:0 token:702
07-01 02:48:38.987   977  1513 I ConfigDbClient: == wait for ReqKey:0x0000008f, Req token[702]
07-01 02:48:38.987   977  1513 I ConfigDbClient: ==> [Req:Resp] table[lcf_table_remote] key[0x0000008f:0x0000008f], value[0], token[702:702]
07-01 02:48:38.987   978  1609 I <VSM>VehicleStatusManagerService: Query kvDB (TSimApn2Address)[lcf_table_remote:0x0000008f] success. value(0)
07-01 02:48:38.991   977  1513 I ConfigDbClient: ReadKv, Key:0x00000090, token[703]
07-01 02:48:38.991   977  1513 I CSE_ConfigDb: received msg from teleVM:3 0x00000090, token:703
07-01 02:48:38.991   977  1452 I CSE_ConfigDb: CONFIGDB_CB_CMD_READ_KV
07-01 02:48:38.992   977  1452 I CSE_ConfigDb: read_data_db[lcf_table_remote] : key:0x00000090 value:0 status:0 CseEr_GetErrorCode:0 sql_status:0 token:703
07-01 02:48:38.992   977  1513 I ConfigDbClient: == wait for ReqKey:0x00000090, Req token[703]
07-01 02:48:38.992   977  1513 I ConfigDbClient: ==> [Req:Resp] table[lcf_table_remote] key[0x00000090:0x00000090], value[0], token[703:703]
07-01 02:48:38.993   978  1609 I <VSM>VehicleStatusManagerService: Query kvDB (TSimApn2Username)[lcf_table_remote:0x00000090] success. value(0)
07-01 02:48:38.994   977  1513 I ConfigDbClient: ReadKv, Key:0x00000091, token[704]
07-01 02:48:38.994   977  1513 I CSE_ConfigDb: received msg from teleVM:3 0x00000091, token:704
07-01 02:48:38.994   977  1452 I CSE_ConfigDb: CONFIGDB_CB_CMD_READ_KV
07-01 02:48:38.999   977  1452 I CSE_ConfigDb: read_data_db[lcf_table_remote] : key:0x00000091 value:0 status:0 CseEr_GetErrorCode:0 sql_status:0 token:704
07-01 02:48:38.999   977  1513 I ConfigDbClient: == wait for ReqKey:0x00000091, Req token[704]
07-01 02:48:38.999   977  1513 I ConfigDbClient: ==> [Req:Resp] table[lcf_table_remote] key[0x00000091:0x00000091], value[0], token[704:704]
07-01 02:48:38.999   978  1609 I <VSM>VehicleStatusManagerService: Query kvDB (TSimApn2Password)[lcf_table_remote:0x00000091] success. value(0)
07-01 02:48:39.000   977  1513 I ConfigDbClient: ReadKv, Key:0x00000174, token[705]
07-01 02:48:39.000   977  1513 I CSE_ConfigDb: received msg from teleVM:3 0x00000174, token:705
07-01 02:48:39.000   977  1452 I CSE_ConfigDb: CONFIGDB_CB_CMD_READ_KV
07-01 02:48:39.001   977  1452 I CSE_ConfigDb: read_data_db[lcf_table_remote] : key:0x00000174 value:0 status:0 CseEr_GetErrorCode:0 sql_status:0 token:705
07-01 02:48:39.001   977  1513 I ConfigDbClient: == wait for ReqKey:0x00000174, Req token[705]
07-01 02:48:39.001   977  1513 I ConfigDbClient: ==> [Req:Resp] table[lcf_table_remote] key[0x00000174:0x00000174], value[0], token[705:705]
07-01 02:48:39.002   978  1609 I <VSM>VehicleStatusManagerService: Query kvDB (TSimApn3Address)[lcf_table_remote:0x00000174] success. value(0)
07-01 02:48:39.002   977  1513 I ConfigDbClient: ReadKv, Key:0x00000175, token[706]
07-01 02:48:39.003   977  1513 I CSE_ConfigDb: received msg from teleVM:3 0x00000175, token:706
07-01 02:48:39.003   977  1452 I CSE_ConfigDb: CONFIGDB_CB_CMD_READ_KV
07-01 02:48:39.004   977  1513 I ConfigDbClient: == wait for ReqKey:0x00000175, Req token[706]
07-01 02:48:39.004   977  1452 I CSE_ConfigDb: read_data_db[lcf_table_remote] : key:0x00000175 value:0 status:0 CseEr_GetErrorCode:0 sql_status:0 token:706
07-01 02:48:39.004   977  1513 I ConfigDbClient: ==> [Req:Resp] table[lcf_table_remote] key[0x00000175:0x00000175], value[0], token[706:706]
07-01 02:48:39.005   978  1609 I <VSM>VehicleStatusManagerService: Query kvDB (TSimApn3Username)[lcf_table_remote:0x00000175] success. value(0)
07-01 02:48:39.006   977  1513 I ConfigDbClient: ReadKv, Key:0x00000176, token[707]
07-01 02:48:39.006   977  1513 I CSE_ConfigDb: received msg from teleVM:3 0x00000176, token:707
07-01 02:48:39.006   977  1452 I CSE_ConfigDb: CONFIGDB_CB_CMD_READ_KV
07-01 02:48:39.007   977  1452 I CSE_ConfigDb: read_data_db[lcf_table_remote] : key:0x00000176 value:0 status:0 CseEr_GetErrorCode:0 sql_status:0 token:707
07-01 02:48:39.008   977  1513 I ConfigDbClient: == wait for ReqKey:0x00000176, Req token[707]
07-01 02:48:39.008   977  1513 I ConfigDbClient: ==> [Req:Resp] table[lcf_table_remote] key[0x00000176:0x00000176], value[0], token[707:707]
07-01 02:48:39.008   978  1609 I <VSM>VehicleStatusManagerService: Query kvDB (TSimApn3Password)[lcf_table_remote:0x00000176] success. value(0)
07-01 02:48:39.010  1731  1737 E TELE    : APN[0:ccar-test.jlrext.com default TCU4LGEDEV002]
07-01 02:48:39.014  1731  1737 E TELE    : APN[1:sota.jlrext.com apn1 jlr]
07-01 02:48:39.018  1731  1737 E TELE    : APN[2:0 apn2 0]
07-01 02:48:39.019  1731  1737 E TELE    : APN[3:0 apn3 0]
07-01 02:48:39.057  1731  1737 E TELE    : ICCID[1]: 8931070322327449808
07-01 02:48:39.058  1627  6614 I         : onSimRecordUpdated type=2 vlaue=8931070322327449808 id=1
07-01 02:48:39.078  1895 18569 I RVC_timer: [TIMER_SKIP_WARMUP_VALIABLE] 20 timer expired.
07-01 02:48:39.078  1895 18569 E APP     : RVC] [TIMER_SKIP_WARMUP_VALIABLE] 20 timer expired.
07-01 02:48:39.078  1895 18569 D RVC     : updateWarmupVariable
07-01 02:48:39.078  1620  1620 V PowerManagerImpl: getCurrentPowerMode : 7
07-01 02:48:39.078  1895 18569 D RVC     : RemoteService_getPowerMode():7
07-01 02:48:39.078  1710  1769 V CANManagerService: getCANData() : index(271) / value(1)
07-01 02:48:39.078  1896 18571 V RVM_Main: [handlerFunction:283] handlerFunction() timer_id: 13
07-01 02:48:39.078  1896 18571 V RVM_Main: [handlerFunction:388] Warm up timer is expired.
07-01 02:48:39.078  1896 18571 E APP     : [updatePMRestrictSigFromCAN] RVM_CanManager::updatePMRestrictSigFromCAN : [119]
07-01 02:48:39.078  1896 18571 D RVM_Can : [updatePMRestrictSigFromCAN:292] RVM_CanManager::updatePMRestrictSigFromCAN : [119]
07-01 02:48:39.079  1710  1963 V CANManagerService: getCANData() : index(610) / value(0)
07-01 02:48:39.079  1895 18569 I RVC_can : cmsCanRx FuelLevelIndicatedQFHS : 1
07-01 02:48:39.079  1895 18569 E APP     : RVC] cmsCanRx FuelLevelIndicatedQFHS : 1
07-01 02:48:39.080  1896 18571 V RVM_App : CAN updated [OdometerMasterValue] [0]
07-01 02:48:39.080  1896  1929 D RVM_Main: [alertMessage:1692] AlertMessage
07-01 02:48:39.080  1896  1929 V RVM_Event: [updateStatus:1089] VS_CAN_ODOMETERMASTERVALUE_IDX is invalide value = 0
07-01 02:48:39.081  1710  1963 V CANManagerService: getCANData() : index(609) / value(0)
07-01 02:48:39.083  1896 18571 V RVM_App : CAN updated [ODODisplayedMiles] [0]
07-01 02:48:39.083  1896  1929 D RVM_Main: [alertMessage:1692] AlertMessage
07-01 02:48:39.083  1896  1929 V RVM_Event: [updateStatus:1103] VS_CAN_ODODISPLAYEDMILES_IDX is invalide value = 0
07-01 02:48:39.083  1710  1963 V CANManagerService: getCANData() : index(269) / value(31)
07-01 02:48:39.087  1896 18571 V RVM_App : CAN updated [FuelGaugePosition] [31]
07-01 02:48:39.088  1896  1929 D RVM_Main: [alertMessage:1692] AlertMessage
07-01 02:48:39.088  1896  1929 E RVM_Event: [updateStatus:1036] inValid value VS_CAN_FUELGAUGEPOSITION_IDX= [31]
07-01 02:48:39.088  1710  1963 V CANManagerService: getCANData() : index(157) / value(1023)
07-01 02:48:39.089  1896 18571 V RVM_App : CAN updated [DistanceToEmpty] [1023]
07-01 02:48:39.090  1896  1929 D RVM_Main: [alertMessage:1692] AlertMessage
07-01 02:48:39.090  1896  1929 E APP     : [updateStatus] VS_CAN_DISTANCETOEMPTY_IDX = 1023
07-01 02:48:39.090  1896  1929 D RVM_Event: [updateStatus:1195] VS_CAN_DISTANCETOEMPTY_IDX = 1023
07-01 02:48:39.090  1896  1929 E RVM_Event: [updateStatus:1203] invalide value VS_CAN_DISTANCETOEMPTY_IDX = 1023
